Component: ARM Compiler 5.06 update 6 (build 750) Tool: armlink [4d35ed]

==============================================================================

Section Cross References

    main.o(i.main) refers to stm32f1xx_hal_gpio.o(i.HAL_GPIO_WritePin) for HAL_GPIO_WritePin
    main.o(i.main) refers to stm32f1xx_hal_gpio.o(i.HAL_GPIO_Init) for HAL_GPIO_Init
    main.o(i.main) refers to thread.o(i.rt_thread_mdelay) for rt_thread_mdelay
    startup_stm32f103xb.o(RESET) refers to startup_stm32f103xb.o(STACK) for __initial_sp
    startup_stm32f103xb.o(RESET) refers to startup_stm32f103xb.o(.text) for Reset_Handler
    startup_stm32f103xb.o(RESET) refers to context_rvds.o(.text) for HardFault_Handler
    startup_stm32f103xb.o(RESET) refers to board.o(i.SysTick_Handler) for SysTick_Handler
    startup_stm32f103xb.o(.text) refers to system_stm32f1xx.o(i.SystemInit) for SystemInit
    startup_stm32f103xb.o(.text) refers to entry.o(.ARM.Collect$$$$00000000) for __main
    stm32f1xx_hal_uart.o(i.HAL_HalfDuplex_Init) refers to board.o(i.HAL_UART_MspInit) for HAL_UART_MspInit
    stm32f1xx_hal_uart.o(i.HAL_HalfDuplex_Init) refers to stm32f1xx_hal_uart.o(i.UART_SetConfig) for UART_SetConfig
    stm32f1xx_hal_uart.o(i.HAL_LIN_Init) refers to board.o(i.HAL_UART_MspInit) for HAL_UART_MspInit
    stm32f1xx_hal_uart.o(i.HAL_LIN_Init) refers to stm32f1xx_hal_uart.o(i.UART_SetConfig) for UART_SetConfig
    stm32f1xx_hal_uart.o(i.HAL_MultiProcessor_Init) refers to board.o(i.HAL_UART_MspInit) for HAL_UART_MspInit
    stm32f1xx_hal_uart.o(i.HAL_MultiProcessor_Init) refers to stm32f1xx_hal_uart.o(i.UART_SetConfig) for UART_SetConfig
    stm32f1xx_hal_uart.o(i.HAL_UART_Abort) refers to stm32f1xx_hal_dma.o(i.HAL_DMA_Abort) for HAL_DMA_Abort
    stm32f1xx_hal_uart.o(i.HAL_UART_Abort) refers to stm32f1xx_hal_dma.o(i.HAL_DMA_GetError) for HAL_DMA_GetError
    stm32f1xx_hal_uart.o(i.HAL_UART_AbortReceive) refers to stm32f1xx_hal_dma.o(i.HAL_DMA_Abort) for HAL_DMA_Abort
    stm32f1xx_hal_uart.o(i.HAL_UART_AbortReceive) refers to stm32f1xx_hal_dma.o(i.HAL_DMA_GetError) for HAL_DMA_GetError
    stm32f1xx_hal_uart.o(i.HAL_UART_AbortReceive_IT) refers to stm32f1xx_hal_dma.o(i.HAL_DMA_Abort_IT) for HAL_DMA_Abort_IT
    stm32f1xx_hal_uart.o(i.HAL_UART_AbortReceive_IT) refers to stm32f1xx_hal_uart.o(i.HAL_UART_AbortReceiveCpltCallback) for HAL_UART_AbortReceiveCpltCallback
    stm32f1xx_hal_uart.o(i.HAL_UART_AbortReceive_IT) refers to stm32f1xx_hal_uart.o(i.UART_DMARxOnlyAbortCallback) for UART_DMARxOnlyAbortCallback
    stm32f1xx_hal_uart.o(i.HAL_UART_AbortTransmit) refers to stm32f1xx_hal_dma.o(i.HAL_DMA_Abort) for HAL_DMA_Abort
    stm32f1xx_hal_uart.o(i.HAL_UART_AbortTransmit) refers to stm32f1xx_hal_dma.o(i.HAL_DMA_GetError) for HAL_DMA_GetError
    stm32f1xx_hal_uart.o(i.HAL_UART_AbortTransmit_IT) refers to stm32f1xx_hal_dma.o(i.HAL_DMA_Abort_IT) for HAL_DMA_Abort_IT
    stm32f1xx_hal_uart.o(i.HAL_UART_AbortTransmit_IT) refers to stm32f1xx_hal_uart.o(i.HAL_UART_AbortTransmitCpltCallback) for HAL_UART_AbortTransmitCpltCallback
    stm32f1xx_hal_uart.o(i.HAL_UART_AbortTransmit_IT) refers to stm32f1xx_hal_uart.o(i.UART_DMATxOnlyAbortCallback) for UART_DMATxOnlyAbortCallback
    stm32f1xx_hal_uart.o(i.HAL_UART_Abort_IT) refers to stm32f1xx_hal_dma.o(i.HAL_DMA_Abort_IT) for HAL_DMA_Abort_IT
    stm32f1xx_hal_uart.o(i.HAL_UART_Abort_IT) refers to stm32f1xx_hal_uart.o(i.HAL_UART_AbortCpltCallback) for HAL_UART_AbortCpltCallback
    stm32f1xx_hal_uart.o(i.HAL_UART_Abort_IT) refers to stm32f1xx_hal_uart.o(i.UART_DMATxAbortCallback) for UART_DMATxAbortCallback
    stm32f1xx_hal_uart.o(i.HAL_UART_Abort_IT) refers to stm32f1xx_hal_uart.o(i.UART_DMARxAbortCallback) for UART_DMARxAbortCallback
    stm32f1xx_hal_uart.o(i.HAL_UART_DMAStop) refers to stm32f1xx_hal_dma.o(i.HAL_DMA_Abort) for HAL_DMA_Abort
    stm32f1xx_hal_uart.o(i.HAL_UART_DMAStop) refers to stm32f1xx_hal_uart.o(i.UART_EndTxTransfer) for UART_EndTxTransfer
    stm32f1xx_hal_uart.o(i.HAL_UART_DMAStop) refers to stm32f1xx_hal_uart.o(i.UART_EndRxTransfer) for UART_EndRxTransfer
    stm32f1xx_hal_uart.o(i.HAL_UART_DeInit) refers to stm32f1xx_hal_uart.o(i.HAL_UART_MspDeInit) for HAL_UART_MspDeInit
    stm32f1xx_hal_uart.o(i.HAL_UART_IRQHandler) refers to stm32f1xx_hal_uart.o(i.UART_Receive_IT) for UART_Receive_IT
    stm32f1xx_hal_uart.o(i.HAL_UART_IRQHandler) refers to stm32f1xx_hal_uart.o(i.UART_EndRxTransfer) for UART_EndRxTransfer
    stm32f1xx_hal_uart.o(i.HAL_UART_IRQHandler) refers to stm32f1xx_hal_dma.o(i.HAL_DMA_Abort_IT) for HAL_DMA_Abort_IT
    stm32f1xx_hal_uart.o(i.HAL_UART_IRQHandler) refers to stm32f1xx_hal_uart.o(i.HAL_UART_ErrorCallback) for HAL_UART_ErrorCallback
    stm32f1xx_hal_uart.o(i.HAL_UART_IRQHandler) refers to stm32f1xx_hal_uart.o(i.UART_Transmit_IT) for UART_Transmit_IT
    stm32f1xx_hal_uart.o(i.HAL_UART_IRQHandler) refers to stm32f1xx_hal_uart.o(i.HAL_UART_TxCpltCallback) for HAL_UART_TxCpltCallback
[...]
    Removing stm32f1xx_hal_rcc.o(i.HAL_RCC_MCOConfig), (72 bytes).
    Removing stm32f1xx_hal_rcc.o(i.HAL_RCC_NMI_IRQHandler), (24 bytes).
    Removing stm32f1xx_hal_rcc.o(i.HAL_RCC_OscConfig), (800 bytes).
    Removing stm32f1xx_hal_rcc_ex.o(.rev16_text), (4 bytes).
    Removing stm32f1xx_hal_rcc_ex.o(.revsh_text), (4 bytes).
    Removing stm32f1xx_hal_rcc_ex.o(.rrx_text), (6 bytes).
    Removing stm32f1xx_hal_rcc_ex.o(i.HAL_RCCEx_GetPeriphCLKConfig), (44 bytes).
    Removing stm32f1xx_hal_rcc_ex.o(i.HAL_RCCEx_GetPeriphCLKFreq), (200 bytes).
    Removing stm32f1xx_hal_rcc_ex.o(i.HAL_RCCEx_PeriphCLKConfig), (236 bytes).
    Removing stm32f1xx_hal_gpio.o(.rev16_text), (4 bytes).
    Removing stm32f1xx_hal_gpio.o(.revsh_text), (4 bytes).
    Removing stm32f1xx_hal_gpio.o(.rrx_text), (6 bytes).
    Removing stm32f1xx_hal_gpio.o(i.HAL_GPIO_DeInit), (252 bytes).
    Removing stm32f1xx_hal_gpio.o(i.HAL_GPIO_EXTI_Callback), (2 bytes).
    Removing stm32f1xx_hal_gpio.o(i.HAL_GPIO_EXTI_IRQHandler), (24 bytes).
    Removing stm32f1xx_hal_gpio.o(i.HAL_GPIO_LockPin), (34 bytes).
    Removing stm32f1xx_hal_gpio.o(i.HAL_GPIO_ReadPin), (10 bytes).
    Removing stm32f1xx_hal_gpio.o(i.HAL_GPIO_TogglePin), (14 bytes).
    Removing stm32f1xx_hal_dma.o(.rev16_text), (4 bytes).
    Removing stm32f1xx_hal_dma.o(.revsh_text), (4 bytes).
    Removing stm32f1xx_hal_dma.o(.rrx_text), (6 bytes).
    Removing stm32f1xx_hal_dma.o(i.DMA_SetConfig), (42 bytes).
    Removing stm32f1xx_hal_dma.o(i.HAL_DMA_Abort), (70 bytes).
    Removing stm32f1xx_hal_dma.o(i.HAL_DMA_Abort_IT), (152 bytes).
    Removing stm32f1xx_hal_dma.o(i.HAL_DMA_DeInit), (92 bytes).
    Removing stm32f1xx_hal_dma.o(i.HAL_DMA_GetError), (4 bytes).
    Removing stm32f1xx_hal_dma.o(i.HAL_DMA_GetState), (6 bytes).
    Removing stm32f1xx_hal_dma.o(i.HAL_DMA_IRQHandler), (340 bytes).
    Removing stm32f1xx_hal_dma.o(i.HAL_DMA_Init), (92 bytes).
    Removing stm32f1xx_hal_dma.o(i.HAL_DMA_PollForTransfer), (532 bytes).
    Removing stm32f1xx_hal_dma.o(i.HAL_DMA_RegisterCallback), (74 bytes).
    Removing stm32f1xx_hal_dma.o(i.HAL_DMA_Start), (80 bytes).
    Removing stm32f1xx_hal_dma.o(i.HAL_DMA_Start_IT), (112 bytes).
    Removing stm32f1xx_hal_dma.o(i.HAL_DMA_UnRegisterCallback), (82 bytes).
    Removing stm32f1xx_hal_cortex.o(.rev16_text), (4 bytes).
    Removing stm32f1xx_hal_cortex.o(.revsh_text), (4 bytes).
    Removing stm32f1xx_hal_cortex.o(.rrx_text), (6 bytes).
    Removing stm32f1xx_hal_cortex.o(i.HAL_NVIC_ClearPendingIRQ), (26 bytes).
    Removing stm32f1xx_hal_cortex.o(i.HAL_NVIC_DisableIRQ), (34 bytes).
    Removing stm32f1xx_hal_cortex.o(i.HAL_NVIC_EnableIRQ), (26 bytes).
    Removing stm32f1xx_hal_cortex.o(i.HAL_NVIC_GetActive), (36 bytes).
    Removing stm32f1xx_hal_cortex.o(i.HAL_NVIC_GetPendingIRQ), (36 bytes).
    Removing stm32f1xx_hal_cortex.o(i.HAL_NVIC_GetPriority), (82 bytes).
    Removing stm32f1xx_hal_cortex.o(i.HAL_NVIC_GetPriorityGrouping), (16 bytes).
    Removing stm32f1xx_hal_cortex.o(i.HAL_NVIC_SetPendingIRQ), (26 bytes).
    Removing stm32f1xx_hal_cortex.o(i.HAL_NVIC_SetPriority), (64 bytes).
    Removing stm32f1xx_hal_cortex.o(i.HAL_NVIC_SetPriorityGrouping), (36 bytes).
    Removing stm32f1xx_hal_cortex.o(i.HAL_NVIC_SystemReset), (36 bytes).
    Removing stm32f1xx_hal_cortex.o(i.HAL_SYSTICK_CLKSourceConfig), (24 bytes).
    Removing stm32f1xx_hal_cortex.o(i.HAL_SYSTICK_Callback), (2 bytes).
    Removing stm32f1xx_hal_cortex.o(i.HAL_SYSTICK_Config), (40 bytes).
    Removing stm32f1xx_hal_cortex.o(i.HAL_SYSTICK_IRQHandler), (8 bytes).
    Removing stm32f1xx_hal_cortex.o(i.__NVIC_SetPriority), (32 bytes).
    Removing stm32f1xx_hal_pwr.o(.rev16_text), (4 bytes).
    Removing stm32f1xx_hal_pwr.o(.revsh_text), (4 bytes).
    Removing stm32f1xx_hal_pwr.o(.rrx_text), (6 bytes).
    Removing stm32f1xx_hal_pwr.o(i.HAL_PWR_ConfigPVD), (124 bytes).
    Removing stm32f1xx_hal_pwr.o(i.HAL_PWR_DeInit), (24 bytes).
    Removing stm32f1xx_hal_pwr.o(i.HAL_PWR_DisableBkUpAccess), (12 bytes).
    Removing stm32f1xx_hal_pwr.o(i.HAL_PWR_DisablePVD), (12 bytes).
    Removing stm32f1xx_hal_pwr.o(i.HAL_PWR_DisableSEVOnPend), (16 bytes).
    Removing stm32f1xx_hal_pwr.o(i.HAL_PWR_DisableSleepOnExit), (16 bytes).
    Removing stm32f1xx_hal_pwr.o(i.HAL_PWR_DisableWakeUpPin), (28 bytes).
    Removing stm32f1xx_hal_pwr.o(i.HAL_PWR_EnableBkUpAccess), (12 bytes).
    Removing stm32f1xx_hal_pwr.o(i.HAL_PWR_EnablePVD), (12 bytes).
    Removing stm32f1xx_hal_pwr.o(i.HAL_PWR_EnableSEVOnPend), (16 bytes).
    Removing stm32f1xx_hal_pwr.o(i.HAL_PWR_EnableSleepOnExit), (16 bytes).
    Removing stm32f1xx_hal_pwr.o(i.HAL_PWR_EnableWakeUpPin), (28 bytes).
    Removing stm32f1xx_hal_pwr.o(i.HAL_PWR_EnterSLEEPMode), (32 bytes).
    Removing stm32f1xx_hal_pwr.o(i.HAL_PWR_EnterSTANDBYMode), (32 bytes).
    Removing stm32f1xx_hal_pwr.o(i.HAL_PWR_EnterSTOPMode), (68 bytes).
    Removing stm32f1xx_hal_pwr.o(i.HAL_PWR_PVDCallback), (2 bytes).
    Removing stm32f1xx_hal_pwr.o(i.HAL_PWR_PVD_IRQHandler), (28 bytes).
    Removing stm32f1xx_hal_pwr.o(i.PWR_OverloadWfe), (6 bytes).
    Removing stm32f1xx_hal_flash.o(.rev16_text), (4 bytes).
    Removing stm32f1xx_hal_flash.o(.revsh_text), (4 bytes).
    Removing stm32f1xx_hal_flash.o(.rrx_text), (6 bytes).
    Removing stm32f1xx_hal_flash.o(i.FLASH_Program_HalfWord), (28 bytes).
    Removing stm32f1xx_hal_flash.o(i.FLASH_SetErrorCode), (92 bytes).
    Removing stm32f1xx_hal_flash.o(i.FLASH_WaitForLastOperation), (84 bytes).
    Removing stm32f1xx_hal_flash.o(i.HAL_FLASH_EndOfOperationCallback), (2 bytes).
    Removing stm32f1xx_hal_flash.o(i.HAL_FLASH_GetError), (12 bytes).
    Removing stm32f1xx_hal_flash.o(i.HAL_FLASH_IRQHandler), (264 bytes).
    Removing stm32f1xx_hal_flash.o(i.HAL_FLASH_Lock), (20 bytes).
    Removing stm32f1xx_hal_flash.o(i.HAL_FLASH_OB_Launch), (4 bytes).
    Removing stm32f1xx_hal_flash.o(i.HAL_FLASH_OB_Lock), (20 bytes).
    Removing stm32f1xx_hal_flash.o(i.HAL_FLASH_OB_Unlock), (36 bytes).
    Removing stm32f1xx_hal_flash.o(i.HAL_FLASH_OperationErrorCallback), (2 bytes).
    Removing stm32f1xx_hal_flash.o(i.HAL_FLASH_Program), (128 bytes).
    Removing stm32f1xx_hal_flash.o(i.HAL_FLASH_Program_IT), (100 bytes).
    Removing stm32f1xx_hal_flash.o(i.HAL_FLASH_Unlock), (40 bytes).
    Removing stm32f1xx_hal_flash.o(.bss), (32 bytes).
    Removing stm32f1xx_hal_flash_ex.o(.rev16_text), (4 bytes).
    Removing stm32f1xx_hal_flash_ex.o(.revsh_text), (4 bytes).
    Removing stm32f1xx_hal_flash_ex.o(.rrx_text), (6 bytes).
    Removing stm32f1xx_hal_flash_ex.o(i.FLASH_MassErase), (36 bytes).
    Removing stm32f1xx_hal_flash_ex.o(i.FLASH_OB_DisableWRP), (176 bytes).
    Removing stm32f1xx_hal_flash_ex.o(i.FLASH_OB_EnableWRP), (176 bytes).
    Removing stm32f1xx_hal_flash_ex.o(i.FLASH_OB_GetRDP), (24 bytes).
    Removing stm32f1xx_hal_flash_ex.o(i.FLASH_OB_RDP_LevelConfig), (100 bytes).
    Removing stm32f1xx_hal_flash_ex.o(i.FLASH_PageErase), (36 bytes).
    Removing stm32f1xx_hal_flash_ex.o(i.HAL_FLASHEx_Erase), (168 bytes).
    Removing stm32f1xx_hal_flash_ex.o(i.HAL_FLASHEx_Erase_IT), (84 bytes).
    Removing stm32f1xx_hal_flash_ex.o(i.HAL_FLASHEx_OBErase), (84 bytes).
    Removing stm32f1xx_hal_flash_ex.o(i.HAL_FLASHEx_OBGetConfig), (36 bytes).
    Removing stm32f1xx_hal_flash_ex.o(i.HAL_FLASHEx_OBGetUserData), (32 bytes).
    Removing stm32f1xx_hal_flash_ex.o(i.HAL_FLASHEx_OBProgram), (200 bytes).
    Removing stm32f1xx_hal_exti.o(.rev16_text), (4 bytes).
    Removing stm32f1xx_hal_exti.o(.revsh_text), (4 bytes).
    Removing stm32f1xx_hal_exti.o(.rrx_text), (6 bytes).
    Removing stm32f1xx_hal_exti.o(i.HAL_EXTI_ClearConfigLine), (104 bytes).
    Removing stm32f1xx_hal_exti.o(i.HAL_EXTI_ClearPending), (20 bytes).
    Removing stm32f1xx_hal_exti.o(i.HAL_EXTI_GenerateSWI), (20 bytes).
    Removing stm32f1xx_hal_exti.o(i.HAL_EXTI_GetConfigLine), (152 bytes).
    Removing stm32f1xx_hal_exti.o(i.HAL_EXTI_GetHandle), (12 bytes).
    Removing stm32f1xx_hal_exti.o(i.HAL_EXTI_GetPending), (24 bytes).
    Removing stm32f1xx_hal_exti.o(i.HAL_EXTI_IRQHandler), (36 bytes).
    Removing stm32f1xx_hal_exti.o(i.HAL_EXTI_RegisterCallback), (14 bytes).
    Removing stm32f1xx_hal_exti.o(i.HAL_EXTI_SetConfigLine), (164 bytes).
    Removing system_stm32f1xx.o(.rev16_text), (4 bytes).
    Removing system_stm32f1xx.o(.revsh_text), (4 bytes).
    Removing system_stm32f1xx.o(.rrx_text), (6 bytes).
    Removing shell.o(i.finsh_get_echo), (20 bytes).
    Removing shell.o(i.finsh_get_prompt_mode), (20 bytes).
    Removing shell.o(i.finsh_set_echo), (20 bytes).
    Removing shell.o(i.finsh_system_var_init), (12 bytes).
    Removing cpuport.o(i.rt_hw_cpu_reset), (16 bytes).
    Removing cpuport.o(i.rt_hw_cpu_shutdown), (24 bytes).
    Removing cpuport.o(i.rt_hw_exception_install), (12 bytes).
    Removing clock.o(i.rt_system_tick_init), (2 bytes).
    Removing clock.o(i.rt_tick_set), (24 bytes).
    Removing idle.o(i.rt_thread_idle_gethandler), (8 bytes).
    Removing ipc.o(i.rt_ipc_list_resume_all), (44 bytes).
    Removing ipc.o(i.rt_ipc_list_suspend), (82 bytes).
    Removing ipc.o(i.rt_list_insert_before), (14 bytes).
    Removing ipc.o(i.rt_mb_control), (58 bytes).
    Removing ipc.o(i.rt_mb_detach), (28 bytes).
    Removing ipc.o(i.rt_mb_init), (52 bytes).
    Removing ipc.o(i.rt_mb_recv), (246 bytes).
    Removing ipc.o(i.rt_mb_send), (6 bytes).
    Removing ipc.o(i.rt_mb_send_wait), (236 bytes).
    Removing ipc.o(i.rt_sem_control), (46 bytes).
    Removing ipc.o(i.rt_sem_detach), (20 bytes).
    Removing ipc.o(i.rt_sem_release), (54 bytes).
    Removing ipc.o(i.rt_sem_take), (110 bytes).
    Removing ipc.o(i.rt_sem_trytake), (6 bytes).
    Removing irq.o(i.rt_interrupt_get_nest), (12 bytes).
    Removing kservice.o(i._rt_errno), (28 bytes).
    Removing kservice.o(i.rt_get_errno), (28 bytes).
    Removing kservice.o(i.rt_hw_console_output), (2 bytes).
    Removing kservice.o(i.rt_kputs), (12 bytes).
    Removing kservice.o(i.rt_memcmp), (28 bytes).
    Removing kservice.o(i.rt_memcpy), (74 bytes).
    Removing kservice.o(i.rt_set_errno), (32 bytes).
    Removing kservice.o(i.rt_snprintf), (18 bytes).
    Removing kservice.o(i.rt_sprintf), (18 bytes).
    Removing kservice.o(i.rt_strcasecmp), (44 bytes).
    Removing kservice.o(i.rt_strcmp), (24 bytes).
    Removing kservice.o(i.rt_strncmp), (32 bytes).
    Removing kservice.o(i.rt_strnlen), (20 bytes).
    Removing kservice.o(i.rt_strstr), (54 bytes).
    Removing kservice.o(i.rt_vsprintf), (12 bytes).
    Removing kservice.o(.data), (4 bytes).
    Removing object.o(i.rt_object_find), (76 bytes).
    Removing object.o(i.rt_object_get_type), (8 bytes).
    Removing object.o(i.rt_system_object_init), (2 bytes).
    Removing scheduler.o(i.rt_critical_level), (12 bytes).
    Removing thread.o(i.rt_thread_control), (88 bytes).
    Removing thread.o(i.rt_thread_delay), (4 bytes).
    Removing thread.o(i.rt_thread_detach), (84 bytes).
    Removing thread.o(i.rt_thread_find), (84 bytes).
    Removing timer.o(i.rt_timer_next_timeout_tick), (24 bytes).
    Removing board.o(.rev16_text), (4 bytes).
    Removing board.o(.revsh_text), (4 bytes).
    Removing board.o(.rrx_text), (6 bytes).

283 unused section(s) (total 14210 bytes) removed from the image.

==============================================================================

Image Symbol Table

    Local Symbols

    Symbol Name                              Value     Ov Type        Size  Object(Section)

    ../clib/microlib/init/entry.s            0x00000000   Number         0  entry11b.o ABSOLUTE
    ../clib/microlib/init/entry.s            0x00000000   Number         0  entry5.o ABSOLUTE
    ../clib/microlib/init/entry.s            0x00000000   Number         0  entry10b.o ABSOLUTE
    ../clib/microlib/init/entry.s            0x00000000   Number         0  entry10a.o ABSOLUTE
    ../clib/microlib/init/entry.s            0x00000000   Number         0  entry.o ABSOLUTE
    ../clib/microlib/init/entry.s            0x00000000   Number         0  entry9a.o ABSOLUTE
    ../clib/microlib/init/entry.s            0x00000000   Number         0  entry2.o ABSOLUTE
    ../clib/microlib/init/entry.s            0x00000000   Number         0  entry8b.o ABSOLUTE
    ../clib/microlib/init/entry.s            0x00000000   Number         0  entry9b.o ABSOLUTE
    ../clib/microlib/init/entry.s            0x00000000   Number         0  entry8a.o ABSOLUTE
    ../clib/microlib/init/entry.s            0x00000000   Number         0  entry7b.o ABSOLUTE
    ../clib/microlib/init/entry.s            0x00000000   Number         0  entry7a.o ABSOLUTE
    ../clib/microlib/init/entry.s            0x00000000   Number         0  entry11a.o ABSOLUTE
    ../clib/microlib/longlong.c              0x00000000   Number         0  llushr.o ABSOLUTE
    ../clib/microlib/string/memcpy.c         0x00000000   Number         0  memcpya.o ABSOLUTE
    ../clib/microlib/string/memcpy.c         0x00000000   Number         0  memcpyb.o ABSOLUTE
    ../clib/microlib/string/memset.c         0x00000000   Number         0  memseta.o ABSOLUTE
    ../clib/microlib/string/strcat.c         0x00000000   Number         0  strcat.o ABSOLUTE
    ../clib/microlib/string/strcpy.c         0x00000000   Number         0  strcpy.o ABSOLUTE
    ../clib/microlib/string/strlen.c         0x00000000   Number         0  strlen.o ABSOLUTE
    ../clib/microlib/string/strncmp.c        0x00000000   Number         0  strncmp.o ABSOLUTE
    ../clib/microlib/string/strncpy.c        0x00000000   Number         0  strncpy.o ABSOLUTE
    C:\Keil_v5\ARM\PACK\RealThread\RT-Thread\3.1.3\components\finsh\cmd.c 0x00000000   Number         0  cmd.o ABSOLUTE
    C:\Keil_v5\ARM\PACK\RealThread\RT-Thread\3.1.3\components\finsh\msh.c 0x00000000   Number         0  msh.o ABSOLUTE
    C:\Keil_v5\ARM\PACK\RealThread\RT-Thread\3.1.3\components\finsh\shell.c 0x00000000   Number         0  shell.o ABSOLUTE
    C:\Keil_v5\ARM\PACK\RealThread\RT-Thread\3.1.3\libcpu\arm\cortex-m3\context_rvds.S 0x00000000   Number         0  context_rvds.o ABSOLUTE
    C:\Keil_v5\ARM\PACK\RealThread\RT-Thread\3.1.3\libcpu\arm\cortex-m3\cpuport.c 0x00000000   Number         0  cpuport.o ABSOLUTE
    C:\Keil_v5\ARM\PACK\RealThread\RT-Thread\3.1.3\src\clock.c 0x00000000   Number         0  clock.o ABSOLUTE
    C:\Keil_v5\ARM\PACK\RealThread\RT-Thread\3.1.3\src\components.c 0x00000000   Number         0  components.o ABSOLUTE
    C:\Keil_v5\ARM\PACK\RealThread\RT-Thread\3.1.3\src\idle.c 0x00000000   Number         0  idle.o ABSOLUTE
    C:\Keil_v5\ARM\PACK\RealThread\RT-Thread\3.1.3\src\ipc.c 0x00000000   Number         0  ipc.o ABSOLUTE
    C:\Keil_v5\ARM\PACK\RealThread\RT-Thread\3.1.3\src\irq.c 0x00000000   Number         0  irq.o ABSOLUTE
    C:\Keil_v5\ARM\PACK\RealThread\RT-Thread\3.1.3\src\kservice.c 0x00000000   Number         0  kservice.o ABSOLUTE
    C:\Keil_v5\ARM\PACK\RealThread\RT-Thread\3.1.3\src\mem.c 0x00000000   Number         0  mem.o ABSOLUTE
    C:\Keil_v5\ARM\PACK\RealThread\RT-Thread\3.1.3\src\object.c 0x00000000   Number         0  object.o ABSOLUTE
    C:\Keil_v5\ARM\PACK\RealThread\RT-Thread\3.1.3\src\scheduler.c 0x00000000   Number         0  scheduler.o ABSOLUTE
    C:\Keil_v5\ARM\PACK\RealThread\RT-Thread\3.1.3\src\thread.c 0x00000000   Number         0  thread.o ABSOLUTE
    C:\Keil_v5\ARM\PACK\RealThread\RT-Thread\3.1.3\src\timer.c 0x00000000   Number         0  timer.o ABSOLUTE
    RTE\RTOS\board.c                         0x00000000   Number         0  board.o ABSOLUTE
    RTE\\RTOS\\board.c                       0x00000000   Number         0  board.o ABSOLUTE
    applications/main.c                      0x00000000   Number         0  main.o ABSOLUTE
    applications\main.c                      0x00000000   Number         0  main.o ABSOLUTE
    dc.s                                     0x00000000   Number         0  dc.o ABSOLUTE
    handlers.s                               0x00000000   Number         0  handlers.o ABSOLUTE
    init.s                                   0x00000000   Number         0  init.o ABSOLUTE
    libraries/CMSIS/Device/ST/STM32F1xx/Source/Templates/system_stm32f1xx.c 0x00000000   Number         0  system_stm32f1xx.o ABSOLUTE
    libraries/STM32F1xx_HAL_Driver/Src/stm32f1xx_hal.c 0x00000000   Number         0  stm32f1xx_hal.o ABSOLUTE
    libraries/STM32F1xx_HAL_Driver/Src/stm32f1xx_hal_cortex.c 0x00000000   Number         0  stm32f1xx_hal_cortex.o ABSOLUTE
    libraries/STM32F1xx_HAL_Driver/Src/stm32f1xx_hal_dma.c 0x00000000   Number         0  stm32f1xx_hal_dma.o ABSOLUTE
    libraries/STM32F1xx_HAL_Driver/Src/stm32f1xx_hal_exti.c 0x00000000   Number         0  stm32f1xx_hal_exti.o ABSOLUTE
    libraries/STM32F1xx_HAL_Driver/Src/stm32f1xx_hal_flash.c 0x00000000   Number         0  stm32f1xx_hal_flash.o ABSOLUTE
    libraries/STM32F1xx_HAL_Driver/Src/stm32f1xx_hal_flash_ex.c 0x00000000   Number         0  stm32f1xx_hal_flash_ex.o ABSOLUTE
    libraries/STM32F1xx_HAL_Driver/Src/stm32f1xx_hal_gpio.c 0x00000000   Number         0  stm32f1xx_hal_gpio.o ABSOLUTE
    libraries/STM32F1xx_HAL_Driver/Src/stm32f1xx_hal_gpio_ex.c 0x00000000   Number         0  stm32f1xx_hal_gpio_ex.o ABSOLUTE
    libraries/STM32F1xx_HAL_Driver/Src/stm32f1xx_hal_pwr.c 0x00000000   Number         0  stm32f1xx_hal_pwr.o ABSOLUTE
    libraries/STM32F1xx_HAL_Driver/Src/stm32f1xx_hal_rcc.c 0x00000000   Number         0  stm32f1xx_hal_rcc.o ABSOLUTE
    libraries/STM32F1xx_HAL_Driver/Src/stm32f1xx_hal_rcc_ex.c 0x00000000   Number         0  stm32f1xx_hal_rcc_ex.o ABSOLUTE
    libraries/STM32F1xx_HAL_Driver/Src/stm32f1xx_hal_tim.c 0x00000000   Number         0  stm32f1xx_hal_tim.o ABSOLUTE
    libraries/STM32F1xx_HAL_Driver/Src/stm32f1xx_hal_tim_ex.c 0x00000000   Number         0  stm32f1xx_hal_tim_ex.o ABSOLUTE
    libraries/STM32F1xx_HAL_Driver/Src/stm32f1xx_hal_uart.c 0x00000000   Number         0  stm32f1xx_hal_uart.o ABSOLUTE
    libraries\CMSIS\Device\ST\STM32F1xx\Source\Templates\arm\startup_stm32f103xb.s 0x00000000   Number         0  startup_stm32f103xb.o ABSOLUTE
    libraries\CMSIS\Device\ST\STM32F1xx\Source\Templates\system_stm32f1xx.c 0x00000000   Number         0  system_stm32f1xx.o ABSOLUTE
    libraries\STM32F1xx_HAL_Driver\Src\stm32f1xx_hal.c 0x00000000   Number         0  stm32f1xx_hal.o ABSOLUTE
    libraries\STM32F1xx_HAL_Driver\Src\stm32f1xx_hal_cortex.c 0x00000000   Number         0  stm32f1xx_hal_cortex.o ABSOLUTE
    libraries\STM32F1xx_HAL_Driver\Src\stm32f1xx_hal_dma.c 0x00000000   Number         0  stm32f1xx_hal_dma.o ABSOLUTE
    libraries\STM32F1xx_HAL_Driver\Src\stm32f1xx_hal_exti.c 0x00000000   Number         0  stm32f1xx_hal_exti.o ABSOLUTE
    libraries\STM32F1xx_HAL_Driver\Src\stm32f1xx_hal_flash.c 0x00000000   Number         0  stm32f1xx_hal_flash.o ABSOLUTE
    libraries\STM32F1xx_HAL_Driver\Src\stm32f1xx_hal_flash_ex.c 0x00000000   Number         0  stm32f1xx_hal_flash_ex.o ABSOLUTE
    libraries\STM32F1xx_HAL_Driver\Src\stm32f1xx_hal_gpio.c 0x00000000   Number         0  stm32f1xx_hal_gpio.o ABSOLUTE
    libraries\STM32F1xx_HAL_Driver\Src\stm32f1xx_hal_gpio_ex.c 0x00000000   Number         0  stm32f1xx_hal_gpio_ex.o ABSOLUTE
    libraries\STM32F1xx_HAL_Driver\Src\stm32f1xx_hal_pwr.c 0x00000000   Number         0  stm32f1xx_hal_pwr.o ABSOLUTE
    libraries\STM32F1xx_HAL_Driver\Src\stm32f1xx_hal_rcc.c 0x00000000   Number         0  stm32f1xx_hal_rcc.o ABSOLUTE
    libraries\STM32F1xx_HAL_Driver\Src\stm32f1xx_hal_rcc_ex.c 0x00000000   Number         0  stm32f1xx_hal_rcc_ex.o ABSOLUTE
    libraries\STM32F1xx_HAL_Driver\Src\stm32f1xx_hal_tim.c 0x00000000   Number         0  stm32f1xx_hal_tim.o ABSOLUTE
    libraries\STM32F1xx_HAL_Driver\Src\stm32f1xx_hal_tim_ex.c 0x00000000   Number         0  stm32f1xx_hal_tim_ex.o ABSOLUTE
    libraries\STM32F1xx_HAL_Driver\Src\stm32f1xx_hal_uart.c 0x00000000   Number         0  stm32f1xx_hal_uart.o ABSOLUTE
    RESET                                    0x08008000   Section      236  startup_stm32f103xb.o(RESET)
    .ARM.Collect$$$$00000000                 0x080080ec   Section        0  entry.o(.ARM.Collect$$$$00000000)
    .ARM.Collect$$$$00000001                 0x080080ec   Section        4  entry2.o(.ARM.Collect$$$$00000001)
    .ARM.Collect$$$$00000004                 0x080080f0   Section        4  entry5.o(.ARM.Collect$$$$00000004)
    .ARM.Collect$$$$00000008                 0x080080f4   Section        0  entry7b.o(.ARM.Collect$$$$00000008)
    .ARM.Collect$$$$0000000A                 0x080080f4   Section        0  entry8b.o(.ARM.Collect$$$$0000000A)
    .ARM.Collect$$$$0000000B                 0x080080f4   Section        8  entry9a.o(.ARM.Collect$$$$0000000B)
    .ARM.Collect$$$$0000000D                 0x080080fc   Section        0  entry10a.o(.ARM.Collect$$$$0000000D)
    .ARM.Collect$$$$0000000F                 0x080080fc   Section        0  entry11a.o(.ARM.Collect$$$$0000000F)
    .ARM.Collect$$$$00002712                 0x080080fc   Section        4  entry2.o(.ARM.Collect$$$$00002712)
    __lit__00000000                          0x080080fc   Data           4  entry2.o(.ARM.Collect$$$$00002712)
    .text                                    0x08008100   Section       36  startup_stm32f103xb.o(.text)
    .text                                    0x08008124   Section      244  context_rvds.o(.text)
    .text                                    0x08008218   Section        0  memcpya.o(.text)
    .text                                    0x0800823c   Section        0  memseta.o(.text)
    .text                                    0x08008260   Section        0  strcat.o(.text)
    .text                                    0x08008278   Section        0  strncpy.o(.text)
    .text                                    0x08008290   Section        0  strlen.o(.text)
    .text                                    0x0800829e   Section        0  strcpy.o(.text)
    .text                                    0x080082b0   Section        0  strncmp.o(.text)
    .text                                    0x080082d0   Section       36  init.o(.text)
    i.$Sub$$main                             0x080082f4   Section        0  components.o(i.$Sub$$main)
    i.HAL_GPIO_Init                          0x08008300   Section        0  stm32f1xx_hal_gpio.o(i.HAL_GPIO_Init)
    i.HAL_GPIO_WritePin                      0x080084e0   Section        0  stm32f1xx_hal_gpio.o(i.HAL_GPIO_WritePin)
    i.HAL_GetTick                            0x080084ec   Section        0  stm32f1xx_hal.o(i.HAL_GetTick)
    i.HAL_RCC_GetPCLK1Freq                   0x080084f8   Section        0  stm32f1xx_hal_rcc.o(i.HAL_RCC_GetPCLK1Freq)
    i.HAL_RCC_GetPCLK2Freq                   0x08008518   Section        0  stm32f1xx_hal_rcc.o(i.HAL_RCC_GetPCLK2Freq)
    i.HAL_UART_Init                          0x08008538   Section        0  stm32f1xx_hal_uart.o(i.HAL_UART_Init)
    i.HAL_UART_MspInit                       0x0800859c   Section        0  board.o(i.HAL_UART_MspInit)
    i.HAL_UART_Transmit                      0x08008664   Section        0  stm32f1xx_hal_uart.o(i.HAL_UART_Transmit)
    i.SysTick_Handler                        0x0800871e   Section        0  board.o(i.SysTick_Handler)
    i.SystemCoreClockUpdate                  0x08008730   Section        0  system_stm32f1xx.o(i.SystemCoreClockUpdate)
    i.SystemInit                             0x08008798   Section        0  system_stm32f1xx.o(i.SystemInit)
    i.UART_SetConfig                         0x080087e4   Section        0  stm32f1xx_hal_uart.o(i.UART_SetConfig)
    UART_SetConfig                           0x080087e5   Thumb Code   178  stm32f1xx_hal_uart.o(i.UART_SetConfig)
    i.UART_WaitOnFlagUntilTimeout            0x0800889c   Section        0  stm32f1xx_hal_uart.o(i.UART_WaitOnFlagUntilTimeout)
    UART_WaitOnFlagUntilTimeout              0x0800889d   Thumb Code   100  stm32f1xx_hal_uart.o(i.UART_WaitOnFlagUntilTimeout)
    i.__rt_ffs                               0x08008900   Section        0  kservice.o(i.__rt_ffs)
    i.__scatterload_copy                     0x08008944   Section       14  handlers.o(i.__scatterload_copy)
    i.__scatterload_null                     0x08008952   Section        2  handlers.o(i.__scatterload_null)
    i.__scatterload_zeroinit                 0x08008954   Section       14  handlers.o(i.__scatterload_zeroinit)
    i._has_defunct_thread                    0x08008964   Section        0  idle.o(i._has_defunct_thread)
    _has_defunct_thread                      0x08008965   Thumb Code    16  idle.o(i._has_defunct_thread)
    i._msh_exec_cmd                          0x08008978   Section        0  msh.o(i._msh_exec_cmd)
    _msh_exec_cmd                            0x08008979   Thumb Code   140  msh.o(i._msh_exec_cmd)
    i._rt_thread_init                        0x08008a14   Section        0  thread.o(i._rt_thread_init)
    _rt_thread_init                          0x08008a15   Thumb Code   118  thread.o(i._rt_thread_init)
    i._rt_timer_remove                       0x08008a94   Section        0  timer.o(i._rt_timer_remove)
    _rt_timer_remove                         0x08008a95   Thumb Code    18  timer.o(i._rt_timer_remove)
    i.bus_fault_track                        0x08008aa8   Section        0  cpuport.o(i.bus_fault_track)
    bus_fault_track                          0x08008aa9   Thumb Code   110  cpuport.o(i.bus_fault_track)
    i.cmd_ps                                 0x08008b90   Section        0  msh.o(i.cmd_ps)
    i.finsh_get_prompt                       0x08008b9c   Section        0  shell.o(i.finsh_get_prompt)
    i.finsh_set_prompt_mode                  0x08008bfc   Section        0  shell.o(i.finsh_set_prompt_mode)
    i.finsh_system_function_init             0x08008c10   Section        0  shell.o(i.finsh_system_function_init)
    i.finsh_system_init                      0x08008c1c   Section        0  shell.o(i.finsh_system_init)
    i.finsh_thread_entry                     0x08008c94   Section        0  shell.o(i.finsh_thread_entry)
    i.hard_fault_track                       0x08008f20   Section        0  cpuport.o(i.hard_fault_track)
    hard_fault_track                         0x08008f21   Thumb Code    76  cpuport.o(i.hard_fault_track)
    i.hello                                  0x08008f98   Section        0  cmd.o(i.hello)
    i.list                                   0x08008fb8   Section        0  cmd.o(i.list)
    i.list_find_init                         0x0800900c   Section        0  cmd.o(i.list_find_init)
    list_find_init                           0x0800900d   Thumb Code    36  cmd.o(i.list_find_init)
    i.list_get_next                          0x08009030   Section        0  cmd.o(i.list_get_next)
    list_get_next                            0x08009031   Thumb Code   102  cmd.o(i.list_get_next)
    i.list_mailbox                           0x08009098   Section        0  cmd.o(i.list_mailbox)
    i.list_sem                               0x080091dc   Section        0  cmd.o(i.list_sem)
    i.list_thread                            0x080092f8   Section        0  cmd.o(i.list_thread)
    i.list_timer                             0x080094b0   Section        0  cmd.o(i.list_timer)
    i.main                                   0x080095f0   Section        0  main.o(i.main)
    i.main_thread_entry                      0x08009660   Section        0  components.o(i.main_thread_entry)
    i.mem_manage_fault_track                 0x08009670   Section        0  cpuport.o(i.mem_manage_fault_track)
    mem_manage_fault_track                   0x08009671   Thumb Code    98  cpuport.o(i.mem_manage_fault_track)
    i.msh_auto_complete                      0x08009748   Section        0  msh.o(i.msh_auto_complete)
    i.msh_exec                               0x080097f4   Section        0  msh.o(i.msh_exec)
    i.msh_help                               0x08009858   Section        0  msh.o(i.msh_help)
    i.msh_is_used                            0x080098c4   Section        0  msh.o(i.msh_is_used)
    i.msh_split                              0x080098c8   Section        0  msh.o(i.msh_split)
    msh_split                                0x080098c9   Thumb Code   172  msh.o(i.msh_split)
    i.object_split                           0x08009998   Section        0  cmd.o(i.object_split)
    object_split                             0x08009999   Thumb Code    18  cmd.o(i.object_split)
    i.print_number                           0x080099b0   Section        0  kservice.o(i.print_number)
    print_number                             0x080099b1   Thumb Code   300  kservice.o(i.print_number)
    i.rt_application_init                    0x08009ae0   Section        0  components.o(i.rt_application_init)
    i.rt_components_board_init               0x08009b1c   Section        0  components.o(i.rt_components_board_init)
    i.rt_components_init                     0x08009b38   Section        0  components.o(i.rt_components_init)
    i.rt_enter_critical                      0x08009b54   Section        0  scheduler.o(i.rt_enter_critical)
    i.rt_exit_critical                       0x08009b70   Section        0  scheduler.o(i.rt_exit_critical)
    i.rt_hw_board_init                       0x08009ba8   Section        0  board.o(i.rt_hw_board_init)
    i.rt_hw_console_getchar                  0x08009be8   Section        0  board.o(i.rt_hw_console_getchar)
    i.rt_hw_console_output                   0x08009c10   Section        0  board.o(i.rt_hw_console_output)
    i.rt_hw_hard_fault_exception             0x08009c58   Section        0  cpuport.o(i.rt_hw_hard_fault_exception)
    i.rt_hw_stack_init                       0x08009e54   Section        0  cpuport.o(i.rt_hw_stack_init)
    i.rt_interrupt_enter                     0x08009e8c   Section        0  irq.o(i.rt_interrupt_enter)
    i.rt_interrupt_leave                     0x08009ea8   Section        0  irq.o(i.rt_interrupt_leave)
    i.rt_kprintf                             0x08009ec4   Section        0  kservice.o(i.rt_kprintf)
    i.rt_list_insert_after                   0x08009ee4   Section        0  thread.o(i.rt_list_insert_after)
    rt_list_insert_after                     0x08009ee5   Thumb Code    14  thread.o(i.rt_list_insert_after)
    i.rt_list_insert_after                   0x08009ef2   Section        0  timer.o(i.rt_list_insert_after)
    rt_list_insert_after                     0x08009ef3   Thumb Code    14  timer.o(i.rt_list_insert_after)
    i.rt_list_len                            0x08009f00   Section        0  cmd.o(i.rt_list_len)
    rt_list_len                              0x08009f01   Thumb Code    18  cmd.o(i.rt_list_len)
    i.rt_list_remove                         0x08009f12   Section        0  thread.o(i.rt_list_remove)
    rt_list_remove                           0x08009f13   Thumb Code    18  thread.o(i.rt_list_remove)
    i.rt_memmove                             0x08009f24   Section        0  kservice.o(i.rt_memmove)
    i.rt_memset                              0x08009f58   Section        0  kservice.o(i.rt_memset)
    i.rt_object_detach                       0x08009f9e   Section        0  object.o(i.rt_object_detach)
    i.rt_object_get_information              0x08009fc4   Section        0  object.o(i.rt_object_get_information)
    i.rt_object_init                         0x08009fe8   Section        0  object.o(i.rt_object_init)
    i.rt_object_is_systemobject              0x0800a03a   Section        0  object.o(i.rt_object_is_systemobject)
    i.rt_schedule                            0x0800a048   Section        0  scheduler.o(i.rt_schedule)
    i.rt_schedule_insert_thread              0x0800a0a0   Section        0  scheduler.o(i.rt_schedule_insert_thread)
    i.rt_schedule_remove_thread              0x0800a0f0   Section        0  scheduler.o(i.rt_schedule_remove_thread)
    i.rt_sem_init                            0x0800a138   Section        0  ipc.o(i.rt_sem_init)
    i.rt_show_version                        0x0800a15c   Section        0  kservice.o(i.rt_show_version)
    i.rt_strlen                              0x0800a20c   Section        0  kservice.o(i.rt_strlen)
    i.rt_strncpy                             0x0800a21c   Section        0  kservice.o(i.rt_strncpy)
    i.rt_system_scheduler_init               0x0800a244   Section        0  scheduler.o(i.rt_system_scheduler_init)
    i.rt_system_scheduler_start              0x0800a278   Section        0  scheduler.o(i.rt_system_scheduler_start)
    i.rt_system_timer_init                   0x0800a2a0   Section        0  timer.o(i.rt_system_timer_init)
    i.rt_system_timer_thread_init            0x0800a2ac   Section        0  timer.o(i.rt_system_timer_thread_init)
    i.rt_thread_exit                         0x0800a2b0   Section        0  thread.o(i.rt_thread_exit)
    i.rt_thread_idle_entry                   0x0800a308   Section        0  idle.o(i.rt_thread_idle_entry)
    rt_thread_idle_entry                     0x0800a309   Thumb Code     6  idle.o(i.rt_thread_idle_entry)
    i.rt_thread_idle_excute                  0x0800a310   Section        0  idle.o(i.rt_thread_idle_excute)
    i.rt_thread_idle_init                    0x0800a37c   Section        0  idle.o(i.rt_thread_idle_init)
    i.rt_thread_init                         0x0800a3b4   Section        0  thread.o(i.rt_thread_init)
    i.rt_thread_mdelay                       0x0800a3e4   Section        0  thread.o(i.rt_thread_mdelay)
    i.rt_thread_resume                       0x0800a3f2   Section        0  thread.o(i.rt_thread_resume)
    i.rt_thread_self                         0x0800a430   Section        0  thread.o(i.rt_thread_self)
    i.rt_thread_sleep                        0x0800a43c   Section        0  thread.o(i.rt_thread_sleep)
    i.rt_thread_startup                      0x0800a47c   Section        0  thread.o(i.rt_thread_startup)
    i.rt_thread_suspend                      0x0800a4a8   Section        0  thread.o(i.rt_thread_suspend)
    i.rt_thread_timeout                      0x0800a4ea   Section        0  thread.o(i.rt_thread_timeout)
    i.rt_thread_yield                        0x0800a50c   Section        0  thread.o(i.rt_thread_yield)
    i.rt_tick_from_millisecond               0x0800a56c   Section        0  clock.o(i.rt_tick_from_millisecond)
    i.rt_tick_get                            0x0800a5a0   Section        0  clock.o(i.rt_tick_get)
    i.rt_tick_increase                       0x0800a5ac   Section        0  clock.o(i.rt_tick_increase)
    i.rt_timer_check                         0x0800a5d8   Section        0  timer.o(i.rt_timer_check)
    i.rt_timer_control                       0x0800a640   Section        0  timer.o(i.rt_timer_control)
    i.rt_timer_detach                        0x0800a670   Section        0  timer.o(i.rt_timer_detach)
    i.rt_timer_init                          0x0800a690   Section        0  timer.o(i.rt_timer_init)
    i.rt_timer_start                         0x0800a6c0   Section        0  timer.o(i.rt_timer_start)
    i.rt_timer_stop                          0x0800a74c   Section        0  timer.o(i.rt_timer_stop)
    i.rt_vsnprintf                           0x0800a77c   Section        0  kservice.o(i.rt_vsnprintf)
    i.rti_board_end                          0x0800a9f8   Section        0  components.o(i.rti_board_end)
    rti_board_end                            0x0800a9f9   Thumb Code     4  components.o(i.rti_board_end)
    i.rti_board_start                        0x0800a9fc   Section        0  components.o(i.rti_board_start)
    rti_board_start                          0x0800a9fd   Thumb Code     4  components.o(i.rti_board_start)
    i.rti_end                                0x0800aa00   Section        0  components.o(i.rti_end)
    rti_end                                  0x0800aa01   Thumb Code     4  components.o(i.rti_end)
    i.rti_start                              0x0800aa04   Section        0  components.o(i.rti_start)
    rti_start                                0x0800aa05   Thumb Code     4  components.o(i.rti_start)
    i.rtthread_startup                       0x0800aa08   Section        0  components.o(i.rtthread_startup)
    i.show_wait_queue                        0x0800aa34   Section        0  cmd.o(i.show_wait_queue)
    show_wait_queue                          0x0800aa35   Thumb Code    38  cmd.o(i.show_wait_queue)
    i.skip_atoi                              0x0800aa64   Section        0  kservice.o(i.skip_atoi)
    skip_atoi                                0x0800aa65   Thumb Code    40  kservice.o(i.skip_atoi)
    i.uart_init                              0x0800aa8c   Section        0  board.o(i.uart_init)
    uart_init                                0x0800aa8d   Thumb Code    42  board.o(i.uart_init)
    i.usage_fault_track                      0x0800aac0   Section        0  cpuport.o(i.usage_fault_track)
    usage_fault_track                        0x0800aac1   Thumb Code   100  cpuport.o(i.usage_fault_track)
    i.version                                0x0800ab90   Section        0  cmd.o(i.version)
    .constdata                               0x0800ab9a   Section       16  system_stm32f1xx.o(.constdata)
    .constdata                               0x0800abaa   Section        8  system_stm32f1xx.o(.constdata)
    .constdata                               0x0800abb2   Section        6  cmd.o(.constdata)
    .constdata                               0x0800abb8   Section        8  cmd.o(.constdata)
    .constdata                               0x0800abc0   Section       14  cmd.o(.constdata)
    .constdata                               0x0800abce   Section       12  cmd.o(.constdata)
    .constdata                               0x0800abda   Section       18  cmd.o(.constdata)
    .constdata                               0x0800abec   Section        9  cmd.o(.constdata)
    .constdata                               0x0800abf5   Section       15  cmd.o(.constdata)
    .constdata                               0x0800ac04   Section       13  cmd.o(.constdata)
    .constdata                               0x0800ac11   Section       19  cmd.o(.constdata)
    .constdata                               0x0800ac24   Section       11  cmd.o(.constdata)
    .constdata                               0x0800ac2f   Section       17  cmd.o(.constdata)
    .constdata                               0x0800ac40   Section        5  cmd.o(.constdata)
    .constdata                               0x0800ac45   Section       11  msh.o(.constdata)
    .constdata                               0x0800ac50   Section        9  msh.o(.constdata)
    .constdata                               0x0800ac59   Section      290  kservice.o(.constdata)
    small_digits                             0x0800ad59   Data          17  kservice.o(.constdata)
    large_digits                             0x0800ad6a   Data          17  kservice.o(.constdata)
    .conststring                             0x0800ad7c   Section       68  cmd.o(.conststring)
    .rti_fn.0                                0x0800adc0   Section        4  components.o(.rti_fn.0)
    __tagsym$$used                           0x0800adc0   Number         0  components.o(.rti_fn.0)
    .rti_fn.0.end                            0x0800adc4   Section        4  components.o(.rti_fn.0.end)
    __tagsym$$used                           0x0800adc4   Number         0  components.o(.rti_fn.0.end)
    .rti_fn.1                                0x0800adc8   Section        4  board.o(.rti_fn.1)
    __tagsym$$used                           0x0800adc8   Number         0  board.o(.rti_fn.1)
    .rti_fn.1.end                            0x0800adcc   Section        4  components.o(.rti_fn.1.end)
    __tagsym$$used                           0x0800adcc   Number         0  components.o(.rti_fn.1.end)
    .rti_fn.6                                0x0800add0   Section        4  shell.o(.rti_fn.6)
    __tagsym$$used                           0x0800add0   Number         0  shell.o(.rti_fn.6)
    .rti_fn.6.end                            0x0800add4   Section        4  components.o(.rti_fn.6.end)
    __tagsym$$used                           0x0800add4   Number         0  components.o(.rti_fn.6.end)
    FSymTab                                  0x0800add8   Section       96  cmd.o(FSymTab)
    __tagsym$$used                           0x0800add8   Number         0  cmd.o(FSymTab)
    __tagsym$$used                           0x0800ade0   Number         0  cmd.o(FSymTab)
    __tagsym$$used                           0x0800ade8   Number         0  cmd.o(FSymTab)
    __tagsym$$used                           0x0800adf0   Number         0  cmd.o(FSymTab)
    __tagsym$$used                           0x0800adf8   Number         0  cmd.o(FSymTab)
    __tagsym$$used                           0x0800ae00   Number         0  cmd.o(FSymTab)
    __tagsym$$used                           0x0800ae08   Number         0  cmd.o(FSymTab)
    __tagsym$$used                           0x0800ae10   Number         0  cmd.o(FSymTab)
    __tagsym$$used                           0x0800ae18   Number         0  cmd.o(FSymTab)
    __tagsym$$used                           0x0800ae20   Number         0  cmd.o(FSymTab)
    __tagsym$$used                           0x0800ae28   Number         0  cmd.o(FSymTab)
    __tagsym$$used                           0x0800ae30   Number         0  cmd.o(FSymTab)
    FSymTab                                  0x0800ae38   Section       16  msh.o(FSymTab)
    __tagsym$$used                           0x0800ae38   Number         0  msh.o(FSymTab)
    __tagsym$$used                           0x0800ae40   Number         0  msh.o(FSymTab)
    .data                                    0x20000000   Section       12  stm32f1xx_hal.o(.data)
    .data                                    0x2000000c   Section        4  system_stm32f1xx.o(.data)
    .data                                    0x20000010   Section       24  shell.o(.data)
    finsh_prompt_custom                      0x20000020   Data           4  shell.o(.data)
    .data                                    0x20000028   Section        4  cpuport.o(.data)
    rt_exception_hook                        0x20000028   Data           4  cpuport.o(.data)
    .data                                    0x2000002c   Section        4  cpuport.o(.data)
    .data                                    0x20000030   Section        4  cpuport.o(.data)
    .data                                    0x20000034   Section        4  cpuport.o(.data)
    .data                                    0x20000038   Section        4  clock.o(.data)
    rt_tick                                  0x20000038   Data           4  clock.o(.data)
    .data                                    0x2000003c   Section        1  irq.o(.data)
    .data                                    0x20000040   Section       64  object.o(.data)
    rt_object_container                      0x20000040   Data          64  object.o(.data)
    .data                                    0x20000080   Section       20  scheduler.o(.data)
    rt_scheduler_lock_nest                   0x20000082   Data           2  scheduler.o(.data)
    .data                                    0x20000094   Section       12  timer.o(.data)
    random_nr                                0x20000094   Data           4  timer.o(.data)
    rt_timer_list                            0x20000098   Data           8  timer.o(.data)
    .bss                                     0x200000a0   Section     1396  shell.o(.bss)
    finsh_prompt                             0x200000a0   Data         129  shell.o(.bss)
    finsh_thread                             0x20000124   Data         120  shell.o(.bss)
    finsh_thread_stack                       0x2000019c   Data        1024  shell.o(.bss)
    .bss                                     0x20000618   Section      376  components.o(.bss)
    main_stack                               0x20000618   Data         256  components.o(.bss)
    .bss                                     0x20000790   Section      248  idle.o(.bss)
    idle                                     0x20000790   Data         120  idle.o(.bss)
    rt_thread_stack                          0x20000808   Data         128  idle.o(.bss)
    .bss                                     0x20000888   Section      128  kservice.o(.bss)
    rt_log_buf                               0x20000888   Data         128  kservice.o(.bss)
    .bss                                     0x20000908   Section       64  scheduler.o(.bss)
    .bss                                     0x20000948   Section       64  board.o(.bss)
    UartHandle                               0x20000948   Data          64  board.o(.bss)
    STACK                                    0x20000988   Section     1024  startup_stm32f103xb.o(STACK)

    Global Symbols

    Symbol Name                              Value     Ov Type        Size  Object(Section)

    BuildAttributes$$THM_ISAv4$P$D$K$B$S$PE$A:L22UL41UL21$X:L11$S22US41US21$IEEE1$IW$USESV6$~STKCKD$USESV7$~SHL$OSPACE$EBA8$MICROLIB$REQ8$PRES8$EABIv2 0x00000000   Number         0  anon$$obj.o ABSOLUTE
    __ARM_use_no_argv                        0x00000000   Number         0  main.o ABSOLUTE
    __cpp_initialize__aeabi_                  - Undefined Weak Reference
    __cxa_finalize                            - Undefined Weak Reference
    __decompress                              - Undefined Weak Reference
    _clock_init                               - Undefined Weak Reference
    _microlib_exit                            - Undefined Weak Reference
    __Vectors_Size                           0x000000ec   Number         0  startup_stm32f103xb.o ABSOLUTE
    __Vectors                                0x08008000   Data           4  startup_stm32f103xb.o(RESET)
    __Vectors_End                            0x080080ec   Data           0  startup_stm32f103xb.o(RESET)
    __main                                   0x080080ed   Thumb Code     0  entry.o(.ARM.Collect$$$$00000000)
    _main_stk                                0x080080ed   Thumb Code     0  entry2.o(.ARM.Collect$$$$00000001)
    _main_scatterload                        0x080080f1   Thumb Code     0  entry5.o(.ARM.Collect$$$$00000004)
    __main_after_scatterload                 0x080080f5   Thumb Code     0  entry5.o(.ARM.Collect$$$$00000004)
    _main_clock                              0x080080f5   Thumb Code     0  entry7b.o(.ARM.Collect$$$$00000008)
    _main_cpp_init                           0x080080f5   Thumb Code     0  entry8b.o(.ARM.Collect$$$$0000000A)
    _main_init                               0x080080f5   Thumb Code     0  entry9a.o(.ARM.Collect$$$$0000000B)
    __rt_final_cpp                           0x080080fd   Thumb Code     0  entry10a.o(.ARM.Collect$$$$0000000D)
    __rt_final_exit                          0x080080fd   Thumb Code     0  entry11a.o(.ARM.Collect$$$$0000000F)
    Reset_Handler                            0x08008101   Thumb Code     8  startup_stm32f103xb.o(.text)
    NMI_Handler                              0x08008109   Thumb Code     2  startup_stm32f103xb.o(.text)
    MemManage_Handler                        0x0800810d   Thumb Code     2  startup_stm32f103xb.o(.text)
    BusFault_Handler                         0x0800810f   Thumb Code     2  startup_stm32f103xb.o(.text)
    UsageFault_Handler                       0x08008111   Thumb Code     2  startup_stm32f103xb.o(.text)
    SVC_Handler                              0x08008113   Thumb Code     2  startup_stm32f103xb.o(.text)
    DebugMon_Handler                         0x08008115   Thumb Code     2  startup_stm32f103xb.o(.text)
    ADC1_2_IRQHandler                        0x0800811b   Thumb Code     0  startup_stm32f103xb.o(.text)
    CAN1_RX1_IRQHandler                      0x0800811b   Thumb Code     0  startup_stm32f103xb.o(.text)
    CAN1_SCE_IRQHandler                      0x0800811b   Thumb Code     0  startup_stm32f103xb.o(.text)
    DMA1_Channel1_IRQHandler                 0x0800811b   Thumb Code     0  startup_stm32f103xb.o(.text)
    DMA1_Channel2_IRQHandler                 0x0800811b   Thumb Code     0  startup_stm32f103xb.o(.text)
    DMA1_Channel3_IRQHandler                 0x0800811b   Thumb Code     0  startup_stm32f103xb.o(.text)
    DMA1_Channel4_IRQHandler                 0x0800811b   Thumb Code     0  startup_stm32f103xb.o(.text)
    DMA1_Channel5_IRQHandler                 0x0800811b   Thumb Code     0  startup_stm32f103xb.o(.text)
    DMA1_Channel6_IRQHandler                 0x0800811b   Thumb Code     0  startup_stm32f103xb.o(.text)
    DMA1_Channel7_IRQHandler                 0x0800811b   Thumb Code     0  startup_stm32f103xb.o(.text)
    EXTI0_IRQHandler                         0x0800811b   Thumb Code     0  startup_stm32f103xb.o(.text)
    EXTI15_10_IRQHandler                     0x0800811b   Thumb Code     0  startup_stm32f103xb.o(.text)
    EXTI1_IRQHandler                         0x0800811b   Thumb Code     0  startup_stm32f103xb.o(.text)
    EXTI2_IRQHandler                         0x0800811b   Thumb Code     0  startup_stm32f103xb.o(.text)
    EXTI3_IRQHandler                         0x0800811b   Thumb Code     0  startup_stm32f103xb.o(.text)
    EXTI4_IRQHandler                         0x0800811b   Thumb Code     0  startup_stm32f103xb.o(.text)
    EXTI9_5_IRQHandler                       0x0800811b   Thumb Code     0  startup_stm32f103xb.o(.text)
    FLASH_IRQHandler                         0x0800811b   Thumb Code     0  startup_stm32f103xb.o(.text)
    I2C1_ER_IRQHandler                       0x0800811b   Thumb Code     0  startup_stm32f103xb.o(.text)
    I2C1_EV_IRQHandler                       0x0800811b   Thumb Code     0  startup_stm32f103xb.o(.text)
    I2C2_ER_IRQHandler                       0x0800811b   Thumb Code     0  startup_stm32f103xb.o(.text)
    I2C2_EV_IRQHandler                       0x0800811b   Thumb Code     0  startup_stm32f103xb.o(.text)
    PVD_IRQHandler                           0x0800811b   Thumb Code     0  startup_stm32f103xb.o(.text)
    RCC_IRQHandler                           0x0800811b   Thumb Code     0  startup_stm32f103xb.o(.text)
    RTC_Alarm_IRQHandler                     0x0800811b   Thumb Code     0  startup_stm32f103xb.o(.text)
    RTC_IRQHandler                           0x0800811b   Thumb Code     0  startup_stm32f103xb.o(.text)
    SPI1_IRQHandler                          0x0800811b   Thumb Code     0  startup_stm32f103xb.o(.text)
    SPI2_IRQHandler                          0x0800811b   Thumb Code     0  startup_stm32f103xb.o(.text)
    TAMPER_IRQHandler                        0x0800811b   Thumb Code     0  startup_stm32f103xb.o(.text)
    TIM1_BRK_IRQHandler                      0x0800811b   Thumb Code     0  startup_stm32f103xb.o(.text)
    TIM1_CC_IRQHandler                       0x0800811b   Thumb Code     0  startup_stm32f103xb.o(.text)
    TIM1_TRG_COM_IRQHandler                  0x0800811b   Thumb Code     0  startup_stm32f103xb.o(.text)
    TIM1_UP_IRQHandler                       0x0800811b   Thumb Code     0  startup_stm32f103xb.o(.text)
    TIM2_IRQHandler                          0x0800811b   Thumb Code     0  startup_stm32f103xb.o(.text)
    TIM3_IRQHandler                          0x0800811b   Thumb Code     0  startup_stm32f103xb.o(.text)
    TIM4_IRQHandler                          0x0800811b   Thumb Code     0  startup_stm32f103xb.o(.text)
    USART1_IRQHandler                        0x0800811b   Thumb Code     0  startup_stm32f103xb.o(.text)
    USART2_IRQHandler                        0x0800811b   Thumb Code     0  startup_stm32f103xb.o(.text)
    USART3_IRQHandler                        0x0800811b   Thumb Code     0  startup_stm32f103xb.o(.text)
    USBWakeUp_IRQHandler                     0x0800811b   Thumb Code     0  startup_stm32f103xb.o(.text)
    USB_HP_CAN1_TX_IRQHandler                0x0800811b   Thumb Code     0  startup_stm32f103xb.o(.text)
    USB_LP_CAN1_RX0_IRQHandler               0x0800811b   Thumb Code     0  startup_stm32f103xb.o(.text)
    WWDG_IRQHandler                          0x0800811b   Thumb Code     0  startup_stm32f103xb.o(.text)
    rt_hw_interrupt_disable                  0x08008125   Thumb Code     8  context_rvds.o(.text)
    rt_hw_interrupt_enable                   0x0800812d   Thumb Code     6  context_rvds.o(.text)
    rt_hw_context_switch                     0x08008133   Thumb Code    32  context_rvds.o(.text)
    rt_hw_context_switch_interrupt           0x08008133   Thumb Code     0  context_rvds.o(.text)
    PendSV_Handler                           0x08008153   Thumb Code    60  context_rvds.o(.text)
    rt_hw_context_switch_to                  0x0800818f   Thumb Code    58  context_rvds.o(.text)
    rt_hw_interrupt_thread_switch            0x080081c9   Thumb Code     2  context_rvds.o(.text)
    HardFault_Handler                        0x080081cb   Thumb Code    52  context_rvds.o(.text)
    __aeabi_memcpy                           0x08008219   Thumb Code    36  memcpya.o(.text)
    __aeabi_memcpy4                          0x08008219   Thumb Code     0  memcpya.o(.text)
    __aeabi_memcpy8                          0x08008219   Thumb Code     0  memcpya.o(.text)
    __aeabi_memset                           0x0800823d   Thumb Code    14  memseta.o(.text)
    __aeabi_memset4                          0x0800823d   Thumb Code     0  memseta.o(.text)
    __aeabi_memset8                          0x0800823d   Thumb Code     0  memseta.o(.text)
    __aeabi_memclr                           0x0800824b   Thumb Code     4  memseta.o(.text)
    __aeabi_memclr4                          0x0800824b   Thumb Code     0  memseta.o(.text)
    __aeabi_memclr8                          0x0800824b   Thumb Code     0  memseta.o(.text)
    _memset$wrapper                          0x0800824f   Thumb Code    18  memseta.o(.text)
    strcat                                   0x08008261   Thumb Code    24  strcat.o(.text)
    strncpy                                  0x08008279   Thumb Code    24  strncpy.o(.text)
    strlen                                   0x08008291   Thumb Code    14  strlen.o(.text)
    strcpy                                   0x0800829f   Thumb Code    18  strcpy.o(.text)
    strncmp                                  0x080082b1   Thumb Code    30  strncmp.o(.text)
    __scatterload                            0x080082d1   Thumb Code    28  init.o(.text)
    __scatterload_rt2                        0x080082d1   Thumb Code     0  init.o(.text)
    main                                     0x080082f5   Thumb Code    10  components.o(i.$Sub$$main)
    HAL_GPIO_Init                            0x08008301   Thumb Code   446  stm32f1xx_hal_gpio.o(i.HAL_GPIO_Init)
    HAL_GPIO_WritePin                        0x080084e1   Thumb Code    10  stm32f1xx_hal_gpio.o(i.HAL_GPIO_WritePin)
    HAL_GetTick                              0x080084ed   Thumb Code     6  stm32f1xx_hal.o(i.HAL_GetTick)
    HAL_RCC_GetPCLK1Freq                     0x080084f9   Thumb Code    20  stm32f1xx_hal_rcc.o(i.HAL_RCC_GetPCLK1Freq)
    HAL_RCC_GetPCLK2Freq                     0x08008519   Thumb Code    20  stm32f1xx_hal_rcc.o(i.HAL_RCC_GetPCLK2Freq)
    HAL_UART_Init                            0x08008539   Thumb Code    98  stm32f1xx_hal_uart.o(i.HAL_UART_Init)
    HAL_UART_MspInit                         0x0800859d   Thumb Code   184  board.o(i.HAL_UART_MspInit)
    HAL_UART_Transmit                        0x08008665   Thumb Code   186  stm32f1xx_hal_uart.o(i.HAL_UART_Transmit)
    SysTick_Handler                          0x0800871f   Thumb Code    18  board.o(i.SysTick_Handler)
    SystemCoreClockUpdate                    0x08008731   Thumb Code    82  system_stm32f1xx.o(i.SystemCoreClockUpdate)
    SystemInit                               0x08008799   Thumb Code    56  system_stm32f1xx.o(i.SystemInit)
    __rt_ffs                                 0x08008901   Thumb Code    62  kservice.o(i.__rt_ffs)
    __scatterload_copy                       0x08008945   Thumb Code    14  handlers.o(i.__scatterload_copy)
    __scatterload_null                       0x08008953   Thumb Code     2  handlers.o(i.__scatterload_null)
    __scatterload_zeroinit                   0x08008955   Thumb Code    14  handlers.o(i.__scatterload_zeroinit)
    cmd_ps                                   0x08008b91   Thumb Code    10  msh.o(i.cmd_ps)
    finsh_get_prompt                         0x08008b9d   Thumb Code    66  shell.o(i.finsh_get_prompt)
    finsh_set_prompt_mode                    0x08008bfd   Thumb Code    16  shell.o(i.finsh_set_prompt_mode)
    finsh_system_function_init               0x08008c11   Thumb Code     8  shell.o(i.finsh_system_function_init)
    finsh_system_init                        0x08008c1d   Thumb Code    82  shell.o(i.finsh_system_init)
    finsh_thread_entry                       0x08008c95   Thumb Code   612  shell.o(i.finsh_thread_entry)
    hello                                    0x08008f99   Thumb Code    12  cmd.o(i.hello)
    list                                     0x08008fb9   Thumb Code    48  cmd.o(i.list)
    list_mailbox                             0x08009099   Thumb Code   200  cmd.o(i.list_mailbox)
    list_sem                                 0x080091dd   Thumb Code   188  cmd.o(i.list_sem)
    list_thread                              0x080092f9   Thumb Code   250  cmd.o(i.list_thread)
    list_timer                               0x080094b1   Thumb Code   160  cmd.o(i.list_timer)
    $Super$$main                             0x080095f1   Thumb Code   104  main.o(i.main)
    main_thread_entry                        0x08009661   Thumb Code    14  components.o(i.main_thread_entry)
    msh_auto_complete                        0x08009749   Thumb Code   150  msh.o(i.msh_auto_complete)
    msh_exec                                 0x080097f5   Thumb Code    74  msh.o(i.msh_exec)
    msh_help                                 0x08009859   Thumb Code    56  msh.o(i.msh_help)
    msh_is_used                              0x080098c5   Thumb Code     4  msh.o(i.msh_is_used)
    rt_application_init                      0x08009ae1   Thumb Code    42  components.o(i.rt_application_init)
    rt_components_board_init                 0x08009b1d   Thumb Code    20  components.o(i.rt_components_board_init)
    rt_components_init                       0x08009b39   Thumb Code    20  components.o(i.rt_components_init)
    rt_enter_critical                        0x08009b55   Thumb Code    22  scheduler.o(i.rt_enter_critical)
    rt_exit_critical                         0x08009b71   Thumb Code    52  scheduler.o(i.rt_exit_critical)
    rt_hw_board_init                         0x08009ba9   Thumb Code    54  board.o(i.rt_hw_board_init)
    rt_hw_console_getchar                    0x08009be9   Thumb Code    34  board.o(i.rt_hw_console_getchar)
    rt_hw_console_output                     0x08009c11   Thumb Code    66  board.o(i.rt_hw_console_output)
    rt_hw_hard_fault_exception               0x08009c59   Thumb Code   186  cpuport.o(i.rt_hw_hard_fault_exception)
    rt_hw_stack_init                         0x08009e55   Thumb Code    52  cpuport.o(i.rt_hw_stack_init)
    rt_interrupt_enter                       0x08009e8d   Thumb Code    22  irq.o(i.rt_interrupt_enter)
    rt_interrupt_leave                       0x08009ea9   Thumb Code    22  irq.o(i.rt_interrupt_leave)
    rt_kprintf                               0x08009ec5   Thumb Code    28  kservice.o(i.rt_kprintf)
    rt_memmove                               0x08009f25   Thumb Code    50  kservice.o(i.rt_memmove)
    rt_memset                                0x08009f59   Thumb Code    70  kservice.o(i.rt_memset)
    rt_object_detach                         0x08009f9f   Thumb Code    36  object.o(i.rt_object_detach)
    rt_object_get_information                0x08009fc5   Thumb Code    30  object.o(i.rt_object_get_information)
    rt_object_init                           0x08009fe9   Thumb Code    82  object.o(i.rt_object_init)
    rt_object_is_systemobject                0x0800a03b   Thumb Code    14  object.o(i.rt_object_is_systemobject)
    rt_schedule                              0x0800a049   Thumb Code    76  scheduler.o(i.rt_schedule)
    rt_schedule_insert_thread                0x0800a0a1   Thumb Code    70  scheduler.o(i.rt_schedule_insert_thread)
    rt_schedule_remove_thread                0x0800a0f1   Thumb Code    64  scheduler.o(i.rt_schedule_remove_thread)
    rt_sem_init                              0x0800a139   Thumb Code    36  ipc.o(i.rt_sem_init)
    rt_show_version                          0x0800a15d   Thumb Code    40  kservice.o(i.rt_show_version)
    rt_strlen                                0x0800a20d   Thumb Code    16  kservice.o(i.rt_strlen)
    rt_strncpy                               0x0800a21d   Thumb Code    38  kservice.o(i.rt_strncpy)
    rt_system_scheduler_init                 0x0800a245   Thumb Code    44  scheduler.o(i.rt_system_scheduler_init)
    rt_system_scheduler_start                0x0800a279   Thumb Code    32  scheduler.o(i.rt_system_scheduler_start)
    rt_system_timer_init                     0x0800a2a1   Thumb Code     8  timer.o(i.rt_system_timer_init)
    rt_system_timer_thread_init              0x0800a2ad   Thumb Code     2  timer.o(i.rt_system_timer_thread_init)
    rt_thread_exit                           0x0800a2b1   Thumb Code    78  thread.o(i.rt_thread_exit)
    rt_thread_idle_excute                    0x0800a311   Thumb Code   102  idle.o(i.rt_thread_idle_excute)
    rt_thread_idle_init                      0x0800a37d   Thumb Code    40  idle.o(i.rt_thread_idle_init)
    rt_thread_init                           0x0800a3b5   Thumb Code    48  thread.o(i.rt_thread_init)
    rt_thread_mdelay                         0x0800a3e5   Thumb Code    14  thread.o(i.rt_thread_mdelay)
    rt_thread_resume                         0x0800a3f3   Thumb Code    60  thread.o(i.rt_thread_resume)
    rt_thread_self                           0x0800a431   Thumb Code     6  thread.o(i.rt_thread_self)
    rt_thread_sleep                          0x0800a43d   Thumb Code    60  thread.o(i.rt_thread_sleep)
    rt_thread_startup                        0x0800a47d   Thumb Code    40  thread.o(i.rt_thread_startup)
    rt_thread_suspend                        0x0800a4a9   Thumb Code    66  thread.o(i.rt_thread_suspend)
    rt_thread_timeout                        0x0800a4eb   Thumb Code    32  thread.o(i.rt_thread_timeout)
    rt_thread_yield                          0x0800a50d   Thumb Code    86  thread.o(i.rt_thread_yield)
    rt_tick_from_millisecond                 0x0800a56d   Thumb Code    50  clock.o(i.rt_tick_from_millisecond)
    rt_tick_get                              0x0800a5a1   Thumb Code     6  clock.o(i.rt_tick_get)
    rt_tick_increase                         0x0800a5ad   Thumb Code    38  clock.o(i.rt_tick_increase)
    rt_timer_check                           0x0800a5d9   Thumb Code    98  timer.o(i.rt_timer_check)
    rt_timer_control                         0x0800a641   Thumb Code    48  timer.o(i.rt_timer_control)
    rt_timer_detach                          0x0800a671   Thumb Code    32  timer.o(i.rt_timer_detach)
    rt_timer_init                            0x0800a691   Thumb Code    48  timer.o(i.rt_timer_init)
    rt_timer_start                           0x0800a6c1   Thumb Code   136  timer.o(i.rt_timer_start)
    rt_timer_stop                            0x0800a74d   Thumb Code    46  timer.o(i.rt_timer_stop)
    rt_vsnprintf                             0x0800a77d   Thumb Code   626  kservice.o(i.rt_vsnprintf)
    rtthread_startup                         0x0800aa09   Thumb Code    42  components.o(i.rtthread_startup)
    version                                  0x0800ab91   Thumb Code    10  cmd.o(i.version)
    AHBPrescTable                            0x0800ab9a   Data          16  system_stm32f1xx.o(.constdata)
    APBPrescTable                            0x0800abaa   Data           8  system_stm32f1xx.o(.constdata)
    __fsym_hello_name                        0x0800abb2   Data           6  cmd.o(.constdata)
    __fsym_version_name                      0x0800abb8   Data           8  cmd.o(.constdata)
    __fsym___cmd_version_name                0x0800abc0   Data          14  cmd.o(.constdata)
    __fsym_list_thread_name                  0x0800abce   Data          12  cmd.o(.constdata)
    __fsym___cmd_list_thread_name            0x0800abda   Data          18  cmd.o(.constdata)
    __fsym_list_sem_name                     0x0800abec   Data           9  cmd.o(.constdata)
    __fsym___cmd_list_sem_name               0x0800abf5   Data          15  cmd.o(.constdata)
    __fsym_list_mailbox_name                 0x0800ac04   Data          13  cmd.o(.constdata)
    __fsym___cmd_list_mailbox_name           0x0800ac11   Data          19  cmd.o(.constdata)
    __fsym_list_timer_name                   0x0800ac24   Data          11  cmd.o(.constdata)
    __fsym___cmd_list_timer_name             0x0800ac2f   Data          17  cmd.o(.constdata)
    __fsym_list_name                         0x0800ac40   Data           5  cmd.o(.constdata)
    __fsym___cmd_help_name                   0x0800ac45   Data          11  msh.o(.constdata)
    __fsym___cmd_ps_name                     0x0800ac50   Data           9  msh.o(.constdata)
    __lowest_bit_bitmap                      0x0800ac59   Data         256  kservice.o(.constdata)
    __rt_init_rti_start                      0x0800adc0   Data           4  components.o(.rti_fn.0)
    __rt_init_rti_board_start                0x0800adc4   Data           4  components.o(.rti_fn.0.end)
    __rt_init_uart_init                      0x0800adc8   Data           4  board.o(.rti_fn.1)
    __rt_init_rti_board_end                  0x0800adcc   Data           4  components.o(.rti_fn.1.end)
    __rt_init_finsh_system_init              0x0800add0   Data           4  shell.o(.rti_fn.6)
    __rt_init_rti_end                        0x0800add4   Data           4  components.o(.rti_fn.6.end)
    FSymTab$$Base                            0x0800add8   Number         0  cmd.o(FSymTab)
    __fsym_hello                             0x0800add8   Data           8  cmd.o(FSymTab)
    __fsym_version                           0x0800ade0   Data           8  cmd.o(FSymTab)
    __fsym___cmd_version                     0x0800ade8   Data           8  cmd.o(FSymTab)
    __fsym_list_thread                       0x0800adf0   Data           8  cmd.o(FSymTab)
    __fsym___cmd_list_thread                 0x0800adf8   Data           8  cmd.o(FSymTab)
    __fsym_list_sem                          0x0800ae00   Data           8  cmd.o(FSymTab)
    __fsym___cmd_list_sem                    0x0800ae08   Data           8  cmd.o(FSymTab)
    __fsym_list_mailbox                      0x0800ae10   Data           8  cmd.o(FSymTab)
    __fsym___cmd_list_mailbox                0x0800ae18   Data           8  cmd.o(FSymTab)
    __fsym_list_timer                        0x0800ae20   Data           8  cmd.o(FSymTab)
    __fsym___cmd_list_timer                  0x0800ae28   Data           8  cmd.o(FSymTab)
    __fsym_list                              0x0800ae30   Data           8  cmd.o(FSymTab)
    __fsym___cmd_help                        0x0800ae38   Data           8  msh.o(FSymTab)
    __fsym___cmd_ps                          0x0800ae40   Data           8  msh.o(FSymTab)
    FSymTab$$Limit                           0x0800ae48   Number         0  msh.o(FSymTab)
    Region$$Table$$Base                      0x0800ae48   Number         0  anon$$obj.o(Region$$Table)
    Region$$Table$$Limit                     0x0800ae68   Number         0  anon$$obj.o(Region$$Table)
    uwTickFreq                               0x20000000   Data           1  stm32f1xx_hal.o(.data)
    uwTickPrio                               0x20000004   Data           4  stm32f1xx_hal.o(.data)
    uwTick                                   0x20000008   Data           4  stm32f1xx_hal.o(.data)
    SystemCoreClock                          0x2000000c   Data           4  system_stm32f1xx.o(.data)
    _syscall_table_begin                     0x20000010   Data           4  shell.o(.data)
    _syscall_table_end                       0x20000014   Data           4  shell.o(.data)
    _sysvar_table_begin                      0x20000018   Data           4  shell.o(.data)
    _sysvar_table_end                        0x2000001c   Data           4  shell.o(.data)
    shell                                    0x20000024   Data           4  shell.o(.data)
    rt_interrupt_from_thread                 0x2000002c   Data           4  cpuport.o(.data)
    rt_interrupt_to_thread                   0x20000030   Data           4  cpuport.o(.data)
    rt_thread_switch_interrupt_flag          0x20000034   Data           4  cpuport.o(.data)
    rt_interrupt_nest                        0x2000003c   Data           1  irq.o(.data)
    rt_current_priority                      0x20000080   Data           1  scheduler.o(.data)
    rt_current_thread                        0x20000084   Data           4  scheduler.o(.data)
    rt_thread_ready_priority_group           0x20000088   Data           4  scheduler.o(.data)
    rt_thread_defunct                        0x2000008c   Data           8  scheduler.o(.data)
    _shell                                   0x2000059c   Data         120  shell.o(.bss)
    main_thread                              0x20000718   Data         120  components.o(.bss)
    rt_thread_priority_table                 0x20000908   Data          64  scheduler.o(.bss)
    __initial_sp                             0x20000d88   Data           0  startup_stm32f103xb.o(STACK)



==============================================================================

Memory Map of the image

  Image Entry point : 0x080080ed

  Load Region LR_IROM1 (Base: 0x08008000, Size: 0x00002f08, Max: 0x00019000, ABSOLUTE)

    Execution Region ER_IROM1 (Exec base: 0x08008000, Load base: 0x08008000, Size: 0x00002e68, Max: 0x00019000, ABSOLUTE)

    Exec Addr    Load Addr    Size         Type   Attr      Idx    E Section Name        Object

    0x08008000   0x08008000   0x000000ec   Data   RO          133    RESET               startup_stm32f103xb.o
    0x080080ec   0x080080ec   0x00000000   Code   RO         2642  * .ARM.Collect$$$$00000000  mc_w.l(entry.o)
    0x080080ec   0x080080ec   0x00000004   Code   RO         2663    .ARM.Collect$$$$00000001  mc_w.l(entry2.o)
    0x080080f0   0x080080f0   0x00000004   Code   RO         2666    .ARM.Collect$$$$00000004  mc_w.l(entry5.o)
    0x080080f4   0x080080f4   0x00000000   Code   RO         2668    .ARM.Collect$$$$00000008  mc_w.l(entry7b.o)
    0x080080f4   0x080080f4   0x00000000   Code   RO         2670    .ARM.Collect$$$$0000000A  mc_w.l(entry8b.o)
    0x080080f4   0x080080f4   0x00000008   Code   RO         2671    .ARM.Collect$$$$0000000B  mc_w.l(entry9a.o)
    0x080080fc   0x080080fc   0x00000000   Code   RO         2673    .ARM.Collect$$$$0000000D  mc_w.l(entry10a.o)
    0x080080fc   0x080080fc   0x00000000   Code   RO         2675    .ARM.Collect$$$$0000000F  mc_w.l(entry11a.o)
    0x080080fc   0x080080fc   0x00000004   Code   RO         2664    .ARM.Collect$$$$00002712  mc_w.l(entry2.o)
    0x08008100   0x08008100   0x00000024   Code   RO          134    .text               startup_stm32f103xb.o
    0x08008124   0x08008124   0x000000f4   Code   RO         1789    .text               context_rvds.o
    0x08008218   0x08008218   0x00000024   Code   RO         2647    .text               mc_w.l(memcpya.o)
    0x0800823c   0x0800823c   0x00000024   Code   RO         2649    .text               mc_w.l(memseta.o)
    0x08008260   0x08008260   0x00000018   Code   RO         2651    .text               mc_w.l(strcat.o)
    0x08008278   0x08008278   0x00000018   Code   RO         2653    .text               mc_w.l(strncpy.o)
    0x08008290   0x08008290   0x0000000e   Code   RO         2655    .text               mc_w.l(strlen.o)
    0x0800829e   0x0800829e   0x00000012   Code   RO         2657    .text               mc_w.l(strcpy.o)
    0x080082b0   0x080082b0   0x0000001e   Code   RO         2659    .text               mc_w.l(strncmp.o)
    0x080082ce   0x080082ce   0x00000002   PAD
    0x080082d0   0x080082d0   0x00000024   Code   RO         2677    .text               mc_w.l(init.o)
    0x080082f4   0x080082f4   0x0000000a   Code   RO         1893    i.$Sub$$main        components.o
    0x080082fe   0x080082fe   0x00000002   PAD
    0x08008300   0x08008300   0x000001e0   Code   RO          854    i.HAL_GPIO_Init     stm32f1xx_hal_gpio.o
    0x080084e0   0x080084e0   0x0000000a   Code   RO          858    i.HAL_GPIO_WritePin  stm32f1xx_hal_gpio.o
    0x080084ea   0x080084ea   0x00000002   PAD
    0x080084ec   0x080084ec   0x0000000c   Code   RO          550    i.HAL_GetTick       stm32f1xx_hal.o
    0x080084f8   0x080084f8   0x00000020   Code   RO          721    i.HAL_RCC_GetPCLK1Freq  stm32f1xx_hal_rcc.o
    0x08008518   0x08008518   0x00000020   Code   RO          722    i.HAL_RCC_GetPCLK2Freq  stm32f1xx_hal_rcc.o
    0x08008538   0x08008538   0x00000062   Code   RO          238    i.HAL_UART_Init     stm32f1xx_hal_uart.o
    0x0800859a   0x0800859a   0x00000002   PAD
    0x0800859c   0x0800859c   0x000000c8   Code   RO         2588    i.HAL_UART_MspInit  board.o
    0x08008664   0x08008664   0x000000ba   Code   RO          246    i.HAL_UART_Transmit  stm32f1xx_hal_uart.o
    0x0800871e   0x0800871e   0x00000012   Code   RO         2589    i.SysTick_Handler   board.o
    0x08008730   0x08008730   0x00000068   Code   RO         1514    i.SystemCoreClockUpdate  system_stm32f1xx.o
    0x08008798   0x08008798   0x0000004c   Code   RO         1515    i.SystemInit        system_stm32f1xx.o
    0x080087e4   0x080087e4   0x000000b8   Code   RO          264    i.UART_SetConfig    stm32f1xx_hal_uart.o
    0x0800889c   0x0800889c   0x00000064   Code   RO          266    i.UART_WaitOnFlagUntilTimeout  stm32f1xx_hal_uart.o
    0x08008900   0x08008900   0x00000044   Code   RO         2125    i.__rt_ffs          kservice.o
    0x08008944   0x08008944   0x0000000e   Code   RO         2681    i.__scatterload_copy  mc_w.l(handlers.o)
    0x08008952   0x08008952   0x00000002   Code   RO         2682    i.__scatterload_null  mc_w.l(handlers.o)
    0x08008954   0x08008954   0x0000000e   Code   RO         2683    i.__scatterload_zeroinit  mc_w.l(handlers.o)
    0x08008962   0x08008962   0x00000002   PAD
    0x08008964   0x08008964   0x00000014   Code   RO         1962    i._has_defunct_thread  idle.o
    0x08008978   0x08008978   0x0000009c   Code   RO         1661    i._msh_exec_cmd     msh.o
    0x08008a14   0x08008a14   0x00000080   Code   RO         2402    i._rt_thread_init   thread.o
    0x08008a94   0x08008a94   0x00000012   Code   RO         2510    i._rt_timer_remove  timer.o
    0x08008aa6   0x08008aa6   0x00000002   PAD
    0x08008aa8   0x08008aa8   0x000000e8   Code   RO         1793    i.bus_fault_track   cpuport.o
    0x08008b90   0x08008b90   0x0000000a   Code   RO         1662    i.cmd_ps            msh.o
    0x08008b9a   0x08008b9a   0x00000002   PAD
    0x08008b9c   0x08008b9c   0x00000060   Code   RO         1719    i.finsh_get_prompt  shell.o
    0x08008bfc   0x08008bfc   0x00000014   Code   RO         1722    i.finsh_set_prompt_mode  shell.o
    0x08008c10   0x08008c10   0x0000000c   Code   RO         1723    i.finsh_system_function_init  shell.o
    0x08008c1c   0x08008c1c   0x00000078   Code   RO         1724    i.finsh_system_init  shell.o
    0x08008c94   0x08008c94   0x0000028c   Code   RO         1726    i.finsh_thread_entry  shell.o
    0x08008f20   0x08008f20   0x00000078   Code   RO         1794    i.hard_fault_track  cpuport.o
    0x08008f98   0x08008f98   0x00000020   Code   RO         1549    i.hello             cmd.o
    0x08008fb8   0x08008fb8   0x00000054   Code   RO         1550    i.list              cmd.o
    0x0800900c   0x0800900c   0x00000024   Code   RO         1551    i.list_find_init    cmd.o
    0x08009030   0x08009030   0x00000066   Code   RO         1552    i.list_get_next     cmd.o
    0x08009096   0x08009096   0x00000002   PAD
    0x08009098   0x08009098   0x00000144   Code   RO         1553    i.list_mailbox      cmd.o
    0x080091dc   0x080091dc   0x0000011c   Code   RO         1554    i.list_sem          cmd.o
    0x080092f8   0x080092f8   0x000001b8   Code   RO         1555    i.list_thread       cmd.o
    0x080094b0   0x080094b0   0x00000140   Code   RO         1556    i.list_timer        cmd.o
    0x080095f0   0x080095f0   0x00000070   Code   RO            4    i.main              main.o
    0x08009660   0x08009660   0x0000000e   Code   RO         1894    i.main_thread_entry  components.o
    0x0800966e   0x0800966e   0x00000002   PAD
    0x08009670   0x08009670   0x000000d8   Code   RO         1795    i.mem_manage_fault_track  cpuport.o
    0x08009748   0x08009748   0x000000ac   Code   RO         1663    i.msh_auto_complete  msh.o
    0x080097f4   0x080097f4   0x00000064   Code   RO         1664    i.msh_exec          msh.o
    0x08009858   0x08009858   0x0000006c   Code   RO         1665    i.msh_help          msh.o
    0x080098c4   0x080098c4   0x00000004   Code   RO         1666    i.msh_is_used       msh.o
    0x080098c8   0x080098c8   0x000000d0   Code   RO         1667    i.msh_split         msh.o
    0x08009998   0x08009998   0x00000018   Code   RO         1557    i.object_split      cmd.o
    0x080099b0   0x080099b0   0x00000130   Code   RO         2127    i.print_number      kservice.o
    0x08009ae0   0x08009ae0   0x0000003c   Code   RO         1895    i.rt_application_init  components.o
    0x08009b1c   0x08009b1c   0x0000001c   Code   RO         1896    i.rt_components_board_init  components.o
    0x08009b38   0x08009b38   0x0000001c   Code   RO         1897    i.rt_components_init  components.o
    0x08009b54   0x08009b54   0x0000001c   Code   RO         2341    i.rt_enter_critical  scheduler.o
    0x08009b70   0x08009b70   0x00000038   Code   RO         2342    i.rt_exit_critical  scheduler.o
    0x08009ba8   0x08009ba8   0x00000040   Code   RO         2590    i.rt_hw_board_init  board.o
    0x08009be8   0x08009be8   0x00000028   Code   RO         2591    i.rt_hw_console_getchar  board.o
    0x08009c10   0x08009c10   0x00000048   Code   RO         2592    i.rt_hw_console_output  board.o
    0x08009c58   0x08009c58   0x000001fc   Code   RO         1799    i.rt_hw_hard_fault_exception  cpuport.o
    0x08009e54   0x08009e54   0x00000038   Code   RO         1800    i.rt_hw_stack_init  cpuport.o
    0x08009e8c   0x08009e8c   0x0000001c   Code   RO         2098    i.rt_interrupt_enter  irq.o
    0x08009ea8   0x08009ea8   0x0000001c   Code   RO         2100    i.rt_interrupt_leave  irq.o
    0x08009ec4   0x08009ec4   0x00000020   Code   RO         2130    i.rt_kprintf        kservice.o
    0x08009ee4   0x08009ee4   0x0000000e   Code   RO         2403    i.rt_list_insert_after  thread.o
    0x08009ef2   0x08009ef2   0x0000000e   Code   RO         2511    i.rt_list_insert_after  timer.o
    0x08009f00   0x08009f00   0x00000012   Code   RO         1558    i.rt_list_len       cmd.o
    0x08009f12   0x08009f12   0x00000012   Code   RO         2404    i.rt_list_remove    thread.o
    0x08009f24   0x08009f24   0x00000032   Code   RO         2134    i.rt_memmove        kservice.o
    0x08009f56   0x08009f56   0x00000002   PAD
    0x08009f58   0x08009f58   0x00000046   Code   RO         2135    i.rt_memset         kservice.o
    0x08009f9e   0x08009f9e   0x00000024   Code   RO         2287    i.rt_object_detach  object.o
    0x08009fc2   0x08009fc2   0x00000002   PAD
    0x08009fc4   0x08009fc4   0x00000024   Code   RO         2289    i.rt_object_get_information  object.o
    0x08009fe8   0x08009fe8   0x00000052   Code   RO         2291    i.rt_object_init    object.o
    0x0800a03a   0x0800a03a   0x0000000e   Code   RO         2292    i.rt_object_is_systemobject  object.o
    0x0800a048   0x0800a048   0x00000058   Code   RO         2343    i.rt_schedule       scheduler.o
    0x0800a0a0   0x0800a0a0   0x00000050   Code   RO         2344    i.rt_schedule_insert_thread  scheduler.o
    0x0800a0f0   0x0800a0f0   0x00000048   Code   RO         2345    i.rt_schedule_remove_thread  scheduler.o
    0x0800a138   0x0800a138   0x00000024   Code   RO         2013    i.rt_sem_init       ipc.o
    0x0800a15c   0x0800a15c   0x000000b0   Code   RO         2137    i.rt_show_version   kservice.o
    0x0800a20c   0x0800a20c   0x00000010   Code   RO         2142    i.rt_strlen         kservice.o
    0x0800a21c   0x0800a21c   0x00000026   Code   RO         2144    i.rt_strncpy        kservice.o
    0x0800a242   0x0800a242   0x00000002   PAD
    0x0800a244   0x0800a244   0x00000034   Code   RO         2346    i.rt_system_scheduler_init  scheduler.o
    0x0800a278   0x0800a278   0x00000028   Code   RO         2347    i.rt_system_scheduler_start  scheduler.o
    0x0800a2a0   0x0800a2a0   0x0000000c   Code   RO         2512    i.rt_system_timer_init  timer.o
    0x0800a2ac   0x0800a2ac   0x00000002   Code   RO         2513    i.rt_system_timer_thread_init  timer.o
    0x0800a2ae   0x0800a2ae   0x00000002   PAD
    0x0800a2b0   0x0800a2b0   0x00000058   Code   RO         2408    i.rt_thread_exit    thread.o
    0x0800a308   0x0800a308   0x00000006   Code   RO         1963    i.rt_thread_idle_entry  idle.o
    0x0800a30e   0x0800a30e   0x00000002   PAD
    0x0800a310   0x0800a310   0x0000006c   Code   RO         1964    i.rt_thread_idle_excute  idle.o
    0x0800a37c   0x0800a37c   0x00000038   Code   RO         1966    i.rt_thread_idle_init  idle.o
    0x0800a3b4   0x0800a3b4   0x00000030   Code   RO         2410    i.rt_thread_init    thread.o
    0x0800a3e4   0x0800a3e4   0x0000000e   Code   RO         2411    i.rt_thread_mdelay  thread.o
    0x0800a3f2   0x0800a3f2   0x0000003c   Code   RO         2412    i.rt_thread_resume  thread.o
    0x0800a42e   0x0800a42e   0x00000002   PAD
    0x0800a430   0x0800a430   0x0000000c   Code   RO         2413    i.rt_thread_self    thread.o
    0x0800a43c   0x0800a43c   0x00000040   Code   RO         2414    i.rt_thread_sleep   thread.o
    0x0800a47c   0x0800a47c   0x0000002c   Code   RO         2415    i.rt_thread_startup  thread.o
    0x0800a4a8   0x0800a4a8   0x00000042   Code   RO         2416    i.rt_thread_suspend  thread.o
    0x0800a4ea   0x0800a4ea   0x00000020   Code   RO         2417    i.rt_thread_timeout  thread.o
    0x0800a50a   0x0800a50a   0x00000002   PAD
    0x0800a50c   0x0800a50c   0x00000060   Code   RO         2418    i.rt_thread_yield   thread.o
    0x0800a56c   0x0800a56c   0x00000032   Code   RO         1856    i.rt_tick_from_millisecond  clock.o
    0x0800a59e   0x0800a59e   0x00000002   PAD
    0x0800a5a0   0x0800a5a0   0x0000000c   Code   RO         1857    i.rt_tick_get       clock.o
    0x0800a5ac   0x0800a5ac   0x0000002c   Code   RO         1858    i.rt_tick_increase  clock.o
    0x0800a5d8   0x0800a5d8   0x00000068   Code   RO         2514    i.rt_timer_check    timer.o
    0x0800a640   0x0800a640   0x00000030   Code   RO         2515    i.rt_timer_control  timer.o
    0x0800a670   0x0800a670   0x00000020   Code   RO         2516    i.rt_timer_detach   timer.o
    0x0800a690   0x0800a690   0x00000030   Code   RO         2517    i.rt_timer_init     timer.o
    0x0800a6c0   0x0800a6c0   0x0000008c   Code   RO         2519    i.rt_timer_start    timer.o
    0x0800a74c   0x0800a74c   0x0000002e   Code   RO         2520    i.rt_timer_stop     timer.o
    0x0800a77a   0x0800a77a   0x00000002   PAD
    0x0800a77c   0x0800a77c   0x0000027c   Code   RO         2147    i.rt_vsnprintf      kservice.o
    0x0800a9f8   0x0800a9f8   0x00000004   Code   RO         1898    i.rti_board_end     components.o
    0x0800a9fc   0x0800a9fc   0x00000004   Code   RO         1899    i.rti_board_start   components.o
    0x0800aa00   0x0800aa00   0x00000004   Code   RO         1900    i.rti_end           components.o
    0x0800aa04   0x0800aa04   0x00000004   Code   RO         1901    i.rti_start         components.o
    0x0800aa08   0x0800aa08   0x0000002a   Code   RO         1902    i.rtthread_startup  components.o
    0x0800aa32   0x0800aa32   0x00000002   PAD
    0x0800aa34   0x0800aa34   0x00000030   Code   RO         1559    i.show_wait_queue   cmd.o
    0x0800aa64   0x0800aa64   0x00000028   Code   RO         2149    i.skip_atoi         kservice.o
    0x0800aa8c   0x0800aa8c   0x00000034   Code   RO         2593    i.uart_init         board.o
    0x0800aac0   0x0800aac0   0x000000d0   Code   RO         1801    i.usage_fault_track  cpuport.o
    0x0800ab90   0x0800ab90   0x0000000a   Code   RO         1560    i.version           cmd.o
    0x0800ab9a   0x0800ab9a   0x00000010   Data   RO         1516    .constdata          system_stm32f1xx.o
    0x0800abaa   0x0800abaa   0x00000008   Data   RO         1517    .constdata          system_stm32f1xx.o
    0x0800abb2   0x0800abb2   0x00000006   Data   RO         1561    .constdata          cmd.o
    0x0800abb8   0x0800abb8   0x00000008   Data   RO         1562    .constdata          cmd.o
    0x0800abc0   0x0800abc0   0x0000000e   Data   RO         1563    .constdata          cmd.o
    0x0800abce   0x0800abce   0x0000000c   Data   RO         1564    .constdata          cmd.o
    0x0800abda   0x0800abda   0x00000012   Data   RO         1565    .constdata          cmd.o
    0x0800abec   0x0800abec   0x00000009   Data   RO         1566    .constdata          cmd.o
    0x0800abf5   0x0800abf5   0x0000000f   Data   RO         1567    .constdata          cmd.o
    0x0800ac04   0x0800ac04   0x0000000d   Data   RO         1568    .constdata          cmd.o
    0x0800ac11   0x0800ac11   0x00000013   Data   RO         1569    .constdata          cmd.o
    0x0800ac24   0x0800ac24   0x0000000b   Data   RO         1570    .constdata          cmd.o
    0x0800ac2f   0x0800ac2f   0x00000011   Data   RO         1571    .constdata          cmd.o
    0x0800ac40   0x0800ac40   0x00000005   Data   RO         1572    .constdata          cmd.o
    0x0800ac45   0x0800ac45   0x0000000b   Data   RO         1668    .constdata          msh.o
    0x0800ac50   0x0800ac50   0x00000009   Data   RO         1669    .constdata          msh.o
    0x0800ac59   0x0800ac59   0x00000122   Data   RO         2151    .constdata          kservice.o
    0x0800ad7b   0x0800ad7b   0x00000001   PAD
    0x0800ad7c   0x0800ad7c   0x00000044   Data   RO         1573    .conststring        cmd.o
    0x0800adc0   0x0800adc0   0x00000004   Data   RO         1904    .rti_fn.0           components.o
    0x0800adc4   0x0800adc4   0x00000004   Data   RO         1905    .rti_fn.0.end       components.o
    0x0800adc8   0x0800adc8   0x00000004   Data   RO         2595    .rti_fn.1           board.o
    0x0800adcc   0x0800adcc   0x00000004   Data   RO         1906    .rti_fn.1.end       components.o
    0x0800add0   0x0800add0   0x00000004   Data   RO         1729    .rti_fn.6           shell.o
    0x0800add4   0x0800add4   0x00000004   Data   RO         1907    .rti_fn.6.end       components.o
    0x0800add8   0x0800add8   0x00000060   Data   RO         1574    FSymTab             cmd.o
    0x0800ae38   0x0800ae38   0x00000010   Data   RO         1670    FSymTab             msh.o
    0x0800ae48   0x0800ae48   0x00000020   Data   RO         2679    Region$$Table       anon$$obj.o


    Execution Region RW_IRAM1 (Exec base: 0x20000000, Load base: 0x0800ae68, Size: 0x00000d88, Max: 0x0000c000, ABSOLUTE)

    Exec Addr    Load Addr    Size         Type   Attr      Idx    E Section Name        Object

    0x20000000   0x0800ae68   0x0000000c   Data   RW          564    .data               stm32f1xx_hal.o
    0x2000000c   0x0800ae74   0x00000004   Data   RW         1518    .data               system_stm32f1xx.o
    0x20000010   0x0800ae78   0x00000018   Data   RW         1728    .data               shell.o
    0x20000028   0x0800ae90   0x00000004   Data   RW         1802    .data               cpuport.o
    0x2000002c   0x0800ae94   0x00000004   Data   RW         1803    .data               cpuport.o
    0x20000030   0x0800ae98   0x00000004   Data   RW         1804    .data               cpuport.o
    0x20000034   0x0800ae9c   0x00000004   Data   RW         1805    .data               cpuport.o
    0x20000038   0x0800aea0   0x00000004   Data   RW         1860    .data               clock.o
    0x2000003c   0x0800aea4   0x00000001   Data   RW         2101    .data               irq.o
    0x2000003d   0x0800aea5   0x00000003   PAD
    0x20000040   0x0800aea8   0x00000040   Data   RW         2294    .data               object.o
    0x20000080   0x0800aee8   0x00000014   Data   RW         2349    .data               scheduler.o
    0x20000094   0x0800aefc   0x0000000c   Data   RW         2521    .data               timer.o
    0x200000a0        -       0x00000574   Zero   RW         1727    .bss                shell.o
    0x20000614   0x0800af08   0x00000004   PAD
    0x20000618        -       0x00000178   Zero   RW         1903    .bss                components.o
    0x20000790        -       0x000000f8   Zero   RW         1967    .bss                idle.o
    0x20000888        -       0x00000080   Zero   RW         2150    .bss                kservice.o
    0x20000908        -       0x00000040   Zero   RW         2348    .bss                scheduler.o
    0x20000948        -       0x00000040   Zero   RW         2594    .bss                board.o
    0x20000988        -       0x00000400   Zero   RW          131    STACK               startup_stm32f103xb.o


==============================================================================

Image component sizes


      Code (inc. data)   RO Data    RW Data    ZI Data      Debug   Object Name

       446         48          4          0         64       4593   board.o
       106         12          0          4          0       1752   clock.o
      1722        642        311          0          0      13910   cmd.o
       198         34         16          0        376       5812   components.o
       244         26          0          0          0        860   context_rvds.o
      1340        718          0         16          0       5554   cpuport.o
       190         26          0          0        248       5498   idle.o
        36          0          0          0          0       3978   ipc.o
        56         12          0          1          0       1566   irq.o
      1430        160        290          0        128      10797   kservice.o
       112          8          0          0          0     399873   main.o
       758        152         36          0          0       7481   msh.o
       168          6          0         64          0       6184   object.o
       416         56          0         20         64       8074   scheduler.o
       900        116          4         24       1396       9191   shell.o
        36          8        236          0       1024        900   startup_stm32f103xb.o
        12          6          0         12          0       3657   stm32f1xx_hal.o
       490         34          0          0          0       2916   stm32f1xx_hal_gpio.o
        64         24          0          0          0       1784   stm32f1xx_hal_rcc.o
       568          6          0          0          0       3972   stm32f1xx_hal_uart.o
       180         42         24          4          0       2143   system_stm32f1xx.o
       684         44          0          0          0      10846   thread.o
       464         14          0         12          0       9512   timer.o

    ----------------------------------------------------------------------
     10654       2194        954        160       3304     520853   Object Totals
         0          0         32          0          0          0   (incl. Generated)
        34          0          1          3          4          0   (incl. Padding)

    ----------------------------------------------------------------------

      Code (inc. data)   RO Data    RW Data    ZI Data      Debug   Library Member Name

         0          0          0          0          0          0   entry.o
         0          0          0          0          0          0   entry10a.o
         0          0          0          0          0          0   entry11a.o
         8          4          0          0          0          0   entry2.o
         4          0          0          0          0          0   entry5.o
         0          0          0          0          0          0   entry7b.o
         0          0          0          0          0          0   entry8b.o
         8          4          0          0          0          0   entry9a.o
        30          0          0          0          0          0   handlers.o
        36          8          0          0          0         68   init.o
        36          0          0          0          0         68   memcpya.o
        36          0          0          0          0        108   memseta.o
        24          0          0          0          0         68   strcat.o
        18          0          0          0          0         68   strcpy.o
        14          0          0          0          0         68   strlen.o
        30          0          0          0          0         80   strncmp.o
        24          0          0          0          0         76   strncpy.o

    ----------------------------------------------------------------------
       272         16          0          0          0        604   Library Totals
         4          0          0          0          0          0   (incl. Padding)

    ----------------------------------------------------------------------

      Code (inc. data)   RO Data    RW Data    ZI Data      Debug   Library Name

       268         16          0          0          0        604   mc_w.l

    ----------------------------------------------------------------------
       272         16          0          0          0        604   Library Totals

    ----------------------------------------------------------------------

==============================================================================


      Code (inc. data)   RO Data    RW Data    ZI Data      Debug   

     10926       2210        954        160       3304     515629   Grand Totals
     10926       2210        954        160       3304     515629   ELF Image Totals
     10926       2210        954        160          0          0   ROM Totals

==============================================================================

    Total RO  Size (Code + RO Data)                11880 (  11.60kB)
    Total RW  Size (RW Data + ZI Data)              3464 (   3.38kB)
    Total ROM Size (Code + RO Data + RW Data)      12040 (  11.76kB)

==============================================================================

