Component: ARM Compiler 5.06 update 6 (build 750) Tool: armlink [4d35ed]

==============================================================================

Section Cross References

    main.o(i.main) refers to pin.o(i.rt_pin_mode) for rt_pin_mode
    main.o(i.main) refers to my_iap.o(i.iap_thread_init) for iap_thread_init
    main.o(i.main) refers to pin.o(i.rt_pin_write) for rt_pin_write
    main.o(i.main) refers to thread.o(i.rt_thread_mdelay) for rt_thread_mdelay
    my_flash.o(i.iap_re_write_user_code) refers to stm32f1xx_hal_flash.o(i.HAL_FLASH_Unlock) for HAL_FLASH_Unlock
    my_flash.o(i.iap_re_write_user_code) refers to stm32f1xx_hal_flash_ex.o(i.HAL_FLASHEx_Erase) for HAL_FLASHEx_Erase
    my_flash.o(i.iap_re_write_user_code) refers to my_flash.o(i.my_read_from_flash) for my_read_from_flash
    my_flash.o(i.iap_re_write_user_code) refers to my_flash.o(i.my_write_to_flash) for my_write_to_flash
    my_flash.o(i.iap_re_write_user_code) refers to stm32f1xx_hal_flash.o(i.HAL_FLASH_Lock) for HAL_FLASH_Lock
    my_flash.o(i.iap_re_write_user_code) refers to my_iap.o(.bss) for MyIapMap
    my_flash.o(i.iap_re_write_user_code) refers to my_flash.o(.bss) for my_buffer
    my_flash.o(i.my_erase_pages) refers to my_flash.o(i.my_calculate_page_num) for my_calculate_page_num
    my_flash.o(i.my_erase_pages) refers to stm32f1xx_hal_flash.o(i.HAL_FLASH_Unlock) for HAL_FLASH_Unlock
    my_flash.o(i.my_erase_pages) refers to stm32f1xx_hal_flash_ex.o(i.HAL_FLASHEx_Erase) for HAL_FLASHEx_Erase
    my_flash.o(i.my_erase_pages) refers to stm32f1xx_hal_flash.o(i.HAL_FLASH_Lock) for HAL_FLASH_Lock
    my_flash.o(i.my_erase_write_to_flash) refers to my_flash.o(i.my_erase_pages) for my_erase_pages
    my_flash.o(i.my_erase_write_to_flash) refers to stm32f1xx_hal_flash.o(i.HAL_FLASH_Unlock) for HAL_FLASH_Unlock
    my_flash.o(i.my_erase_write_to_flash) refers to stm32f1xx_hal_flash.o(i.HAL_FLASH_Program) for HAL_FLASH_Program
    my_flash.o(i.my_erase_write_to_flash) refers to stm32f1xx_hal_flash.o(i.HAL_FLASH_Lock) for HAL_FLASH_Lock
    my_flash.o(i.my_read_erase_write_to_flash) refers to my_flash.o(i.my_erase_pages) for my_erase_pages
    my_flash.o(i.my_read_erase_write_to_flash) refers to stm32f1xx_hal_flash.o(i.HAL_FLASH_Unlock) for HAL_FLASH_Unlock
    my_flash.o(i.my_read_erase_write_to_flash) refers to stm32f1xx_hal_flash.o(i.HAL_FLASH_Program) for HAL_FLASH_Program
    my_flash.o(i.my_read_erase_write_to_flash) refers to stm32f1xx_hal_flash.o(i.HAL_FLASH_Lock) for HAL_FLASH_Lock
    my_flash.o(i.my_write_to_flash) refers to stm32f1xx_hal_flash.o(i.HAL_FLASH_Unlock) for HAL_FLASH_Unlock
    my_flash.o(i.my_write_to_flash) refers to stm32f1xx_hal_flash.o(i.HAL_FLASH_Program) for HAL_FLASH_Program
    my_flash.o(i.my_write_to_flash) refers to stm32f1xx_hal_flash.o(i.HAL_FLASH_Lock) for HAL_FLASH_Lock
    my_iap.o(i.Iap_Map_Init) refers to my_iap.o(.bss) for MyIapMap
    my_iap.o(i.LedRun) refers to clock.o(i.rt_tick_get) for rt_tick_get
    my_iap.o(i.LedRun) refers to stm32f1xx_hal_gpio.o(i.HAL_GPIO_WritePin) for HAL_GPIO_WritePin
    my_iap.o(i.LedRun) refers to my_iap.o(.data) for Led_status
    my_iap.o(i.MX_GPIO_Init) refers to stm32f1xx_hal_gpio.o(i.HAL_GPIO_Init) for HAL_GPIO_Init
    my_iap.o(i.MX_GPIO_Init) refers to stm32f1xx_hal_gpio.o(i.HAL_GPIO_WritePin) for HAL_GPIO_WritePin
    my_iap.o(i.dev_iap_uart_func) refers to device.o(i.rt_device_read) for rt_device_read
    my_iap.o(i.dev_iap_uart_func) refers to thread.o(i.rt_thread_mdelay) for rt_thread_mdelay
    my_iap.o(i.dev_iap_uart_func) refers to my_iap.o(.data) for rxcnt
    my_iap.o(i.iap_jump_to_user_app) refers to context_rvds.o(.text) for rt_hw_interrupt_disable
    my_iap.o(i.iap_jump_to_user_app) refers to my_iap.o(.bss) for MyIapMap
    my_iap.o(i.iap_jump_to_user_app) refers to my_iap.o(.data) for JumpAddress
    my_iap.o(i.iap_main_entry) refers to device.o(i.rt_device_find) for rt_device_find
    my_iap.o(i.iap_main_entry) refers to device.o(i.rt_device_open) for rt_device_open
    my_iap.o(i.iap_main_entry) refers to device.o(i.rt_device_set_rx_indicate) for rt_device_set_rx_indicate
    my_iap.o(i.iap_main_entry) refers to thread.o(i.rt_thread_mdelay) for rt_thread_mdelay
    my_iap.o(i.iap_main_entry) refers to my_flash.o(i.my_read_from_flash) for my_read_from_flash
    my_iap.o(i.iap_main_entry) refers to my_flash.o(i.iap_re_write_user_code) for iap_re_write_user_code
    my_iap.o(i.iap_main_entry) refers to my_flash.o(i.my_erase_write_to_flash) for my_erase_write_to_flash
    my_iap.o(i.iap_main_entry) refers to my_iap.o(i.iap_jump_to_user_app) for iap_jump_to_user_app
    my_iap.o(i.iap_main_entry) refers to my_iap.o(i.dev_iap_uart_func) for dev_iap_uart_func
    my_iap.o(i.iap_main_entry) refers to my_iap.o(.data) for Led_status
    my_iap.o(i.iap_main_entry) refers to my_iap.o(.bss) for MyIapMap
    my_iap.o(i.iap_thread_init) refers to my_iap.o(i.Iap_Map_Init) for Iap_Map_Init
[...]
    i.rt_list_isempty                        0x08002eb4   Section        0  ipc.o(i.rt_list_isempty)
    rt_list_isempty                          0x08002eb5   Thumb Code    16  ipc.o(i.rt_list_isempty)
    i.rt_list_isempty                        0x08002ec4   Section        0  timer.o(i.rt_list_isempty)
    rt_list_isempty                          0x08002ec5   Thumb Code    16  timer.o(i.rt_list_isempty)
    i.rt_list_remove                         0x08002ed4   Section        0  object.o(i.rt_list_remove)
    rt_list_remove                           0x08002ed5   Thumb Code    18  object.o(i.rt_list_remove)
    i.rt_list_remove                         0x08002ee6   Section        0  thread.o(i.rt_list_remove)
    rt_list_remove                           0x08002ee7   Thumb Code    18  thread.o(i.rt_list_remove)
    i.rt_malloc                              0x08002ef8   Section        0  mem.o(i.rt_malloc)
    i.rt_memset                              0x08003064   Section        0  kservice.o(i.rt_memset)
    i.rt_object_allocate                     0x080030ac   Section        0  object.o(i.rt_object_allocate)
    i.rt_object_delete                       0x08003100   Section        0  object.o(i.rt_object_delete)
    i.rt_object_detach                       0x08003124   Section        0  object.o(i.rt_object_detach)
    i.rt_object_get_information              0x08003144   Section        0  object.o(i.rt_object_get_information)
    i.rt_object_init                         0x0800316c   Section        0  object.o(i.rt_object_init)
    i.rt_object_is_systemobject              0x080031c2   Section        0  object.o(i.rt_object_is_systemobject)
    i.rt_pin_mode                            0x080031d4   Section        0  pin.o(i.rt_pin_mode)
    i.rt_pin_write                           0x080031f0   Section        0  pin.o(i.rt_pin_write)
    i.rt_schedule                            0x0800320c   Section        0  scheduler.o(i.rt_schedule)
    i.rt_schedule_insert_thread              0x08003328   Section        0  scheduler.o(i.rt_schedule_insert_thread)
    i.rt_schedule_remove_thread              0x08003398   Section        0  scheduler.o(i.rt_schedule_remove_thread)
    i.rt_sem_init                            0x080033ec   Section        0  ipc.o(i.rt_sem_init)
    i.rt_sem_release                         0x08003412   Section        0  ipc.o(i.rt_sem_release)
    i.rt_sem_take                            0x0800344c   Section        0  ipc.o(i.rt_sem_take)
    i.rt_serial_close                        0x080034c0   Section        0  serial.o(i.rt_serial_close)
    rt_serial_close                          0x080034c1   Thumb Code   108  serial.o(i.rt_serial_close)
    i.rt_serial_control                      0x0800352c   Section        0  serial.o(i.rt_serial_control)
    rt_serial_control                        0x0800352d   Thumb Code   130  serial.o(i.rt_serial_control)
    i.rt_serial_init                         0x080035ae   Section        0  serial.o(i.rt_serial_init)
    rt_serial_init                           0x080035af   Thumb Code    38  serial.o(i.rt_serial_init)
    i.rt_serial_open                         0x080035d4   Section        0  serial.o(i.rt_serial_open)
    rt_serial_open                           0x080035d5   Thumb Code   300  serial.o(i.rt_serial_open)
    i.rt_serial_read                         0x08003700   Section        0  serial.o(i.rt_serial_read)
    rt_serial_read                           0x08003701   Thumb Code    98  serial.o(i.rt_serial_read)
    i.rt_serial_write                        0x08003762   Section        0  serial.o(i.rt_serial_write)
    rt_serial_write                          0x08003763   Thumb Code   154  serial.o(i.rt_serial_write)
    i.rt_set_errno                           0x080037fc   Section        0  kservice.o(i.rt_set_errno)
    i.rt_show_version                        0x08003824   Section        0  kservice.o(i.rt_show_version)
    i.rt_sprintf                             0x08003826   Section        0  kservice.o(i.rt_sprintf)
    i.rt_strlen                              0x08003848   Section        0  kservice.o(i.rt_strlen)
    i.rt_strncmp                             0x0800385a   Section        0  kservice.o(i.rt_strncmp)
    i.rt_strncpy                             0x08003882   Section        0  kservice.o(i.rt_strncpy)
    i.rt_system_heap_init                    0x080038b8   Section        0  mem.o(i.rt_system_heap_init)
    i.rt_system_scheduler_init               0x08003968   Section        0  scheduler.o(i.rt_system_scheduler_init)
    i.rt_system_scheduler_start              0x080039a4   Section        0  scheduler.o(i.rt_system_scheduler_start)
    i.rt_system_timer_init                   0x080039cc   Section        0  timer.o(i.rt_system_timer_init)
    i.rt_system_timer_thread_init            0x080039e8   Section        0  timer.o(i.rt_system_timer_thread_init)
    i.rt_thread_create                       0x080039ea   Section        0  thread.o(i.rt_thread_create)
    i.rt_thread_exit                         0x08003a3c   Section        0  thread.o(i.rt_thread_exit)
    i.rt_thread_idle_entry                   0x08003a90   Section        0  idle.o(i.rt_thread_idle_entry)
    rt_thread_idle_entry                     0x08003a91   Thumb Code     8  idle.o(i.rt_thread_idle_entry)
    i.rt_thread_idle_excute                  0x08003a98   Section        0  idle.o(i.rt_thread_idle_excute)
    i.rt_thread_idle_init                    0x08003b24   Section        0  idle.o(i.rt_thread_idle_init)
    i.rt_thread_init                         0x08003b84   Section        0  thread.o(i.rt_thread_init)
    i.rt_thread_mdelay                       0x08003bb8   Section        0  thread.o(i.rt_thread_mdelay)
    i.rt_thread_resume                       0x08003bcc   Section        0  thread.o(i.rt_thread_resume)
    i.rt_thread_self                         0x08003c08   Section        0  thread.o(i.rt_thread_self)
    i.rt_thread_sleep                        0x08003c14   Section        0  thread.o(i.rt_thread_sleep)
    i.rt_thread_startup                      0x08003c54   Section        0  thread.o(i.rt_thread_startup)
    i.rt_thread_suspend                      0x08003c80   Section        0  thread.o(i.rt_thread_suspend)
    i.rt_thread_timeout                      0x08003cc8   Section        0  thread.o(i.rt_thread_timeout)
    i.rt_thread_yield                        0x08003ce8   Section        0  thread.o(i.rt_thread_yield)
    i.rt_tick_from_millisecond               0x08003cf2   Section        0  clock.o(i.rt_tick_from_millisecond)
    i.rt_tick_get                            0x08003d2c   Section        0  clock.o(i.rt_tick_get)
    i.rt_tick_increase                       0x08003d38   Section        0  clock.o(i.rt_tick_increase)
    i.rt_timer_check                         0x08003d74   Section        0  timer.o(i.rt_timer_check)
    i.rt_timer_control                       0x08003df0   Section        0  timer.o(i.rt_timer_control)
    i.rt_timer_detach                        0x08003e28   Section        0  timer.o(i.rt_timer_detach)
    i.rt_timer_init                          0x08003e48   Section        0  timer.o(i.rt_timer_init)
    i.rt_timer_start                         0x08003e78   Section        0  timer.o(i.rt_timer_start)
    i.rt_timer_stop                          0x08003f70   Section        0  timer.o(i.rt_timer_stop)
    i.rt_vsnprintf                           0x08003fa0   Section        0  kservice.o(i.rt_vsnprintf)
    i.rt_vsprintf                            0x080042d0   Section        0  kservice.o(i.rt_vsprintf)
    i.rti_board_end                          0x080042e6   Section        0  components.o(i.rti_board_end)
    rti_board_end                            0x080042e7   Thumb Code     4  components.o(i.rti_board_end)
    i.rti_board_start                        0x080042ea   Section        0  components.o(i.rti_board_start)
    rti_board_start                          0x080042eb   Thumb Code     4  components.o(i.rti_board_start)
    i.rti_end                                0x080042ee   Section        0  components.o(i.rti_end)
    rti_end                                  0x080042ef   Thumb Code     4  components.o(i.rti_end)
    i.rti_start                              0x080042f2   Section        0  components.o(i.rti_start)
    rti_start                                0x080042f3   Thumb Code     4  components.o(i.rti_start)
    i.rtthread_startup                       0x080042f6   Section        0  components.o(i.rtthread_startup)
    i.skip_atoi                              0x08004320   Section        0  kservice.o(i.skip_atoi)
    skip_atoi                                0x08004321   Thumb Code    38  kservice.o(i.skip_atoi)
    i.stm32_configure                        0x08004346   Section        0  drv_usart.o(i.stm32_configure)
    stm32_configure                          0x08004347   Thumb Code   172  drv_usart.o(i.stm32_configure)
    i.stm32_control                          0x080043f4   Section        0  drv_usart.o(i.stm32_control)
    stm32_control                            0x080043f5   Thumb Code   144  drv_usart.o(i.stm32_control)
    i.stm32_dma_transmit                     0x08004488   Section        0  drv_usart.o(i.stm32_dma_transmit)
    stm32_dma_transmit                       0x08004489   Thumb Code    52  drv_usart.o(i.stm32_dma_transmit)
    i.stm32_getc                             0x080044bc   Section        0  drv_usart.o(i.stm32_getc)
    stm32_getc                               0x080044bd   Thumb Code    28  drv_usart.o(i.stm32_getc)
    i.stm32_pin_attach_irq                   0x080044d8   Section        0  drv_gpio.o(i.stm32_pin_attach_irq)
    stm32_pin_attach_irq                     0x080044d9   Thumb Code   216  drv_gpio.o(i.stm32_pin_attach_irq)
    i.stm32_pin_dettach_irq                  0x080045b4   Section        0  drv_gpio.o(i.stm32_pin_dettach_irq)
    stm32_pin_dettach_irq                    0x080045b5   Thumb Code   134  drv_gpio.o(i.stm32_pin_dettach_irq)
    i.stm32_pin_irq_enable                   0x08004640   Section        0  drv_gpio.o(i.stm32_pin_irq_enable)
    stm32_pin_irq_enable                     0x08004641   Thumb Code   372  drv_gpio.o(i.stm32_pin_irq_enable)
    i.stm32_pin_mode                         0x080047cc   Section        0  drv_gpio.o(i.stm32_pin_mode)
    stm32_pin_mode                           0x080047cd   Thumb Code   116  drv_gpio.o(i.stm32_pin_mode)
    i.stm32_pin_read                         0x08004840   Section        0  drv_gpio.o(i.stm32_pin_read)
    stm32_pin_read                           0x08004841   Thumb Code    42  drv_gpio.o(i.stm32_pin_read)
    i.stm32_pin_write                        0x0800486a   Section        0  drv_gpio.o(i.stm32_pin_write)
    stm32_pin_write                          0x0800486b   Thumb Code    40  drv_gpio.o(i.stm32_pin_write)
    i.stm32_putc                             0x08004892   Section        0  drv_usart.o(i.stm32_putc)
    stm32_putc                               0x08004893   Thumb Code    40  drv_usart.o(i.stm32_putc)
    i.stm32_uart_get_dma_config              0x080048bc   Section        0  drv_usart.o(i.stm32_uart_get_dma_config)
    stm32_uart_get_dma_config                0x080048bd   Thumb Code    10  drv_usart.o(i.stm32_uart_get_dma_config)
    i.uart_isr                               0x080048cc   Section        0  drv_usart.o(i.uart_isr)
    uart_isr                                 0x080048cd   Thumb Code   258  drv_usart.o(i.uart_isr)
    .constdata                               0x080049ce   Section       34  kservice.o(.constdata)
    small_digits                             0x080049ce   Data          17  kservice.o(.constdata)
    large_digits                             0x080049df   Data          17  kservice.o(.constdata)
    .constdata                               0x080049f0   Section     1432  drv_gpio.o(.constdata)
    pins                                     0x080049f0   Data        1344  drv_gpio.o(.constdata)
    pin_irq_map                              0x08004f30   Data          64  drv_gpio.o(.constdata)
    _stm32_pin_ops                           0x08004f70   Data          24  drv_gpio.o(.constdata)
    .constdata                               0x08004f88   Section       28  drv_usart.o(.constdata)
    stm32_uart_ops                           0x08004f88   Data          20  drv_usart.o(.constdata)
    .constdata                               0x08004fa4   Section       24  system_stm32f1xx.o(.constdata)
    .conststring                             0x08004fbc   Section        6  drv_usart.o(.conststring)
    .rti_fn.0                                0x08004fc4   Section        4  components.o(.rti_fn.0)
    __tagsym$$used                           0x08004fc4   Number         0  components.o(.rti_fn.0)
    .rti_fn.0.end                            0x08004fc8   Section        4  components.o(.rti_fn.0.end)
    __tagsym$$used                           0x08004fc8   Number         0  components.o(.rti_fn.0.end)
    .rti_fn.1.end                            0x08004fcc   Section        4  components.o(.rti_fn.1.end)
    __tagsym$$used                           0x08004fcc   Number         0  components.o(.rti_fn.1.end)
    .rti_fn.6.end                            0x08004fd0   Section        4  components.o(.rti_fn.6.end)
    __tagsym$$used                           0x08004fd0   Number         0  components.o(.rti_fn.6.end)
    .data                                    0x20000000   Section       28  my_iap.o(.data)
    tid                                      0x20000018   Data           4  my_iap.o(.data)
    .data                                    0x2000001c   Section       16  cpuport.o(.data)
    rt_exception_hook                        0x20000028   Data           4  cpuport.o(.data)
    .data                                    0x2000002c   Section        4  clock.o(.data)
    rt_tick                                  0x2000002c   Data           4  clock.o(.data)
    .data                                    0x20000030   Section        1  irq.o(.data)
    .data                                    0x20000034   Section        4  kservice.o(.data)
    __rt_errno                               0x20000034   Data           4  kservice.o(.data)
    .data                                    0x20000038   Section       24  mem.o(.data)
    heap_ptr                                 0x20000038   Data           4  mem.o(.data)
    heap_end                                 0x2000003c   Data           4  mem.o(.data)
    lfree                                    0x20000040   Data           4  mem.o(.data)
    mem_size_aligned                         0x20000044   Data           4  mem.o(.data)
    used_mem                                 0x20000048   Data           4  mem.o(.data)
    max_mem                                  0x2000004c   Data           4  mem.o(.data)
    .data                                    0x20000050   Section       96  object.o(.data)
    rt_object_container                      0x20000050   Data          96  object.o(.data)
    .data                                    0x200000b0   Section       24  scheduler.o(.data)
    rt_scheduler_lock_nest                   0x200000b4   Data           2  scheduler.o(.data)
    .data                                    0x200000c8   Section       12  timer.o(.data)
    rt_timer_list                            0x200000c8   Data           8  timer.o(.data)
    random_nr                                0x200000d0   Data           4  timer.o(.data)
    .data                                    0x200000d4   Section      196  drv_gpio.o(.data)
    pin_irq_hdr_tab                          0x200000d4   Data         192  drv_gpio.o(.data)
    pin_irq_enable_mask                      0x20000194   Data           4  drv_gpio.o(.data)
    .data                                    0x20000198   Section       20  drv_usart.o(.data)
    uart_config                              0x20000198   Data          20  drv_usart.o(.data)
    .data                                    0x200001ac   Section        4  system_stm32f1xx.o(.data)
    .data                                    0x200001b0   Section        9  stm32f1xx_hal.o(.data)
    .data                                    0x200001bc   Section        4  serial.o(.data)
    already_output                           0x200001bc   Data           4  serial.o(.data)
    .bss                                     0x200001c0   Section     2048  my_flash.o(.bss)
    .bss                                     0x200009c0   Section       70  my_iap.o(.bss)
    .bss                                     0x20000a08   Section      384  idle.o(.bss)
    idle                                     0x20000a08   Data         128  idle.o(.bss)
    rt_thread_stack                          0x20000a88   Data         256  idle.o(.bss)
    .bss                                     0x20000b88   Section       32  mem.o(.bss)
    heap_sem                                 0x20000b88   Data          32  mem.o(.bss)
    .bss                                     0x20000ba8   Section      256  scheduler.o(.bss)
    .bss                                     0x20000ca8   Section      156  drv_usart.o(.bss)
    uart_obj                                 0x20000ca8   Data         156  drv_usart.o(.bss)
    .bss                                     0x20000d48   Section       32  stm32f1xx_hal_flash.o(.bss)
    .bss                                     0x20000d68   Section       68  pin.o(.bss)
    _hw_pin                                  0x20000d68   Data          68  pin.o(.bss)
    .bss                                     0x20000dac   Section       96  libspace.o(.bss)
    HEAP                                     0x20000e10   Section      512  startup_stm32f103xe.o(HEAP)
    Heap_Mem                                 0x20000e10   Data         512  startup_stm32f103xe.o(HEAP)
    STACK                                    0x20001010   Section     1024  startup_stm32f103xe.o(STACK)
    Stack_Mem                                0x20001010   Data        1024  startup_stm32f103xe.o(STACK)
    __initial_sp                             0x20001410   Data           0  startup_stm32f103xe.o(STACK)

    Global Symbols

    Symbol Name                              Value     Ov Type        Size  Object(Section)

    BuildAttributes$$THM_ISAv4$P$D$K$B$S$PE$A:L22UL41UL21$X:L11$S22US41US21$IEEE1$IW$USESV6$~STKCKD$USESV7$~SHL$OSPACE$ROPI$EBA8$UX$STANDARDLIB$REQ8$PRES8$EABIv2 0x00000000   Number         0  anon$$obj.o ABSOLUTE
    __ARM_use_no_argv                        0x00000000   Number         0  main.o ABSOLUTE
    __ARM_exceptions_init                     - Undefined Weak Reference
    __alloca_initialize                       - Undefined Weak Reference
    __arm_preinit_                            - Undefined Weak Reference
    __cpp_initialize__aeabi_                  - Undefined Weak Reference
    __cxa_finalize                            - Undefined Weak Reference
    __rt_locale                               - Undefined Weak Reference
    __sigvec_lookup                           - Undefined Weak Reference
    _atexit_init                              - Undefined Weak Reference
    _call_atexit_fns                          - Undefined Weak Reference
    _clock_init                               - Undefined Weak Reference
    _fp_trap_init                             - Undefined Weak Reference
    _fp_trap_shutdown                         - Undefined Weak Reference
    _get_lc_collate                           - Undefined Weak Reference
    _get_lc_ctype                             - Undefined Weak Reference
    _get_lc_monetary                          - Undefined Weak Reference
    _get_lc_numeric                           - Undefined Weak Reference
    _get_lc_time                              - Undefined Weak Reference
    _getenv_init                              - Undefined Weak Reference
    _handle_redirection                       - Undefined Weak Reference
    _init_alloc                               - Undefined Weak Reference
    _init_user_alloc                          - Undefined Weak Reference
    _initio                                   - Undefined Weak Reference
    _rand_init                                - Undefined Weak Reference
    _signal_finish                            - Undefined Weak Reference
    _signal_init                              - Undefined Weak Reference
    _terminate_alloc                          - Undefined Weak Reference
    _terminate_user_alloc                     - Undefined Weak Reference
    _terminateio                              - Undefined Weak Reference
    __Vectors_Size                           0x00000130   Number         0  startup_stm32f103xe.o ABSOLUTE
    __Vectors                                0x08000000   Data           4  startup_stm32f103xe.o(RESET)
    __Vectors_End                            0x08000130   Data           0  startup_stm32f103xe.o(RESET)
    __main                                   0x08000131   Thumb Code     8  __main.o(!!!main)
    __scatterload                            0x08000139   Thumb Code     0  __scatter.o(!!!scatter)
    __scatterload_rt2                        0x08000139   Thumb Code    44  __scatter.o(!!!scatter)
    __scatterload_rt2_thumb_only             0x08000139   Thumb Code     0  __scatter.o(!!!scatter)
    __scatterload_null                       0x08000147   Thumb Code     0  __scatter.o(!!!scatter)
    __decompress                             0x0800016d   Thumb Code    90  __dczerorl2.o(!!dczerorl2)
    __decompress1                            0x0800016d   Thumb Code     0  __dczerorl2.o(!!dczerorl2)
    __scatterload_zeroinit                   0x080001c9   Thumb Code    28  __scatter_zi.o(!!handler_zi)
    __rt_lib_init                            0x080001e5   Thumb Code     0  libinit.o(.ARM.Collect$$libinit$$00000000)
    __rt_lib_init_alloca_1                   0x080001e7   Thumb Code     0  libinit2.o(.ARM.Collect$$libinit$$0000002E)
    __rt_lib_init_argv_1                     0x080001e7   Thumb Code     0  libinit2.o(.ARM.Collect$$libinit$$0000002C)
    __rt_lib_init_atexit_1                   0x080001e7   Thumb Code     0  libinit2.o(.ARM.Collect$$libinit$$0000001B)
    __rt_lib_init_clock_1                    0x080001e7   Thumb Code     0  libinit2.o(.ARM.Collect$$libinit$$00000021)
    __rt_lib_init_cpp_1                      0x080001e7   Thumb Code     0  libinit2.o(.ARM.Collect$$libinit$$00000032)
    __rt_lib_init_exceptions_1               0x080001e7   Thumb Code     0  libinit2.o(.ARM.Collect$$libinit$$00000030)
    __rt_lib_init_fp_1                       0x080001e7   Thumb Code     0  libinit2.o(.ARM.Collect$$libinit$$00000002)
    __rt_lib_init_fp_trap_1                  0x080001e7   Thumb Code     0  libinit2.o(.ARM.Collect$$libinit$$0000001F)
    __rt_lib_init_getenv_1                   0x080001e7   Thumb Code     0  libinit2.o(.ARM.Collect$$libinit$$00000023)
    __rt_lib_init_heap_1                     0x080001e7   Thumb Code     0  libinit2.o(.ARM.Collect$$libinit$$0000000A)
    __rt_lib_init_lc_collate_1               0x080001e7   Thumb Code     0  libinit2.o(.ARM.Collect$$libinit$$00000011)
    __rt_lib_init_lc_ctype_1                 0x080001e7   Thumb Code     0  libinit2.o(.ARM.Collect$$libinit$$00000013)
    __rt_lib_init_lc_monetary_1              0x080001e7   Thumb Code     0  libinit2.o(.ARM.Collect$$libinit$$00000015)
    __rt_lib_init_lc_numeric_1               0x080001e7   Thumb Code     0  libinit2.o(.ARM.Collect$$libinit$$00000017)
    __rt_lib_init_lc_time_1                  0x080001e7   Thumb Code     0  libinit2.o(.ARM.Collect$$libinit$$00000019)
    __rt_lib_init_preinit_1                  0x080001e7   Thumb Code     0  libinit2.o(.ARM.Collect$$libinit$$00000004)
    __rt_lib_init_rand_1                     0x080001e7   Thumb Code     0  libinit2.o(.ARM.Collect$$libinit$$0000000E)
    __rt_lib_init_return                     0x080001e7   Thumb Code     0  libinit2.o(.ARM.Collect$$libinit$$00000033)
    __rt_lib_init_signal_1                   0x080001e7   Thumb Code     0  libinit2.o(.ARM.Collect$$libinit$$0000001D)
    __rt_lib_init_stdio_1                    0x080001e7   Thumb Code     0  libinit2.o(.ARM.Collect$$libinit$$00000025)
    __rt_lib_init_user_alloc_1               0x080001e7   Thumb Code     0  libinit2.o(.ARM.Collect$$libinit$$0000000C)
    __rt_lib_shutdown                        0x080001e9   Thumb Code     0  libshutdown.o(.ARM.Collect$$libshutdown$$00000000)
    __rt_lib_shutdown_cpp_1                  0x080001eb   Thumb Code     0  libshutdown2.o(.ARM.Collect$$libshutdown$$00000002)
    __rt_lib_shutdown_fp_trap_1              0x080001eb   Thumb Code     0  libshutdown2.o(.ARM.Collect$$libshutdown$$00000007)
    __rt_lib_shutdown_heap_1                 0x080001eb   Thumb Code     0  libshutdown2.o(.ARM.Collect$$libshutdown$$0000000F)
    __rt_lib_shutdown_return                 0x080001eb   Thumb Code     0  libshutdown2.o(.ARM.Collect$$libshutdown$$00000010)
    __rt_lib_shutdown_signal_1               0x080001eb   Thumb Code     0  libshutdown2.o(.ARM.Collect$$libshutdown$$0000000A)
    __rt_lib_shutdown_stdio_1                0x080001eb   Thumb Code     0  libshutdown2.o(.ARM.Collect$$libshutdown$$00000004)
    __rt_lib_shutdown_user_alloc_1           0x080001eb   Thumb Code     0  libshutdown2.o(.ARM.Collect$$libshutdown$$0000000C)
    __rt_entry                               0x080001ed   Thumb Code     0  __rtentry.o(.ARM.Collect$$rtentry$$00000000)
    __rt_entry_presh_1                       0x080001ed   Thumb Code     0  __rtentry2.o(.ARM.Collect$$rtentry$$00000002)
    __rt_entry_sh                            0x080001ed   Thumb Code     0  __rtentry4.o(.ARM.Collect$$rtentry$$00000004)
    __rt_entry_li                            0x080001f3   Thumb Code     0  __rtentry2.o(.ARM.Collect$$rtentry$$0000000A)
    __rt_entry_postsh_1                      0x080001f3   Thumb Code     0  __rtentry2.o(.ARM.Collect$$rtentry$$00000009)
    __rt_entry_main                          0x080001f7   Thumb Code     0  __rtentry2.o(.ARM.Collect$$rtentry$$0000000D)
    __rt_entry_postli_1                      0x080001f7   Thumb Code     0  __rtentry2.o(.ARM.Collect$$rtentry$$0000000C)
    __rt_exit                                0x080001ff   Thumb Code     0  rtexit.o(.ARM.Collect$$rtexit$$00000000)
    __rt_exit_ls                             0x08000201   Thumb Code     0  rtexit2.o(.ARM.Collect$$rtexit$$00000003)
    __rt_exit_prels_1                        0x08000201   Thumb Code     0  rtexit2.o(.ARM.Collect$$rtexit$$00000002)
    __rt_exit_exit                           0x08000205   Thumb Code     0  rtexit2.o(.ARM.Collect$$rtexit$$00000004)
    __rt_ffs                                 0x0800020d   Thumb Code    16  cpuport.o(.emb_text)
    rt_hw_interrupt_disable                  0x0800021d   Thumb Code     8  context_rvds.o(.text)
    rt_hw_interrupt_enable                   0x08000225   Thumb Code     6  context_rvds.o(.text)
    rt_hw_context_switch                     0x0800022b   Thumb Code    32  context_rvds.o(.text)
    rt_hw_context_switch_interrupt           0x0800022b   Thumb Code     0  context_rvds.o(.text)
    PendSV_Handler                           0x0800024b   Thumb Code    60  context_rvds.o(.text)
    rt_hw_context_switch_to                  0x08000287   Thumb Code    58  context_rvds.o(.text)
    rt_hw_interrupt_thread_switch            0x080002c1   Thumb Code     2  context_rvds.o(.text)
    HardFault_Handler                        0x080002c3   Thumb Code    52  context_rvds.o(.text)
    Reset_Handler                            0x08000311   Thumb Code     8  startup_stm32f103xe.o(.text)
    NMI_Handler                              0x08000319   Thumb Code     2  startup_stm32f103xe.o(.text)
    MemManage_Handler                        0x0800031d   Thumb Code     2  startup_stm32f103xe.o(.text)
    BusFault_Handler                         0x0800031f   Thumb Code     2  startup_stm32f103xe.o(.text)
    UsageFault_Handler                       0x08000321   Thumb Code     2  startup_stm32f103xe.o(.text)
    SVC_Handler                              0x08000323   Thumb Code     2  startup_stm32f103xe.o(.text)
    DebugMon_Handler                         0x08000325   Thumb Code     2  startup_stm32f103xe.o(.text)
    ADC1_2_IRQHandler                        0x0800032b   Thumb Code     0  startup_stm32f103xe.o(.text)
    ADC3_IRQHandler                          0x0800032b   Thumb Code     0  startup_stm32f103xe.o(.text)
    CAN1_RX1_IRQHandler                      0x0800032b   Thumb Code     0  startup_stm32f103xe.o(.text)
    CAN1_SCE_IRQHandler                      0x0800032b   Thumb Code     0  startup_stm32f103xe.o(.text)
    DMA1_Channel1_IRQHandler                 0x0800032b   Thumb Code     0  startup_stm32f103xe.o(.text)
    DMA1_Channel2_IRQHandler                 0x0800032b   Thumb Code     0  startup_stm32f103xe.o(.text)
    DMA1_Channel3_IRQHandler                 0x0800032b   Thumb Code     0  startup_stm32f103xe.o(.text)
    DMA1_Channel4_IRQHandler                 0x0800032b   Thumb Code     0  startup_stm32f103xe.o(.text)
    DMA1_Channel5_IRQHandler                 0x0800032b   Thumb Code     0  startup_stm32f103xe.o(.text)
    DMA1_Channel6_IRQHandler                 0x0800032b   Thumb Code     0  startup_stm32f103xe.o(.text)
    DMA1_Channel7_IRQHandler                 0x0800032b   Thumb Code     0  startup_stm32f103xe.o(.text)
    DMA2_Channel1_IRQHandler                 0x0800032b   Thumb Code     0  startup_stm32f103xe.o(.text)
    DMA2_Channel2_IRQHandler                 0x0800032b   Thumb Code     0  startup_stm32f103xe.o(.text)
    DMA2_Channel3_IRQHandler                 0x0800032b   Thumb Code     0  startup_stm32f103xe.o(.text)
    DMA2_Channel4_5_IRQHandler               0x0800032b   Thumb Code     0  startup_stm32f103xe.o(.text)
    FLASH_IRQHandler                         0x0800032b   Thumb Code     0  startup_stm32f103xe.o(.text)
    FSMC_IRQHandler                          0x0800032b   Thumb Code     0  startup_stm32f103xe.o(.text)
    I2C1_ER_IRQHandler                       0x0800032b   Thumb Code     0  startup_stm32f103xe.o(.text)
    I2C1_EV_IRQHandler                       0x0800032b   Thumb Code     0  startup_stm32f103xe.o(.text)
    I2C2_ER_IRQHandler                       0x0800032b   Thumb Code     0  startup_stm32f103xe.o(.text)
    I2C2_EV_IRQHandler                       0x0800032b   Thumb Code     0  startup_stm32f103xe.o(.text)
    PVD_IRQHandler                           0x0800032b   Thumb Code     0  startup_stm32f103xe.o(.text)
    RCC_IRQHandler                           0x0800032b   Thumb Code     0  startup_stm32f103xe.o(.text)
    RTC_Alarm_IRQHandler                     0x0800032b   Thumb Code     0  startup_stm32f103xe.o(.text)
    RTC_IRQHandler                           0x0800032b   Thumb Code     0  startup_stm32f103xe.o(.text)
    SDIO_IRQHandler                          0x0800032b   Thumb Code     0  startup_stm32f103xe.o(.text)
    SPI1_IRQHandler                          0x0800032b   Thumb Code     0  startup_stm32f103xe.o(.text)
    SPI2_IRQHandler                          0x0800032b   Thumb Code     0  startup_stm32f103xe.o(.text)
    SPI3_IRQHandler                          0x0800032b   Thumb Code     0  startup_stm32f103xe.o(.text)
    TAMPER_IRQHandler                        0x0800032b   Thumb Code     0  startup_stm32f103xe.o(.text)
    TIM1_BRK_IRQHandler                      0x0800032b   Thumb Code     0  startup_stm32f103xe.o(.text)
    TIM1_CC_IRQHandler                       0x0800032b   Thumb Code     0  startup_stm32f103xe.o(.text)
    TIM1_TRG_COM_IRQHandler                  0x0800032b   Thumb Code     0  startup_stm32f103xe.o(.text)
    TIM1_UP_IRQHandler                       0x0800032b   Thumb Code     0  startup_stm32f103xe.o(.text)
    TIM2_IRQHandler                          0x0800032b   Thumb Code     0  startup_stm32f103xe.o(.text)
    TIM3_IRQHandler                          0x0800032b   Thumb Code     0  startup_stm32f103xe.o(.text)
    TIM4_IRQHandler                          0x0800032b   Thumb Code     0  startup_stm32f103xe.o(.text)
    TIM5_IRQHandler                          0x0800032b   Thumb Code     0  startup_stm32f103xe.o(.text)
    TIM6_IRQHandler                          0x0800032b   Thumb Code     0  startup_stm32f103xe.o(.text)
    TIM7_IRQHandler                          0x0800032b   Thumb Code     0  startup_stm32f103xe.o(.text)
    TIM8_BRK_IRQHandler                      0x0800032b   Thumb Code     0  startup_stm32f103xe.o(.text)
    TIM8_CC_IRQHandler                       0x0800032b   Thumb Code     0  startup_stm32f103xe.o(.text)
    TIM8_TRG_COM_IRQHandler                  0x0800032b   Thumb Code     0  startup_stm32f103xe.o(.text)
    TIM8_UP_IRQHandler                       0x0800032b   Thumb Code     0  startup_stm32f103xe.o(.text)
    UART4_IRQHandler                         0x0800032b   Thumb Code     0  startup_stm32f103xe.o(.text)
    UART5_IRQHandler                         0x0800032b   Thumb Code     0  startup_stm32f103xe.o(.text)
    USART2_IRQHandler                        0x0800032b   Thumb Code     0  startup_stm32f103xe.o(.text)
    USART3_IRQHandler                        0x0800032b   Thumb Code     0  startup_stm32f103xe.o(.text)
    USBWakeUp_IRQHandler                     0x0800032b   Thumb Code     0  startup_stm32f103xe.o(.text)
    USB_HP_CAN1_TX_IRQHandler                0x0800032b   Thumb Code     0  startup_stm32f103xe.o(.text)
    USB_LP_CAN1_RX0_IRQHandler               0x0800032b   Thumb Code     0  startup_stm32f103xe.o(.text)
    WWDG_IRQHandler                          0x0800032b   Thumb Code     0  startup_stm32f103xe.o(.text)
    __user_initial_stackheap                 0x0800032d   Thumb Code     0  startup_stm32f103xe.o(.text)
    __aeabi_llsr                             0x08000351   Thumb Code     0  llushr.o(.text)
    _ll_ushift_r                             0x08000351   Thumb Code    38  llushr.o(.text)
    __aeabi_memclr4                          0x08000377   Thumb Code     0  rt_memclr_w.o(.text)
    __aeabi_memclr8                          0x08000377   Thumb Code     0  rt_memclr_w.o(.text)
    __rt_memclr_w                            0x08000377   Thumb Code    78  rt_memclr_w.o(.text)
    _memset_w                                0x0800037b   Thumb Code     0  rt_memclr_w.o(.text)
    __use_two_region_memory                  0x080003c5   Thumb Code     2  heapauxi.o(.text)
    __rt_heap_escrow$2region                 0x080003c7   Thumb Code     2  heapauxi.o(.text)
    __rt_heap_expand$2region                 0x080003c9   Thumb Code     2  heapauxi.o(.text)
    __user_setup_stackheap                   0x080003cb   Thumb Code    74  sys_stackheap_outer.o(.text)
    exit                                     0x08000415   Thumb Code    18  exit.o(.text)
    __user_libspace                          0x08000429   Thumb Code     8  libspace.o(.text)
    __user_perproc_libspace                  0x08000429   Thumb Code     0  libspace.o(.text)
    __user_perthread_libspace                0x08000429   Thumb Code     0  libspace.o(.text)
    _sys_exit                                0x08000431   Thumb Code     8  sys_exit.o(.text)
    __I$use$semihosting                      0x0800043d   Thumb Code     0  use_no_semi.o(.text)
    __use_no_semihosting_swi                 0x0800043d   Thumb Code     2  use_no_semi.o(.text)
    __semihosting_library_function           0x0800043f   Thumb Code     0  indicate_semi.o(.text)
    main                                     0x0800043f   Thumb Code    10  components.o(i.$Sub$$main)
    EXTI0_IRQHandler                         0x08000475   Thumb Code    18  drv_gpio.o(i.EXTI0_IRQHandler)
    EXTI15_10_IRQHandler                     0x08000487   Thumb Code    60  drv_gpio.o(i.EXTI15_10_IRQHandler)
    EXTI1_IRQHandler                         0x080004c3   Thumb Code    18  drv_gpio.o(i.EXTI1_IRQHandler)
    EXTI2_IRQHandler                         0x080004d5   Thumb Code    18  drv_gpio.o(i.EXTI2_IRQHandler)
    EXTI3_IRQHandler                         0x080004e7   Thumb Code    18  drv_gpio.o(i.EXTI3_IRQHandler)
    EXTI4_IRQHandler                         0x080004f9   Thumb Code    18  drv_gpio.o(i.EXTI4_IRQHandler)
    EXTI9_5_IRQHandler                       0x0800050b   Thumb Code    46  drv_gpio.o(i.EXTI9_5_IRQHandler)
    FLASH_PageErase                          0x08000561   Thumb Code    32  stm32f1xx_hal_flash_ex.o(i.FLASH_PageErase)
    FLASH_WaitForLastOperation               0x0800062d   Thumb Code   106  stm32f1xx_hal_flash.o(i.FLASH_WaitForLastOperation)
    HAL_DMA_Start_IT                         0x0800069d   Thumb Code   156  stm32f1xx_hal_dma.o(i.HAL_DMA_Start_IT)
    HAL_FLASHEx_Erase                        0x08000739   Thumb Code   168  stm32f1xx_hal_flash_ex.o(i.HAL_FLASHEx_Erase)
    HAL_FLASH_Lock                           0x080007e9   Thumb Code    16  stm32f1xx_hal_flash.o(i.HAL_FLASH_Lock)
    HAL_FLASH_Program                        0x080007fd   Thumb Code   168  stm32f1xx_hal_flash.o(i.HAL_FLASH_Program)
    HAL_FLASH_Unlock                         0x080008ad   Thumb Code    36  stm32f1xx_hal_flash.o(i.HAL_FLASH_Unlock)
    HAL_GPIO_DeInit                          0x080008dd   Thumb Code   306  stm32f1xx_hal_gpio.o(i.HAL_GPIO_DeInit)
    HAL_GPIO_EXTI_Callback                   0x08000a31   Thumb Code    54  drv_gpio.o(i.HAL_GPIO_EXTI_Callback)
    HAL_GPIO_EXTI_IRQHandler                 0x08000a6d   Thumb Code    24  stm32f1xx_hal_gpio.o(i.HAL_GPIO_EXTI_IRQHandler)
    HAL_GPIO_Init                            0x08000a89   Thumb Code   792  stm32f1xx_hal_gpio.o(i.HAL_GPIO_Init)
    HAL_GPIO_ReadPin                         0x08000dc9   Thumb Code    16  stm32f1xx_hal_gpio.o(i.HAL_GPIO_ReadPin)
    HAL_GPIO_WritePin                        0x08000dd9   Thumb Code    12  stm32f1xx_hal_gpio.o(i.HAL_GPIO_WritePin)
    HAL_GetTick                              0x08000de5   Thumb Code    18  drv_common.o(i.HAL_GetTick)
    HAL_IncTick                              0x08000df9   Thumb Code    16  stm32f1xx_hal.o(i.HAL_IncTick)
    HAL_Init                                 0x08000e11   Thumb Code    34  stm32f1xx_hal.o(i.HAL_Init)
    HAL_InitTick                             0x08000e39   Thumb Code     6  drv_common.o(i.HAL_InitTick)
    HAL_MspInit                              0x08000e41   Thumb Code    76  stm32f1xx_hal_msp.o(i.HAL_MspInit)
    HAL_NVIC_DisableIRQ                      0x08000e95   Thumb Code    62  stm32f1xx_hal_cortex.o(i.HAL_NVIC_DisableIRQ)
    HAL_NVIC_EnableIRQ                       0x08000ed9   Thumb Code    32  stm32f1xx_hal_cortex.o(i.HAL_NVIC_EnableIRQ)
    HAL_NVIC_SetPriority                     0x08000ef9   Thumb Code   124  stm32f1xx_hal_cortex.o(i.HAL_NVIC_SetPriority)
    HAL_NVIC_SetPriorityGrouping             0x08000f75   Thumb Code    32  stm32f1xx_hal_cortex.o(i.HAL_NVIC_SetPriorityGrouping)
    HAL_RCC_ClockConfig                      0x08000f9d   Thumb Code   376  stm32f1xx_hal_rcc.o(i.HAL_RCC_ClockConfig)
    HAL_RCC_GetHCLKFreq                      0x08001129   Thumb Code     6  stm32f1xx_hal_rcc.o(i.HAL_RCC_GetHCLKFreq)
    HAL_RCC_GetPCLK1Freq                     0x08001135   Thumb Code    22  stm32f1xx_hal_rcc.o(i.HAL_RCC_GetPCLK1Freq)
    HAL_RCC_GetPCLK2Freq                     0x08001155   Thumb Code    22  stm32f1xx_hal_rcc.o(i.HAL_RCC_GetPCLK2Freq)
    HAL_RCC_GetSysClockFreq                  0x08001175   Thumb Code   116  stm32f1xx_hal_rcc.o(i.HAL_RCC_GetSysClockFreq)
    HAL_RCC_OscConfig                        0x08001209   Thumb Code  1114  stm32f1xx_hal_rcc.o(i.HAL_RCC_OscConfig)
    HAL_SYSTICK_CLKSourceConfig              0x0800166d   Thumb Code    40  stm32f1xx_hal_cortex.o(i.HAL_SYSTICK_CLKSourceConfig)
    HAL_SYSTICK_Config                       0x08001695   Thumb Code    52  stm32f1xx_hal_cortex.o(i.HAL_SYSTICK_Config)
    HAL_UART_ErrorCallback                   0x080016c9   Thumb Code     2  stm32f1xx_hal_uart.o(i.HAL_UART_ErrorCallback)
    HAL_UART_Init                            0x080016cb   Thumb Code   114  stm32f1xx_hal_uart.o(i.HAL_UART_Init)
    HAL_UART_MspInit                         0x0800173d   Thumb Code   122  stm32f1xx_hal_msp.o(i.HAL_UART_MspInit)
    HAL_UART_Transmit_DMA                    0x080017c5   Thumb Code   142  stm32f1xx_hal_uart.o(i.HAL_UART_Transmit_DMA)
    HAL_UART_TxCpltCallback                  0x08001861   Thumb Code     2  stm32f1xx_hal_uart.o(i.HAL_UART_TxCpltCallback)
    HAL_UART_TxHalfCpltCallback              0x08001863   Thumb Code     2  stm32f1xx_hal_uart.o(i.HAL_UART_TxHalfCpltCallback)
    Iap_Map_Init                             0x08001865   Thumb Code    44  my_iap.o(i.Iap_Map_Init)
    LedRun                                   0x080018a1   Thumb Code   280  my_iap.o(i.LedRun)
    MX_GPIO_Init                             0x080019c5   Thumb Code    80  my_iap.o(i.MX_GPIO_Init)
    SysTick_Handler                          0x08001a45   Thumb Code    20  drv_common.o(i.SysTick_Handler)
    SystemClock_Config                       0x08001a59   Thumb Code   110  board.o(i.SystemClock_Config)
    SystemInit                               0x08001ad9   Thumb Code    70  system_stm32f1xx.o(i.SystemInit)
    USART1_IRQHandler                        0x08001d99   Thumb Code    18  drv_usart.o(i.USART1_IRQHandler)
    _Error_Handler                           0x08001db1   Thumb Code     4  drv_common.o(i._Error_Handler)
    iap_jump_to_user_app                     0x0800209d   Thumb Code    70  my_iap.o(i.iap_jump_to_user_app)
    iap_main_entry                           0x080020f5   Thumb Code   152  my_iap.o(i.iap_main_entry)
    iap_re_write_user_code                   0x080021a5   Thumb Code   114  my_flash.o(i.iap_re_write_user_code)
    iap_thread_init                          0x08002225   Thumb Code    92  my_iap.o(i.iap_thread_init)
    led_display_entry                        0x0800229d   Thumb Code    14  my_iap.o(i.led_display_entry)
    $Super$$main                             0x080022ab   Thumb Code    60  main.o(i.main)
    main_thread_entry                        0x080022e7   Thumb Code    14  components.o(i.main_thread_entry)
    my_calculate_page_num                    0x080022f5   Thumb Code    52  my_flash.o(i.my_calculate_page_num)
    my_erase_pages                           0x08002329   Thumb Code    68  my_flash.o(i.my_erase_pages)
    my_erase_write_to_flash                  0x08002371   Thumb Code    84  my_flash.o(i.my_erase_write_to_flash)
    my_read_from_flash                       0x080023c9   Thumb Code    26  my_flash.o(i.my_read_from_flash)
    my_write_to_flash                        0x080023e5   Thumb Code    74  my_flash.o(i.my_write_to_flash)
    rt_application_init                      0x08002645   Thumb Code    34  components.o(i.rt_application_init)
    rt_completion_done                       0x08002675   Thumb Code    72  completion.o(i.rt_completion_done)
    rt_completion_init                       0x080026bd   Thumb Code    30  completion.o(i.rt_completion_init)
    rt_completion_wait                       0x080026db   Thumb Code   126  completion.o(i.rt_completion_wait)
    rt_components_board_init                 0x08002759   Thumb Code    20  components.o(i.rt_components_board_init)
    rt_components_init                       0x08002775   Thumb Code    20  components.o(i.rt_components_init)
    rt_device_find                           0x08002791   Thumb Code    82  device.o(i.rt_device_find)
    rt_device_open                           0x080027e3   Thumb Code   112  device.o(i.rt_device_open)
    rt_device_pin_register                   0x08002855   Thumb Code    56  pin.o(i.rt_device_pin_register)
    rt_device_read                           0x0800289d   Thumb Code    62  device.o(i.rt_device_read)
    rt_device_register                       0x080028db   Thumb Code    52  device.o(i.rt_device_register)
    rt_device_set_rx_indicate                0x0800290f   Thumb Code     8  device.o(i.rt_device_set_rx_indicate)
    rt_enter_critical                        0x08002919   Thumb Code    28  scheduler.o(i.rt_enter_critical)
    rt_exit_critical                         0x08002939   Thumb Code    60  scheduler.o(i.rt_exit_critical)
    rt_free                                  0x0800297d   Thumb Code    98  mem.o(i.rt_free)
    rt_hw_board_init                         0x080029f5   Thumb Code    52  drv_common.o(i.rt_hw_board_init)
    rt_hw_hard_fault_exception               0x08002a31   Thumb Code    32  cpuport.o(i.rt_hw_hard_fault_exception)
    rt_hw_pin_init                           0x08002a55   Thumb Code   198  drv_gpio.o(i.rt_hw_pin_init)
    rt_hw_serial_isr                         0x08002b29   Thumb Code   208  serial.o(i.rt_hw_serial_isr)
    rt_hw_serial_register                    0x08002bf9   Thumb Code    66  serial.o(i.rt_hw_serial_register)
    rt_hw_stack_init                         0x08002c55   Thumb Code    70  cpuport.o(i.rt_hw_stack_init)
    rt_hw_systick_init                       0x08002ca1   Thumb Code    38  drv_common.o(i.rt_hw_systick_init)
    rt_hw_usart_init                         0x08002cc9   Thumb Code   172  drv_usart.o(i.rt_hw_usart_init)
    rt_interrupt_enter                       0x08002d85   Thumb Code    26  irq.o(i.rt_interrupt_enter)
    rt_interrupt_get_nest                    0x08002da5   Thumb Code    22  irq.o(i.rt_interrupt_get_nest)
    rt_interrupt_leave                       0x08002dc1   Thumb Code    26  irq.o(i.rt_interrupt_leave)
    rt_malloc                                0x08002ef9   Thumb Code   336  mem.o(i.rt_malloc)
    rt_memset                                0x08003065   Thumb Code    72  kservice.o(i.rt_memset)
    rt_object_allocate                       0x080030ad   Thumb Code    84  object.o(i.rt_object_allocate)
    rt_object_delete                         0x08003101   Thumb Code    36  object.o(i.rt_object_delete)
    rt_object_detach                         0x08003125   Thumb Code    30  object.o(i.rt_object_detach)
    rt_object_get_information                0x08003145   Thumb Code    36  object.o(i.rt_object_get_information)
    rt_object_init                           0x0800316d   Thumb Code    86  object.o(i.rt_object_init)
    rt_object_is_systemobject                0x080031c3   Thumb Code    18  object.o(i.rt_object_is_systemobject)
    rt_pin_mode                              0x080031d5   Thumb Code    22  pin.o(i.rt_pin_mode)
    rt_pin_write                             0x080031f1   Thumb Code    22  pin.o(i.rt_pin_write)
    rt_schedule                              0x0800320d   Thumb Code   262  scheduler.o(i.rt_schedule)
    rt_schedule_insert_thread                0x08003329   Thumb Code   100  scheduler.o(i.rt_schedule_insert_thread)
    rt_schedule_remove_thread                0x08003399   Thumb Code    76  scheduler.o(i.rt_schedule_remove_thread)
    rt_sem_init                              0x080033ed   Thumb Code    38  ipc.o(i.rt_sem_init)
    rt_sem_release                           0x08003413   Thumb Code    58  ipc.o(i.rt_sem_release)
    rt_sem_take                              0x0800344d   Thumb Code   116  ipc.o(i.rt_sem_take)
    rt_set_errno                             0x080037fd   Thumb Code    36  kservice.o(i.rt_set_errno)
    rt_show_version                          0x08003825   Thumb Code     2  kservice.o(i.rt_show_version)
    rt_sprintf                               0x08003827   Thumb Code    34  kservice.o(i.rt_sprintf)
    rt_strlen                                0x08003849   Thumb Code    18  kservice.o(i.rt_strlen)
    rt_strncmp                               0x0800385b   Thumb Code    40  kservice.o(i.rt_strncmp)
    rt_strncpy                               0x08003883   Thumb Code    52  kservice.o(i.rt_strncpy)
    rt_system_heap_init                      0x080038b9   Thumb Code   146  mem.o(i.rt_system_heap_init)
    rt_system_scheduler_init                 0x08003969   Thumb Code    42  scheduler.o(i.rt_system_scheduler_init)
    rt_system_scheduler_start                0x080039a5   Thumb Code    36  scheduler.o(i.rt_system_scheduler_start)
    rt_system_timer_init                     0x080039cd   Thumb Code    24  timer.o(i.rt_system_timer_init)
    rt_system_timer_thread_init              0x080039e9   Thumb Code     2  timer.o(i.rt_system_timer_thread_init)
    rt_thread_create                         0x080039eb   Thumb Code    80  thread.o(i.rt_thread_create)
    rt_thread_exit                           0x08003a3d   Thumb Code    78  thread.o(i.rt_thread_exit)
    rt_thread_idle_excute                    0x08003a99   Thumb Code   134  idle.o(i.rt_thread_idle_excute)
    rt_thread_idle_init                      0x08003b25   Thumb Code    74  idle.o(i.rt_thread_idle_init)
    rt_thread_init                           0x08003b85   Thumb Code    52  thread.o(i.rt_thread_init)
    rt_thread_mdelay                         0x08003bb9   Thumb Code    20  thread.o(i.rt_thread_mdelay)
    rt_thread_resume                         0x08003bcd   Thumb Code    60  thread.o(i.rt_thread_resume)
    rt_thread_self                           0x08003c09   Thumb Code     6  thread.o(i.rt_thread_self)
    rt_thread_sleep                          0x08003c15   Thumb Code    64  thread.o(i.rt_thread_sleep)
    rt_thread_startup                        0x08003c55   Thumb Code    44  thread.o(i.rt_thread_startup)
    rt_thread_suspend                        0x08003c81   Thumb Code    72  thread.o(i.rt_thread_suspend)
    rt_thread_timeout                        0x08003cc9   Thumb Code    32  thread.o(i.rt_thread_timeout)
    rt_thread_yield                          0x08003ce9   Thumb Code    10  thread.o(i.rt_thread_yield)
    rt_tick_from_millisecond                 0x08003cf3   Thumb Code    56  clock.o(i.rt_tick_from_millisecond)
    rt_tick_get                              0x08003d2d   Thumb Code     6  clock.o(i.rt_tick_get)
    rt_tick_increase                         0x08003d39   Thumb Code    54  clock.o(i.rt_tick_increase)
    rt_timer_check                           0x08003d75   Thumb Code   118  timer.o(i.rt_timer_check)
    rt_timer_control                         0x08003df1   Thumb Code    56  timer.o(i.rt_timer_control)
    rt_timer_detach                          0x08003e29   Thumb Code    32  timer.o(i.rt_timer_detach)
    rt_timer_init                            0x08003e49   Thumb Code    46  timer.o(i.rt_timer_init)
    rt_timer_start                           0x08003e79   Thumb Code   238  timer.o(i.rt_timer_start)
    rt_timer_stop                            0x08003f71   Thumb Code    48  timer.o(i.rt_timer_stop)
    rt_vsnprintf                             0x08003fa1   Thumb Code   808  kservice.o(i.rt_vsnprintf)
    rt_vsprintf                              0x080042d1   Thumb Code    22  kservice.o(i.rt_vsprintf)
    rtthread_startup                         0x080042f7   Thumb Code    42  components.o(i.rtthread_startup)
    AHBPrescTable                            0x08004fa4   Data          16  system_stm32f1xx.o(.constdata)
    APBPrescTable                            0x08004fb4   Data           8  system_stm32f1xx.o(.constdata)
    __rt_init_rti_start                      0x08004fc4   Data           4  components.o(.rti_fn.0)
    __rt_init_rti_board_start                0x08004fc8   Data           4  components.o(.rti_fn.0.end)
    __rt_init_rti_board_end                  0x08004fcc   Data           4  components.o(.rti_fn.1.end)
    __rt_init_rti_end                        0x08004fd0   Data           4  components.o(.rti_fn.6.end)
    Region$$Table$$Base                      0x08004fd4   Number         0  anon$$obj.o(Region$$Table)
    Region$$Table$$Limit                     0x08004ff4   Number         0  anon$$obj.o(Region$$Table)
    Led_status                               0x20000000   Data           1  my_iap.o(.data)
    Jump_To_Application                      0x20000004   Data           4  my_iap.o(.data)
    JumpAddress                              0x20000008   Data           4  my_iap.o(.data)
    LastRunTime                              0x2000000c   Data           4  my_iap.o(.data)
    rxcnt                                    0x20000010   Data           4  my_iap.o(.data)
    iap_step                                 0x20000014   Data           1  my_iap.o(.data)
    rt_interrupt_from_thread                 0x2000001c   Data           4  cpuport.o(.data)
    rt_interrupt_to_thread                   0x20000020   Data           4  cpuport.o(.data)
    rt_thread_switch_interrupt_flag          0x20000024   Data           4  cpuport.o(.data)
    rt_interrupt_nest                        0x20000030   Data           1  irq.o(.data)
    rt_thread_ready_priority_group           0x200000b0   Data           4  scheduler.o(.data)
    rt_current_thread                        0x200000b8   Data           4  scheduler.o(.data)
    rt_current_priority                      0x200000bc   Data           1  scheduler.o(.data)
    rt_thread_defunct                        0x200000c0   Data           8  scheduler.o(.data)
    SystemCoreClock                          0x200001ac   Data           4  system_stm32f1xx.o(.data)
    uwTick                                   0x200001b0   Data           4  stm32f1xx_hal.o(.data)
    uwTickPrio                               0x200001b4   Data           4  stm32f1xx_hal.o(.data)
    uwTickFreq                               0x200001b8   Data           1  stm32f1xx_hal.o(.data)
    my_buffer                                0x200001c0   Data        2048  my_flash.o(.bss)
    MyIapMap                                 0x200009c0   Data          32  my_iap.o(.bss)
    MyIapFlag                                0x200009e0   Data          38  my_iap.o(.bss)
    rt_thread_priority_table                 0x20000ba8   Data         256  scheduler.o(.bss)
    pFlash                                   0x20000d48   Data          32  stm32f1xx_hal_flash.o(.bss)
    __libspace_start                         0x20000dac   Data          96  libspace.o(.bss)
    __temporary_stack_top$libspace           0x20000e0c   Data           0  libspace.o(.bss)
    Image$$RW_IRAM1$$ZI$$Limit               0x20001410   Number         0  anon$$obj.o ABSOLUTE



==============================================================================

Memory Map of the image

  Image Entry point : 0x08000131

  Load Region LR_IROM1 (Base: 0x08000000, Size: 0x000051b4, Max: 0x00040000, ABSOLUTE, COMPRESSED[0x00005044])

    Execution Region ER_IROM1 (Exec base: 0x08000000, Load base: 0x08000000, Size: 0x00004ff4, Max: 0x00040000, ABSOLUTE)

    Exec Addr    Load Addr    Size         Type   Attr      Idx    E Section Name        Object

    0x08000000   0x08000000   0x00000130   Data   RO         2220    RESET               startup_stm32f103xe.o
    0x08000130   0x08000130   0x00000008   Code   RO         4266  * !!!main             c_w.l(__main.o)
    0x08000138   0x08000138   0x00000034   Code   RO         4427    !!!scatter          c_w.l(__scatter.o)
    0x0800016c   0x0800016c   0x0000005a   Code   RO         4425    !!dczerorl2         c_w.l(__dczerorl2.o)
    0x080001c6   0x080001c6   0x00000002   PAD
    0x080001c8   0x080001c8   0x0000001c   Code   RO         4429    !!handler_zi        c_w.l(__scatter_zi.o)
    0x080001e4   0x080001e4   0x00000002   Code   RO         4295    .ARM.Collect$$libinit$$00000000  c_w.l(libinit.o)
    0x080001e6   0x080001e6   0x00000000   Code   RO         4302    .ARM.Collect$$libinit$$00000002  c_w.l(libinit2.o)
    0x080001e6   0x080001e6   0x00000000   Code   RO         4304    .ARM.Collect$$libinit$$00000004  c_w.l(libinit2.o)
    0x080001e6   0x080001e6   0x00000000   Code   RO         4307    .ARM.Collect$$libinit$$0000000A  c_w.l(libinit2.o)
    0x080001e6   0x080001e6   0x00000000   Code   RO         4309    .ARM.Collect$$libinit$$0000000C  c_w.l(libinit2.o)
    0x080001e6   0x080001e6   0x00000000   Code   RO         4311    .ARM.Collect$$libinit$$0000000E  c_w.l(libinit2.o)
    0x080001e6   0x080001e6   0x00000000   Code   RO         4314    .ARM.Collect$$libinit$$00000011  c_w.l(libinit2.o)
    0x080001e6   0x080001e6   0x00000000   Code   RO         4316    .ARM.Collect$$libinit$$00000013  c_w.l(libinit2.o)
    0x080001e6   0x080001e6   0x00000000   Code   RO         4318    .ARM.Collect$$libinit$$00000015  c_w.l(libinit2.o)
    0x080001e6   0x080001e6   0x00000000   Code   RO         4320    .ARM.Collect$$libinit$$00000017  c_w.l(libinit2.o)
    0x080001e6   0x080001e6   0x00000000   Code   RO         4322    .ARM.Collect$$libinit$$00000019  c_w.l(libinit2.o)
    0x080001e6   0x080001e6   0x00000000   Code   RO         4324    .ARM.Collect$$libinit$$0000001B  c_w.l(libinit2.o)
    0x080001e6   0x080001e6   0x00000000   Code   RO         4326    .ARM.Collect$$libinit$$0000001D  c_w.l(libinit2.o)
    0x080001e6   0x080001e6   0x00000000   Code   RO         4328    .ARM.Collect$$libinit$$0000001F  c_w.l(libinit2.o)
    0x080001e6   0x080001e6   0x00000000   Code   RO         4330    .ARM.Collect$$libinit$$00000021  c_w.l(libinit2.o)
    0x080001e6   0x080001e6   0x00000000   Code   RO         4332    .ARM.Collect$$libinit$$00000023  c_w.l(libinit2.o)
    0x080001e6   0x080001e6   0x00000000   Code   RO         4334    .ARM.Collect$$libinit$$00000025  c_w.l(libinit2.o)
    0x080001e6   0x080001e6   0x00000000   Code   RO         4338    .ARM.Collect$$libinit$$0000002C  c_w.l(libinit2.o)
    0x080001e6   0x080001e6   0x00000000   Code   RO         4340    .ARM.Collect$$libinit$$0000002E  c_w.l(libinit2.o)
    0x080001e6   0x080001e6   0x00000000   Code   RO         4342    .ARM.Collect$$libinit$$00000030  c_w.l(libinit2.o)
    0x080001e6   0x080001e6   0x00000000   Code   RO         4344    .ARM.Collect$$libinit$$00000032  c_w.l(libinit2.o)
    0x080001e6   0x080001e6   0x00000002   Code   RO         4345    .ARM.Collect$$libinit$$00000033  c_w.l(libinit2.o)
    0x080001e8   0x080001e8   0x00000002   Code   RO         4365    .ARM.Collect$$libshutdown$$00000000  c_w.l(libshutdown.o)
    0x080001ea   0x080001ea   0x00000000   Code   RO         4378    .ARM.Collect$$libshutdown$$00000002  c_w.l(libshutdown2.o)
    0x080001ea   0x080001ea   0x00000000   Code   RO         4380    .ARM.Collect$$libshutdown$$00000004  c_w.l(libshutdown2.o)
    0x080001ea   0x080001ea   0x00000000   Code   RO         4383    .ARM.Collect$$libshutdown$$00000007  c_w.l(libshutdown2.o)
    0x080001ea   0x080001ea   0x00000000   Code   RO         4386    .ARM.Collect$$libshutdown$$0000000A  c_w.l(libshutdown2.o)
    0x080001ea   0x080001ea   0x00000000   Code   RO         4388    .ARM.Collect$$libshutdown$$0000000C  c_w.l(libshutdown2.o)
    0x080001ea   0x080001ea   0x00000000   Code   RO         4391    .ARM.Collect$$libshutdown$$0000000F  c_w.l(libshutdown2.o)
    0x080001ea   0x080001ea   0x00000002   Code   RO         4392    .ARM.Collect$$libshutdown$$00000010  c_w.l(libshutdown2.o)
    0x080001ec   0x080001ec   0x00000000   Code   RO         4268    .ARM.Collect$$rtentry$$00000000  c_w.l(__rtentry.o)
    0x080001ec   0x080001ec   0x00000000   Code   RO         4272    .ARM.Collect$$rtentry$$00000002  c_w.l(__rtentry2.o)
    0x080001ec   0x080001ec   0x00000006   Code   RO         4284    .ARM.Collect$$rtentry$$00000004  c_w.l(__rtentry4.o)
    0x080001f2   0x080001f2   0x00000000   Code   RO         4274    .ARM.Collect$$rtentry$$00000009  c_w.l(__rtentry2.o)
    0x080001f2   0x080001f2   0x00000004   Code   RO         4275    .ARM.Collect$$rtentry$$0000000A  c_w.l(__rtentry2.o)
    0x080001f6   0x080001f6   0x00000000   Code   RO         4277    .ARM.Collect$$rtentry$$0000000C  c_w.l(__rtentry2.o)
    0x080001f6   0x080001f6   0x00000008   Code   RO         4278    .ARM.Collect$$rtentry$$0000000D  c_w.l(__rtentry2.o)
    0x080001fe   0x080001fe   0x00000002   Code   RO         4299    .ARM.Collect$$rtexit$$00000000  c_w.l(rtexit.o)
    0x08000200   0x08000200   0x00000000   Code   RO         4347    .ARM.Collect$$rtexit$$00000002  c_w.l(rtexit2.o)
    0x08000200   0x08000200   0x00000004   Code   RO         4348    .ARM.Collect$$rtexit$$00000003  c_w.l(rtexit2.o)
    0x08000204   0x08000204   0x00000006   Code   RO         4349    .ARM.Collect$$rtexit$$00000004  c_w.l(rtexit2.o)
    0x0800020a   0x0800020a   0x00000002   PAD
    0x0800020c   0x0800020c   0x00000010   Code   RO          656    .emb_text           cpuport.o
    0x0800021c   0x0800021c   0x000000f4   Code   RO          699    .text               context_rvds.o
    0x08000310   0x08000310   0x00000040   Code   RO         2221    .text               startup_stm32f103xe.o
    0x08000350   0x08000350   0x00000026   Code   RO         4258    .text               c_w.l(llushr.o)
    0x08000376   0x08000376   0x0000004e   Code   RO         4262    .text               c_w.l(rt_memclr_w.o)
    0x080003c4   0x080003c4   0x00000006   Code   RO         4264    .text               c_w.l(heapauxi.o)
    0x080003ca   0x080003ca   0x0000004a   Code   RO         4286    .text               c_w.l(sys_stackheap_outer.o)
    0x08000414   0x08000414   0x00000012   Code   RO         4288    .text               c_w.l(exit.o)
    0x08000426   0x08000426   0x00000002   PAD
    0x08000428   0x08000428   0x00000008   Code   RO         4296    .text               c_w.l(libspace.o)
    0x08000430   0x08000430   0x0000000c   Code   RO         4357    .text               c_w.l(sys_exit.o)
    0x0800043c   0x0800043c   0x00000002   Code   RO         4368    .text               c_w.l(use_no_semi.o)
    0x0800043e   0x0800043e   0x00000000   Code   RO         4370    .text               c_w.l(indicate_semi.o)
    0x0800043e   0x0800043e   0x0000000a   Code   RO          837    i.$Sub$$main        components.o
    0x08000448   0x08000448   0x0000002c   Code   RO         2265    i.DMA_SetConfig     stm32f1xx_hal_dma.o
    0x08000474   0x08000474   0x00000012   Code   RO         1903    i.EXTI0_IRQHandler  drv_gpio.o
    0x08000486   0x08000486   0x0000003c   Code   RO         1904    i.EXTI15_10_IRQHandler  drv_gpio.o
    0x080004c2   0x080004c2   0x00000012   Code   RO         1905    i.EXTI1_IRQHandler  drv_gpio.o
    0x080004d4   0x080004d4   0x00000012   Code   RO         1906    i.EXTI2_IRQHandler  drv_gpio.o
    0x080004e6   0x080004e6   0x00000012   Code   RO         1907    i.EXTI3_IRQHandler  drv_gpio.o
    0x080004f8   0x080004f8   0x00000012   Code   RO         1908    i.EXTI4_IRQHandler  drv_gpio.o
    0x0800050a   0x0800050a   0x0000002e   Code   RO         1909    i.EXTI9_5_IRQHandler  drv_gpio.o
    0x08000538   0x08000538   0x00000028   Code   RO         3532    i.FLASH_MassErase   stm32f1xx_hal_flash_ex.o
    0x08000560   0x08000560   0x00000028   Code   RO         3541    i.FLASH_PageErase   stm32f1xx_hal_flash_ex.o
    0x08000588   0x08000588   0x00000020   Code   RO         3429    i.FLASH_Program_HalfWord  stm32f1xx_hal_flash.o
    0x080005a8   0x080005a8   0x00000084   Code   RO         3430    i.FLASH_SetErrorCode  stm32f1xx_hal_flash.o
    0x0800062c   0x0800062c   0x00000070   Code   RO         3431    i.FLASH_WaitForLastOperation  stm32f1xx_hal_flash.o
    0x0800069c   0x0800069c   0x0000009c   Code   RO         2276    i.HAL_DMA_Start_IT  stm32f1xx_hal_dma.o
    0x08000738   0x08000738   0x000000b0   Code   RO         3542    i.HAL_FLASHEx_Erase  stm32f1xx_hal_flash_ex.o
    0x080007e8   0x080007e8   0x00000014   Code   RO         3435    i.HAL_FLASH_Lock    stm32f1xx_hal_flash.o
    0x080007fc   0x080007fc   0x000000b0   Code   RO         3440    i.HAL_FLASH_Program  stm32f1xx_hal_flash.o
    0x080008ac   0x080008ac   0x00000030   Code   RO         3442    i.HAL_FLASH_Unlock  stm32f1xx_hal_flash.o
    0x080008dc   0x080008dc   0x00000154   Code   RO         2978    i.HAL_GPIO_DeInit   stm32f1xx_hal_gpio.o
    0x08000a30   0x08000a30   0x0000003c   Code   RO         1910    i.HAL_GPIO_EXTI_Callback  drv_gpio.o
    0x08000a6c   0x08000a6c   0x0000001c   Code   RO         2980    i.HAL_GPIO_EXTI_IRQHandler  stm32f1xx_hal_gpio.o
    0x08000a88   0x08000a88   0x00000340   Code   RO         2981    i.HAL_GPIO_Init     stm32f1xx_hal_gpio.o
    0x08000dc8   0x08000dc8   0x00000010   Code   RO         2983    i.HAL_GPIO_ReadPin  stm32f1xx_hal_gpio.o
    0x08000dd8   0x08000dd8   0x0000000c   Code   RO         2985    i.HAL_GPIO_WritePin  stm32f1xx_hal_gpio.o
    0x08000de4   0x08000de4   0x00000012   Code   RO         2135    i.HAL_GetTick       drv_common.o
    0x08000df6   0x08000df6   0x00000002   PAD
    0x08000df8   0x08000df8   0x00000018   Code   RO         2785    i.HAL_IncTick       stm32f1xx_hal.o
    0x08000e10   0x08000e10   0x00000028   Code   RO         2786    i.HAL_Init          stm32f1xx_hal.o
    0x08000e38   0x08000e38   0x00000006   Code   RO         2136    i.HAL_InitTick      drv_common.o
    0x08000e3e   0x08000e3e   0x00000002   PAD
    0x08000e40   0x08000e40   0x00000054   Code   RO          434    i.HAL_MspInit       stm32f1xx_hal_msp.o
    0x08000e94   0x08000e94   0x00000044   Code   RO         2361    i.HAL_NVIC_DisableIRQ  stm32f1xx_hal_cortex.o
    0x08000ed8   0x08000ed8   0x00000020   Code   RO         2362    i.HAL_NVIC_EnableIRQ  stm32f1xx_hal_cortex.o
    0x08000ef8   0x08000ef8   0x0000007c   Code   RO         2368    i.HAL_NVIC_SetPriority  stm32f1xx_hal_cortex.o
    0x08000f74   0x08000f74   0x00000028   Code   RO         2369    i.HAL_NVIC_SetPriorityGrouping  stm32f1xx_hal_cortex.o
    0x08000f9c   0x08000f9c   0x0000018c   Code   RO         2626    i.HAL_RCC_ClockConfig  stm32f1xx_hal_rcc.o
    0x08001128   0x08001128   0x0000000c   Code   RO         2631    i.HAL_RCC_GetHCLKFreq  stm32f1xx_hal_rcc.o
    0x08001134   0x08001134   0x00000020   Code   RO         2633    i.HAL_RCC_GetPCLK1Freq  stm32f1xx_hal_rcc.o
    0x08001154   0x08001154   0x00000020   Code   RO         2634    i.HAL_RCC_GetPCLK2Freq  stm32f1xx_hal_rcc.o
    0x08001174   0x08001174   0x00000094   Code   RO         2635    i.HAL_RCC_GetSysClockFreq  stm32f1xx_hal_rcc.o
    0x08001208   0x08001208   0x00000464   Code   RO         2638    i.HAL_RCC_OscConfig  stm32f1xx_hal_rcc.o
    0x0800166c   0x0800166c   0x00000028   Code   RO         2371    i.HAL_SYSTICK_CLKSourceConfig  stm32f1xx_hal_cortex.o
    0x08001694   0x08001694   0x00000034   Code   RO         2373    i.HAL_SYSTICK_Config  stm32f1xx_hal_cortex.o
    0x080016c8   0x080016c8   0x00000002   Code   RO         3101    i.HAL_UART_ErrorCallback  stm32f1xx_hal_uart.o
    0x080016ca   0x080016ca   0x00000072   Code   RO         3105    i.HAL_UART_Init     stm32f1xx_hal_uart.o
    0x0800173c   0x0800173c   0x00000088   Code   RO          441    i.HAL_UART_MspInit  stm32f1xx_hal_msp.o
    0x080017c4   0x080017c4   0x0000009c   Code   RO         3114    i.HAL_UART_Transmit_DMA  stm32f1xx_hal_uart.o
    0x08001860   0x08001860   0x00000002   Code   RO         3116    i.HAL_UART_TxCpltCallback  stm32f1xx_hal_uart.o
    0x08001862   0x08001862   0x00000002   Code   RO         3117    i.HAL_UART_TxHalfCpltCallback  stm32f1xx_hal_uart.o
    0x08001864   0x08001864   0x0000003c   Code   RO          307    i.Iap_Map_Init      my_iap.o
    0x080018a0   0x080018a0   0x00000124   Code   RO          308    i.LedRun            my_iap.o
    0x080019c4   0x080019c4   0x00000058   Code   RO          309    i.MX_GPIO_Init      my_iap.o
    0x08001a1c   0x08001a1c   0x00000028   Code   RO         2639    i.RCC_Delay         stm32f1xx_hal_rcc.o
    0x08001a44   0x08001a44   0x00000014   Code   RO         2139    i.SysTick_Handler   drv_common.o
    0x08001a58   0x08001a58   0x00000080   Code   RO         1879    i.SystemClock_Config  board.o
    0x08001ad8   0x08001ad8   0x00000058   Code   RO         2229    i.SystemInit        system_stm32f1xx.o
    0x08001b30   0x08001b30   0x00000050   Code   RO         3119    i.UART_DMAError     stm32f1xx_hal_uart.o
    0x08001b80   0x08001b80   0x00000036   Code   RO         3124    i.UART_DMATransmitCplt  stm32f1xx_hal_uart.o
    0x08001bb6   0x08001bb6   0x0000000e   Code   RO         3126    i.UART_DMATxHalfCplt  stm32f1xx_hal_uart.o
    0x08001bc4   0x08001bc4   0x00000020   Code   RO         3128    i.UART_EndRxTransfer  stm32f1xx_hal_uart.o
    0x08001be4   0x08001be4   0x00000014   Code   RO         3130    i.UART_EndTxTransfer  stm32f1xx_hal_uart.o
    0x08001bf8   0x08001bf8   0x000001a0   Code   RO         3132    i.UART_SetConfig    stm32f1xx_hal_uart.o
    0x08001d98   0x08001d98   0x00000018   Code   RO         2018    i.USART1_IRQHandler  drv_usart.o
    0x08001db0   0x08001db0   0x00000004   Code   RO         2140    i._Error_Handler    drv_common.o
    0x08001db4   0x08001db4   0x00000010   Code   RO         2375    i.__NVIC_GetPriorityGrouping  stm32f1xx_hal_cortex.o
    0x08001dc4   0x08001dc4   0x00000028   Code   RO         2376    i.__NVIC_SetPriority  stm32f1xx_hal_cortex.o
    0x08001dec   0x08001dec   0x00000028   Code   RO         1561    i._get_highest_priority_thread  scheduler.o
    0x08001e14   0x08001e14   0x00000014   Code   RO         1047    i._has_defunct_thread  idle.o
    0x08001e28   0x08001e28   0x00000028   Code   RO         3635    i._pin_control      pin.o
    0x08001e50   0x08001e50   0x0000002e   Code   RO         3636    i._pin_read         pin.o
    0x08001e7e   0x08001e7e   0x0000002e   Code   RO         3637    i._pin_write        pin.o
    0x08001eac   0x08001eac   0x00000084   Code   RO         1648    i._rt_thread_init   thread.o
    0x08001f30   0x08001f30   0x00000042   Code   RO         1769    i._rt_timer_init    timer.o
    0x08001f72   0x08001f72   0x0000002e   Code   RO         1770    i._rt_timer_remove  timer.o
    0x08001fa0   0x08001fa0   0x00000014   Code   RO         3700    i._serial_check_buffer_size  serial.o
    0x08001fb4   0x08001fb4   0x00000070   Code   RO         3701    i._serial_int_rx    serial.o
    0x08002024   0x08002024   0x0000001e   Code   RO         1911    i.bit2bitno         drv_gpio.o
    0x08002042   0x08002042   0x00000002   PAD
    0x08002044   0x08002044   0x00000034   Code   RO          310    i.dev_iap_uart_func  my_iap.o
    0x08002078   0x08002078   0x00000024   Code   RO         1912    i.get_pin           drv_gpio.o
    0x0800209c   0x0800209c   0x00000058   Code   RO          311    i.iap_jump_to_user_app  my_iap.o
    0x080020f4   0x080020f4   0x000000b0   Code   RO          312    i.iap_main_entry    my_iap.o
    0x080021a4   0x080021a4   0x00000080   Code   RO          219    i.iap_re_write_user_code  my_flash.o
    0x08002224   0x08002224   0x00000078   Code   RO          313    i.iap_thread_init   my_iap.o
    0x0800229c   0x0800229c   0x0000000e   Code   RO          314    i.led_display_entry  my_iap.o
    0x080022aa   0x080022aa   0x0000003c   Code   RO            4    i.main              main.o
    0x080022e6   0x080022e6   0x0000000e   Code   RO          838    i.main_thread_entry  components.o
    0x080022f4   0x080022f4   0x00000034   Code   RO          220    i.my_calculate_page_num  my_flash.o
    0x08002328   0x08002328   0x00000048   Code   RO          221    i.my_erase_pages    my_flash.o
    0x08002370   0x08002370   0x00000058   Code   RO          222    i.my_erase_write_to_flash  my_flash.o
    0x080023c8   0x080023c8   0x0000001a   Code   RO          225    i.my_read_from_flash  my_flash.o
    0x080023e2   0x080023e2   0x00000002   PAD
    0x080023e4   0x080023e4   0x00000050   Code   RO          226    i.my_write_to_flash  my_flash.o
    0x08002434   0x08002434   0x00000078   Code   RO         1436    i.plug_holes        mem.o
    0x080024ac   0x080024ac   0x00000198   Code   RO         1286    i.print_number      kservice.o
    0x08002644   0x08002644   0x00000030   Code   RO          839    i.rt_application_init  components.o
    0x08002674   0x08002674   0x00000048   Code   RO         3762    i.rt_completion_done  completion.o
    0x080026bc   0x080026bc   0x0000001e   Code   RO         3763    i.rt_completion_init  completion.o
    0x080026da   0x080026da   0x0000007e   Code   RO         3764    i.rt_completion_wait  completion.o
    0x08002758   0x08002758   0x0000001c   Code   RO          840    i.rt_components_board_init  components.o
    0x08002774   0x08002774   0x0000001c   Code   RO          841    i.rt_components_init  components.o
    0x08002790   0x08002790   0x00000052   Code   RO          961    i.rt_device_find    device.o
    0x080027e2   0x080027e2   0x00000070   Code   RO          964    i.rt_device_open    device.o
    0x08002852   0x08002852   0x00000002   PAD
    0x08002854   0x08002854   0x00000048   Code   RO         3638    i.rt_device_pin_register  pin.o
    0x0800289c   0x0800289c   0x0000003e   Code   RO          965    i.rt_device_read    device.o
    0x080028da   0x080028da   0x00000034   Code   RO          966    i.rt_device_register  device.o
    0x0800290e   0x0800290e   0x00000008   Code   RO          967    i.rt_device_set_rx_indicate  device.o
    0x08002916   0x08002916   0x00000002   PAD
    0x08002918   0x08002918   0x00000020   Code   RO         1563    i.rt_enter_critical  scheduler.o
    0x08002938   0x08002938   0x00000044   Code   RO         1564    i.rt_exit_critical  scheduler.o
    0x0800297c   0x0800297c   0x00000078   Code   RO         1438    i.rt_free           mem.o
    0x080029f4   0x080029f4   0x0000003c   Code   RO         2141    i.rt_hw_board_init  drv_common.o
    0x08002a30   0x08002a30   0x00000024   Code   RO          660    i.rt_hw_hard_fault_exception  cpuport.o
    0x08002a54   0x08002a54   0x000000d4   Code   RO         1913    i.rt_hw_pin_init    drv_gpio.o
    0x08002b28   0x08002b28   0x000000d0   Code   RO         3702    i.rt_hw_serial_isr  serial.o
    0x08002bf8   0x08002bf8   0x0000005c   Code   RO         3703    i.rt_hw_serial_register  serial.o
    0x08002c54   0x08002c54   0x0000004c   Code   RO          661    i.rt_hw_stack_init  cpuport.o
    0x08002ca0   0x08002ca0   0x00000026   Code   RO         2142    i.rt_hw_systick_init  drv_common.o
    0x08002cc6   0x08002cc6   0x00000002   PAD
    0x08002cc8   0x08002cc8   0x000000bc   Code   RO         2019    i.rt_hw_usart_init  drv_usart.o
    0x08002d84   0x08002d84   0x00000020   Code   RO         1258    i.rt_interrupt_enter  irq.o
    0x08002da4   0x08002da4   0x0000001c   Code   RO         1259    i.rt_interrupt_get_nest  irq.o
    0x08002dc0   0x08002dc0   0x00000020   Code   RO         1260    i.rt_interrupt_leave  irq.o
    0x08002de0   0x08002de0   0x00000014   Code   RO         1094    i.rt_ipc_list_resume  ipc.o
    0x08002df4   0x08002df4   0x0000006c   Code   RO         1096    i.rt_ipc_list_suspend  ipc.o
    0x08002e60   0x08002e60   0x00000010   Code   RO         1097    i.rt_ipc_object_init  ipc.o
    0x08002e70   0x08002e70   0x00000006   Code   RO         1565    i.rt_list_init      scheduler.o
    0x08002e76   0x08002e76   0x00000006   Code   RO         1771    i.rt_list_init      timer.o
    0x08002e7c   0x08002e7c   0x0000000e   Code   RO         1486    i.rt_list_insert_after  object.o
    0x08002e8a   0x08002e8a   0x0000000e   Code   RO         1649    i.rt_list_insert_after  thread.o
    0x08002e98   0x08002e98   0x0000000e   Code   RO         1772    i.rt_list_insert_after  timer.o
    0x08002ea6   0x08002ea6   0x0000000e   Code   RO         1098    i.rt_list_insert_before  ipc.o
    0x08002eb4   0x08002eb4   0x00000010   Code   RO         1099    i.rt_list_isempty   ipc.o
    0x08002ec4   0x08002ec4   0x00000010   Code   RO         1773    i.rt_list_isempty   timer.o
    0x08002ed4   0x08002ed4   0x00000012   Code   RO         1487    i.rt_list_remove    object.o
    0x08002ee6   0x08002ee6   0x00000012   Code   RO         1650    i.rt_list_remove    thread.o
    0x08002ef8   0x08002ef8   0x0000016c   Code   RO         1439    i.rt_malloc         mem.o
    0x08003064   0x08003064   0x00000048   Code   RO         1293    i.rt_memset         kservice.o
    0x080030ac   0x080030ac   0x00000054   Code   RO         1488    i.rt_object_allocate  object.o
    0x08003100   0x08003100   0x00000024   Code   RO         1489    i.rt_object_delete  object.o
    0x08003124   0x08003124   0x0000001e   Code   RO         1490    i.rt_object_detach  object.o
    0x08003142   0x08003142   0x00000002   PAD
    0x08003144   0x08003144   0x00000028   Code   RO         1492    i.rt_object_get_information  object.o
    0x0800316c   0x0800316c   0x00000056   Code   RO         1494    i.rt_object_init    object.o
    0x080031c2   0x080031c2   0x00000012   Code   RO         1495    i.rt_object_is_systemobject  object.o
    0x080031d4   0x080031d4   0x0000001c   Code   RO         3642    i.rt_pin_mode       pin.o
    0x080031f0   0x080031f0   0x0000001c   Code   RO         3644    i.rt_pin_write      pin.o
    0x0800320c   0x0800320c   0x0000011c   Code   RO         1566    i.rt_schedule       scheduler.o
    0x08003328   0x08003328   0x00000070   Code   RO         1567    i.rt_schedule_insert_thread  scheduler.o
    0x08003398   0x08003398   0x00000054   Code   RO         1568    i.rt_schedule_remove_thread  scheduler.o
    0x080033ec   0x080033ec   0x00000026   Code   RO         1111    i.rt_sem_init       ipc.o
    0x08003412   0x08003412   0x0000003a   Code   RO         1112    i.rt_sem_release    ipc.o
    0x0800344c   0x0800344c   0x00000074   Code   RO         1113    i.rt_sem_take       ipc.o
    0x080034c0   0x080034c0   0x0000006c   Code   RO         3704    i.rt_serial_close   serial.o
    0x0800352c   0x0800352c   0x00000082   Code   RO         3705    i.rt_serial_control  serial.o
    0x080035ae   0x080035ae   0x00000026   Code   RO         3706    i.rt_serial_init    serial.o
    0x080035d4   0x080035d4   0x0000012c   Code   RO         3707    i.rt_serial_open    serial.o
    0x08003700   0x08003700   0x00000062   Code   RO         3708    i.rt_serial_read    serial.o
    0x08003762   0x08003762   0x0000009a   Code   RO         3709    i.rt_serial_write   serial.o
    0x080037fc   0x080037fc   0x00000028   Code   RO         1294    i.rt_set_errno      kservice.o
    0x08003824   0x08003824   0x00000002   Code   RO         1295    i.rt_show_version   kservice.o
    0x08003826   0x08003826   0x00000022   Code   RO         1297    i.rt_sprintf        kservice.o
    0x08003848   0x08003848   0x00000012   Code   RO         1301    i.rt_strlen         kservice.o
    0x0800385a   0x0800385a   0x00000028   Code   RO         1302    i.rt_strncmp        kservice.o
    0x08003882   0x08003882   0x00000034   Code   RO         1303    i.rt_strncpy        kservice.o
    0x080038b6   0x080038b6   0x00000002   PAD
    0x080038b8   0x080038b8   0x000000b0   Code   RO         1442    i.rt_system_heap_init  mem.o
    0x08003968   0x08003968   0x0000003c   Code   RO         1569    i.rt_system_scheduler_init  scheduler.o
    0x080039a4   0x080039a4   0x00000028   Code   RO         1570    i.rt_system_scheduler_start  scheduler.o
    0x080039cc   0x080039cc   0x0000001c   Code   RO         1774    i.rt_system_timer_init  timer.o
    0x080039e8   0x080039e8   0x00000002   Code   RO         1775    i.rt_system_timer_thread_init  timer.o
    0x080039ea   0x080039ea   0x00000050   Code   RO         1652    i.rt_thread_create  thread.o
    0x08003a3a   0x08003a3a   0x00000002   PAD
    0x08003a3c   0x08003a3c   0x00000054   Code   RO         1656    i.rt_thread_exit    thread.o
    0x08003a90   0x08003a90   0x00000008   Code   RO         1048    i.rt_thread_idle_entry  idle.o
    0x08003a98   0x08003a98   0x0000008c   Code   RO         1049    i.rt_thread_idle_excute  idle.o
    0x08003b24   0x08003b24   0x00000060   Code   RO         1051    i.rt_thread_idle_init  idle.o
    0x08003b84   0x08003b84   0x00000034   Code   RO         1658    i.rt_thread_init    thread.o
    0x08003bb8   0x08003bb8   0x00000014   Code   RO         1659    i.rt_thread_mdelay  thread.o
    0x08003bcc   0x08003bcc   0x0000003c   Code   RO         1660    i.rt_thread_resume  thread.o
    0x08003c08   0x08003c08   0x0000000c   Code   RO         1661    i.rt_thread_self    thread.o
    0x08003c14   0x08003c14   0x00000040   Code   RO         1662    i.rt_thread_sleep   thread.o
    0x08003c54   0x08003c54   0x0000002c   Code   RO         1663    i.rt_thread_startup  thread.o
    0x08003c80   0x08003c80   0x00000048   Code   RO         1664    i.rt_thread_suspend  thread.o
    0x08003cc8   0x08003cc8   0x00000020   Code   RO         1665    i.rt_thread_timeout  thread.o
    0x08003ce8   0x08003ce8   0x0000000a   Code   RO         1666    i.rt_thread_yield   thread.o
    0x08003cf2   0x08003cf2   0x00000038   Code   RO          794    i.rt_tick_from_millisecond  clock.o
    0x08003d2a   0x08003d2a   0x00000002   PAD
    0x08003d2c   0x08003d2c   0x0000000c   Code   RO          795    i.rt_tick_get       clock.o
    0x08003d38   0x08003d38   0x0000003c   Code   RO          796    i.rt_tick_increase  clock.o
    0x08003d74   0x08003d74   0x0000007c   Code   RO         1776    i.rt_timer_check    timer.o
    0x08003df0   0x08003df0   0x00000038   Code   RO         1777    i.rt_timer_control  timer.o
    0x08003e28   0x08003e28   0x00000020   Code   RO         1780    i.rt_timer_detach   timer.o
    0x08003e48   0x08003e48   0x0000002e   Code   RO         1781    i.rt_timer_init     timer.o
    0x08003e76   0x08003e76   0x00000002   PAD
    0x08003e78   0x08003e78   0x000000f8   Code   RO         1784    i.rt_timer_start    timer.o
    0x08003f70   0x08003f70   0x00000030   Code   RO         1785    i.rt_timer_stop     timer.o
    0x08003fa0   0x08003fa0   0x00000330   Code   RO         1306    i.rt_vsnprintf      kservice.o
    0x080042d0   0x080042d0   0x00000016   Code   RO         1307    i.rt_vsprintf       kservice.o
    0x080042e6   0x080042e6   0x00000004   Code   RO          842    i.rti_board_end     components.o
    0x080042ea   0x080042ea   0x00000004   Code   RO          843    i.rti_board_start   components.o
    0x080042ee   0x080042ee   0x00000004   Code   RO          844    i.rti_end           components.o
    0x080042f2   0x080042f2   0x00000004   Code   RO          845    i.rti_start         components.o
    0x080042f6   0x080042f6   0x0000002a   Code   RO          846    i.rtthread_startup  components.o
    0x08004320   0x08004320   0x00000026   Code   RO         1308    i.skip_atoi         kservice.o
    0x08004346   0x08004346   0x000000ac   Code   RO         2020    i.stm32_configure   drv_usart.o
    0x080043f2   0x080043f2   0x00000002   PAD
    0x080043f4   0x080043f4   0x00000094   Code   RO         2021    i.stm32_control     drv_usart.o
    0x08004488   0x08004488   0x00000034   Code   RO         2022    i.stm32_dma_transmit  drv_usart.o
    0x080044bc   0x080044bc   0x0000001c   Code   RO         2023    i.stm32_getc        drv_usart.o
    0x080044d8   0x080044d8   0x000000dc   Code   RO         1914    i.stm32_pin_attach_irq  drv_gpio.o
    0x080045b4   0x080045b4   0x0000008c   Code   RO         1915    i.stm32_pin_dettach_irq  drv_gpio.o
    0x08004640   0x08004640   0x0000018c   Code   RO         1916    i.stm32_pin_irq_enable  drv_gpio.o
    0x080047cc   0x080047cc   0x00000074   Code   RO         1917    i.stm32_pin_mode    drv_gpio.o
    0x08004840   0x08004840   0x0000002a   Code   RO         1918    i.stm32_pin_read    drv_gpio.o
    0x0800486a   0x0800486a   0x00000028   Code   RO         1919    i.stm32_pin_write   drv_gpio.o
    0x08004892   0x08004892   0x00000028   Code   RO         2024    i.stm32_putc        drv_usart.o
    0x080048ba   0x080048ba   0x00000002   PAD
    0x080048bc   0x080048bc   0x00000010   Code   RO         2025    i.stm32_uart_get_dma_config  drv_usart.o
    0x080048cc   0x080048cc   0x00000102   Code   RO         2026    i.uart_isr          drv_usart.o
    0x080049ce   0x080049ce   0x00000022   Data   RO         1309    .constdata          kservice.o
    0x080049f0   0x080049f0   0x00000598   Data   RO         1920    .constdata          drv_gpio.o
    0x08004f88   0x08004f88   0x0000001c   Data   RO         2028    .constdata          drv_usart.o
    0x08004fa4   0x08004fa4   0x00000018   Data   RO         2230    .constdata          system_stm32f1xx.o
    0x08004fbc   0x08004fbc   0x00000006   Data   RO         2029    .conststring        drv_usart.o
    0x08004fc2   0x08004fc2   0x00000002   PAD
    0x08004fc4   0x08004fc4   0x00000004   Data   RO          847    .rti_fn.0           components.o
    0x08004fc8   0x08004fc8   0x00000004   Data   RO          848    .rti_fn.0.end       components.o
    0x08004fcc   0x08004fcc   0x00000004   Data   RO          849    .rti_fn.1.end       components.o
    0x08004fd0   0x08004fd0   0x00000004   Data   RO          850    .rti_fn.6.end       components.o
    0x08004fd4   0x08004fd4   0x00000020   Data   RO         4423    Region$$Table       anon$$obj.o


    Execution Region RW_IRAM1 (Exec base: 0x20000000, Load base: 0x08004ff4, Size: 0x00001410, Max: 0x0000c000, ABSOLUTE, COMPRESSED[0x00000050])

    Exec Addr    Load Addr    Size         Type   Attr      Idx    E Section Name        Object

    0x20000000   COMPRESSED   0x0000001c   Data   RW          317    .data               my_iap.o
    0x2000001c   COMPRESSED   0x00000010   Data   RW          662    .data               cpuport.o
    0x2000002c   COMPRESSED   0x00000004   Data   RW          798    .data               clock.o
    0x20000030   COMPRESSED   0x00000001   Data   RW         1261    .data               irq.o
    0x20000031   COMPRESSED   0x00000003   PAD
    0x20000034   COMPRESSED   0x00000004   Data   RW         1310    .data               kservice.o
    0x20000038   COMPRESSED   0x00000018   Data   RW         1444    .data               mem.o
    0x20000050   COMPRESSED   0x00000060   Data   RW         1497    .data               object.o
    0x200000b0   COMPRESSED   0x00000018   Data   RW         1572    .data               scheduler.o
    0x200000c8   COMPRESSED   0x0000000c   Data   RW         1786    .data               timer.o
    0x200000d4   COMPRESSED   0x000000c4   Data   RW         1921    .data               drv_gpio.o
    0x20000198   COMPRESSED   0x00000014   Data   RW         2030    .data               drv_usart.o
    0x200001ac   COMPRESSED   0x00000004   Data   RW         2231    .data               system_stm32f1xx.o
    0x200001b0   COMPRESSED   0x00000009   Data   RW         2793    .data               stm32f1xx_hal.o
    0x200001b9   COMPRESSED   0x00000003   PAD
    0x200001bc   COMPRESSED   0x00000004   Data   RW         3710    .data               serial.o
    0x200001c0        -       0x00000800   Zero   RW          227    .bss                my_flash.o
    0x200009c0        -       0x00000046   Zero   RW          316    .bss                my_iap.o
    0x20000a06   COMPRESSED   0x00000002   PAD
    0x20000a08        -       0x00000180   Zero   RW         1052    .bss                idle.o
    0x20000b88        -       0x00000020   Zero   RW         1443    .bss                mem.o
    0x20000ba8        -       0x00000100   Zero   RW         1571    .bss                scheduler.o
    0x20000ca8        -       0x0000009c   Zero   RW         2027    .bss                drv_usart.o
    0x20000d44   COMPRESSED   0x00000004   PAD
    0x20000d48        -       0x00000020   Zero   RW         3443    .bss                stm32f1xx_hal_flash.o
    0x20000d68        -       0x00000044   Zero   RW         3645    .bss                pin.o
    0x20000dac        -       0x00000060   Zero   RW         4297    .bss                c_w.l(libspace.o)
    0x20000e0c   COMPRESSED   0x00000004   PAD
    0x20000e10        -       0x00000200   Zero   RW         2219    HEAP                startup_stm32f103xe.o
    0x20001010        -       0x00000400   Zero   RW         2218    STACK               startup_stm32f103xe.o


==============================================================================

Image component sizes


      Code (inc. data)   RO Data    RW Data    ZI Data      Debug   Object Name

       128         18          0          0          0        613   board.o
       128         12          0          4          0       1692   clock.o
       228          0          0          0          0       5355   completion.o
       186         30         16          0          0      11152   components.o
       244         26          0          0          0        776   context_rvds.o
       128         10          0         16          0       3546   cpuport.o
       316          0          0          0          0       3992   device.o
       146          8          0          0          0       6864   drv_common.o
      1488         60       1432        196          0      12025   drv_gpio.o
       926         32         34         20        156      33702   drv_usart.o
       264         32          0          0        384       5506   idle.o
       386          0          0          0          0       7665   ipc.o
        92         18          0          1          0       2030   irq.o
      1542         20         34          4          0       9737   kservice.o
        60          0          0          0          0     433231   main.o
       780         92          0         24         32       3744   mem.o
       446         28          0          0       2048       5537   my_flash.o
       890        112          0         28         70      10804   my_iap.o
       326          4          0         96          0       8060   object.o
       260         28          0          0         68       4822   pin.o
       726         86          0         24        256       8950   scheduler.o
      1260         32          0          4          0       9339   serial.o
        64         26        304          0       1536        936   startup_stm32f103xe.o
        64         14          0          9          0       4980   stm32f1xx_hal.o
       412         28          0          0          0      31131   stm32f1xx_hal_cortex.o
       200          0          0          0          0       2059   stm32f1xx_hal_dma.o
       520         48          0          0         32       4630   stm32f1xx_hal_flash.o
       256         26          0          0          0       2843   stm32f1xx_hal_flash_ex.o
      1228         78          0          0          0       5124   stm32f1xx_hal_gpio.o
       220         22          0          0          0     511957   stm32f1xx_hal_msp.o
      1784        110          0          0          0       6324   stm32f1xx_hal_rcc.o
       892         18          0          0          0       7453   stm32f1xx_hal_uart.o
        88         18         24          4          0       1507   system_stm32f1xx.o
       694         20          0          0          0      11244   thread.o
       732         20          0         12          0      10764   timer.o

    ----------------------------------------------------------------------
     18132       1076       1878        448       4588    1190094   Object Totals
         0          0         32          0          0          0   (incl. Generated)
        28          0          2          6          6          0   (incl. Padding)

    ----------------------------------------------------------------------

      Code (inc. data)   RO Data    RW Data    ZI Data      Debug   Library Member Name

        90          0          0          0          0          0   __dczerorl2.o
         8          0          0          0          0         68   __main.o
         0          0          0          0          0          0   __rtentry.o
        12          0          0          0          0          0   __rtentry2.o
         6          0          0          0          0          0   __rtentry4.o
        52          8          0          0          0          0   __scatter.o
        28          0          0          0          0          0   __scatter_zi.o
        18          0          0          0          0         80   exit.o
         6          0          0          0          0        152   heapauxi.o
         0          0          0          0          0          0   indicate_semi.o
         2          0          0          0          0          0   libinit.o
         2          0          0          0          0          0   libinit2.o
         2          0          0          0          0          0   libshutdown.o
         2          0          0          0          0          0   libshutdown2.o
         8          4          0          0         96         68   libspace.o
        38          0          0          0          0         68   llushr.o
        78          0          0          0          0         80   rt_memclr_w.o
         2          0          0          0          0          0   rtexit.o
        10          0          0          0          0          0   rtexit2.o
        12          4          0          0          0         68   sys_exit.o
        74          0          0          0          0         80   sys_stackheap_outer.o
         2          0          0          0          0         68   use_no_semi.o

    ----------------------------------------------------------------------
       458         16          0          0        100        732   Library Totals
         6          0          0          0          4          0   (incl. Padding)

    ----------------------------------------------------------------------

      Code (inc. data)   RO Data    RW Data    ZI Data      Debug   Library Name

       452         16          0          0         96        732   c_w.l

    ----------------------------------------------------------------------
       458         16          0          0        100        732   Library Totals

    ----------------------------------------------------------------------

==============================================================================


      Code (inc. data)   RO Data    RW Data    ZI Data      Debug   

     18590       1092       1878        448       4688    1179954   Grand Totals
     18590       1092       1878         80       4688    1179954   ELF Image Totals (compressed)
     18590       1092       1878         80          0          0   ROM Totals

==============================================================================

    Total RO  Size (Code + RO Data)                20468 (  19.99kB)
    Total RW  Size (RW Data + ZI Data)              5136 (   5.02kB)
    Total ROM Size (Code + RO Data + RW Data)      20548 (  20.07kB)

==============================================================================

