Component: ARM Compiler 5.06 update 6 (build 750) Tool: armlink [4d35ed]

==============================================================================

Section Cross References

    main.o(i.iap_jump_to_user_app) refers to main.o(.data) for .data
    main.o(i.main) refers to stm32f1xx_hal_gpio.o(i.HAL_GPIO_WritePin) for HAL_GPIO_WritePin
    main.o(i.main) refers to stm32f1xx_hal_gpio.o(i.HAL_GPIO_Init) for HAL_GPIO_Init
    main.o(i.main) refers to thread.o(i.rt_thread_mdelay) for rt_thread_mdelay
    main.o(i.main) refers to main.o(i.iap_jump_to_user_app) for iap_jump_to_user_app
    startup_stm32f103xb.o(RESET) refers to startup_stm32f103xb.o(STACK) for __initial_sp
    startup_stm32f103xb.o(RESET) refers to startup_stm32f103xb.o(.text) for Reset_Handler
    startup_stm32f103xb.o(RESET) refers to context_rvds.o(.text) for HardFault_Handler
    startup_stm32f103xb.o(RESET) refers to board.o(i.SysTick_Handler) for SysTick_Handler
    startup_stm32f103xb.o(.text) refers to system_stm32f1xx.o(i.SystemInit) for SystemInit
    startup_stm32f103xb.o(.text) refers to entry.o(.ARM.Collect$$$$00000000) for __main
    stm32f1xx_hal_uart.o(i.HAL_HalfDuplex_Init) refers to stm32f1xx_hal_uart.o(i.HAL_UART_MspInit) for HAL_UART_MspInit
    stm32f1xx_hal_uart.o(i.HAL_HalfDuplex_Init) refers to stm32f1xx_hal_uart.o(i.UART_SetConfig) for UART_SetConfig
    stm32f1xx_hal_uart.o(i.HAL_LIN_Init) refers to stm32f1xx_hal_uart.o(i.HAL_UART_MspInit) for HAL_UART_MspInit
    stm32f1xx_hal_uart.o(i.HAL_LIN_Init) refers to stm32f1xx_hal_uart.o(i.UART_SetConfig) for UART_SetConfig
    stm32f1xx_hal_uart.o(i.HAL_MultiProcessor_Init) refers to stm32f1xx_hal_uart.o(i.HAL_UART_MspInit) for HAL_UART_MspInit
    stm32f1xx_hal_uart.o(i.HAL_MultiProcessor_Init) refers to stm32f1xx_hal_uart.o(i.UART_SetConfig) for UART_SetConfig
    stm32f1xx_hal_uart.o(i.HAL_UART_Abort) refers to stm32f1xx_hal_dma.o(i.HAL_DMA_Abort) for HAL_DMA_Abort
    stm32f1xx_hal_uart.o(i.HAL_UART_Abort) refers to stm32f1xx_hal_dma.o(i.HAL_DMA_GetError) for HAL_DMA_GetError
    stm32f1xx_hal_uart.o(i.HAL_UART_AbortReceive) refers to stm32f1xx_hal_dma.o(i.HAL_DMA_Abort) for HAL_DMA_Abort
    stm32f1xx_hal_uart.o(i.HAL_UART_AbortReceive) refers to stm32f1xx_hal_dma.o(i.HAL_DMA_GetError) for HAL_DMA_GetError
    stm32f1xx_hal_uart.o(i.HAL_UART_AbortReceive_IT) refers to stm32f1xx_hal_dma.o(i.HAL_DMA_Abort_IT) for HAL_DMA_Abort_IT
    stm32f1xx_hal_uart.o(i.HAL_UART_AbortReceive_IT) refers to stm32f1xx_hal_uart.o(i.HAL_UART_AbortReceiveCpltCallback) for HAL_UART_AbortReceiveCpltCallback
    stm32f1xx_hal_uart.o(i.HAL_UART_AbortReceive_IT) refers to stm32f1xx_hal_uart.o(i.UART_DMARxOnlyAbortCallback) for UART_DMARxOnlyAbortCallback
    stm32f1xx_hal_uart.o(i.HAL_UART_AbortTransmit) refers to stm32f1xx_hal_dma.o(i.HAL_DMA_Abort) for HAL_DMA_Abort
    stm32f1xx_hal_uart.o(i.HAL_UART_AbortTransmit) refers to stm32f1xx_hal_dma.o(i.HAL_DMA_GetError) for HAL_DMA_GetError
    stm32f1xx_hal_uart.o(i.HAL_UART_AbortTransmit_IT) refers to stm32f1xx_hal_dma.o(i.HAL_DMA_Abort_IT) for HAL_DMA_Abort_IT
    stm32f1xx_hal_uart.o(i.HAL_UART_AbortTransmit_IT) refers to stm32f1xx_hal_uart.o(i.HAL_UART_AbortTransmitCpltCallback) for HAL_UART_AbortTransmitCpltCallback
    stm32f1xx_hal_uart.o(i.HAL_UART_AbortTransmit_IT) refers to stm32f1xx_hal_uart.o(i.UART_DMATxOnlyAbortCallback) for UART_DMATxOnlyAbortCallback
    stm32f1xx_hal_uart.o(i.HAL_UART_Abort_IT) refers to stm32f1xx_hal_dma.o(i.HAL_DMA_Abort_IT) for HAL_DMA_Abort_IT
    stm32f1xx_hal_uart.o(i.HAL_UART_Abort_IT) refers to stm32f1xx_hal_uart.o(i.HAL_UART_AbortCpltCallback) for HAL_UART_AbortCpltCallback
    stm32f1xx_hal_uart.o(i.HAL_UART_Abort_IT) refers to stm32f1xx_hal_uart.o(i.UART_DMATxAbortCallback) for UART_DMATxAbortCallback
    stm32f1xx_hal_uart.o(i.HAL_UART_Abort_IT) refers to stm32f1xx_hal_uart.o(i.UART_DMARxAbortCallback) for UART_DMARxAbortCallback
    stm32f1xx_hal_uart.o(i.HAL_UART_DMAStop) refers to stm32f1xx_hal_dma.o(i.HAL_DMA_Abort) for HAL_DMA_Abort
    stm32f1xx_hal_uart.o(i.HAL_UART_DMAStop) refers to stm32f1xx_hal_uart.o(i.UART_EndTxTransfer) for UART_EndTxTransfer
    stm32f1xx_hal_uart.o(i.HAL_UART_DMAStop) refers to stm32f1xx_hal_uart.o(i.UART_EndRxTransfer) for UART_EndRxTransfer
    stm32f1xx_hal_uart.o(i.HAL_UART_DeInit) refers to stm32f1xx_hal_uart.o(i.HAL_UART_MspDeInit) for HAL_UART_MspDeInit
    stm32f1xx_hal_uart.o(i.HAL_UART_IRQHandler) refers to stm32f1xx_hal_uart.o(i.UART_Receive_IT) for UART_Receive_IT
    stm32f1xx_hal_uart.o(i.HAL_UART_IRQHandler) refers to stm32f1xx_hal_uart.o(i.UART_EndRxTransfer) for UART_EndRxTransfer
    stm32f1xx_hal_uart.o(i.HAL_UART_IRQHandler) refers to stm32f1xx_hal_dma.o(i.HAL_DMA_Abort_IT) for HAL_DMA_Abort_IT
    stm32f1xx_hal_uart.o(i.HAL_UART_IRQHandler) refers to stm32f1xx_hal_uart.o(i.HAL_UART_ErrorCallback) for HAL_UART_ErrorCallback
    stm32f1xx_hal_uart.o(i.HAL_UART_IRQHandler) refers to stm32f1xx_hal_uart.o(i.UART_Transmit_IT) for UART_Transmit_IT
[...]
    clock.o(i.rt_tick_increase) refers to thread.o(i.rt_thread_yield) for rt_thread_yield
    clock.o(i.rt_tick_increase) refers to timer.o(i.rt_timer_check) for rt_timer_check
    clock.o(i.rt_tick_increase) refers to clock.o(.data) for .data
    clock.o(i.rt_tick_set) refers to context_rvds.o(.text) for rt_hw_interrupt_disable
    clock.o(i.rt_tick_set) refers to clock.o(.data) for .data
    components.o(i.$Sub$$main) refers to components.o(i.rtthread_startup) for rtthread_startup
    components.o(i.main_thread_entry) refers to components.o(i.rt_components_init) for rt_components_init
    components.o(i.main_thread_entry) refers to main.o(i.main) for $Super$$main
    components.o(i.rt_application_init) refers to thread.o(i.rt_thread_init) for rt_thread_init
    components.o(i.rt_application_init) refers to thread.o(i.rt_thread_startup) for rt_thread_startup
    components.o(i.rt_application_init) refers to components.o(.bss) for .bss
    components.o(i.rt_application_init) refers to components.o(i.main_thread_entry) for main_thread_entry
    components.o(i.rt_components_board_init) refers to components.o(.rti_fn.0.end) for .rti_fn.0.end
    components.o(i.rt_components_board_init) refers to components.o(.rti_fn.1.end) for .rti_fn.1.end
    components.o(i.rt_components_init) refers to components.o(.rti_fn.1.end) for .rti_fn.1.end
    components.o(i.rt_components_init) refers to components.o(.rti_fn.6.end) for .rti_fn.6.end
    components.o(i.rtthread_startup) refers to context_rvds.o(.text) for rt_hw_interrupt_disable
    components.o(i.rtthread_startup) refers to board.o(i.rt_hw_board_init) for rt_hw_board_init
    components.o(i.rtthread_startup) refers to kservice.o(i.rt_show_version) for rt_show_version
    components.o(i.rtthread_startup) refers to timer.o(i.rt_system_timer_init) for rt_system_timer_init
    components.o(i.rtthread_startup) refers to scheduler.o(i.rt_system_scheduler_init) for rt_system_scheduler_init
    components.o(i.rtthread_startup) refers to components.o(i.rt_application_init) for rt_application_init
    components.o(i.rtthread_startup) refers to timer.o(i.rt_system_timer_thread_init) for rt_system_timer_thread_init
    components.o(i.rtthread_startup) refers to idle.o(i.rt_thread_idle_init) for rt_thread_idle_init
    components.o(i.rtthread_startup) refers to scheduler.o(i.rt_system_scheduler_start) for rt_system_scheduler_start
    components.o(.rti_fn.0) refers to components.o(i.rti_start) for rti_start
    components.o(.rti_fn.0.end) refers to components.o(i.rti_board_start) for rti_board_start
    components.o(.rti_fn.1.end) refers to components.o(i.rti_board_end) for rti_board_end
    components.o(.rti_fn.6.end) refers to components.o(i.rti_end) for rti_end
    idle.o(i._has_defunct_thread) refers to scheduler.o(.data) for rt_thread_defunct
    idle.o(i.rt_thread_idle_entry) refers to idle.o(i.rt_thread_idle_excute) for rt_thread_idle_excute
    idle.o(i.rt_thread_idle_excute) refers to context_rvds.o(.text) for rt_hw_interrupt_disable
    idle.o(i.rt_thread_idle_excute) refers to idle.o(i._has_defunct_thread) for _has_defunct_thread
    idle.o(i.rt_thread_idle_excute) refers to scheduler.o(i.rt_enter_critical) for rt_enter_critical
    idle.o(i.rt_thread_idle_excute) refers to object.o(i.rt_object_is_systemobject) for rt_object_is_systemobject
    idle.o(i.rt_thread_idle_excute) refers to scheduler.o(i.rt_exit_critical) for rt_exit_critical
    idle.o(i.rt_thread_idle_excute) refers to object.o(i.rt_object_detach) for rt_object_detach
    idle.o(i.rt_thread_idle_excute) refers to scheduler.o(.data) for rt_thread_defunct
    idle.o(i.rt_thread_idle_gethandler) refers to idle.o(.bss) for .bss
    idle.o(i.rt_thread_idle_init) refers to thread.o(i.rt_thread_init) for rt_thread_init
    idle.o(i.rt_thread_idle_init) refers to thread.o(i.rt_thread_startup) for rt_thread_startup
    idle.o(i.rt_thread_idle_init) refers to idle.o(.bss) for .bss
    idle.o(i.rt_thread_idle_init) refers to idle.o(i.rt_thread_idle_entry) for rt_thread_idle_entry
    ipc.o(i.rt_ipc_list_resume_all) refers to context_rvds.o(.text) for rt_hw_interrupt_disable
    ipc.o(i.rt_ipc_list_resume_all) refers to thread.o(i.rt_thread_resume) for rt_thread_resume
    ipc.o(i.rt_ipc_list_suspend) refers to thread.o(i.rt_thread_suspend) for rt_thread_suspend
    ipc.o(i.rt_ipc_list_suspend) refers to ipc.o(i.rt_list_insert_before) for rt_list_insert_before
    ipc.o(i.rt_mb_control) refers to context_rvds.o(.text) for rt_hw_interrupt_disable
    ipc.o(i.rt_mb_control) refers to ipc.o(i.rt_ipc_list_resume_all) for rt_ipc_list_resume_all
    ipc.o(i.rt_mb_control) refers to scheduler.o(i.rt_schedule) for rt_schedule
    ipc.o(i.rt_mb_detach) refers to ipc.o(i.rt_ipc_list_resume_all) for rt_ipc_list_resume_all
    ipc.o(i.rt_mb_detach) refers to object.o(i.rt_object_detach) for rt_object_detach
    ipc.o(i.rt_mb_init) refers to object.o(i.rt_object_init) for rt_object_init
    ipc.o(i.rt_mb_recv) refers to thread.o(i.rt_thread_self) for rt_thread_self
    ipc.o(i.rt_mb_recv) refers to context_rvds.o(.text) for rt_hw_interrupt_disable
    ipc.o(i.rt_mb_recv) refers to ipc.o(i.rt_ipc_list_suspend) for rt_ipc_list_suspend
    ipc.o(i.rt_mb_recv) refers to clock.o(i.rt_tick_get) for rt_tick_get
    ipc.o(i.rt_mb_recv) refers to timer.o(i.rt_timer_control) for rt_timer_control
    ipc.o(i.rt_mb_recv) refers to timer.o(i.rt_timer_start) for rt_timer_start
    ipc.o(i.rt_mb_recv) refers to scheduler.o(i.rt_schedule) for rt_schedule
    ipc.o(i.rt_mb_recv) refers to thread.o(i.rt_thread_resume) for rt_thread_resume
    ipc.o(i.rt_mb_send) refers to ipc.o(i.rt_mb_send_wait) for rt_mb_send_wait
    ipc.o(i.rt_mb_send_wait) refers to thread.o(i.rt_thread_self) for rt_thread_self
    ipc.o(i.rt_mb_send_wait) refers to context_rvds.o(.text) for rt_hw_interrupt_disable
    ipc.o(i.rt_mb_send_wait) refers to ipc.o(i.rt_ipc_list_suspend) for rt_ipc_list_suspend
    ipc.o(i.rt_mb_send_wait) refers to clock.o(i.rt_tick_get) for rt_tick_get
    ipc.o(i.rt_mb_send_wait) refers to timer.o(i.rt_timer_control) for rt_timer_control
    ipc.o(i.rt_mb_send_wait) refers to timer.o(i.rt_timer_start) for rt_timer_start
    ipc.o(i.rt_mb_send_wait) refers to scheduler.o(i.rt_schedule) for rt_schedule
    ipc.o(i.rt_mb_send_wait) refers to thread.o(i.rt_thread_resume) for rt_thread_resume
    ipc.o(i.rt_sem_control) refers to context_rvds.o(.text) for rt_hw_interrupt_disable
    ipc.o(i.rt_sem_control) refers to ipc.o(i.rt_ipc_list_resume_all) for rt_ipc_list_resume_all
    ipc.o(i.rt_sem_control) refers to scheduler.o(i.rt_schedule) for rt_schedule
    ipc.o(i.rt_sem_detach) refers to ipc.o(i.rt_ipc_list_resume_all) for rt_ipc_list_resume_all
    ipc.o(i.rt_sem_detach) refers to object.o(i.rt_object_detach) for rt_object_detach
    ipc.o(i.rt_sem_init) refers to object.o(i.rt_object_init) for rt_object_init
    ipc.o(i.rt_sem_release) refers to context_rvds.o(.text) for rt_hw_interrupt_disable
    ipc.o(i.rt_sem_release) refers to thread.o(i.rt_thread_resume) for rt_thread_resume
    ipc.o(i.rt_sem_release) refers to scheduler.o(i.rt_schedule) for rt_schedule
    ipc.o(i.rt_sem_take) refers to context_rvds.o(.text) for rt_hw_interrupt_disable
    ipc.o(i.rt_sem_take) refers to thread.o(i.rt_thread_self) for rt_thread_self
    ipc.o(i.rt_sem_take) refers to ipc.o(i.rt_ipc_list_suspend) for rt_ipc_list_suspend
    ipc.o(i.rt_sem_take) refers to timer.o(i.rt_timer_control) for rt_timer_control
    ipc.o(i.rt_sem_take) refers to timer.o(i.rt_timer_start) for rt_timer_start
    ipc.o(i.rt_sem_take) refers to scheduler.o(i.rt_schedule) for rt_schedule
    ipc.o(i.rt_sem_trytake) refers to ipc.o(i.rt_sem_take) for rt_sem_take
    irq.o(i.rt_interrupt_enter) refers to context_rvds.o(.text) for rt_hw_interrupt_disable
    irq.o(i.rt_interrupt_enter) refers to irq.o(.data) for .data
    irq.o(i.rt_interrupt_get_nest) refers to irq.o(.data) for .data
    irq.o(i.rt_interrupt_leave) refers to context_rvds.o(.text) for rt_hw_interrupt_disable
    irq.o(i.rt_interrupt_leave) refers to irq.o(.data) for .data
    kservice.o(i.__rt_ffs) refers to kservice.o(.constdata) for .constdata
    kservice.o(i._rt_errno) refers to irq.o(i.rt_interrupt_get_nest) for rt_interrupt_get_nest
    kservice.o(i._rt_errno) refers to thread.o(i.rt_thread_self) for rt_thread_self
    kservice.o(i._rt_errno) refers to kservice.o(.data) for .data
    kservice.o(i.print_number) refers to kservice.o(.constdata) for .constdata
    kservice.o(i.rt_get_errno) refers to irq.o(i.rt_interrupt_get_nest) for rt_interrupt_get_nest
    kservice.o(i.rt_get_errno) refers to thread.o(i.rt_thread_self) for rt_thread_self
    kservice.o(i.rt_get_errno) refers to kservice.o(.data) for .data
    kservice.o(i.rt_set_errno) refers to irq.o(i.rt_interrupt_get_nest) for rt_interrupt_get_nest
    kservice.o(i.rt_set_errno) refers to thread.o(i.rt_thread_self) for rt_thread_self
    kservice.o(i.rt_set_errno) refers to kservice.o(.data) for .data
    kservice.o(i.rt_snprintf) refers to kservice.o(i.rt_vsnprintf) for rt_vsnprintf
    kservice.o(i.rt_sprintf) refers to kservice.o(i.rt_vsprintf) for rt_vsprintf
    kservice.o(i.rt_strstr) refers to kservice.o(i.rt_strlen) for rt_strlen
    kservice.o(i.rt_strstr) refers to kservice.o(i.rt_memcmp) for rt_memcmp
    kservice.o(i.rt_vsnprintf) refers to kservice.o(i.skip_atoi) for skip_atoi
    kservice.o(i.rt_vsnprintf) refers to kservice.o(i.rt_strlen) for rt_strlen
    kservice.o(i.rt_vsnprintf) refers to kservice.o(i.print_number) for print_number
    kservice.o(i.rt_vsprintf) refers to kservice.o(i.rt_vsnprintf) for rt_vsnprintf
    object.o(i.rt_object_detach) refers to context_rvds.o(.text) for rt_hw_interrupt_disable
    object.o(i.rt_object_find) refers to scheduler.o(i.rt_enter_critical) for rt_enter_critical
    object.o(i.rt_object_find) refers to object.o(i.rt_object_get_information) for rt_object_get_information
    object.o(i.rt_object_find) refers to kservice.o(i.rt_strncmp) for rt_strncmp
    object.o(i.rt_object_find) refers to scheduler.o(i.rt_exit_critical) for rt_exit_critical
    object.o(i.rt_object_get_information) refers to object.o(.data) for .data
    object.o(i.rt_object_init) refers to object.o(i.rt_object_get_information) for rt_object_get_information
    object.o(i.rt_object_init) refers to scheduler.o(i.rt_enter_critical) for rt_enter_critical
    object.o(i.rt_object_init) refers to scheduler.o(i.rt_exit_critical) for rt_exit_critical
    object.o(i.rt_object_init) refers to kservice.o(i.rt_strncpy) for rt_strncpy
    object.o(i.rt_object_init) refers to context_rvds.o(.text) for rt_hw_interrupt_disable
    scheduler.o(i.rt_critical_level) refers to scheduler.o(.data) for .data
    scheduler.o(i.rt_enter_critical) refers to context_rvds.o(.text) for rt_hw_interrupt_disable
    scheduler.o(i.rt_enter_critical) refers to scheduler.o(.data) for .data
    scheduler.o(i.rt_exit_critical) refers to context_rvds.o(.text) for rt_hw_interrupt_disable
    scheduler.o(i.rt_exit_critical) refers to scheduler.o(i.rt_schedule) for rt_schedule
    scheduler.o(i.rt_exit_critical) refers to scheduler.o(.data) for .data
    scheduler.o(i.rt_schedule) refers to context_rvds.o(.text) for rt_hw_interrupt_disable
    scheduler.o(i.rt_schedule) refers to kservice.o(i.__rt_ffs) for __rt_ffs
    scheduler.o(i.rt_schedule) refers to scheduler.o(.data) for .data
    scheduler.o(i.rt_schedule) refers to scheduler.o(.bss) for .bss
    scheduler.o(i.rt_schedule) refers to irq.o(.data) for rt_interrupt_nest
    scheduler.o(i.rt_schedule_insert_thread) refers to context_rvds.o(.text) for rt_hw_interrupt_disable
    scheduler.o(i.rt_schedule_insert_thread) refers to scheduler.o(.bss) for .bss
    scheduler.o(i.rt_schedule_insert_thread) refers to scheduler.o(.data) for .data
    scheduler.o(i.rt_schedule_remove_thread) refers to context_rvds.o(.text) for rt_hw_interrupt_disable
    scheduler.o(i.rt_schedule_remove_thread) refers to scheduler.o(.bss) for .bss
    scheduler.o(i.rt_schedule_remove_thread) refers to scheduler.o(.data) for .data
    scheduler.o(i.rt_system_scheduler_init) refers to scheduler.o(.data) for .data
    scheduler.o(i.rt_system_scheduler_init) refers to scheduler.o(.bss) for .bss
    scheduler.o(i.rt_system_scheduler_start) refers to kservice.o(i.__rt_ffs) for __rt_ffs
    scheduler.o(i.rt_system_scheduler_start) refers to context_rvds.o(.text) for rt_hw_context_switch_to
    scheduler.o(i.rt_system_scheduler_start) refers to scheduler.o(.data) for .data
    scheduler.o(i.rt_system_scheduler_start) refers to scheduler.o(.bss) for .bss
    thread.o(i._rt_thread_init) refers to kservice.o(i.rt_memset) for rt_memset
    thread.o(i._rt_thread_init) refers to cpuport.o(i.rt_hw_stack_init) for rt_hw_stack_init
    thread.o(i._rt_thread_init) refers to timer.o(i.rt_timer_init) for rt_timer_init
    thread.o(i._rt_thread_init) refers to thread.o(i.rt_thread_exit) for rt_thread_exit
    thread.o(i._rt_thread_init) refers to thread.o(i.rt_thread_timeout) for rt_thread_timeout
    thread.o(i.rt_thread_control) refers to context_rvds.o(.text) for rt_hw_interrupt_disable
    thread.o(i.rt_thread_control) refers to scheduler.o(i.rt_schedule_remove_thread) for rt_schedule_remove_thread
    thread.o(i.rt_thread_control) refers to scheduler.o(i.rt_schedule_insert_thread) for rt_schedule_insert_thread
    thread.o(i.rt_thread_control) refers to thread.o(i.rt_thread_startup) for rt_thread_startup
    thread.o(i.rt_thread_delay) refers to thread.o(i.rt_thread_sleep) for rt_thread_sleep
    thread.o(i.rt_thread_detach) refers to scheduler.o(i.rt_schedule_remove_thread) for rt_schedule_remove_thread
    thread.o(i.rt_thread_detach) refers to timer.o(i.rt_timer_detach) for rt_timer_detach
    thread.o(i.rt_thread_detach) refers to object.o(i.rt_object_is_systemobject) for rt_object_is_systemobject
    thread.o(i.rt_thread_detach) refers to context_rvds.o(.text) for rt_hw_interrupt_disable
    thread.o(i.rt_thread_detach) refers to thread.o(i.rt_list_insert_after) for rt_list_insert_after
    thread.o(i.rt_thread_detach) refers to object.o(i.rt_object_detach) for rt_object_detach
    thread.o(i.rt_thread_detach) refers to scheduler.o(.data) for rt_thread_defunct
    thread.o(i.rt_thread_exit) refers to context_rvds.o(.text) for rt_hw_interrupt_disable
    thread.o(i.rt_thread_exit) refers to scheduler.o(i.rt_schedule_remove_thread) for rt_schedule_remove_thread
    thread.o(i.rt_thread_exit) refers to timer.o(i.rt_timer_detach) for rt_timer_detach
    thread.o(i.rt_thread_exit) refers to object.o(i.rt_object_is_systemobject) for rt_object_is_systemobject
    thread.o(i.rt_thread_exit) refers to thread.o(i.rt_list_insert_after) for rt_list_insert_after
    thread.o(i.rt_thread_exit) refers to scheduler.o(i.rt_schedule) for rt_schedule
    thread.o(i.rt_thread_exit) refers to object.o(i.rt_object_detach) for rt_object_detach
    thread.o(i.rt_thread_exit) refers to scheduler.o(.data) for rt_current_thread
    thread.o(i.rt_thread_find) refers to scheduler.o(i.rt_enter_critical) for rt_enter_critical
    thread.o(i.rt_thread_find) refers to object.o(i.rt_object_get_information) for rt_object_get_information
    thread.o(i.rt_thread_find) refers to kservice.o(i.rt_strncmp) for rt_strncmp
    thread.o(i.rt_thread_find) refers to scheduler.o(i.rt_exit_critical) for rt_exit_critical
    thread.o(i.rt_thread_find) refers to scheduler.o(.data) for rt_current_thread
    thread.o(i.rt_thread_init) refers to object.o(i.rt_object_init) for rt_object_init
    thread.o(i.rt_thread_init) refers to thread.o(i._rt_thread_init) for _rt_thread_init
    thread.o(i.rt_thread_mdelay) refers to clock.o(i.rt_tick_from_millisecond) for rt_tick_from_millisecond
    thread.o(i.rt_thread_mdelay) refers to thread.o(i.rt_thread_sleep) for rt_thread_sleep
    thread.o(i.rt_thread_resume) refers to context_rvds.o(.text) for rt_hw_interrupt_disable
    thread.o(i.rt_thread_resume) refers to thread.o(i.rt_list_remove) for rt_list_remove
    thread.o(i.rt_thread_resume) refers to timer.o(i.rt_timer_stop) for rt_timer_stop
    thread.o(i.rt_thread_resume) refers to scheduler.o(i.rt_schedule_insert_thread) for rt_schedule_insert_thread
    thread.o(i.rt_thread_self) refers to scheduler.o(.data) for rt_current_thread
    thread.o(i.rt_thread_sleep) refers to context_rvds.o(.text) for rt_hw_interrupt_disable
    thread.o(i.rt_thread_sleep) refers to thread.o(i.rt_thread_suspend) for rt_thread_suspend
    thread.o(i.rt_thread_sleep) refers to timer.o(i.rt_timer_control) for rt_timer_control
    thread.o(i.rt_thread_sleep) refers to timer.o(i.rt_timer_start) for rt_timer_start
    thread.o(i.rt_thread_sleep) refers to scheduler.o(i.rt_schedule) for rt_schedule
    thread.o(i.rt_thread_sleep) refers to scheduler.o(.data) for rt_current_thread
    thread.o(i.rt_thread_startup) refers to thread.o(i.rt_thread_resume) for rt_thread_resume
    thread.o(i.rt_thread_startup) refers to scheduler.o(i.rt_schedule) for rt_schedule
    thread.o(i.rt_thread_startup) refers to scheduler.o(.data) for rt_current_thread
    thread.o(i.rt_thread_suspend) refers to context_rvds.o(.text) for rt_hw_interrupt_disable
    thread.o(i.rt_thread_suspend) refers to scheduler.o(i.rt_schedule_remove_thread) for rt_schedule_remove_thread
    thread.o(i.rt_thread_suspend) refers to timer.o(i.rt_timer_stop) for rt_timer_stop
    thread.o(i.rt_thread_timeout) refers to thread.o(i.rt_list_remove) for rt_list_remove
    thread.o(i.rt_thread_timeout) refers to scheduler.o(i.rt_schedule_insert_thread) for rt_schedule_insert_thread
    thread.o(i.rt_thread_timeout) refers to scheduler.o(i.rt_schedule) for rt_schedule
    thread.o(i.rt_thread_yield) refers to context_rvds.o(.text) for rt_hw_interrupt_disable
    thread.o(i.rt_thread_yield) refers to thread.o(i.rt_list_remove) for rt_list_remove
    thread.o(i.rt_thread_yield) refers to scheduler.o(i.rt_schedule) for rt_schedule
    thread.o(i.rt_thread_yield) refers to scheduler.o(.data) for rt_current_thread
    thread.o(i.rt_thread_yield) refers to scheduler.o(.bss) for rt_thread_priority_table
    timer.o(i.rt_system_timer_init) refers to timer.o(.data) for .data
    timer.o(i.rt_timer_check) refers to clock.o(i.rt_tick_get) for rt_tick_get
    timer.o(i.rt_timer_check) refers to context_rvds.o(.text) for rt_hw_interrupt_disable
    timer.o(i.rt_timer_check) refers to timer.o(i._rt_timer_remove) for _rt_timer_remove
    timer.o(i.rt_timer_check) refers to timer.o(i.rt_timer_start) for rt_timer_start
    timer.o(i.rt_timer_check) refers to timer.o(.data) for .data
    timer.o(i.rt_timer_detach) refers to context_rvds.o(.text) for rt_hw_interrupt_disable
    timer.o(i.rt_timer_detach) refers to timer.o(i._rt_timer_remove) for _rt_timer_remove
    timer.o(i.rt_timer_detach) refers to object.o(i.rt_object_detach) for rt_object_detach
    timer.o(i.rt_timer_init) refers to object.o(i.rt_object_init) for rt_object_init
    timer.o(i.rt_timer_next_timeout_tick) refers to timer.o(.data) for .data
    timer.o(i.rt_timer_start) refers to context_rvds.o(.text) for rt_hw_interrupt_disable
    timer.o(i.rt_timer_start) refers to timer.o(i._rt_timer_remove) for _rt_timer_remove
    timer.o(i.rt_timer_start) refers to clock.o(i.rt_tick_get) for rt_tick_get
    timer.o(i.rt_timer_start) refers to timer.o(i.rt_list_insert_after) for rt_list_insert_after
    timer.o(i.rt_timer_start) refers to timer.o(.data) for .data
    timer.o(i.rt_timer_stop) refers to context_rvds.o(.text) for rt_hw_interrupt_disable
    timer.o(i.rt_timer_stop) refers to timer.o(i._rt_timer_remove) for _rt_timer_remove
    board.o(i.SysTick_Handler) refers to irq.o(i.rt_interrupt_enter) for rt_interrupt_enter
    board.o(i.SysTick_Handler) refers to clock.o(i.rt_tick_increase) for rt_tick_increase
    board.o(i.SysTick_Handler) refers to irq.o(i.rt_interrupt_leave) for rt_interrupt_leave
    board.o(i.rt_hw_board_init) refers to system_stm32f1xx.o(i.SystemCoreClockUpdate) for SystemCoreClockUpdate
    board.o(i.rt_hw_board_init) refers to components.o(i.rt_components_board_init) for rt_components_board_init
    board.o(i.rt_hw_board_init) refers to system_stm32f1xx.o(.data) for SystemCoreClock
    entry.o(.ARM.Collect$$$$00000000) refers (Special) to entry10a.o(.ARM.Collect$$$$0000000D) for __rt_final_cpp
    entry.o(.ARM.Collect$$$$00000000) refers (Special) to entry11a.o(.ARM.Collect$$$$0000000F) for __rt_final_exit
    entry.o(.ARM.Collect$$$$00000000) refers (Special) to entry7b.o(.ARM.Collect$$$$00000008) for _main_clock
    entry.o(.ARM.Collect$$$$00000000) refers (Special) to entry8b.o(.ARM.Collect$$$$0000000A) for _main_cpp_init
    entry.o(.ARM.Collect$$$$00000000) refers (Special) to entry9a.o(.ARM.Collect$$$$0000000B) for _main_init
    entry.o(.ARM.Collect$$$$00000000) refers (Special) to entry5.o(.ARM.Collect$$$$00000004) for _main_scatterload
    entry.o(.ARM.Collect$$$$00000000) refers (Special) to entry2.o(.ARM.Collect$$$$00000001) for _main_stk
    entry2.o(.ARM.Collect$$$$00000001) refers to entry2.o(.ARM.Collect$$$$00002712) for __lit__00000000
    entry2.o(.ARM.Collect$$$$00002712) refers to startup_stm32f103xb.o(STACK) for __initial_sp
    entry2.o(__vectab_stack_and_reset_area) refers to startup_stm32f103xb.o(STACK) for __initial_sp
    entry2.o(__vectab_stack_and_reset_area) refers to entry.o(.ARM.Collect$$$$00000000) for __main
    entry5.o(.ARM.Collect$$$$00000004) refers to init.o(.text) for __scatterload
    entry9a.o(.ARM.Collect$$$$0000000B) refers to components.o(i.$Sub$$main) for main
    entry9b.o(.ARM.Collect$$$$0000000C) refers to components.o(i.$Sub$$main) for main
    init.o(.text) refers to entry5.o(.ARM.Collect$$$$00000004) for __main_after_scatterload


==============================================================================

Removing Unused input sections from the image.

    Removing main.o(.rev16_text), (4 bytes).
    Removing main.o(.revsh_text), (4 bytes).
    Removing main.o(.rrx_text), (6 bytes).
    Removing startup_stm32f103xb.o(HEAP), (512 bytes).
    Removing stm32f1xx_hal_gpio_ex.o(.rev16_text), (4 bytes).
    Removing stm32f1xx_hal_gpio_ex.o(.revsh_text), (4 bytes).
    Removing stm32f1xx_hal_gpio_ex.o(.rrx_text), (6 bytes).
    Removing stm32f1xx_hal_gpio_ex.o(i.HAL_GPIOEx_ConfigEventout), (20 bytes).
    Removing stm32f1xx_hal_gpio_ex.o(i.HAL_GPIOEx_DisableEventout), (16 bytes).
    Removing stm32f1xx_hal_gpio_ex.o(i.HAL_GPIOEx_EnableEventout), (16 bytes).
    Removing stm32f1xx_hal_tim.o(.rev16_text), (4 bytes).
    Removing stm32f1xx_hal_tim.o(.revsh_text), (4 bytes).
    Removing stm32f1xx_hal_tim.o(.rrx_text), (6 bytes).
    Removing stm32f1xx_hal_tim_ex.o(.rev16_text), (4 bytes).
    Removing stm32f1xx_hal_tim_ex.o(.revsh_text), (4 bytes).
    Removing stm32f1xx_hal_tim_ex.o(.rrx_text), (6 bytes).
    Removing stm32f1xx_hal_uart.o(.rev16_text), (4 bytes).
    Removing stm32f1xx_hal_uart.o(.revsh_text), (4 bytes).
    Removing stm32f1xx_hal_uart.o(.rrx_text), (6 bytes).
    Removing stm32f1xx_hal_uart.o(i.HAL_HalfDuplex_EnableReceiver), (50 bytes).
    Removing stm32f1xx_hal_uart.o(i.HAL_HalfDuplex_EnableTransmitter), (50 bytes).
    Removing stm32f1xx_hal_uart.o(i.HAL_HalfDuplex_Init), (108 bytes).
    Removing stm32f1xx_hal_uart.o(i.HAL_LIN_Init), (128 bytes).
    Removing stm32f1xx_hal_uart.o(i.HAL_LIN_SendBreak), (46 bytes).
    Removing stm32f1xx_hal_uart.o(i.HAL_MultiProcessor_EnterMuteMode), (46 bytes).
    Removing stm32f1xx_hal_uart.o(i.HAL_MultiProcessor_ExitMuteMode), (46 bytes).
    Removing stm32f1xx_hal_uart.o(i.HAL_MultiProcessor_Init), (142 bytes).
    Removing stm32f1xx_hal_uart.o(i.HAL_UART_Abort), (138 bytes).
    Removing stm32f1xx_hal_uart.o(i.HAL_UART_AbortCpltCallback), (2 bytes).
    Removing stm32f1xx_hal_uart.o(i.HAL_UART_AbortReceive), (88 bytes).
    Removing stm32f1xx_hal_uart.o(i.HAL_UART_AbortReceiveCpltCallback), (2 bytes).
    Removing stm32f1xx_hal_uart.o(i.HAL_UART_AbortReceive_IT), (92 bytes).
    Removing stm32f1xx_hal_uart.o(i.HAL_UART_AbortTransmit), (78 bytes).
    Removing stm32f1xx_hal_uart.o(i.HAL_UART_AbortTransmitCpltCallback), (2 bytes).
    Removing stm32f1xx_hal_uart.o(i.HAL_UART_AbortTransmit_IT), (84 bytes).
    Removing stm32f1xx_hal_uart.o(i.HAL_UART_Abort_IT), (172 bytes).
    Removing stm32f1xx_hal_uart.o(i.HAL_UART_DMAPause), (102 bytes).
    Removing stm32f1xx_hal_uart.o(i.HAL_UART_DMAResume), (94 bytes).
    Removing stm32f1xx_hal_uart.o(i.HAL_UART_DMAStop), (88 bytes).
    Removing stm32f1xx_hal_uart.o(i.HAL_UART_DeInit), (50 bytes).
    Removing stm32f1xx_hal_uart.o(i.HAL_UART_ErrorCallback), (2 bytes).
    Removing stm32f1xx_hal_uart.o(i.HAL_UART_GetError), (4 bytes).
    Removing stm32f1xx_hal_uart.o(i.HAL_UART_GetState), (10 bytes).
    Removing stm32f1xx_hal_uart.o(i.HAL_UART_IRQHandler), (272 bytes).
    Removing stm32f1xx_hal_uart.o(i.HAL_UART_Init), (98 bytes).
    Removing stm32f1xx_hal_uart.o(i.HAL_UART_MspDeInit), (2 bytes).
    Removing stm32f1xx_hal_uart.o(i.HAL_UART_MspInit), (2 bytes).
    Removing stm32f1xx_hal_uart.o(i.HAL_UART_Receive), (184 bytes).
    Removing stm32f1xx_hal_uart.o(i.HAL_UART_Receive_DMA), (152 bytes).
    Removing stm32f1xx_hal_uart.o(i.HAL_UART_Receive_IT), (82 bytes).
    Removing stm32f1xx_hal_uart.o(i.HAL_UART_RxCpltCallback), (2 bytes).
    Removing stm32f1xx_hal_uart.o(i.HAL_UART_RxHalfCpltCallback), (2 bytes).
    Removing stm32f1xx_hal_uart.o(i.HAL_UART_Transmit), (186 bytes).
    Removing stm32f1xx_hal_uart.o(i.HAL_UART_Transmit_DMA), (128 bytes).
    Removing stm32f1xx_hal_uart.o(i.HAL_UART_Transmit_IT), (62 bytes).
    Removing stm32f1xx_hal_uart.o(i.HAL_UART_TxCpltCallback), (2 bytes).
    Removing stm32f1xx_hal_uart.o(i.HAL_UART_TxHalfCpltCallback), (2 bytes).
    Removing stm32f1xx_hal_uart.o(i.UART_DMAAbortOnError), (16 bytes).
    Removing stm32f1xx_hal_uart.o(i.UART_DMAError), (74 bytes).
    Removing stm32f1xx_hal_uart.o(i.UART_DMAReceiveCplt), (60 bytes).
    Removing stm32f1xx_hal_uart.o(i.UART_DMARxAbortCallback), (42 bytes).
    Removing stm32f1xx_hal_uart.o(i.UART_DMARxHalfCplt), (10 bytes).
    Removing stm32f1xx_hal_uart.o(i.UART_DMARxOnlyAbortCallback), (20 bytes).
    Removing stm32f1xx_hal_uart.o(i.UART_DMATransmitCplt), (46 bytes).
    Removing stm32f1xx_hal_uart.o(i.UART_DMATxAbortCallback), (42 bytes).
    Removing stm32f1xx_hal_uart.o(i.UART_DMATxHalfCplt), (10 bytes).
    Removing stm32f1xx_hal_uart.o(i.UART_DMATxOnlyAbortCallback), (20 bytes).
    Removing stm32f1xx_hal_uart.o(i.UART_EndRxTransfer), (28 bytes).
    Removing stm32f1xx_hal_uart.o(i.UART_EndTxTransfer), (18 bytes).
    Removing stm32f1xx_hal_uart.o(i.UART_Receive_IT), (150 bytes).
    Removing stm32f1xx_hal_uart.o(i.UART_SetConfig), (184 bytes).
    Removing stm32f1xx_hal_uart.o(i.UART_Transmit_IT), (98 bytes).
    Removing stm32f1xx_hal_uart.o(i.UART_WaitOnFlagUntilTimeout), (100 bytes).
    Removing stm32f1xx_hal.o(.rev16_text), (4 bytes).
    Removing stm32f1xx_hal.o(.revsh_text), (4 bytes).
    Removing stm32f1xx_hal.o(.rrx_text), (6 bytes).
    Removing stm32f1xx_hal.o(i.HAL_DBGMCU_DisableDBGSleepMode), (16 bytes).
    Removing stm32f1xx_hal.o(i.HAL_DBGMCU_DisableDBGStandbyMode), (16 bytes).
    Removing stm32f1xx_hal.o(i.HAL_DBGMCU_DisableDBGStopMode), (16 bytes).
    Removing stm32f1xx_hal.o(i.HAL_DBGMCU_EnableDBGSleepMode), (16 bytes).
    Removing stm32f1xx_hal.o(i.HAL_DBGMCU_EnableDBGStandbyMode), (16 bytes).
    Removing stm32f1xx_hal.o(i.HAL_DBGMCU_EnableDBGStopMode), (16 bytes).
    Removing stm32f1xx_hal.o(i.HAL_DeInit), (32 bytes).
    Removing stm32f1xx_hal.o(i.HAL_Delay), (36 bytes).
    Removing stm32f1xx_hal.o(i.HAL_GetDEVID), (16 bytes).
    Removing stm32f1xx_hal.o(i.HAL_GetHalVersion), (8 bytes).
    Removing stm32f1xx_hal.o(i.HAL_GetREVID), (12 bytes).
    Removing stm32f1xx_hal.o(i.HAL_GetTick), (12 bytes).
    Removing stm32f1xx_hal.o(i.HAL_GetTickFreq), (12 bytes).
    Removing stm32f1xx_hal.o(i.HAL_GetTickPrio), (12 bytes).
    Removing stm32f1xx_hal.o(i.HAL_GetUIDw0), (12 bytes).
    Removing stm32f1xx_hal.o(i.HAL_GetUIDw1), (12 bytes).
    Removing stm32f1xx_hal.o(i.HAL_GetUIDw2), (12 bytes).
    Removing stm32f1xx_hal.o(i.HAL_IncTick), (16 bytes).
    Removing stm32f1xx_hal.o(i.HAL_Init), (36 bytes).
    Removing stm32f1xx_hal.o(i.HAL_InitTick), (64 bytes).
    Removing stm32f1xx_hal.o(i.HAL_MspDeInit), (2 bytes).
    Removing stm32f1xx_hal.o(i.HAL_MspInit), (2 bytes).
    Removing stm32f1xx_hal.o(i.HAL_ResumeTick), (14 bytes).
    Removing stm32f1xx_hal.o(i.HAL_SetTickFreq), (32 bytes).
    Removing stm32f1xx_hal.o(i.HAL_SuspendTick), (14 bytes).
    Removing stm32f1xx_hal.o(.data), (12 bytes).
    Removing stm32f1xx_hal_rcc.o(.rev16_text), (4 bytes).
    Removing stm32f1xx_hal_rcc.o(.revsh_text), (4 bytes).
    Removing stm32f1xx_hal_rcc.o(.rrx_text), (6 bytes).
    Removing stm32f1xx_hal_rcc.o(i.HAL_RCC_CSSCallback), (2 bytes).
    Removing stm32f1xx_hal_rcc.o(i.HAL_RCC_ClockConfig), (300 bytes).
    Removing stm32f1xx_hal_rcc.o(i.HAL_RCC_DeInit), (220 bytes).
    Removing stm32f1xx_hal_rcc.o(i.HAL_RCC_DisableCSS), (12 bytes).
    Removing stm32f1xx_hal_rcc.o(i.HAL_RCC_EnableCSS), (12 bytes).
    Removing stm32f1xx_hal_rcc.o(i.HAL_RCC_GetClockConfig), (64 bytes).
    Removing stm32f1xx_hal_rcc.o(i.HAL_RCC_GetHCLKFreq), (12 bytes).
    Removing stm32f1xx_hal_rcc.o(i.HAL_RCC_GetOscConfig), (144 bytes).
    Removing stm32f1xx_hal_rcc.o(i.HAL_RCC_GetPCLK1Freq), (32 bytes).
    Removing stm32f1xx_hal_rcc.o(i.HAL_RCC_GetPCLK2Freq), (32 bytes).
    Removing stm32f1xx_hal_rcc.o(i.HAL_RCC_GetSysClockFreq), (108 bytes).
    Removing stm32f1xx_hal_rcc.o(i.HAL_RCC_MCOConfig), (72 bytes).
    Removing stm32f1xx_hal_rcc.o(i.HAL_RCC_NMI_IRQHandler), (24 bytes).
    Removing stm32f1xx_hal_rcc.o(i.HAL_RCC_OscConfig), (800 bytes).
    Removing stm32f1xx_hal_rcc_ex.o(.rev16_text), (4 bytes).
    Removing stm32f1xx_hal_rcc_ex.o(.revsh_text), (4 bytes).
    Removing stm32f1xx_hal_rcc_ex.o(.rrx_text), (6 bytes).
    Removing stm32f1xx_hal_rcc_ex.o(i.HAL_RCCEx_GetPeriphCLKConfig), (44 bytes).
    Removing stm32f1xx_hal_rcc_ex.o(i.HAL_RCCEx_GetPeriphCLKFreq), (200 bytes).
    Removing stm32f1xx_hal_rcc_ex.o(i.HAL_RCCEx_PeriphCLKConfig), (236 bytes).
    Removing stm32f1xx_hal_gpio.o(.rev16_text), (4 bytes).
    Removing stm32f1xx_hal_gpio.o(.revsh_text), (4 bytes).
    Removing stm32f1xx_hal_gpio.o(.rrx_text), (6 bytes).
    Removing stm32f1xx_hal_gpio.o(i.HAL_GPIO_DeInit), (252 bytes).
    Removing stm32f1xx_hal_gpio.o(i.HAL_GPIO_EXTI_Callback), (2 bytes).
    Removing stm32f1xx_hal_gpio.o(i.HAL_GPIO_EXTI_IRQHandler), (24 bytes).
    Removing stm32f1xx_hal_gpio.o(i.HAL_GPIO_LockPin), (34 bytes).
    Removing stm32f1xx_hal_gpio.o(i.HAL_GPIO_ReadPin), (10 bytes).
    Removing stm32f1xx_hal_gpio.o(i.HAL_GPIO_TogglePin), (14 bytes).
    Removing stm32f1xx_hal_dma.o(.rev16_text), (4 bytes).
    Removing stm32f1xx_hal_dma.o(.revsh_text), (4 bytes).
    Removing stm32f1xx_hal_dma.o(.rrx_text), (6 bytes).
    Removing stm32f1xx_hal_dma.o(i.DMA_SetConfig), (42 bytes).
    Removing stm32f1xx_hal_dma.o(i.HAL_DMA_Abort), (70 bytes).
    Removing stm32f1xx_hal_dma.o(i.HAL_DMA_Abort_IT), (152 bytes).
    Removing stm32f1xx_hal_dma.o(i.HAL_DMA_DeInit), (92 bytes).
    Removing stm32f1xx_hal_dma.o(i.HAL_DMA_GetError), (4 bytes).
    Removing stm32f1xx_hal_dma.o(i.HAL_DMA_GetState), (6 bytes).
    Removing stm32f1xx_hal_dma.o(i.HAL_DMA_IRQHandler), (340 bytes).
    Removing stm32f1xx_hal_dma.o(i.HAL_DMA_Init), (92 bytes).
    Removing stm32f1xx_hal_dma.o(i.HAL_DMA_PollForTransfer), (532 bytes).
    Removing stm32f1xx_hal_dma.o(i.HAL_DMA_RegisterCallback), (74 bytes).
    Removing stm32f1xx_hal_dma.o(i.HAL_DMA_Start), (80 bytes).
    Removing stm32f1xx_hal_dma.o(i.HAL_DMA_Start_IT), (112 bytes).
    Removing stm32f1xx_hal_dma.o(i.HAL_DMA_UnRegisterCallback), (82 bytes).
    Removing stm32f1xx_hal_cortex.o(.rev16_text), (4 bytes).
    Removing stm32f1xx_hal_cortex.o(.revsh_text), (4 bytes).
    Removing stm32f1xx_hal_cortex.o(.rrx_text), (6 bytes).
    Removing stm32f1xx_hal_cortex.o(i.HAL_NVIC_ClearPendingIRQ), (26 bytes).
    Removing stm32f1xx_hal_cortex.o(i.HAL_NVIC_DisableIRQ), (34 bytes).
    Removing stm32f1xx_hal_cortex.o(i.HAL_NVIC_EnableIRQ), (26 bytes).
    Removing stm32f1xx_hal_cortex.o(i.HAL_NVIC_GetActive), (36 bytes).
    Removing stm32f1xx_hal_cortex.o(i.HAL_NVIC_GetPendingIRQ), (36 bytes).
    Removing stm32f1xx_hal_cortex.o(i.HAL_NVIC_GetPriority), (82 bytes).
    Removing stm32f1xx_hal_cortex.o(i.HAL_NVIC_GetPriorityGrouping), (16 bytes).
    Removing stm32f1xx_hal_cortex.o(i.HAL_NVIC_SetPendingIRQ), (26 bytes).
    Removing stm32f1xx_hal_cortex.o(i.HAL_NVIC_SetPriority), (64 bytes).
    Removing stm32f1xx_hal_cortex.o(i.HAL_NVIC_SetPriorityGrouping), (36 bytes).
    Removing stm32f1xx_hal_cortex.o(i.HAL_NVIC_SystemReset), (36 bytes).
    Removing stm32f1xx_hal_cortex.o(i.HAL_SYSTICK_CLKSourceConfig), (24 bytes).
    Removing stm32f1xx_hal_cortex.o(i.HAL_SYSTICK_Callback), (2 bytes).
    Removing stm32f1xx_hal_cortex.o(i.HAL_SYSTICK_Config), (40 bytes).
    Removing stm32f1xx_hal_cortex.o(i.HAL_SYSTICK_IRQHandler), (8 bytes).
    Removing stm32f1xx_hal_cortex.o(i.__NVIC_SetPriority), (32 bytes).
    Removing stm32f1xx_hal_pwr.o(.rev16_text), (4 bytes).
    Removing stm32f1xx_hal_pwr.o(.revsh_text), (4 bytes).
    Removing stm32f1xx_hal_pwr.o(.rrx_text), (6 bytes).
    Removing stm32f1xx_hal_pwr.o(i.HAL_PWR_ConfigPVD), (124 bytes).
    Removing stm32f1xx_hal_pwr.o(i.HAL_PWR_DeInit), (24 bytes).
    Removing stm32f1xx_hal_pwr.o(i.HAL_PWR_DisableBkUpAccess), (12 bytes).
    Removing stm32f1xx_hal_pwr.o(i.HAL_PWR_DisablePVD), (12 bytes).
    Removing stm32f1xx_hal_pwr.o(i.HAL_PWR_DisableSEVOnPend), (16 bytes).
    Removing stm32f1xx_hal_pwr.o(i.HAL_PWR_DisableSleepOnExit), (16 bytes).
    Removing stm32f1xx_hal_pwr.o(i.HAL_PWR_DisableWakeUpPin), (28 bytes).
    Removing stm32f1xx_hal_pwr.o(i.HAL_PWR_EnableBkUpAccess), (12 bytes).
    Removing stm32f1xx_hal_pwr.o(i.HAL_PWR_EnablePVD), (12 bytes).
    Removing stm32f1xx_hal_pwr.o(i.HAL_PWR_EnableSEVOnPend), (16 bytes).
    Removing stm32f1xx_hal_pwr.o(i.HAL_PWR_EnableSleepOnExit), (16 bytes).
    Removing stm32f1xx_hal_pwr.o(i.HAL_PWR_EnableWakeUpPin), (28 bytes).
    Removing stm32f1xx_hal_pwr.o(i.HAL_PWR_EnterSLEEPMode), (32 bytes).
    Removing stm32f1xx_hal_pwr.o(i.HAL_PWR_EnterSTANDBYMode), (32 bytes).
    Removing stm32f1xx_hal_pwr.o(i.HAL_PWR_EnterSTOPMode), (68 bytes).
    Removing stm32f1xx_hal_pwr.o(i.HAL_PWR_PVDCallback), (2 bytes).
    Removing stm32f1xx_hal_pwr.o(i.HAL_PWR_PVD_IRQHandler), (28 bytes).
    Removing stm32f1xx_hal_pwr.o(i.PWR_OverloadWfe), (6 bytes).
    Removing stm32f1xx_hal_flash.o(.rev16_text), (4 bytes).
    Removing stm32f1xx_hal_flash.o(.revsh_text), (4 bytes).
    Removing stm32f1xx_hal_flash.o(.rrx_text), (6 bytes).
    Removing stm32f1xx_hal_flash.o(i.FLASH_Program_HalfWord), (28 bytes).
    Removing stm32f1xx_hal_flash.o(i.FLASH_SetErrorCode), (92 bytes).
    Removing stm32f1xx_hal_flash.o(i.FLASH_WaitForLastOperation), (84 bytes).
    Removing stm32f1xx_hal_flash.o(i.HAL_FLASH_EndOfOperationCallback), (2 bytes).
    Removing stm32f1xx_hal_flash.o(i.HAL_FLASH_GetError), (12 bytes).
    Removing stm32f1xx_hal_flash.o(i.HAL_FLASH_IRQHandler), (264 bytes).
    Removing stm32f1xx_hal_flash.o(i.HAL_FLASH_Lock), (20 bytes).
    Removing stm32f1xx_hal_flash.o(i.HAL_FLASH_OB_Launch), (4 bytes).
    Removing stm32f1xx_hal_flash.o(i.HAL_FLASH_OB_Lock), (20 bytes).
    Removing stm32f1xx_hal_flash.o(i.HAL_FLASH_OB_Unlock), (36 bytes).
    Removing stm32f1xx_hal_flash.o(i.HAL_FLASH_OperationErrorCallback), (2 bytes).
    Removing stm32f1xx_hal_flash.o(i.HAL_FLASH_Program), (128 bytes).
    Removing stm32f1xx_hal_flash.o(i.HAL_FLASH_Program_IT), (100 bytes).
    Removing stm32f1xx_hal_flash.o(i.HAL_FLASH_Unlock), (40 bytes).
    Removing stm32f1xx_hal_flash.o(.bss), (32 bytes).
    Removing stm32f1xx_hal_flash_ex.o(.rev16_text), (4 bytes).
    Removing stm32f1xx_hal_flash_ex.o(.revsh_text), (4 bytes).
    Removing stm32f1xx_hal_flash_ex.o(.rrx_text), (6 bytes).
    Removing stm32f1xx_hal_flash_ex.o(i.FLASH_MassErase), (36 bytes).
    Removing stm32f1xx_hal_flash_ex.o(i.FLASH_OB_DisableWRP), (176 bytes).
    Removing stm32f1xx_hal_flash_ex.o(i.FLASH_OB_EnableWRP), (176 bytes).
    Removing stm32f1xx_hal_flash_ex.o(i.FLASH_OB_GetRDP), (24 bytes).
    Removing stm32f1xx_hal_flash_ex.o(i.FLASH_OB_RDP_LevelConfig), (100 bytes).
    Removing stm32f1xx_hal_flash_ex.o(i.FLASH_PageErase), (36 bytes).
    Removing stm32f1xx_hal_flash_ex.o(i.HAL_FLASHEx_Erase), (168 bytes).
    Removing stm32f1xx_hal_flash_ex.o(i.HAL_FLASHEx_Erase_IT), (84 bytes).
    Removing stm32f1xx_hal_flash_ex.o(i.HAL_FLASHEx_OBErase), (84 bytes).
    Removing stm32f1xx_hal_flash_ex.o(i.HAL_FLASHEx_OBGetConfig), (36 bytes).
    Removing stm32f1xx_hal_flash_ex.o(i.HAL_FLASHEx_OBGetUserData), (32 bytes).
    Removing stm32f1xx_hal_flash_ex.o(i.HAL_FLASHEx_OBProgram), (200 bytes).
    Removing stm32f1xx_hal_exti.o(.rev16_text), (4 bytes).
    Removing stm32f1xx_hal_exti.o(.revsh_text), (4 bytes).
    Removing stm32f1xx_hal_exti.o(.rrx_text), (6 bytes).
    Removing stm32f1xx_hal_exti.o(i.HAL_EXTI_ClearConfigLine), (104 bytes).
    Removing stm32f1xx_hal_exti.o(i.HAL_EXTI_ClearPending), (20 bytes).
    Removing stm32f1xx_hal_exti.o(i.HAL_EXTI_GenerateSWI), (20 bytes).
    Removing stm32f1xx_hal_exti.o(i.HAL_EXTI_GetConfigLine), (152 bytes).
    Removing stm32f1xx_hal_exti.o(i.HAL_EXTI_GetHandle), (12 bytes).
    Removing stm32f1xx_hal_exti.o(i.HAL_EXTI_GetPending), (24 bytes).
    Removing stm32f1xx_hal_exti.o(i.HAL_EXTI_IRQHandler), (36 bytes).
    Removing stm32f1xx_hal_exti.o(i.HAL_EXTI_RegisterCallback), (14 bytes).
    Removing stm32f1xx_hal_exti.o(i.HAL_EXTI_SetConfigLine), (164 bytes).
    Removing system_stm32f1xx.o(.rev16_text), (4 bytes).
    Removing system_stm32f1xx.o(.revsh_text), (4 bytes).
    Removing system_stm32f1xx.o(.rrx_text), (6 bytes).
    Removing system_stm32f1xx.o(.constdata), (8 bytes).
    Removing cpuport.o(i.rt_hw_cpu_reset), (16 bytes).
    Removing cpuport.o(i.rt_hw_cpu_shutdown), (2 bytes).
    Removing cpuport.o(i.rt_hw_exception_install), (12 bytes).
    Removing clock.o(i.rt_system_tick_init), (2 bytes).
    Removing clock.o(i.rt_tick_set), (24 bytes).
    Removing idle.o(i.rt_thread_idle_gethandler), (8 bytes).
    Removing ipc.o(i.rt_ipc_list_resume_all), (44 bytes).
    Removing ipc.o(i.rt_ipc_list_suspend), (82 bytes).
    Removing ipc.o(i.rt_list_insert_before), (14 bytes).
    Removing ipc.o(i.rt_mb_control), (58 bytes).
    Removing ipc.o(i.rt_mb_detach), (28 bytes).
    Removing ipc.o(i.rt_mb_init), (52 bytes).
    Removing ipc.o(i.rt_mb_recv), (246 bytes).
    Removing ipc.o(i.rt_mb_send), (6 bytes).
    Removing ipc.o(i.rt_mb_send_wait), (236 bytes).
    Removing ipc.o(i.rt_sem_control), (46 bytes).
    Removing ipc.o(i.rt_sem_detach), (20 bytes).
    Removing ipc.o(i.rt_sem_init), (36 bytes).
    Removing ipc.o(i.rt_sem_release), (54 bytes).
    Removing ipc.o(i.rt_sem_take), (110 bytes).
    Removing ipc.o(i.rt_sem_trytake), (6 bytes).
    Removing irq.o(i.rt_interrupt_get_nest), (12 bytes).
    Removing kservice.o(i._rt_errno), (28 bytes).
    Removing kservice.o(i.print_number), (304 bytes).
    Removing kservice.o(i.rt_get_errno), (28 bytes).
    Removing kservice.o(i.rt_memcmp), (28 bytes).
    Removing kservice.o(i.rt_memcpy), (74 bytes).
    Removing kservice.o(i.rt_memmove), (50 bytes).
    Removing kservice.o(i.rt_set_errno), (32 bytes).
    Removing kservice.o(i.rt_snprintf), (18 bytes).
    Removing kservice.o(i.rt_sprintf), (18 bytes).
    Removing kservice.o(i.rt_strcasecmp), (44 bytes).
    Removing kservice.o(i.rt_strcmp), (24 bytes).
    Removing kservice.o(i.rt_strlen), (16 bytes).
    Removing kservice.o(i.rt_strncmp), (32 bytes).
    Removing kservice.o(i.rt_strnlen), (20 bytes).
    Removing kservice.o(i.rt_strstr), (54 bytes).
    Removing kservice.o(i.rt_vsnprintf), (636 bytes).
    Removing kservice.o(i.rt_vsprintf), (12 bytes).
    Removing kservice.o(i.skip_atoi), (40 bytes).
    Removing kservice.o(.data), (4 bytes).
    Removing object.o(i.rt_object_find), (76 bytes).
    Removing object.o(i.rt_object_get_type), (8 bytes).
    Removing object.o(i.rt_system_object_init), (2 bytes).
    Removing scheduler.o(i.rt_critical_level), (12 bytes).
    Removing thread.o(i.rt_thread_control), (88 bytes).
    Removing thread.o(i.rt_thread_delay), (4 bytes).
    Removing thread.o(i.rt_thread_detach), (84 bytes).
    Removing thread.o(i.rt_thread_find), (84 bytes).
    Removing timer.o(i.rt_timer_next_timeout_tick), (24 bytes).

289 unused section(s) (total 15834 bytes) removed from the image.

==============================================================================

Image Symbol Table

    Local Symbols

    Symbol Name                              Value     Ov Type        Size  Object(Section)

    ../clib/microlib/init/entry.s            0x00000000   Number         0  entry9b.o ABSOLUTE
    ../clib/microlib/init/entry.s            0x00000000   Number         0  entry.o ABSOLUTE
    ../clib/microlib/init/entry.s            0x00000000   Number         0  entry10b.o ABSOLUTE
    ../clib/microlib/init/entry.s            0x00000000   Number         0  entry2.o ABSOLUTE
    ../clib/microlib/init/entry.s            0x00000000   Number         0  entry5.o ABSOLUTE
    ../clib/microlib/init/entry.s            0x00000000   Number         0  entry7a.o ABSOLUTE
    ../clib/microlib/init/entry.s            0x00000000   Number         0  entry7b.o ABSOLUTE
    ../clib/microlib/init/entry.s            0x00000000   Number         0  entry8a.o ABSOLUTE
    ../clib/microlib/init/entry.s            0x00000000   Number         0  entry8b.o ABSOLUTE
    ../clib/microlib/init/entry.s            0x00000000   Number         0  entry10a.o ABSOLUTE
    ../clib/microlib/init/entry.s            0x00000000   Number         0  entry9a.o ABSOLUTE
    ../clib/microlib/init/entry.s            0x00000000   Number         0  entry11a.o ABSOLUTE
    ../clib/microlib/init/entry.s            0x00000000   Number         0  entry11b.o ABSOLUTE
    ../clib/microlib/longlong.c              0x00000000   Number         0  llushr.o ABSOLUTE
    C:\Keil_v5\ARM\PACK\RealThread\RT-Thread\3.1.3\libcpu\arm\cortex-m3\context_rvds.S 0x00000000   Number         0  context_rvds.o ABSOLUTE
    C:\Keil_v5\ARM\PACK\RealThread\RT-Thread\3.1.3\libcpu\arm\cortex-m3\cpuport.c 0x00000000   Number         0  cpuport.o ABSOLUTE
    C:\Keil_v5\ARM\PACK\RealThread\RT-Thread\3.1.3\src\clock.c 0x00000000   Number         0  clock.o ABSOLUTE
    C:\Keil_v5\ARM\PACK\RealThread\RT-Thread\3.1.3\src\components.c 0x00000000   Number         0  components.o ABSOLUTE
    C:\Keil_v5\ARM\PACK\RealThread\RT-Thread\3.1.3\src\idle.c 0x00000000   Number         0  idle.o ABSOLUTE
    C:\Keil_v5\ARM\PACK\RealThread\RT-Thread\3.1.3\src\ipc.c 0x00000000   Number         0  ipc.o ABSOLUTE
    C:\Keil_v5\ARM\PACK\RealThread\RT-Thread\3.1.3\src\irq.c 0x00000000   Number         0  irq.o ABSOLUTE
    C:\Keil_v5\ARM\PACK\RealThread\RT-Thread\3.1.3\src\kservice.c 0x00000000   Number         0  kservice.o ABSOLUTE
    C:\Keil_v5\ARM\PACK\RealThread\RT-Thread\3.1.3\src\mem.c 0x00000000   Number         0  mem.o ABSOLUTE
    C:\Keil_v5\ARM\PACK\RealThread\RT-Thread\3.1.3\src\object.c 0x00000000   Number         0  object.o ABSOLUTE
    C:\Keil_v5\ARM\PACK\RealThread\RT-Thread\3.1.3\src\scheduler.c 0x00000000   Number         0  scheduler.o ABSOLUTE
    C:\Keil_v5\ARM\PACK\RealThread\RT-Thread\3.1.3\src\thread.c 0x00000000   Number         0  thread.o ABSOLUTE
    C:\Keil_v5\ARM\PACK\RealThread\RT-Thread\3.1.3\src\timer.c 0x00000000   Number         0  timer.o ABSOLUTE
    RTE\RTOS\board.c                         0x00000000   Number         0  board.o ABSOLUTE
    applications/main.c                      0x00000000   Number         0  main.o ABSOLUTE
    applications\main.c                      0x00000000   Number         0  main.o ABSOLUTE
    dc.s                                     0x00000000   Number         0  dc.o ABSOLUTE
    handlers.s                               0x00000000   Number         0  handlers.o ABSOLUTE
    init.s                                   0x00000000   Number         0  init.o ABSOLUTE
    libraries/CMSIS/Device/ST/STM32F1xx/Source/Templates/system_stm32f1xx.c 0x00000000   Number         0  system_stm32f1xx.o ABSOLUTE
    libraries/STM32F1xx_HAL_Driver/Src/stm32f1xx_hal.c 0x00000000   Number         0  stm32f1xx_hal.o ABSOLUTE
    libraries/STM32F1xx_HAL_Driver/Src/stm32f1xx_hal_cortex.c 0x00000000   Number         0  stm32f1xx_hal_cortex.o ABSOLUTE
    libraries/STM32F1xx_HAL_Driver/Src/stm32f1xx_hal_dma.c 0x00000000   Number         0  stm32f1xx_hal_dma.o ABSOLUTE
    libraries/STM32F1xx_HAL_Driver/Src/stm32f1xx_hal_exti.c 0x00000000   Number         0  stm32f1xx_hal_exti.o ABSOLUTE
    libraries/STM32F1xx_HAL_Driver/Src/stm32f1xx_hal_flash.c 0x00000000   Number         0  stm32f1xx_hal_flash.o ABSOLUTE
    libraries/STM32F1xx_HAL_Driver/Src/stm32f1xx_hal_flash_ex.c 0x00000000   Number         0  stm32f1xx_hal_flash_ex.o ABSOLUTE
    libraries/STM32F1xx_HAL_Driver/Src/stm32f1xx_hal_gpio.c 0x00000000   Number         0  stm32f1xx_hal_gpio.o ABSOLUTE
    libraries/STM32F1xx_HAL_Driver/Src/stm32f1xx_hal_gpio_ex.c 0x00000000   Number         0  stm32f1xx_hal_gpio_ex.o ABSOLUTE
    libraries/STM32F1xx_HAL_Driver/Src/stm32f1xx_hal_pwr.c 0x00000000   Number         0  stm32f1xx_hal_pwr.o ABSOLUTE
    libraries/STM32F1xx_HAL_Driver/Src/stm32f1xx_hal_rcc.c 0x00000000   Number         0  stm32f1xx_hal_rcc.o ABSOLUTE
    libraries/STM32F1xx_HAL_Driver/Src/stm32f1xx_hal_rcc_ex.c 0x00000000   Number         0  stm32f1xx_hal_rcc_ex.o ABSOLUTE
    libraries/STM32F1xx_HAL_Driver/Src/stm32f1xx_hal_tim.c 0x00000000   Number         0  stm32f1xx_hal_tim.o ABSOLUTE
    libraries/STM32F1xx_HAL_Driver/Src/stm32f1xx_hal_tim_ex.c 0x00000000   Number         0  stm32f1xx_hal_tim_ex.o ABSOLUTE
    libraries/STM32F1xx_HAL_Driver/Src/stm32f1xx_hal_uart.c 0x00000000   Number         0  stm32f1xx_hal_uart.o ABSOLUTE
    libraries\CMSIS\Device\ST\STM32F1xx\Source\Templates\arm\startup_stm32f103xb.s 0x00000000   Number         0  startup_stm32f103xb.o ABSOLUTE
    libraries\CMSIS\Device\ST\STM32F1xx\Source\Templates\system_stm32f1xx.c 0x00000000   Number         0  system_stm32f1xx.o ABSOLUTE
    libraries\STM32F1xx_HAL_Driver\Src\stm32f1xx_hal.c 0x00000000   Number         0  stm32f1xx_hal.o ABSOLUTE
    libraries\STM32F1xx_HAL_Driver\Src\stm32f1xx_hal_cortex.c 0x00000000   Number         0  stm32f1xx_hal_cortex.o ABSOLUTE
    libraries\STM32F1xx_HAL_Driver\Src\stm32f1xx_hal_dma.c 0x00000000   Number         0  stm32f1xx_hal_dma.o ABSOLUTE
    libraries\STM32F1xx_HAL_Driver\Src\stm32f1xx_hal_exti.c 0x00000000   Number         0  stm32f1xx_hal_exti.o ABSOLUTE
    libraries\STM32F1xx_HAL_Driver\Src\stm32f1xx_hal_flash.c 0x00000000   Number         0  stm32f1xx_hal_flash.o ABSOLUTE
    libraries\STM32F1xx_HAL_Driver\Src\stm32f1xx_hal_flash_ex.c 0x00000000   Number         0  stm32f1xx_hal_flash_ex.o ABSOLUTE
    libraries\STM32F1xx_HAL_Driver\Src\stm32f1xx_hal_gpio.c 0x00000000   Number         0  stm32f1xx_hal_gpio.o ABSOLUTE
    libraries\STM32F1xx_HAL_Driver\Src\stm32f1xx_hal_gpio_ex.c 0x00000000   Number         0  stm32f1xx_hal_gpio_ex.o ABSOLUTE
    libraries\STM32F1xx_HAL_Driver\Src\stm32f1xx_hal_pwr.c 0x00000000   Number         0  stm32f1xx_hal_pwr.o ABSOLUTE
    libraries\STM32F1xx_HAL_Driver\Src\stm32f1xx_hal_rcc.c 0x00000000   Number         0  stm32f1xx_hal_rcc.o ABSOLUTE
    libraries\STM32F1xx_HAL_Driver\Src\stm32f1xx_hal_rcc_ex.c 0x00000000   Number         0  stm32f1xx_hal_rcc_ex.o ABSOLUTE
    libraries\STM32F1xx_HAL_Driver\Src\stm32f1xx_hal_tim.c 0x00000000   Number         0  stm32f1xx_hal_tim.o ABSOLUTE
    libraries\STM32F1xx_HAL_Driver\Src\stm32f1xx_hal_tim_ex.c 0x00000000   Number         0  stm32f1xx_hal_tim_ex.o ABSOLUTE
    libraries\STM32F1xx_HAL_Driver\Src\stm32f1xx_hal_uart.c 0x00000000   Number         0  stm32f1xx_hal_uart.o ABSOLUTE
    RESET                                    0x08000000   Section      236  startup_stm32f103xb.o(RESET)
    .ARM.Collect$$$$00000000                 0x080000ec   Section        0  entry.o(.ARM.Collect$$$$00000000)
    .ARM.Collect$$$$00000001                 0x080000ec   Section        4  entry2.o(.ARM.Collect$$$$00000001)
    .ARM.Collect$$$$00000004                 0x080000f0   Section        4  entry5.o(.ARM.Collect$$$$00000004)
    .ARM.Collect$$$$00000008                 0x080000f4   Section        0  entry7b.o(.ARM.Collect$$$$00000008)
    .ARM.Collect$$$$0000000A                 0x080000f4   Section        0  entry8b.o(.ARM.Collect$$$$0000000A)
    .ARM.Collect$$$$0000000B                 0x080000f4   Section        8  entry9a.o(.ARM.Collect$$$$0000000B)
    .ARM.Collect$$$$0000000D                 0x080000fc   Section        0  entry10a.o(.ARM.Collect$$$$0000000D)
    .ARM.Collect$$$$0000000F                 0x080000fc   Section        0  entry11a.o(.ARM.Collect$$$$0000000F)
    .ARM.Collect$$$$00002712                 0x080000fc   Section        4  entry2.o(.ARM.Collect$$$$00002712)
    __lit__00000000                          0x080000fc   Data           4  entry2.o(.ARM.Collect$$$$00002712)
    .text                                    0x08000100   Section       36  startup_stm32f103xb.o(.text)
    .text                                    0x08000124   Section      244  context_rvds.o(.text)
    .text                                    0x08000218   Section       36  init.o(.text)
    i.$Sub$$main                             0x0800023c   Section        0  components.o(i.$Sub$$main)
    i.HAL_GPIO_Init                          0x08000248   Section        0  stm32f1xx_hal_gpio.o(i.HAL_GPIO_Init)
    i.HAL_GPIO_WritePin                      0x08000428   Section        0  stm32f1xx_hal_gpio.o(i.HAL_GPIO_WritePin)
    i.SysTick_Handler                        0x08000432   Section        0  board.o(i.SysTick_Handler)
    i.SystemCoreClockUpdate                  0x08000444   Section        0  system_stm32f1xx.o(i.SystemCoreClockUpdate)
    i.SystemInit                             0x080004ac   Section        0  system_stm32f1xx.o(i.SystemInit)
    i.__rt_ffs                               0x080004f4   Section        0  kservice.o(i.__rt_ffs)
    i.__scatterload_copy                     0x08000538   Section       14  handlers.o(i.__scatterload_copy)
    i.__scatterload_null                     0x08000546   Section        2  handlers.o(i.__scatterload_null)
    i.__scatterload_zeroinit                 0x08000548   Section       14  handlers.o(i.__scatterload_zeroinit)
    i._has_defunct_thread                    0x08000558   Section        0  idle.o(i._has_defunct_thread)
    _has_defunct_thread                      0x08000559   Thumb Code    16  idle.o(i._has_defunct_thread)
    i._rt_thread_init                        0x0800056c   Section        0  thread.o(i._rt_thread_init)
    _rt_thread_init                          0x0800056d   Thumb Code   118  thread.o(i._rt_thread_init)
    i._rt_timer_remove                       0x080005ec   Section        0  timer.o(i._rt_timer_remove)
    _rt_timer_remove                         0x080005ed   Thumb Code    18  timer.o(i._rt_timer_remove)
    i.iap_jump_to_user_app                   0x08000600   Section        0  main.o(i.iap_jump_to_user_app)
    i.main                                   0x08000628   Section        0  main.o(i.main)
    i.main_thread_entry                      0x080006a8   Section        0  components.o(i.main_thread_entry)
    i.rt_application_init                    0x080006b8   Section        0  components.o(i.rt_application_init)
    i.rt_components_board_init               0x080006f4   Section        0  components.o(i.rt_components_board_init)
    i.rt_components_init                     0x08000710   Section        0  components.o(i.rt_components_init)
    i.rt_enter_critical                      0x0800072c   Section        0  scheduler.o(i.rt_enter_critical)
    i.rt_exit_critical                       0x08000748   Section        0  scheduler.o(i.rt_exit_critical)
    i.rt_hw_board_init                       0x08000780   Section        0  board.o(i.rt_hw_board_init)
    i.rt_hw_hard_fault_exception             0x080007c0   Section        0  cpuport.o(i.rt_hw_hard_fault_exception)
    i.rt_hw_stack_init                       0x080007d8   Section        0  cpuport.o(i.rt_hw_stack_init)
    i.rt_interrupt_enter                     0x08000810   Section        0  irq.o(i.rt_interrupt_enter)
    i.rt_interrupt_leave                     0x0800082c   Section        0  irq.o(i.rt_interrupt_leave)
    i.rt_list_insert_after                   0x08000848   Section        0  thread.o(i.rt_list_insert_after)
    rt_list_insert_after                     0x08000849   Thumb Code    14  thread.o(i.rt_list_insert_after)
    i.rt_list_insert_after                   0x08000856   Section        0  timer.o(i.rt_list_insert_after)
    rt_list_insert_after                     0x08000857   Thumb Code    14  timer.o(i.rt_list_insert_after)
    i.rt_list_remove                         0x08000864   Section        0  thread.o(i.rt_list_remove)
    rt_list_remove                           0x08000865   Thumb Code    18  thread.o(i.rt_list_remove)
    i.rt_memset                              0x08000878   Section        0  kservice.o(i.rt_memset)
    i.rt_object_detach                       0x080008be   Section        0  object.o(i.rt_object_detach)
    i.rt_object_get_information              0x080008e4   Section        0  object.o(i.rt_object_get_information)
    i.rt_object_init                         0x08000908   Section        0  object.o(i.rt_object_init)
    i.rt_object_is_systemobject              0x0800095a   Section        0  object.o(i.rt_object_is_systemobject)
    i.rt_schedule                            0x08000968   Section        0  scheduler.o(i.rt_schedule)
    i.rt_schedule_insert_thread              0x080009c0   Section        0  scheduler.o(i.rt_schedule_insert_thread)
    i.rt_schedule_remove_thread              0x08000a10   Section        0  scheduler.o(i.rt_schedule_remove_thread)
    i.rt_show_version                        0x08000a58   Section        0  kservice.o(i.rt_show_version)
    i.rt_strncpy                             0x08000a5a   Section        0  kservice.o(i.rt_strncpy)
    i.rt_system_scheduler_init               0x08000a80   Section        0  scheduler.o(i.rt_system_scheduler_init)
    i.rt_system_scheduler_start              0x08000ab4   Section        0  scheduler.o(i.rt_system_scheduler_start)
    i.rt_system_timer_init                   0x08000adc   Section        0  timer.o(i.rt_system_timer_init)
    i.rt_system_timer_thread_init            0x08000ae8   Section        0  timer.o(i.rt_system_timer_thread_init)
    i.rt_thread_exit                         0x08000aec   Section        0  thread.o(i.rt_thread_exit)
    i.rt_thread_idle_entry                   0x08000b44   Section        0  idle.o(i.rt_thread_idle_entry)
    rt_thread_idle_entry                     0x08000b45   Thumb Code     6  idle.o(i.rt_thread_idle_entry)
    i.rt_thread_idle_excute                  0x08000b4c   Section        0  idle.o(i.rt_thread_idle_excute)
    i.rt_thread_idle_init                    0x08000bb8   Section        0  idle.o(i.rt_thread_idle_init)
    i.rt_thread_init                         0x08000bf0   Section        0  thread.o(i.rt_thread_init)
    i.rt_thread_mdelay                       0x08000c20   Section        0  thread.o(i.rt_thread_mdelay)
    i.rt_thread_resume                       0x08000c2e   Section        0  thread.o(i.rt_thread_resume)
    i.rt_thread_self                         0x08000c6c   Section        0  thread.o(i.rt_thread_self)
    i.rt_thread_sleep                        0x08000c78   Section        0  thread.o(i.rt_thread_sleep)
    i.rt_thread_startup                      0x08000cb8   Section        0  thread.o(i.rt_thread_startup)
    i.rt_thread_suspend                      0x08000ce4   Section        0  thread.o(i.rt_thread_suspend)
    i.rt_thread_timeout                      0x08000d26   Section        0  thread.o(i.rt_thread_timeout)
    i.rt_thread_yield                        0x08000d48   Section        0  thread.o(i.rt_thread_yield)
    i.rt_tick_from_millisecond               0x08000da8   Section        0  clock.o(i.rt_tick_from_millisecond)
    i.rt_tick_get                            0x08000ddc   Section        0  clock.o(i.rt_tick_get)
    i.rt_tick_increase                       0x08000de8   Section        0  clock.o(i.rt_tick_increase)
    i.rt_timer_check                         0x08000e14   Section        0  timer.o(i.rt_timer_check)
    i.rt_timer_control                       0x08000e7c   Section        0  timer.o(i.rt_timer_control)
    i.rt_timer_detach                        0x08000eac   Section        0  timer.o(i.rt_timer_detach)
    i.rt_timer_init                          0x08000ecc   Section        0  timer.o(i.rt_timer_init)
    i.rt_timer_start                         0x08000efc   Section        0  timer.o(i.rt_timer_start)
    i.rt_timer_stop                          0x08000f88   Section        0  timer.o(i.rt_timer_stop)
    i.rti_board_end                          0x08000fb6   Section        0  components.o(i.rti_board_end)
    rti_board_end                            0x08000fb7   Thumb Code     4  components.o(i.rti_board_end)
    i.rti_board_start                        0x08000fba   Section        0  components.o(i.rti_board_start)
    rti_board_start                          0x08000fbb   Thumb Code     4  components.o(i.rti_board_start)
    i.rti_end                                0x08000fbe   Section        0  components.o(i.rti_end)
    rti_end                                  0x08000fbf   Thumb Code     4  components.o(i.rti_end)
    i.rti_start                              0x08000fc2   Section        0  components.o(i.rti_start)
    rti_start                                0x08000fc3   Thumb Code     4  components.o(i.rti_start)
    i.rtthread_startup                       0x08000fc6   Section        0  components.o(i.rtthread_startup)
    .constdata                               0x08000ff0   Section       16  system_stm32f1xx.o(.constdata)
    .constdata                               0x08001000   Section      290  kservice.o(.constdata)
    small_digits                             0x08001100   Data          17  kservice.o(.constdata)
    large_digits                             0x08001111   Data          17  kservice.o(.constdata)
    .rti_fn.0                                0x08001124   Section        4  components.o(.rti_fn.0)
    __tagsym$$used                           0x08001124   Number         0  components.o(.rti_fn.0)
    .rti_fn.0.end                            0x08001128   Section        4  components.o(.rti_fn.0.end)
    __tagsym$$used                           0x08001128   Number         0  components.o(.rti_fn.0.end)
    .rti_fn.1.end                            0x0800112c   Section        4  components.o(.rti_fn.1.end)
    __tagsym$$used                           0x0800112c   Number         0  components.o(.rti_fn.1.end)
    .rti_fn.6.end                            0x08001130   Section        4  components.o(.rti_fn.6.end)
    __tagsym$$used                           0x08001130   Number         0  components.o(.rti_fn.6.end)
    .data                                    0x20000000   Section        8  main.o(.data)
    .data                                    0x20000008   Section        4  system_stm32f1xx.o(.data)
    .data                                    0x2000000c   Section        4  cpuport.o(.data)
    rt_exception_hook                        0x2000000c   Data           4  cpuport.o(.data)
    .data                                    0x20000010   Section        4  cpuport.o(.data)
    .data                                    0x20000014   Section        4  cpuport.o(.data)
    .data                                    0x20000018   Section        4  cpuport.o(.data)
    .data                                    0x2000001c   Section        4  clock.o(.data)
    rt_tick                                  0x2000001c   Data           4  clock.o(.data)
    .data                                    0x20000020   Section        1  irq.o(.data)
    .data                                    0x20000024   Section       64  object.o(.data)
    rt_object_container                      0x20000024   Data          64  object.o(.data)
    .data                                    0x20000064   Section       20  scheduler.o(.data)
    rt_scheduler_lock_nest                   0x20000066   Data           2  scheduler.o(.data)
    .data                                    0x20000078   Section       12  timer.o(.data)
    random_nr                                0x20000078   Data           4  timer.o(.data)
    rt_timer_list                            0x2000007c   Data           8  timer.o(.data)
    .bss                                     0x20000088   Section      376  components.o(.bss)
    main_stack                               0x20000088   Data         256  components.o(.bss)
    .bss                                     0x20000200   Section      248  idle.o(.bss)
    idle                                     0x20000200   Data         120  idle.o(.bss)
    rt_thread_stack                          0x20000278   Data         128  idle.o(.bss)
    .bss                                     0x200002f8   Section       64  scheduler.o(.bss)
    STACK                                    0x20000338   Section     1024  startup_stm32f103xb.o(STACK)

    Global Symbols

    Symbol Name                              Value     Ov Type        Size  Object(Section)

    BuildAttributes$$THM_ISAv4$P$D$K$B$S$PE$A:L22UL41UL21$X:L11$S22US41US21$IEEE1$IW$USESV6$~STKCKD$USESV7$~SHL$OSPACE$EBA8$MICROLIB$REQ8$PRES8$EABIv2 0x00000000   Number         0  anon$$obj.o ABSOLUTE
    __ARM_use_no_argv                        0x00000000   Number         0  main.o ABSOLUTE
    __cpp_initialize__aeabi_                  - Undefined Weak Reference
    __cxa_finalize                            - Undefined Weak Reference
    __decompress                              - Undefined Weak Reference
    _clock_init                               - Undefined Weak Reference
    _microlib_exit                            - Undefined Weak Reference
    __Vectors_Size                           0x000000ec   Number         0  startup_stm32f103xb.o ABSOLUTE
    __Vectors                                0x08000000   Data           4  startup_stm32f103xb.o(RESET)
    __Vectors_End                            0x080000ec   Data           0  startup_stm32f103xb.o(RESET)
    __main                                   0x080000ed   Thumb Code     0  entry.o(.ARM.Collect$$$$00000000)
    _main_stk                                0x080000ed   Thumb Code     0  entry2.o(.ARM.Collect$$$$00000001)
    _main_scatterload                        0x080000f1   Thumb Code     0  entry5.o(.ARM.Collect$$$$00000004)
    __main_after_scatterload                 0x080000f5   Thumb Code     0  entry5.o(.ARM.Collect$$$$00000004)
    _main_clock                              0x080000f5   Thumb Code     0  entry7b.o(.ARM.Collect$$$$00000008)
    _main_cpp_init                           0x080000f5   Thumb Code     0  entry8b.o(.ARM.Collect$$$$0000000A)
    _main_init                               0x080000f5   Thumb Code     0  entry9a.o(.ARM.Collect$$$$0000000B)
    __rt_final_cpp                           0x080000fd   Thumb Code     0  entry10a.o(.ARM.Collect$$$$0000000D)
    __rt_final_exit                          0x080000fd   Thumb Code     0  entry11a.o(.ARM.Collect$$$$0000000F)
    Reset_Handler                            0x08000101   Thumb Code     8  startup_stm32f103xb.o(.text)
    NMI_Handler                              0x08000109   Thumb Code     2  startup_stm32f103xb.o(.text)
    MemManage_Handler                        0x0800010d   Thumb Code     2  startup_stm32f103xb.o(.text)
    BusFault_Handler                         0x0800010f   Thumb Code     2  startup_stm32f103xb.o(.text)
    UsageFault_Handler                       0x08000111   Thumb Code     2  startup_stm32f103xb.o(.text)
    SVC_Handler                              0x08000113   Thumb Code     2  startup_stm32f103xb.o(.text)
    DebugMon_Handler                         0x08000115   Thumb Code     2  startup_stm32f103xb.o(.text)
    ADC1_2_IRQHandler                        0x0800011b   Thumb Code     0  startup_stm32f103xb.o(.text)
    CAN1_RX1_IRQHandler                      0x0800011b   Thumb Code     0  startup_stm32f103xb.o(.text)
    CAN1_SCE_IRQHandler                      0x0800011b   Thumb Code     0  startup_stm32f103xb.o(.text)
    DMA1_Channel1_IRQHandler                 0x0800011b   Thumb Code     0  startup_stm32f103xb.o(.text)
    DMA1_Channel2_IRQHandler                 0x0800011b   Thumb Code     0  startup_stm32f103xb.o(.text)
    DMA1_Channel3_IRQHandler                 0x0800011b   Thumb Code     0  startup_stm32f103xb.o(.text)
    DMA1_Channel4_IRQHandler                 0x0800011b   Thumb Code     0  startup_stm32f103xb.o(.text)
    DMA1_Channel5_IRQHandler                 0x0800011b   Thumb Code     0  startup_stm32f103xb.o(.text)
    DMA1_Channel6_IRQHandler                 0x0800011b   Thumb Code     0  startup_stm32f103xb.o(.text)
    DMA1_Channel7_IRQHandler                 0x0800011b   Thumb Code     0  startup_stm32f103xb.o(.text)
    EXTI0_IRQHandler                         0x0800011b   Thumb Code     0  startup_stm32f103xb.o(.text)
    EXTI15_10_IRQHandler                     0x0800011b   Thumb Code     0  startup_stm32f103xb.o(.text)
    EXTI1_IRQHandler                         0x0800011b   Thumb Code     0  startup_stm32f103xb.o(.text)
    EXTI2_IRQHandler                         0x0800011b   Thumb Code     0  startup_stm32f103xb.o(.text)
    EXTI3_IRQHandler                         0x0800011b   Thumb Code     0  startup_stm32f103xb.o(.text)
    EXTI4_IRQHandler                         0x0800011b   Thumb Code     0  startup_stm32f103xb.o(.text)
    EXTI9_5_IRQHandler                       0x0800011b   Thumb Code     0  startup_stm32f103xb.o(.text)
    FLASH_IRQHandler                         0x0800011b   Thumb Code     0  startup_stm32f103xb.o(.text)
    I2C1_ER_IRQHandler                       0x0800011b   Thumb Code     0  startup_stm32f103xb.o(.text)
    I2C1_EV_IRQHandler                       0x0800011b   Thumb Code     0  startup_stm32f103xb.o(.text)
    I2C2_ER_IRQHandler                       0x0800011b   Thumb Code     0  startup_stm32f103xb.o(.text)
    I2C2_EV_IRQHandler                       0x0800011b   Thumb Code     0  startup_stm32f103xb.o(.text)
    PVD_IRQHandler                           0x0800011b   Thumb Code     0  startup_stm32f103xb.o(.text)
    RCC_IRQHandler                           0x0800011b   Thumb Code     0  startup_stm32f103xb.o(.text)
    RTC_Alarm_IRQHandler                     0x0800011b   Thumb Code     0  startup_stm32f103xb.o(.text)
    RTC_IRQHandler                           0x0800011b   Thumb Code     0  startup_stm32f103xb.o(.text)
    SPI1_IRQHandler                          0x0800011b   Thumb Code     0  startup_stm32f103xb.o(.text)
    SPI2_IRQHandler                          0x0800011b   Thumb Code     0  startup_stm32f103xb.o(.text)
    TAMPER_IRQHandler                        0x0800011b   Thumb Code     0  startup_stm32f103xb.o(.text)
    TIM1_BRK_IRQHandler                      0x0800011b   Thumb Code     0  startup_stm32f103xb.o(.text)
    TIM1_CC_IRQHandler                       0x0800011b   Thumb Code     0  startup_stm32f103xb.o(.text)
    TIM1_TRG_COM_IRQHandler                  0x0800011b   Thumb Code     0  startup_stm32f103xb.o(.text)
    TIM1_UP_IRQHandler                       0x0800011b   Thumb Code     0  startup_stm32f103xb.o(.text)
    TIM2_IRQHandler                          0x0800011b   Thumb Code     0  startup_stm32f103xb.o(.text)
    TIM3_IRQHandler                          0x0800011b   Thumb Code     0  startup_stm32f103xb.o(.text)
    TIM4_IRQHandler                          0x0800011b   Thumb Code     0  startup_stm32f103xb.o(.text)
    USART1_IRQHandler                        0x0800011b   Thumb Code     0  startup_stm32f103xb.o(.text)
    USART2_IRQHandler                        0x0800011b   Thumb Code     0  startup_stm32f103xb.o(.text)
    USART3_IRQHandler                        0x0800011b   Thumb Code     0  startup_stm32f103xb.o(.text)
    USBWakeUp_IRQHandler                     0x0800011b   Thumb Code     0  startup_stm32f103xb.o(.text)
    USB_HP_CAN1_TX_IRQHandler                0x0800011b   Thumb Code     0  startup_stm32f103xb.o(.text)
    USB_LP_CAN1_RX0_IRQHandler               0x0800011b   Thumb Code     0  startup_stm32f103xb.o(.text)
    WWDG_IRQHandler                          0x0800011b   Thumb Code     0  startup_stm32f103xb.o(.text)
    rt_hw_interrupt_disable                  0x08000125   Thumb Code     8  context_rvds.o(.text)
    rt_hw_interrupt_enable                   0x0800012d   Thumb Code     6  context_rvds.o(.text)
    rt_hw_context_switch                     0x08000133   Thumb Code    32  context_rvds.o(.text)
    rt_hw_context_switch_interrupt           0x08000133   Thumb Code     0  context_rvds.o(.text)
    PendSV_Handler                           0x08000153   Thumb Code    60  context_rvds.o(.text)
    rt_hw_context_switch_to                  0x0800018f   Thumb Code    58  context_rvds.o(.text)
    rt_hw_interrupt_thread_switch            0x080001c9   Thumb Code     2  context_rvds.o(.text)
    HardFault_Handler                        0x080001cb   Thumb Code    52  context_rvds.o(.text)
    __scatterload                            0x08000219   Thumb Code    28  init.o(.text)
    __scatterload_rt2                        0x08000219   Thumb Code     0  init.o(.text)
    main                                     0x0800023d   Thumb Code    10  components.o(i.$Sub$$main)
    HAL_GPIO_Init                            0x08000249   Thumb Code   446  stm32f1xx_hal_gpio.o(i.HAL_GPIO_Init)
    HAL_GPIO_WritePin                        0x08000429   Thumb Code    10  stm32f1xx_hal_gpio.o(i.HAL_GPIO_WritePin)
    SysTick_Handler                          0x08000433   Thumb Code    18  board.o(i.SysTick_Handler)
    SystemCoreClockUpdate                    0x08000445   Thumb Code    82  system_stm32f1xx.o(i.SystemCoreClockUpdate)
    SystemInit                               0x080004ad   Thumb Code    56  system_stm32f1xx.o(i.SystemInit)
    __rt_ffs                                 0x080004f5   Thumb Code    62  kservice.o(i.__rt_ffs)
    __scatterload_copy                       0x08000539   Thumb Code    14  handlers.o(i.__scatterload_copy)
    __scatterload_null                       0x08000547   Thumb Code     2  handlers.o(i.__scatterload_null)
    __scatterload_zeroinit                   0x08000549   Thumb Code    14  handlers.o(i.__scatterload_zeroinit)
    iap_jump_to_user_app                     0x08000601   Thumb Code    30  main.o(i.iap_jump_to_user_app)
    $Super$$main                             0x08000629   Thumb Code   114  main.o(i.main)
    main_thread_entry                        0x080006a9   Thumb Code    14  components.o(i.main_thread_entry)
    rt_application_init                      0x080006b9   Thumb Code    42  components.o(i.rt_application_init)
    rt_components_board_init                 0x080006f5   Thumb Code    20  components.o(i.rt_components_board_init)
    rt_components_init                       0x08000711   Thumb Code    20  components.o(i.rt_components_init)
    rt_enter_critical                        0x0800072d   Thumb Code    22  scheduler.o(i.rt_enter_critical)
    rt_exit_critical                         0x08000749   Thumb Code    52  scheduler.o(i.rt_exit_critical)
    rt_hw_board_init                         0x08000781   Thumb Code    54  board.o(i.rt_hw_board_init)
    rt_hw_hard_fault_exception               0x080007c1   Thumb Code    18  cpuport.o(i.rt_hw_hard_fault_exception)
    rt_hw_stack_init                         0x080007d9   Thumb Code    52  cpuport.o(i.rt_hw_stack_init)
    rt_interrupt_enter                       0x08000811   Thumb Code    22  irq.o(i.rt_interrupt_enter)
    rt_interrupt_leave                       0x0800082d   Thumb Code    22  irq.o(i.rt_interrupt_leave)
    rt_memset                                0x08000879   Thumb Code    70  kservice.o(i.rt_memset)
    rt_object_detach                         0x080008bf   Thumb Code    36  object.o(i.rt_object_detach)
    rt_object_get_information                0x080008e5   Thumb Code    30  object.o(i.rt_object_get_information)
    rt_object_init                           0x08000909   Thumb Code    82  object.o(i.rt_object_init)
    rt_object_is_systemobject                0x0800095b   Thumb Code    14  object.o(i.rt_object_is_systemobject)
    rt_schedule                              0x08000969   Thumb Code    76  scheduler.o(i.rt_schedule)
    rt_schedule_insert_thread                0x080009c1   Thumb Code    70  scheduler.o(i.rt_schedule_insert_thread)
    rt_schedule_remove_thread                0x08000a11   Thumb Code    64  scheduler.o(i.rt_schedule_remove_thread)
    rt_show_version                          0x08000a59   Thumb Code     2  kservice.o(i.rt_show_version)
    rt_strncpy                               0x08000a5b   Thumb Code    38  kservice.o(i.rt_strncpy)
    rt_system_scheduler_init                 0x08000a81   Thumb Code    44  scheduler.o(i.rt_system_scheduler_init)
    rt_system_scheduler_start                0x08000ab5   Thumb Code    32  scheduler.o(i.rt_system_scheduler_start)
    rt_system_timer_init                     0x08000add   Thumb Code     8  timer.o(i.rt_system_timer_init)
    rt_system_timer_thread_init              0x08000ae9   Thumb Code     2  timer.o(i.rt_system_timer_thread_init)
    rt_thread_exit                           0x08000aed   Thumb Code    78  thread.o(i.rt_thread_exit)
    rt_thread_idle_excute                    0x08000b4d   Thumb Code   102  idle.o(i.rt_thread_idle_excute)
    rt_thread_idle_init                      0x08000bb9   Thumb Code    40  idle.o(i.rt_thread_idle_init)
    rt_thread_init                           0x08000bf1   Thumb Code    48  thread.o(i.rt_thread_init)
    rt_thread_mdelay                         0x08000c21   Thumb Code    14  thread.o(i.rt_thread_mdelay)
    rt_thread_resume                         0x08000c2f   Thumb Code    60  thread.o(i.rt_thread_resume)
    rt_thread_self                           0x08000c6d   Thumb Code     6  thread.o(i.rt_thread_self)
    rt_thread_sleep                          0x08000c79   Thumb Code    60  thread.o(i.rt_thread_sleep)
    rt_thread_startup                        0x08000cb9   Thumb Code    40  thread.o(i.rt_thread_startup)
    rt_thread_suspend                        0x08000ce5   Thumb Code    66  thread.o(i.rt_thread_suspend)
    rt_thread_timeout                        0x08000d27   Thumb Code    32  thread.o(i.rt_thread_timeout)
    rt_thread_yield                          0x08000d49   Thumb Code    86  thread.o(i.rt_thread_yield)
    rt_tick_from_millisecond                 0x08000da9   Thumb Code    50  clock.o(i.rt_tick_from_millisecond)
    rt_tick_get                              0x08000ddd   Thumb Code     6  clock.o(i.rt_tick_get)
    rt_tick_increase                         0x08000de9   Thumb Code    38  clock.o(i.rt_tick_increase)
    rt_timer_check                           0x08000e15   Thumb Code    98  timer.o(i.rt_timer_check)
    rt_timer_control                         0x08000e7d   Thumb Code    48  timer.o(i.rt_timer_control)
    rt_timer_detach                          0x08000ead   Thumb Code    32  timer.o(i.rt_timer_detach)
    rt_timer_init                            0x08000ecd   Thumb Code    48  timer.o(i.rt_timer_init)
    rt_timer_start                           0x08000efd   Thumb Code   136  timer.o(i.rt_timer_start)
    rt_timer_stop                            0x08000f89   Thumb Code    46  timer.o(i.rt_timer_stop)
    rtthread_startup                         0x08000fc7   Thumb Code    42  components.o(i.rtthread_startup)
    AHBPrescTable                            0x08000ff0   Data          16  system_stm32f1xx.o(.constdata)
    __lowest_bit_bitmap                      0x08001000   Data         256  kservice.o(.constdata)
    __rt_init_rti_start                      0x08001124   Data           4  components.o(.rti_fn.0)
    __rt_init_rti_board_start                0x08001128   Data           4  components.o(.rti_fn.0.end)
    __rt_init_rti_board_end                  0x0800112c   Data           4  components.o(.rti_fn.1.end)
    __rt_init_rti_end                        0x08001130   Data           4  components.o(.rti_fn.6.end)
    Region$$Table$$Base                      0x08001134   Number         0  anon$$obj.o(Region$$Table)
    Region$$Table$$Limit                     0x08001154   Number         0  anon$$obj.o(Region$$Table)
    Jump_To_Application                      0x20000000   Data           4  main.o(.data)
    JumpAddress                              0x20000004   Data           4  main.o(.data)
    SystemCoreClock                          0x20000008   Data           4  system_stm32f1xx.o(.data)
    rt_interrupt_from_thread                 0x20000010   Data           4  cpuport.o(.data)
    rt_interrupt_to_thread                   0x20000014   Data           4  cpuport.o(.data)
    rt_thread_switch_interrupt_flag          0x20000018   Data           4  cpuport.o(.data)
    rt_interrupt_nest                        0x20000020   Data           1  irq.o(.data)
    rt_current_priority                      0x20000064   Data           1  scheduler.o(.data)
    rt_current_thread                        0x20000068   Data           4  scheduler.o(.data)
    rt_thread_ready_priority_group           0x2000006c   Data           4  scheduler.o(.data)
    rt_thread_defunct                        0x20000070   Data           8  scheduler.o(.data)
    main_thread                              0x20000188   Data         120  components.o(.bss)
    rt_thread_priority_table                 0x200002f8   Data          64  scheduler.o(.bss)
    __initial_sp                             0x20000738   Data           0  startup_stm32f103xb.o(STACK)



==============================================================================

Memory Map of the image

  Image Entry point : 0x080000ed

  Load Region LR_IROM1 (Base: 0x08000000, Size: 0x000011d8, Max: 0x00008000, ABSOLUTE)

    Execution Region ER_IROM1 (Exec base: 0x08000000, Load base: 0x08000000, Size: 0x00001154, Max: 0x00008000, ABSOLUTE)

    Exec Addr    Load Addr    Size         Type   Attr      Idx    E Section Name        Object

    0x08000000   0x08000000   0x000000ec   Data   RO          138    RESET               startup_stm32f103xb.o
    0x080000ec   0x080000ec   0x00000000   Code   RO         2337  * .ARM.Collect$$$$00000000  mc_w.l(entry.o)
    0x080000ec   0x080000ec   0x00000004   Code   RO         2342    .ARM.Collect$$$$00000001  mc_w.l(entry2.o)
    0x080000f0   0x080000f0   0x00000004   Code   RO         2345    .ARM.Collect$$$$00000004  mc_w.l(entry5.o)
    0x080000f4   0x080000f4   0x00000000   Code   RO         2347    .ARM.Collect$$$$00000008  mc_w.l(entry7b.o)
    0x080000f4   0x080000f4   0x00000000   Code   RO         2349    .ARM.Collect$$$$0000000A  mc_w.l(entry8b.o)
    0x080000f4   0x080000f4   0x00000008   Code   RO         2350    .ARM.Collect$$$$0000000B  mc_w.l(entry9a.o)
    0x080000fc   0x080000fc   0x00000000   Code   RO         2352    .ARM.Collect$$$$0000000D  mc_w.l(entry10a.o)
    0x080000fc   0x080000fc   0x00000000   Code   RO         2354    .ARM.Collect$$$$0000000F  mc_w.l(entry11a.o)
    0x080000fc   0x080000fc   0x00000004   Code   RO         2343    .ARM.Collect$$$$00002712  mc_w.l(entry2.o)
    0x08000100   0x08000100   0x00000024   Code   RO          139    .text               startup_stm32f103xb.o
    0x08000124   0x08000124   0x000000f4   Code   RO         1557    .text               context_rvds.o
    0x08000218   0x08000218   0x00000024   Code   RO         2356    .text               mc_w.l(init.o)
    0x0800023c   0x0800023c   0x0000000a   Code   RO         1644    i.$Sub$$main        components.o
    0x08000246   0x08000246   0x00000002   PAD
    0x08000248   0x08000248   0x000001e0   Code   RO          862    i.HAL_GPIO_Init     stm32f1xx_hal_gpio.o
    0x08000428   0x08000428   0x0000000a   Code   RO          866    i.HAL_GPIO_WritePin  stm32f1xx_hal_gpio.o
    0x08000432   0x08000432   0x00000012   Code   RO         2318    i.SysTick_Handler   board.o
    0x08000444   0x08000444   0x00000068   Code   RO         1522    i.SystemCoreClockUpdate  system_stm32f1xx.o
    0x080004ac   0x080004ac   0x00000048   Code   RO         1523    i.SystemInit        system_stm32f1xx.o
    0x080004f4   0x080004f4   0x00000044   Code   RO         1876    i.__rt_ffs          kservice.o
    0x08000538   0x08000538   0x0000000e   Code   RO         2360    i.__scatterload_copy  mc_w.l(handlers.o)
    0x08000546   0x08000546   0x00000002   Code   RO         2361    i.__scatterload_null  mc_w.l(handlers.o)
    0x08000548   0x08000548   0x0000000e   Code   RO         2362    i.__scatterload_zeroinit  mc_w.l(handlers.o)
    0x08000556   0x08000556   0x00000002   PAD
    0x08000558   0x08000558   0x00000014   Code   RO         1713    i._has_defunct_thread  idle.o
    0x0800056c   0x0800056c   0x00000080   Code   RO         2135    i._rt_thread_init   thread.o
    0x080005ec   0x080005ec   0x00000012   Code   RO         2243    i._rt_timer_remove  timer.o
    0x080005fe   0x080005fe   0x00000002   PAD
    0x08000600   0x08000600   0x00000028   Code   RO            4    i.iap_jump_to_user_app  main.o
    0x08000628   0x08000628   0x00000080   Code   RO            5    i.main              main.o
    0x080006a8   0x080006a8   0x0000000e   Code   RO         1645    i.main_thread_entry  components.o
    0x080006b6   0x080006b6   0x00000002   PAD
    0x080006b8   0x080006b8   0x0000003c   Code   RO         1646    i.rt_application_init  components.o
    0x080006f4   0x080006f4   0x0000001c   Code   RO         1647    i.rt_components_board_init  components.o
    0x08000710   0x08000710   0x0000001c   Code   RO         1648    i.rt_components_init  components.o
    0x0800072c   0x0800072c   0x0000001c   Code   RO         2074    i.rt_enter_critical  scheduler.o
    0x08000748   0x08000748   0x00000038   Code   RO         2075    i.rt_exit_critical  scheduler.o
    0x08000780   0x08000780   0x00000040   Code   RO         2319    i.rt_hw_board_init  board.o
    0x080007c0   0x080007c0   0x00000018   Code   RO         1564    i.rt_hw_hard_fault_exception  cpuport.o
    0x080007d8   0x080007d8   0x00000038   Code   RO         1565    i.rt_hw_stack_init  cpuport.o
    0x08000810   0x08000810   0x0000001c   Code   RO         1849    i.rt_interrupt_enter  irq.o
    0x0800082c   0x0800082c   0x0000001c   Code   RO         1851    i.rt_interrupt_leave  irq.o
    0x08000848   0x08000848   0x0000000e   Code   RO         2136    i.rt_list_insert_after  thread.o
    0x08000856   0x08000856   0x0000000e   Code   RO         2244    i.rt_list_insert_after  timer.o
    0x08000864   0x08000864   0x00000012   Code   RO         2137    i.rt_list_remove    thread.o
    0x08000876   0x08000876   0x00000002   PAD
    0x08000878   0x08000878   0x00000046   Code   RO         1883    i.rt_memset         kservice.o
    0x080008be   0x080008be   0x00000024   Code   RO         2020    i.rt_object_detach  object.o
    0x080008e2   0x080008e2   0x00000002   PAD
    0x080008e4   0x080008e4   0x00000024   Code   RO         2022    i.rt_object_get_information  object.o
    0x08000908   0x08000908   0x00000052   Code   RO         2024    i.rt_object_init    object.o
    0x0800095a   0x0800095a   0x0000000e   Code   RO         2025    i.rt_object_is_systemobject  object.o
    0x08000968   0x08000968   0x00000058   Code   RO         2076    i.rt_schedule       scheduler.o
    0x080009c0   0x080009c0   0x00000050   Code   RO         2077    i.rt_schedule_insert_thread  scheduler.o
    0x08000a10   0x08000a10   0x00000048   Code   RO         2078    i.rt_schedule_remove_thread  scheduler.o
    0x08000a58   0x08000a58   0x00000002   Code   RO         1885    i.rt_show_version   kservice.o
    0x08000a5a   0x08000a5a   0x00000026   Code   RO         1892    i.rt_strncpy        kservice.o
    0x08000a80   0x08000a80   0x00000034   Code   RO         2079    i.rt_system_scheduler_init  scheduler.o
    0x08000ab4   0x08000ab4   0x00000028   Code   RO         2080    i.rt_system_scheduler_start  scheduler.o
    0x08000adc   0x08000adc   0x0000000c   Code   RO         2245    i.rt_system_timer_init  timer.o
    0x08000ae8   0x08000ae8   0x00000002   Code   RO         2246    i.rt_system_timer_thread_init  timer.o
    0x08000aea   0x08000aea   0x00000002   PAD
    0x08000aec   0x08000aec   0x00000058   Code   RO         2141    i.rt_thread_exit    thread.o
    0x08000b44   0x08000b44   0x00000006   Code   RO         1714    i.rt_thread_idle_entry  idle.o
    0x08000b4a   0x08000b4a   0x00000002   PAD
    0x08000b4c   0x08000b4c   0x0000006c   Code   RO         1715    i.rt_thread_idle_excute  idle.o
    0x08000bb8   0x08000bb8   0x00000038   Code   RO         1717    i.rt_thread_idle_init  idle.o
    0x08000bf0   0x08000bf0   0x00000030   Code   RO         2143    i.rt_thread_init    thread.o
    0x08000c20   0x08000c20   0x0000000e   Code   RO         2144    i.rt_thread_mdelay  thread.o
    0x08000c2e   0x08000c2e   0x0000003c   Code   RO         2145    i.rt_thread_resume  thread.o
    0x08000c6a   0x08000c6a   0x00000002   PAD
    0x08000c6c   0x08000c6c   0x0000000c   Code   RO         2146    i.rt_thread_self    thread.o
    0x08000c78   0x08000c78   0x00000040   Code   RO         2147    i.rt_thread_sleep   thread.o
    0x08000cb8   0x08000cb8   0x0000002c   Code   RO         2148    i.rt_thread_startup  thread.o
    0x08000ce4   0x08000ce4   0x00000042   Code   RO         2149    i.rt_thread_suspend  thread.o
    0x08000d26   0x08000d26   0x00000020   Code   RO         2150    i.rt_thread_timeout  thread.o
    0x08000d46   0x08000d46   0x00000002   PAD
    0x08000d48   0x08000d48   0x00000060   Code   RO         2151    i.rt_thread_yield   thread.o
    0x08000da8   0x08000da8   0x00000032   Code   RO         1604    i.rt_tick_from_millisecond  clock.o
    0x08000dda   0x08000dda   0x00000002   PAD
    0x08000ddc   0x08000ddc   0x0000000c   Code   RO         1605    i.rt_tick_get       clock.o
    0x08000de8   0x08000de8   0x0000002c   Code   RO         1606    i.rt_tick_increase  clock.o
    0x08000e14   0x08000e14   0x00000068   Code   RO         2247    i.rt_timer_check    timer.o
    0x08000e7c   0x08000e7c   0x00000030   Code   RO         2248    i.rt_timer_control  timer.o
    0x08000eac   0x08000eac   0x00000020   Code   RO         2249    i.rt_timer_detach   timer.o
    0x08000ecc   0x08000ecc   0x00000030   Code   RO         2250    i.rt_timer_init     timer.o
    0x08000efc   0x08000efc   0x0000008c   Code   RO         2252    i.rt_timer_start    timer.o
    0x08000f88   0x08000f88   0x0000002e   Code   RO         2253    i.rt_timer_stop     timer.o
    0x08000fb6   0x08000fb6   0x00000004   Code   RO         1649    i.rti_board_end     components.o
    0x08000fba   0x08000fba   0x00000004   Code   RO         1650    i.rti_board_start   components.o
    0x08000fbe   0x08000fbe   0x00000004   Code   RO         1651    i.rti_end           components.o
    0x08000fc2   0x08000fc2   0x00000004   Code   RO         1652    i.rti_start         components.o
    0x08000fc6   0x08000fc6   0x0000002a   Code   RO         1653    i.rtthread_startup  components.o
    0x08000ff0   0x08000ff0   0x00000010   Data   RO         1524    .constdata          system_stm32f1xx.o
    0x08001000   0x08001000   0x00000122   Data   RO         1898    .constdata          kservice.o
    0x08001122   0x08001122   0x00000002   PAD
    0x08001124   0x08001124   0x00000004   Data   RO         1655    .rti_fn.0           components.o
    0x08001128   0x08001128   0x00000004   Data   RO         1656    .rti_fn.0.end       components.o
    0x0800112c   0x0800112c   0x00000004   Data   RO         1657    .rti_fn.1.end       components.o
    0x08001130   0x08001130   0x00000004   Data   RO         1658    .rti_fn.6.end       components.o
    0x08001134   0x08001134   0x00000020   Data   RO         2358    Region$$Table       anon$$obj.o


    Execution Region RW_IRAM1 (Exec base: 0x20000000, Load base: 0x08001154, Size: 0x00000738, Max: 0x0000c000, ABSOLUTE)

    Exec Addr    Load Addr    Size         Type   Attr      Idx    E Section Name        Object

    0x20000000   0x08001154   0x00000008   Data   RW            6    .data               main.o
    0x20000008   0x0800115c   0x00000004   Data   RW         1526    .data               system_stm32f1xx.o
    0x2000000c   0x08001160   0x00000004   Data   RW         1566    .data               cpuport.o
    0x20000010   0x08001164   0x00000004   Data   RW         1567    .data               cpuport.o
    0x20000014   0x08001168   0x00000004   Data   RW         1568    .data               cpuport.o
    0x20000018   0x0800116c   0x00000004   Data   RW         1569    .data               cpuport.o
    0x2000001c   0x08001170   0x00000004   Data   RW         1608    .data               clock.o
    0x20000020   0x08001174   0x00000001   Data   RW         1852    .data               irq.o
    0x20000021   0x08001175   0x00000003   PAD
    0x20000024   0x08001178   0x00000040   Data   RW         2027    .data               object.o
    0x20000064   0x080011b8   0x00000014   Data   RW         2082    .data               scheduler.o
    0x20000078   0x080011cc   0x0000000c   Data   RW         2254    .data               timer.o
    0x20000084   0x080011d8   0x00000004   PAD
    0x20000088        -       0x00000178   Zero   RW         1654    .bss                components.o
    0x20000200        -       0x000000f8   Zero   RW         1718    .bss                idle.o
    0x200002f8        -       0x00000040   Zero   RW         2081    .bss                scheduler.o
    0x20000338        -       0x00000400   Zero   RW          136    STACK               startup_stm32f103xb.o


==============================================================================

Image component sizes


      Code (inc. data)   RO Data    RW Data    ZI Data      Debug   Object Name

        82         10          0          0          0       1707   board.o
       106         12          0          4          0       1752   clock.o
       198         34         16          0        376       5812   components.o
       244         26          0          0          0        836   context_rvds.o
        80         10          0         16          0       3102   cpuport.o
       190         26          0          0        248       5498   idle.o
        56         12          0          1          0       1566   irq.o
       178          6        290          0          0       5842   kservice.o
       168         24          0          8          0     355700   main.o
       168          6          0         64          0       6184   object.o
       416         56          0         20         64       8074   scheduler.o
        36          8        236          0       1024        872   startup_stm32f103xb.o
       490         34          0          0          0       2840   stm32f1xx_hal_gpio.o
       176         38         16          4          0       2039   system_stm32f1xx.o
       684         44          0          0          0      10846   thread.o
       464         14          0         12          0       9512   timer.o

    ----------------------------------------------------------------------
      3756        360        592        132       1716     422182   Object Totals
         0          0         32          0          0          0   (incl. Generated)
        20          0          2          3          4          0   (incl. Padding)

    ----------------------------------------------------------------------

      Code (inc. data)   RO Data    RW Data    ZI Data      Debug   Library Member Name

         0          0          0          0          0          0   entry.o
         0          0          0          0          0          0   entry10a.o
         0          0          0          0          0          0   entry11a.o
         8          4          0          0          0          0   entry2.o
         4          0          0          0          0          0   entry5.o
         0          0          0          0          0          0   entry7b.o
         0          0          0          0          0          0   entry8b.o
         8          4          0          0          0          0   entry9a.o
        30          0          0          0          0          0   handlers.o
        36          8          0          0          0         68   init.o

    ----------------------------------------------------------------------
        88         16          0          0          0         68   Library Totals
         2          0          0          0          0          0   (incl. Padding)

    ----------------------------------------------------------------------

      Code (inc. data)   RO Data    RW Data    ZI Data      Debug   Library Name

        86         16          0          0          0         68   mc_w.l

    ----------------------------------------------------------------------
        88         16          0          0          0         68   Library Totals

    ----------------------------------------------------------------------

==============================================================================


      Code (inc. data)   RO Data    RW Data    ZI Data      Debug   

      3844        376        592        132       1716     419126   Grand Totals
      3844        376        592        132       1716     419126   ELF Image Totals
      3844        376        592        132          0          0   ROM Totals

==============================================================================

    Total RO  Size (Code + RO Data)                 4436 (   4.33kB)
    Total RW  Size (RW Data + ZI Data)              1848 (   1.80kB)
    Total ROM Size (Code + RO Data + RW Data)       4568 (   4.46kB)

==============================================================================

