Component: ARM Compiler 5.06 update 6 (build 750) Tool: armlink [4d35ed]

==============================================================================

Section Cross References

    main.o(i.main) refers to my_iap.o(i.iap_thread_init) for iap_thread_init
    main.o(i.main) refers to thread.o(i.rt_thread_mdelay) for rt_thread_mdelay
    my_iap.o(i.Iap_Map_Init) refers to my_iap.o(.bss) for .bss
    my_iap.o(i.LedRun) refers to clock.o(i.rt_tick_get) for rt_tick_get
    my_iap.o(i.LedRun) refers to stm32f1xx_hal_gpio.o(i.HAL_GPIO_WritePin) for HAL_GPIO_WritePin
    my_iap.o(i.LedRun) refers to my_iap.o(.data) for .data
    my_iap.o(i.MX_GPIO_Init) refers to stm32f1xx_hal_gpio.o(i.HAL_GPIO_Init) for HAL_GPIO_Init
    my_iap.o(i.MX_GPIO_Init) refers to stm32f1xx_hal_gpio.o(i.HAL_GPIO_WritePin) for HAL_GPIO_WritePin
    my_iap.o(i.iap_jump_to_user_app) refers to my_iap.o(.bss) for .bss
    my_iap.o(i.iap_jump_to_user_app) refers to my_iap.o(.data) for .data
    my_iap.o(i.iap_main_entry) refers to my_iap.o(i.start_up_init) for start_up_init
    my_iap.o(i.iap_main_entry) refers to my_flash.o(i.my_erase_pages) for my_erase_pages
    my_iap.o(i.iap_main_entry) refers to clock.o(i.rt_tick_get) for rt_tick_get
    my_iap.o(i.iap_main_entry) refers to my_flash.o(i.my_write_to_flash) for my_write_to_flash
    my_iap.o(i.iap_main_entry) refers to memcpya.o(.text) for __aeabi_memcpy
    my_iap.o(i.iap_main_entry) refers to thread.o(i.rt_thread_mdelay) for rt_thread_mdelay
    my_iap.o(i.iap_main_entry) refers to my_flash.o(i.my_erase_write_to_flash) for my_erase_write_to_flash
    my_iap.o(i.iap_main_entry) refers to my_iap.o(i.my_soft_reset) for my_soft_reset
    my_iap.o(i.iap_main_entry) refers to my_iap.o(.data) for .data
    my_iap.o(i.iap_main_entry) refers to my_iap.o(.bss) for .bss
    my_iap.o(i.iap_main_entry) refers to my_uart.o(.data) for USART_RX_CNT
    my_iap.o(i.iap_main_entry) refers to my_uart.o(.bss) for USART_RX_BUF
    my_iap.o(i.iap_thread_init) refers to my_iap.o(i.Iap_Map_Init) for Iap_Map_Init
    my_iap.o(i.iap_thread_init) refers to my_iap.o(i.MX_GPIO_Init) for MX_GPIO_Init
    my_iap.o(i.iap_thread_init) refers to my_uart.o(i.my_iap_uart_init) for my_iap_uart_init
    my_iap.o(i.iap_thread_init) refers to thread.o(i.rt_thread_create) for rt_thread_create
    my_iap.o(i.iap_thread_init) refers to thread.o(i.rt_thread_startup) for rt_thread_startup
    my_iap.o(i.iap_thread_init) refers to my_iap.o(i.led_display_entry) for led_display_entry
    my_iap.o(i.iap_thread_init) refers to my_iap.o(.data) for .data
    my_iap.o(i.iap_thread_init) refers to my_iap.o(i.iap_main_entry) for iap_main_entry
    my_iap.o(i.led_display_entry) refers to my_iap.o(i.LedRun) for LedRun
    my_iap.o(i.led_display_entry) refers to thread.o(i.rt_thread_mdelay) for rt_thread_mdelay
    my_iap.o(i.start_up_init) refers to my_flash.o(i.my_read_from_flash) for my_read_from_flash
    my_iap.o(i.start_up_init) refers to my_iap.o(.bss) for .bss
    my_uart.o(i.HAL_UART_MspInit) refers to stm32f1xx_hal_gpio.o(i.HAL_GPIO_Init) for HAL_GPIO_Init
    my_uart.o(i.HAL_UART_MspInit) refers to stm32f1xx_hal_cortex.o(i.HAL_NVIC_EnableIRQ) for HAL_NVIC_EnableIRQ
    my_uart.o(i.HAL_UART_MspInit) refers to stm32f1xx_hal_cortex.o(i.HAL_NVIC_SetPriority) for HAL_NVIC_SetPriority
    my_uart.o(i.HAL_UART_RxCpltCallback) refers to memcpya.o(.text) for __aeabi_memcpy
    my_uart.o(i.HAL_UART_RxCpltCallback) refers to my_uart.o(.data) for .data
    my_uart.o(i.HAL_UART_RxCpltCallback) refers to my_uart.o(.bss) for .bss
    my_uart.o(i.HAL_UART_RxCpltCallback) refers to my_iap.o(.bss) for MyIapRxBuff
    my_uart.o(i.USART1_IRQHandler) refers to stm32f1xx_hal_uart.o(i.HAL_UART_IRQHandler) for HAL_UART_IRQHandler
    my_uart.o(i.USART1_IRQHandler) refers to stm32f1xx_hal_uart.o(i.HAL_UART_Receive_IT) for HAL_UART_Receive_IT
    my_uart.o(i.USART1_IRQHandler) refers to my_uart.o(.bss) for .bss
    my_uart.o(i.USART1_IRQHandler) refers to my_uart.o(.data) for .data
    my_uart.o(i.my_iap_uart_init) refers to stm32f1xx_hal_uart.o(i.HAL_UART_Init) for HAL_UART_Init
    my_uart.o(i.my_iap_uart_init) refers to stm32f1xx_hal_uart.o(i.HAL_UART_Receive_IT) for HAL_UART_Receive_IT
    my_uart.o(i.my_iap_uart_init) refers to my_uart.o(.bss) for .bss
    my_uart.o(i.my_iap_uart_init) refers to my_uart.o(.data) for .data
    my_flash.o(i.iap_re_write_user_code) refers to stm32f1xx_hal_flash.o(i.HAL_FLASH_Unlock) for HAL_FLASH_Unlock
    my_flash.o(i.iap_re_write_user_code) refers to stm32f1xx_hal_flash_ex.o(i.HAL_FLASHEx_Erase) for HAL_FLASHEx_Erase
    my_flash.o(i.iap_re_write_user_code) refers to my_flash.o(i.my_read_from_flash) for my_read_from_flash
    my_flash.o(i.iap_re_write_user_code) refers to my_flash.o(i.my_write_to_flash) for my_write_to_flash
    my_flash.o(i.iap_re_write_user_code) refers to stm32f1xx_hal_flash.o(i.HAL_FLASH_Lock) for HAL_FLASH_Lock
    my_flash.o(i.iap_re_write_user_code) refers to my_iap.o(.bss) for MyIapMap
[...]
    Removing stm32f1xx_hal.o(i.HAL_DBGMCU_EnableDBGStandbyMode), (16 bytes).
    Removing stm32f1xx_hal.o(i.HAL_DBGMCU_EnableDBGStopMode), (16 bytes).
    Removing stm32f1xx_hal.o(i.HAL_DeInit), (32 bytes).
    Removing stm32f1xx_hal.o(i.HAL_Delay), (36 bytes).
    Removing stm32f1xx_hal.o(i.HAL_GetDEVID), (16 bytes).
    Removing stm32f1xx_hal.o(i.HAL_GetHalVersion), (8 bytes).
    Removing stm32f1xx_hal.o(i.HAL_GetREVID), (12 bytes).
    Removing stm32f1xx_hal.o(i.HAL_GetTickFreq), (12 bytes).
    Removing stm32f1xx_hal.o(i.HAL_GetTickPrio), (12 bytes).
    Removing stm32f1xx_hal.o(i.HAL_GetUIDw0), (12 bytes).
    Removing stm32f1xx_hal.o(i.HAL_GetUIDw1), (12 bytes).
    Removing stm32f1xx_hal.o(i.HAL_GetUIDw2), (12 bytes).
    Removing stm32f1xx_hal.o(i.HAL_IncTick), (16 bytes).
    Removing stm32f1xx_hal.o(i.HAL_Init), (36 bytes).
    Removing stm32f1xx_hal.o(i.HAL_InitTick), (64 bytes).
    Removing stm32f1xx_hal.o(i.HAL_MspDeInit), (2 bytes).
    Removing stm32f1xx_hal.o(i.HAL_MspInit), (2 bytes).
    Removing stm32f1xx_hal.o(i.HAL_ResumeTick), (14 bytes).
    Removing stm32f1xx_hal.o(i.HAL_SetTickFreq), (32 bytes).
    Removing stm32f1xx_hal.o(i.HAL_SuspendTick), (14 bytes).
    Removing stm32f1xx_hal_rcc.o(.rev16_text), (4 bytes).
    Removing stm32f1xx_hal_rcc.o(.revsh_text), (4 bytes).
    Removing stm32f1xx_hal_rcc.o(.rrx_text), (6 bytes).
    Removing stm32f1xx_hal_rcc.o(i.HAL_RCC_CSSCallback), (2 bytes).
    Removing stm32f1xx_hal_rcc.o(i.HAL_RCC_ClockConfig), (312 bytes).
    Removing stm32f1xx_hal_rcc.o(i.HAL_RCC_DeInit), (216 bytes).
    Removing stm32f1xx_hal_rcc.o(i.HAL_RCC_DisableCSS), (12 bytes).
    Removing stm32f1xx_hal_rcc.o(i.HAL_RCC_EnableCSS), (12 bytes).
    Removing stm32f1xx_hal_rcc.o(i.HAL_RCC_GetClockConfig), (64 bytes).
    Removing stm32f1xx_hal_rcc.o(i.HAL_RCC_GetHCLKFreq), (12 bytes).
    Removing stm32f1xx_hal_rcc.o(i.HAL_RCC_GetOscConfig), (144 bytes).
    Removing stm32f1xx_hal_rcc.o(i.HAL_RCC_GetSysClockFreq), (108 bytes).
    Removing stm32f1xx_hal_rcc.o(i.HAL_RCC_MCOConfig), (72 bytes).
    Removing stm32f1xx_hal_rcc.o(i.HAL_RCC_NMI_IRQHandler), (24 bytes).
    Removing stm32f1xx_hal_rcc.o(i.HAL_RCC_OscConfig), (792 bytes).
    Removing stm32f1xx_hal_rcc_ex.o(.rev16_text), (4 bytes).
    Removing stm32f1xx_hal_rcc_ex.o(.revsh_text), (4 bytes).
    Removing stm32f1xx_hal_rcc_ex.o(.rrx_text), (6 bytes).
    Removing stm32f1xx_hal_rcc_ex.o(i.HAL_RCCEx_GetPeriphCLKConfig), (52 bytes).
    Removing stm32f1xx_hal_rcc_ex.o(i.HAL_RCCEx_GetPeriphCLKFreq), (212 bytes).
    Removing stm32f1xx_hal_rcc_ex.o(i.HAL_RCCEx_PeriphCLKConfig), (232 bytes).
    Removing stm32f1xx_hal_gpio.o(.rev16_text), (4 bytes).
    Removing stm32f1xx_hal_gpio.o(.revsh_text), (4 bytes).
    Removing stm32f1xx_hal_gpio.o(.rrx_text), (6 bytes).
    Removing stm32f1xx_hal_gpio.o(i.HAL_GPIO_DeInit), (252 bytes).
    Removing stm32f1xx_hal_gpio.o(i.HAL_GPIO_EXTI_Callback), (2 bytes).
    Removing stm32f1xx_hal_gpio.o(i.HAL_GPIO_EXTI_IRQHandler), (24 bytes).
    Removing stm32f1xx_hal_gpio.o(i.HAL_GPIO_LockPin), (34 bytes).
    Removing stm32f1xx_hal_gpio.o(i.HAL_GPIO_ReadPin), (10 bytes).
    Removing stm32f1xx_hal_gpio.o(i.HAL_GPIO_TogglePin), (14 bytes).
    Removing stm32f1xx_hal_dma.o(.rev16_text), (4 bytes).
    Removing stm32f1xx_hal_dma.o(.revsh_text), (4 bytes).
    Removing stm32f1xx_hal_dma.o(.rrx_text), (6 bytes).
    Removing stm32f1xx_hal_dma.o(i.DMA_SetConfig), (42 bytes).
    Removing stm32f1xx_hal_dma.o(i.HAL_DMA_Abort), (70 bytes).
    Removing stm32f1xx_hal_dma.o(i.HAL_DMA_DeInit), (128 bytes).
    Removing stm32f1xx_hal_dma.o(i.HAL_DMA_GetError), (4 bytes).
    Removing stm32f1xx_hal_dma.o(i.HAL_DMA_GetState), (6 bytes).
    Removing stm32f1xx_hal_dma.o(i.HAL_DMA_IRQHandler), (584 bytes).
    Removing stm32f1xx_hal_dma.o(i.HAL_DMA_Init), (124 bytes).
    Removing stm32f1xx_hal_dma.o(i.HAL_DMA_PollForTransfer), (984 bytes).
    Removing stm32f1xx_hal_dma.o(i.HAL_DMA_RegisterCallback), (74 bytes).
    Removing stm32f1xx_hal_dma.o(i.HAL_DMA_Start), (80 bytes).
    Removing stm32f1xx_hal_dma.o(i.HAL_DMA_Start_IT), (112 bytes).
    Removing stm32f1xx_hal_dma.o(i.HAL_DMA_UnRegisterCallback), (82 bytes).
    Removing stm32f1xx_hal_cortex.o(.rev16_text), (4 bytes).
    Removing stm32f1xx_hal_cortex.o(.revsh_text), (4 bytes).
    Removing stm32f1xx_hal_cortex.o(.rrx_text), (6 bytes).
    Removing stm32f1xx_hal_cortex.o(i.HAL_NVIC_ClearPendingIRQ), (26 bytes).
    Removing stm32f1xx_hal_cortex.o(i.HAL_NVIC_DisableIRQ), (34 bytes).
    Removing stm32f1xx_hal_cortex.o(i.HAL_NVIC_GetActive), (36 bytes).
    Removing stm32f1xx_hal_cortex.o(i.HAL_NVIC_GetPendingIRQ), (36 bytes).
    Removing stm32f1xx_hal_cortex.o(i.HAL_NVIC_GetPriority), (84 bytes).
    Removing stm32f1xx_hal_cortex.o(i.HAL_NVIC_GetPriorityGrouping), (16 bytes).
    Removing stm32f1xx_hal_cortex.o(i.HAL_NVIC_SetPendingIRQ), (26 bytes).
    Removing stm32f1xx_hal_cortex.o(i.HAL_NVIC_SetPriorityGrouping), (36 bytes).
    Removing stm32f1xx_hal_cortex.o(i.HAL_NVIC_SystemReset), (36 bytes).
    Removing stm32f1xx_hal_cortex.o(i.HAL_SYSTICK_CLKSourceConfig), (24 bytes).
    Removing stm32f1xx_hal_cortex.o(i.HAL_SYSTICK_Callback), (2 bytes).
    Removing stm32f1xx_hal_cortex.o(i.HAL_SYSTICK_Config), (40 bytes).
    Removing stm32f1xx_hal_cortex.o(i.HAL_SYSTICK_IRQHandler), (8 bytes).
    Removing stm32f1xx_hal_pwr.o(.rev16_text), (4 bytes).
    Removing stm32f1xx_hal_pwr.o(.revsh_text), (4 bytes).
    Removing stm32f1xx_hal_pwr.o(.rrx_text), (6 bytes).
    Removing stm32f1xx_hal_pwr.o(i.HAL_PWR_ConfigPVD), (124 bytes).
    Removing stm32f1xx_hal_pwr.o(i.HAL_PWR_DeInit), (24 bytes).
    Removing stm32f1xx_hal_pwr.o(i.HAL_PWR_DisableBkUpAccess), (12 bytes).
    Removing stm32f1xx_hal_pwr.o(i.HAL_PWR_DisablePVD), (12 bytes).
    Removing stm32f1xx_hal_pwr.o(i.HAL_PWR_DisableSEVOnPend), (16 bytes).
    Removing stm32f1xx_hal_pwr.o(i.HAL_PWR_DisableSleepOnExit), (16 bytes).
    Removing stm32f1xx_hal_pwr.o(i.HAL_PWR_DisableWakeUpPin), (28 bytes).
    Removing stm32f1xx_hal_pwr.o(i.HAL_PWR_EnableBkUpAccess), (12 bytes).
    Removing stm32f1xx_hal_pwr.o(i.HAL_PWR_EnablePVD), (12 bytes).
    Removing stm32f1xx_hal_pwr.o(i.HAL_PWR_EnableSEVOnPend), (16 bytes).
    Removing stm32f1xx_hal_pwr.o(i.HAL_PWR_EnableSleepOnExit), (16 bytes).
    Removing stm32f1xx_hal_pwr.o(i.HAL_PWR_EnableWakeUpPin), (28 bytes).
    Removing stm32f1xx_hal_pwr.o(i.HAL_PWR_EnterSLEEPMode), (32 bytes).
    Removing stm32f1xx_hal_pwr.o(i.HAL_PWR_EnterSTANDBYMode), (32 bytes).
    Removing stm32f1xx_hal_pwr.o(i.HAL_PWR_EnterSTOPMode), (68 bytes).
    Removing stm32f1xx_hal_pwr.o(i.HAL_PWR_PVDCallback), (2 bytes).
    Removing stm32f1xx_hal_pwr.o(i.HAL_PWR_PVD_IRQHandler), (28 bytes).
    Removing stm32f1xx_hal_pwr.o(i.PWR_OverloadWfe), (6 bytes).
    Removing stm32f1xx_hal_flash.o(.rev16_text), (4 bytes).
    Removing stm32f1xx_hal_flash.o(.revsh_text), (4 bytes).
    Removing stm32f1xx_hal_flash.o(.rrx_text), (6 bytes).
    Removing stm32f1xx_hal_flash.o(i.HAL_FLASH_EndOfOperationCallback), (2 bytes).
    Removing stm32f1xx_hal_flash.o(i.HAL_FLASH_GetError), (12 bytes).
    Removing stm32f1xx_hal_flash.o(i.HAL_FLASH_IRQHandler), (264 bytes).
    Removing stm32f1xx_hal_flash.o(i.HAL_FLASH_OB_Launch), (4 bytes).
    Removing stm32f1xx_hal_flash.o(i.HAL_FLASH_OB_Lock), (20 bytes).
    Removing stm32f1xx_hal_flash.o(i.HAL_FLASH_OB_Unlock), (36 bytes).
    Removing stm32f1xx_hal_flash.o(i.HAL_FLASH_OperationErrorCallback), (2 bytes).
    Removing stm32f1xx_hal_flash.o(i.HAL_FLASH_Program_IT), (96 bytes).
    Removing stm32f1xx_hal_flash_ex.o(.rev16_text), (4 bytes).
    Removing stm32f1xx_hal_flash_ex.o(.revsh_text), (4 bytes).
    Removing stm32f1xx_hal_flash_ex.o(.rrx_text), (6 bytes).
    Removing stm32f1xx_hal_flash_ex.o(i.FLASH_OB_DisableWRP), (176 bytes).
    Removing stm32f1xx_hal_flash_ex.o(i.FLASH_OB_EnableWRP), (176 bytes).
    Removing stm32f1xx_hal_flash_ex.o(i.FLASH_OB_GetRDP), (24 bytes).
    Removing stm32f1xx_hal_flash_ex.o(i.FLASH_OB_RDP_LevelConfig), (100 bytes).
    Removing stm32f1xx_hal_flash_ex.o(i.HAL_FLASHEx_Erase_IT), (84 bytes).
    Removing stm32f1xx_hal_flash_ex.o(i.HAL_FLASHEx_OBErase), (84 bytes).
    Removing stm32f1xx_hal_flash_ex.o(i.HAL_FLASHEx_OBGetConfig), (36 bytes).
    Removing stm32f1xx_hal_flash_ex.o(i.HAL_FLASHEx_OBGetUserData), (32 bytes).
    Removing stm32f1xx_hal_flash_ex.o(i.HAL_FLASHEx_OBProgram), (200 bytes).
    Removing stm32f1xx_hal_exti.o(.rev16_text), (4 bytes).
    Removing stm32f1xx_hal_exti.o(.revsh_text), (4 bytes).
    Removing stm32f1xx_hal_exti.o(.rrx_text), (6 bytes).
    Removing stm32f1xx_hal_exti.o(i.HAL_EXTI_ClearConfigLine), (104 bytes).
    Removing stm32f1xx_hal_exti.o(i.HAL_EXTI_ClearPending), (20 bytes).
    Removing stm32f1xx_hal_exti.o(i.HAL_EXTI_GenerateSWI), (20 bytes).
    Removing stm32f1xx_hal_exti.o(i.HAL_EXTI_GetConfigLine), (152 bytes).
    Removing stm32f1xx_hal_exti.o(i.HAL_EXTI_GetHandle), (12 bytes).
    Removing stm32f1xx_hal_exti.o(i.HAL_EXTI_GetPending), (24 bytes).
    Removing stm32f1xx_hal_exti.o(i.HAL_EXTI_IRQHandler), (36 bytes).
    Removing stm32f1xx_hal_exti.o(i.HAL_EXTI_RegisterCallback), (14 bytes).
    Removing stm32f1xx_hal_exti.o(i.HAL_EXTI_SetConfigLine), (164 bytes).
    Removing cpuport.o(i.rt_hw_cpu_reset), (16 bytes).
    Removing cpuport.o(i.rt_hw_cpu_shutdown), (2 bytes).
    Removing cpuport.o(i.rt_hw_exception_install), (12 bytes).
    Removing clock.o(i.rt_system_tick_init), (2 bytes).
    Removing clock.o(i.rt_tick_set), (24 bytes).
    Removing idle.o(i.rt_thread_idle_gethandler), (8 bytes).
    Removing ipc.o(i.rt_ipc_list_resume_all), (46 bytes).
    Removing ipc.o(i.rt_mb_control), (58 bytes).
    Removing ipc.o(i.rt_mb_create), (72 bytes).
    Removing ipc.o(i.rt_mb_delete), (34 bytes).
    Removing ipc.o(i.rt_mb_detach), (28 bytes).
    Removing ipc.o(i.rt_mb_init), (52 bytes).
    Removing ipc.o(i.rt_mb_recv), (240 bytes).
    Removing ipc.o(i.rt_mb_send), (6 bytes).
    Removing ipc.o(i.rt_mb_send_wait), (230 bytes).
    Removing ipc.o(i.rt_sem_control), (46 bytes).
    Removing ipc.o(i.rt_sem_create), (32 bytes).
    Removing ipc.o(i.rt_sem_delete), (20 bytes).
    Removing ipc.o(i.rt_sem_detach), (20 bytes).
    Removing ipc.o(i.rt_sem_trytake), (6 bytes).
    Removing irq.o(i.rt_interrupt_get_nest), (12 bytes).
    Removing kservice.o(i._rt_errno), (28 bytes).
    Removing kservice.o(i.print_number), (300 bytes).
    Removing kservice.o(i.rt_free_align), (8 bytes).
    Removing kservice.o(i.rt_get_errno), (28 bytes).
    Removing kservice.o(i.rt_malloc_align), (50 bytes).
    Removing kservice.o(i.rt_memcmp), (28 bytes).
    Removing kservice.o(i.rt_memcpy), (74 bytes).
    Removing kservice.o(i.rt_memmove), (46 bytes).
    Removing kservice.o(i.rt_set_errno), (32 bytes).
    Removing kservice.o(i.rt_snprintf), (18 bytes).
    Removing kservice.o(i.rt_sprintf), (18 bytes).
    Removing kservice.o(i.rt_strcasecmp), (42 bytes).
    Removing kservice.o(i.rt_strcmp), (24 bytes).
    Removing kservice.o(i.rt_strdup), (36 bytes).
    Removing kservice.o(i.rt_strlen), (16 bytes).
    Removing kservice.o(i.rt_strncmp), (32 bytes).
    Removing kservice.o(i.rt_strnlen), (20 bytes).
    Removing kservice.o(i.rt_strstr), (54 bytes).
    Removing kservice.o(i.rt_vsnprintf), (612 bytes).
    Removing kservice.o(i.rt_vsprintf), (12 bytes).
    Removing kservice.o(i.skip_atoi), (40 bytes).
    Removing kservice.o(.data), (4 bytes).
    Removing mem.o(i.rt_calloc), (26 bytes).
    Removing mem.o(i.rt_memory_info), (32 bytes).
    Removing mem.o(i.rt_realloc), (212 bytes).
    Removing object.o(i.rt_object_find), (74 bytes).
    Removing object.o(i.rt_object_get_type), (8 bytes).
    Removing object.o(i.rt_system_object_init), (2 bytes).
    Removing scheduler.o(i.rt_critical_level), (12 bytes).
    Removing thread.o(i.rt_thread_control), (100 bytes).
    Removing thread.o(i.rt_thread_delay), (4 bytes).
    Removing thread.o(i.rt_thread_delete), (64 bytes).
    Removing thread.o(i.rt_thread_detach), (84 bytes).
    Removing thread.o(i.rt_thread_find), (84 bytes).
    Removing timer.o(i.rt_timer_create), (46 bytes).
    Removing timer.o(i.rt_timer_delete), (32 bytes).
    Removing timer.o(i.rt_timer_next_timeout_tick), (28 bytes).

282 unused section(s) (total 17338 bytes) removed from the image.

==============================================================================

Image Symbol Table

    Local Symbols

    Symbol Name                              Value     Ov Type        Size  Object(Section)

    ../clib/microlib/init/entry.s            0x00000000   Number         0  entry5.o ABSOLUTE
    ../clib/microlib/init/entry.s            0x00000000   Number         0  entry7a.o ABSOLUTE
    ../clib/microlib/init/entry.s            0x00000000   Number         0  entry9b.o ABSOLUTE
    ../clib/microlib/init/entry.s            0x00000000   Number         0  entry9a.o ABSOLUTE
    ../clib/microlib/init/entry.s            0x00000000   Number         0  entry8b.o ABSOLUTE
    ../clib/microlib/init/entry.s            0x00000000   Number         0  entry11b.o ABSOLUTE
    ../clib/microlib/init/entry.s            0x00000000   Number         0  entry11a.o ABSOLUTE
    ../clib/microlib/init/entry.s            0x00000000   Number         0  entry10b.o ABSOLUTE
    ../clib/microlib/init/entry.s            0x00000000   Number         0  entry.o ABSOLUTE
    ../clib/microlib/init/entry.s            0x00000000   Number         0  entry8a.o ABSOLUTE
    ../clib/microlib/init/entry.s            0x00000000   Number         0  entry7b.o ABSOLUTE
    ../clib/microlib/init/entry.s            0x00000000   Number         0  entry2.o ABSOLUTE
    ../clib/microlib/init/entry.s            0x00000000   Number         0  entry10a.o ABSOLUTE
    ../clib/microlib/longlong.c              0x00000000   Number         0  llushr.o ABSOLUTE
    ../clib/microlib/string/memcpy.c         0x00000000   Number         0  memcpya.o ABSOLUTE
    ../clib/microlib/string/memcpy.c         0x00000000   Number         0  memcpyb.o ABSOLUTE
    C:\Keil_v5\ARM\PACK\RealThread\RT-Thread\3.1.3\libcpu\arm\cortex-m3\context_rvds.S 0x00000000   Number         0  context_rvds.o ABSOLUTE
    C:\Keil_v5\ARM\PACK\RealThread\RT-Thread\3.1.3\libcpu\arm\cortex-m3\cpuport.c 0x00000000   Number         0  cpuport.o ABSOLUTE
    C:\Keil_v5\ARM\PACK\RealThread\RT-Thread\3.1.3\src\clock.c 0x00000000   Number         0  clock.o ABSOLUTE
    C:\Keil_v5\ARM\PACK\RealThread\RT-Thread\3.1.3\src\components.c 0x00000000   Number         0  components.o ABSOLUTE
    C:\Keil_v5\ARM\PACK\RealThread\RT-Thread\3.1.3\src\idle.c 0x00000000   Number         0  idle.o ABSOLUTE
    C:\Keil_v5\ARM\PACK\RealThread\RT-Thread\3.1.3\src\ipc.c 0x00000000   Number         0  ipc.o ABSOLUTE
    C:\Keil_v5\ARM\PACK\RealThread\RT-Thread\3.1.3\src\irq.c 0x00000000   Number         0  irq.o ABSOLUTE
    C:\Keil_v5\ARM\PACK\RealThread\RT-Thread\3.1.3\src\kservice.c 0x00000000   Number         0  kservice.o ABSOLUTE
    C:\Keil_v5\ARM\PACK\RealThread\RT-Thread\3.1.3\src\mem.c 0x00000000   Number         0  mem.o ABSOLUTE
    C:\Keil_v5\ARM\PACK\RealThread\RT-Thread\3.1.3\src\object.c 0x00000000   Number         0  object.o ABSOLUTE
    C:\Keil_v5\ARM\PACK\RealThread\RT-Thread\3.1.3\src\scheduler.c 0x00000000   Number         0  scheduler.o ABSOLUTE
    C:\Keil_v5\ARM\PACK\RealThread\RT-Thread\3.1.3\src\thread.c 0x00000000   Number         0  thread.o ABSOLUTE
    C:\Keil_v5\ARM\PACK\RealThread\RT-Thread\3.1.3\src\timer.c 0x00000000   Number         0  timer.o ABSOLUTE
    RTE\RTOS\board.c                         0x00000000   Number         0  board.o ABSOLUTE
    applications/main.c                      0x00000000   Number         0  main.o ABSOLUTE
    applications\\my_flash.c                 0x00000000   Number         0  my_flash.o ABSOLUTE
    applications\\my_iap.c                   0x00000000   Number         0  my_iap.o ABSOLUTE
    applications\\my_uart.c                  0x00000000   Number         0  my_uart.o ABSOLUTE
    applications\main.c                      0x00000000   Number         0  main.o ABSOLUTE
    applications\my_flash.c                  0x00000000   Number         0  my_flash.o ABSOLUTE
    applications\my_iap.c                    0x00000000   Number         0  my_iap.o ABSOLUTE
    applications\my_uart.c                   0x00000000   Number         0  my_uart.o ABSOLUTE
    dc.s                                     0x00000000   Number         0  dc.o ABSOLUTE
    handlers.s                               0x00000000   Number         0  handlers.o ABSOLUTE
    init.s                                   0x00000000   Number         0  init.o ABSOLUTE
    libraries/CMSIS/Device/ST/STM32F1xx/Source/Templates/system_stm32f1xx.c 0x00000000   Number         0  system_stm32f1xx.o ABSOLUTE
    libraries/STM32F1xx_HAL_Driver/Src/stm32f1xx_hal.c 0x00000000   Number         0  stm32f1xx_hal.o ABSOLUTE
    libraries/STM32F1xx_HAL_Driver/Src/stm32f1xx_hal_cortex.c 0x00000000   Number         0  stm32f1xx_hal_cortex.o ABSOLUTE
    libraries/STM32F1xx_HAL_Driver/Src/stm32f1xx_hal_dma.c 0x00000000   Number         0  stm32f1xx_hal_dma.o ABSOLUTE
    libraries/STM32F1xx_HAL_Driver/Src/stm32f1xx_hal_exti.c 0x00000000   Number         0  stm32f1xx_hal_exti.o ABSOLUTE
    libraries/STM32F1xx_HAL_Driver/Src/stm32f1xx_hal_flash.c 0x00000000   Number         0  stm32f1xx_hal_flash.o ABSOLUTE
    libraries/STM32F1xx_HAL_Driver/Src/stm32f1xx_hal_flash_ex.c 0x00000000   Number         0  stm32f1xx_hal_flash_ex.o ABSOLUTE
    libraries/STM32F1xx_HAL_Driver/Src/stm32f1xx_hal_gpio.c 0x00000000   Number         0  stm32f1xx_hal_gpio.o ABSOLUTE
    libraries/STM32F1xx_HAL_Driver/Src/stm32f1xx_hal_gpio_ex.c 0x00000000   Number         0  stm32f1xx_hal_gpio_ex.o ABSOLUTE
    libraries/STM32F1xx_HAL_Driver/Src/stm32f1xx_hal_pwr.c 0x00000000   Number         0  stm32f1xx_hal_pwr.o ABSOLUTE
    libraries/STM32F1xx_HAL_Driver/Src/stm32f1xx_hal_rcc.c 0x00000000   Number         0  stm32f1xx_hal_rcc.o ABSOLUTE
    libraries/STM32F1xx_HAL_Driver/Src/stm32f1xx_hal_rcc_ex.c 0x00000000   Number         0  stm32f1xx_hal_rcc_ex.o ABSOLUTE
    libraries/STM32F1xx_HAL_Driver/Src/stm32f1xx_hal_tim.c 0x00000000   Number         0  stm32f1xx_hal_tim.o ABSOLUTE
    libraries/STM32F1xx_HAL_Driver/Src/stm32f1xx_hal_tim_ex.c 0x00000000   Number         0  stm32f1xx_hal_tim_ex.o ABSOLUTE
    libraries/STM32F1xx_HAL_Driver/Src/stm32f1xx_hal_uart.c 0x00000000   Number         0  stm32f1xx_hal_uart.o ABSOLUTE
    libraries\CMSIS\Device\ST\STM32F1xx\Source\Templates\arm\startup_stm32f103xe.s 0x00000000   Number         0  startup_stm32f103xe.o ABSOLUTE
    libraries\CMSIS\Device\ST\STM32F1xx\Source\Templates\system_stm32f1xx.c 0x00000000   Number         0  system_stm32f1xx.o ABSOLUTE
    libraries\STM32F1xx_HAL_Driver\Src\stm32f1xx_hal.c 0x00000000   Number         0  stm32f1xx_hal.o ABSOLUTE
    libraries\STM32F1xx_HAL_Driver\Src\stm32f1xx_hal_cortex.c 0x00000000   Number         0  stm32f1xx_hal_cortex.o ABSOLUTE
    libraries\STM32F1xx_HAL_Driver\Src\stm32f1xx_hal_dma.c 0x00000000   Number         0  stm32f1xx_hal_dma.o ABSOLUTE
    libraries\STM32F1xx_HAL_Driver\Src\stm32f1xx_hal_exti.c 0x00000000   Number         0  stm32f1xx_hal_exti.o ABSOLUTE
    libraries\STM32F1xx_HAL_Driver\Src\stm32f1xx_hal_flash.c 0x00000000   Number         0  stm32f1xx_hal_flash.o ABSOLUTE
    libraries\STM32F1xx_HAL_Driver\Src\stm32f1xx_hal_flash_ex.c 0x00000000   Number         0  stm32f1xx_hal_flash_ex.o ABSOLUTE
    libraries\STM32F1xx_HAL_Driver\Src\stm32f1xx_hal_gpio.c 0x00000000   Number         0  stm32f1xx_hal_gpio.o ABSOLUTE
    libraries\STM32F1xx_HAL_Driver\Src\stm32f1xx_hal_gpio_ex.c 0x00000000   Number         0  stm32f1xx_hal_gpio_ex.o ABSOLUTE
    libraries\STM32F1xx_HAL_Driver\Src\stm32f1xx_hal_pwr.c 0x00000000   Number         0  stm32f1xx_hal_pwr.o ABSOLUTE
    libraries\STM32F1xx_HAL_Driver\Src\stm32f1xx_hal_rcc.c 0x00000000   Number         0  stm32f1xx_hal_rcc.o ABSOLUTE
    libraries\STM32F1xx_HAL_Driver\Src\stm32f1xx_hal_rcc_ex.c 0x00000000   Number         0  stm32f1xx_hal_rcc_ex.o ABSOLUTE
    libraries\STM32F1xx_HAL_Driver\Src\stm32f1xx_hal_tim.c 0x00000000   Number         0  stm32f1xx_hal_tim.o ABSOLUTE
    libraries\STM32F1xx_HAL_Driver\Src\stm32f1xx_hal_tim_ex.c 0x00000000   Number         0  stm32f1xx_hal_tim_ex.o ABSOLUTE
    libraries\STM32F1xx_HAL_Driver\Src\stm32f1xx_hal_uart.c 0x00000000   Number         0  stm32f1xx_hal_uart.o ABSOLUTE
    RESET                                    0x08008000   Section      304  startup_stm32f103xe.o(RESET)
    .ARM.Collect$$$$00000000                 0x08008130   Section        0  entry.o(.ARM.Collect$$$$00000000)
    .ARM.Collect$$$$00000001                 0x08008130   Section        4  entry2.o(.ARM.Collect$$$$00000001)
    .ARM.Collect$$$$00000004                 0x08008134   Section        4  entry5.o(.ARM.Collect$$$$00000004)
    .ARM.Collect$$$$00000008                 0x08008138   Section        0  entry7b.o(.ARM.Collect$$$$00000008)
    .ARM.Collect$$$$0000000A                 0x08008138   Section        0  entry8b.o(.ARM.Collect$$$$0000000A)
    .ARM.Collect$$$$0000000B                 0x08008138   Section        8  entry9a.o(.ARM.Collect$$$$0000000B)
    .ARM.Collect$$$$0000000D                 0x08008140   Section        0  entry10a.o(.ARM.Collect$$$$0000000D)
    .ARM.Collect$$$$0000000F                 0x08008140   Section        0  entry11a.o(.ARM.Collect$$$$0000000F)
    .ARM.Collect$$$$00002712                 0x08008140   Section        4  entry2.o(.ARM.Collect$$$$00002712)
    __lit__00000000                          0x08008140   Data           4  entry2.o(.ARM.Collect$$$$00002712)
    .text                                    0x08008144   Section       36  startup_stm32f103xe.o(.text)
    .text                                    0x08008168   Section      244  context_rvds.o(.text)
    .text                                    0x0800825c   Section        0  llushr.o(.text)
    .text                                    0x0800827c   Section        0  memcpya.o(.text)
    .text                                    0x080082a0   Section       36  init.o(.text)
    i.$Sub$$main                             0x080082c4   Section        0  components.o(i.$Sub$$main)
    i.FLASH_MassErase                        0x080082d0   Section        0  stm32f1xx_hal_flash_ex.o(i.FLASH_MassErase)
    FLASH_MassErase                          0x080082d1   Thumb Code    26  stm32f1xx_hal_flash_ex.o(i.FLASH_MassErase)
    i.FLASH_PageErase                        0x080082f4   Section        0  stm32f1xx_hal_flash_ex.o(i.FLASH_PageErase)
    i.FLASH_Program_HalfWord                 0x08008318   Section        0  stm32f1xx_hal_flash.o(i.FLASH_Program_HalfWord)
    FLASH_Program_HalfWord                   0x08008319   Thumb Code    20  stm32f1xx_hal_flash.o(i.FLASH_Program_HalfWord)
    i.FLASH_SetErrorCode                     0x08008334   Section        0  stm32f1xx_hal_flash.o(i.FLASH_SetErrorCode)
    FLASH_SetErrorCode                       0x08008335   Thumb Code    84  stm32f1xx_hal_flash.o(i.FLASH_SetErrorCode)
    i.FLASH_WaitForLastOperation             0x08008390   Section        0  stm32f1xx_hal_flash.o(i.FLASH_WaitForLastOperation)
    i.HAL_DMA_Abort_IT                       0x080083e4   Section        0  stm32f1xx_hal_dma.o(i.HAL_DMA_Abort_IT)
    i.HAL_FLASHEx_Erase                      0x08008514   Section        0  stm32f1xx_hal_flash_ex.o(i.HAL_FLASHEx_Erase)
    i.HAL_FLASH_Lock                         0x080085bc   Section        0  stm32f1xx_hal_flash.o(i.HAL_FLASH_Lock)
    i.HAL_FLASH_Program                      0x080085d0   Section        0  stm32f1xx_hal_flash.o(i.HAL_FLASH_Program)
    i.HAL_FLASH_Unlock                       0x08008654   Section        0  stm32f1xx_hal_flash.o(i.HAL_FLASH_Unlock)
    i.HAL_GPIO_Init                          0x0800867c   Section        0  stm32f1xx_hal_gpio.o(i.HAL_GPIO_Init)
    i.HAL_GPIO_WritePin                      0x0800886c   Section        0  stm32f1xx_hal_gpio.o(i.HAL_GPIO_WritePin)
    i.HAL_GetTick                            0x08008878   Section        0  stm32f1xx_hal.o(i.HAL_GetTick)
    i.HAL_NVIC_EnableIRQ                     0x08008884   Section        0  stm32f1xx_hal_cortex.o(i.HAL_NVIC_EnableIRQ)
    i.HAL_NVIC_SetPriority                   0x080088a0   Section        0  stm32f1xx_hal_cortex.o(i.HAL_NVIC_SetPriority)
    i.HAL_RCC_GetPCLK1Freq                   0x080088e0   Section        0  stm32f1xx_hal_rcc.o(i.HAL_RCC_GetPCLK1Freq)
    i.HAL_RCC_GetPCLK2Freq                   0x08008900   Section        0  stm32f1xx_hal_rcc.o(i.HAL_RCC_GetPCLK2Freq)
    i.HAL_UART_ErrorCallback                 0x08008920   Section        0  stm32f1xx_hal_uart.o(i.HAL_UART_ErrorCallback)
    i.HAL_UART_IRQHandler                    0x08008924   Section        0  stm32f1xx_hal_uart.o(i.HAL_UART_IRQHandler)
    i.HAL_UART_Init                          0x08008a34   Section        0  stm32f1xx_hal_uart.o(i.HAL_UART_Init)
    i.HAL_UART_MspInit                       0x08008a98   Section        0  my_uart.o(i.HAL_UART_MspInit)
    i.HAL_UART_Receive_IT                    0x08008b24   Section        0  stm32f1xx_hal_uart.o(i.HAL_UART_Receive_IT)
    i.HAL_UART_RxCpltCallback                0x08008b78   Section        0  my_uart.o(i.HAL_UART_RxCpltCallback)
    i.HAL_UART_TxCpltCallback                0x08008bc4   Section        0  stm32f1xx_hal_uart.o(i.HAL_UART_TxCpltCallback)
    i.Iap_Map_Init                           0x08008bc8   Section        0  my_iap.o(i.Iap_Map_Init)
    i.LedRun                                 0x08008c00   Section        0  my_iap.o(i.LedRun)
    i.MX_GPIO_Init                           0x08008c88   Section        0  my_iap.o(i.MX_GPIO_Init)
    i.SysTick_Handler                        0x08008cd0   Section        0  board.o(i.SysTick_Handler)
    i.SystemCoreClockUpdate                  0x08008ce4   Section        0  system_stm32f1xx.o(i.SystemCoreClockUpdate)
    i.SystemInit                             0x08008d4c   Section        0  system_stm32f1xx.o(i.SystemInit)
    i.UART_DMAAbortOnError                   0x08008d98   Section        0  stm32f1xx_hal_uart.o(i.UART_DMAAbortOnError)
    UART_DMAAbortOnError                     0x08008d99   Thumb Code    16  stm32f1xx_hal_uart.o(i.UART_DMAAbortOnError)
    i.UART_EndRxTransfer                     0x08008da8   Section        0  stm32f1xx_hal_uart.o(i.UART_EndRxTransfer)
    UART_EndRxTransfer                       0x08008da9   Thumb Code    28  stm32f1xx_hal_uart.o(i.UART_EndRxTransfer)
    i.UART_Receive_IT                        0x08008dc4   Section        0  stm32f1xx_hal_uart.o(i.UART_Receive_IT)
    UART_Receive_IT                          0x08008dc5   Thumb Code   150  stm32f1xx_hal_uart.o(i.UART_Receive_IT)
    i.UART_SetConfig                         0x08008e5c   Section        0  stm32f1xx_hal_uart.o(i.UART_SetConfig)
    UART_SetConfig                           0x08008e5d   Thumb Code   178  stm32f1xx_hal_uart.o(i.UART_SetConfig)
    i.UART_Transmit_IT                       0x08008f14   Section        0  stm32f1xx_hal_uart.o(i.UART_Transmit_IT)
    UART_Transmit_IT                         0x08008f15   Thumb Code    98  stm32f1xx_hal_uart.o(i.UART_Transmit_IT)
    i.USART1_IRQHandler                      0x08008f78   Section        0  my_uart.o(i.USART1_IRQHandler)
    i.__NVIC_SetPriority                     0x08008f98   Section        0  stm32f1xx_hal_cortex.o(i.__NVIC_SetPriority)
    __NVIC_SetPriority                       0x08008f99   Thumb Code    32  stm32f1xx_hal_cortex.o(i.__NVIC_SetPriority)
    i.__rt_ffs                               0x08008fb8   Section        0  kservice.o(i.__rt_ffs)
    i.__scatterload_copy                     0x08008ffc   Section       14  handlers.o(i.__scatterload_copy)
    i.__scatterload_null                     0x0800900a   Section        2  handlers.o(i.__scatterload_null)
    i.__scatterload_zeroinit                 0x0800900c   Section       14  handlers.o(i.__scatterload_zeroinit)
    i._has_defunct_thread                    0x0800901c   Section        0  idle.o(i._has_defunct_thread)
    _has_defunct_thread                      0x0800901d   Thumb Code    16  idle.o(i._has_defunct_thread)
    i._rt_thread_init                        0x08009030   Section        0  thread.o(i._rt_thread_init)
    _rt_thread_init                          0x08009031   Thumb Code   118  thread.o(i._rt_thread_init)
    i._rt_timer_init                         0x080090b0   Section        0  timer.o(i._rt_timer_init)
    _rt_timer_init                           0x080090b1   Thumb Code    38  timer.o(i._rt_timer_init)
    i._rt_timer_remove                       0x080090d6   Section        0  timer.o(i._rt_timer_remove)
    _rt_timer_remove                         0x080090d7   Thumb Code    32  timer.o(i._rt_timer_remove)
    i.iap_main_entry                         0x080090f8   Section        0  my_iap.o(i.iap_main_entry)
    i.iap_thread_init                        0x08009204   Section        0  my_iap.o(i.iap_thread_init)
    i.led_display_entry                      0x08009278   Section        0  my_iap.o(i.led_display_entry)
    i.main                                   0x08009284   Section        0  main.o(i.main)
    i.main_thread_entry                      0x08009290   Section        0  components.o(i.main_thread_entry)
    i.my_calculate_page_num                  0x0800929e   Section        0  my_flash.o(i.my_calculate_page_num)
    i.my_erase_pages                         0x080092c4   Section        0  my_flash.o(i.my_erase_pages)
    i.my_erase_write_to_flash                0x080092fa   Section        0  my_flash.o(i.my_erase_write_to_flash)
    i.my_iap_uart_init                       0x08009344   Section        0  my_uart.o(i.my_iap_uart_init)
    i.my_read_from_flash                     0x0800937c   Section        0  my_flash.o(i.my_read_from_flash)
    i.my_soft_reset                          0x08009394   Section        0  my_iap.o(i.my_soft_reset)
    i.my_write_to_flash                      0x080093bc   Section        0  my_flash.o(i.my_write_to_flash)
    i.plug_holes                             0x080093fc   Section        0  mem.o(i.plug_holes)
    plug_holes                               0x080093fd   Thumb Code    80  mem.o(i.plug_holes)
    i.rt_application_init                    0x08009450   Section        0  components.o(i.rt_application_init)
    i.rt_components_board_init               0x0800947c   Section        0  components.o(i.rt_components_board_init)
    i.rt_components_init                     0x08009498   Section        0  components.o(i.rt_components_init)
    i.rt_enter_critical                      0x080094b4   Section        0  scheduler.o(i.rt_enter_critical)
    i.rt_exit_critical                       0x080094d0   Section        0  scheduler.o(i.rt_exit_critical)
    i.rt_free                                0x08009508   Section        0  mem.o(i.rt_free)
    i.rt_heap_begin_get                      0x08009564   Section        0  board.o(i.rt_heap_begin_get)
    i.rt_heap_end_get                        0x0800956c   Section        0  board.o(i.rt_heap_end_get)
    i.rt_hw_board_init                       0x08009574   Section        0  board.o(i.rt_hw_board_init)
    i.rt_hw_hard_fault_exception             0x080095c4   Section        0  cpuport.o(i.rt_hw_hard_fault_exception)
    i.rt_hw_stack_init                       0x080095dc   Section        0  cpuport.o(i.rt_hw_stack_init)
    i.rt_interrupt_enter                     0x08009618   Section        0  irq.o(i.rt_interrupt_enter)
    i.rt_interrupt_leave                     0x08009634   Section        0  irq.o(i.rt_interrupt_leave)
    i.rt_ipc_list_suspend                    0x08009650   Section        0  ipc.o(i.rt_ipc_list_suspend)
    rt_ipc_list_suspend                      0x08009651   Thumb Code    80  ipc.o(i.rt_ipc_list_suspend)
    i.rt_list_insert_after                   0x080096a0   Section        0  object.o(i.rt_list_insert_after)
    rt_list_insert_after                     0x080096a1   Thumb Code    14  object.o(i.rt_list_insert_after)
    i.rt_list_insert_after                   0x080096ae   Section        0  thread.o(i.rt_list_insert_after)
    rt_list_insert_after                     0x080096af   Thumb Code    14  thread.o(i.rt_list_insert_after)
    i.rt_list_insert_after                   0x080096bc   Section        0  timer.o(i.rt_list_insert_after)
    rt_list_insert_after                     0x080096bd   Thumb Code    14  timer.o(i.rt_list_insert_after)
    i.rt_list_insert_before                  0x080096ca   Section        0  ipc.o(i.rt_list_insert_before)
    rt_list_insert_before                    0x080096cb   Thumb Code    14  ipc.o(i.rt_list_insert_before)
    i.rt_list_isempty                        0x080096d8   Section        0  ipc.o(i.rt_list_isempty)
    rt_list_isempty                          0x080096d9   Thumb Code    14  ipc.o(i.rt_list_isempty)
    i.rt_list_isempty                        0x080096e6   Section        0  timer.o(i.rt_list_isempty)
    rt_list_isempty                          0x080096e7   Thumb Code    14  timer.o(i.rt_list_isempty)
    i.rt_list_remove                         0x080096f4   Section        0  object.o(i.rt_list_remove)
    rt_list_remove                           0x080096f5   Thumb Code    18  object.o(i.rt_list_remove)
    i.rt_list_remove                         0x08009706   Section        0  thread.o(i.rt_list_remove)
    rt_list_remove                           0x08009707   Thumb Code    18  thread.o(i.rt_list_remove)
    i.rt_malloc                              0x08009718   Section        0  mem.o(i.rt_malloc)
    i.rt_memset                              0x08009808   Section        0  kservice.o(i.rt_memset)
    i.rt_object_allocate                     0x0800984c   Section        0  object.o(i.rt_object_allocate)
    i.rt_object_delete                       0x08009898   Section        0  object.o(i.rt_object_delete)
    i.rt_object_detach                       0x080098be   Section        0  object.o(i.rt_object_detach)
    i.rt_object_get_information              0x080098e0   Section        0  object.o(i.rt_object_get_information)
    i.rt_object_init                         0x08009904   Section        0  object.o(i.rt_object_init)
    i.rt_object_is_systemobject              0x08009954   Section        0  object.o(i.rt_object_is_systemobject)
    i.rt_schedule                            0x08009964   Section        0  scheduler.o(i.rt_schedule)
    i.rt_schedule_insert_thread              0x080099bc   Section        0  scheduler.o(i.rt_schedule_insert_thread)
    i.rt_schedule_remove_thread              0x08009a0c   Section        0  scheduler.o(i.rt_schedule_remove_thread)
    i.rt_sem_init                            0x08009a58   Section        0  ipc.o(i.rt_sem_init)
    i.rt_sem_release                         0x08009a7c   Section        0  ipc.o(i.rt_sem_release)
    i.rt_sem_take                            0x08009ab4   Section        0  ipc.o(i.rt_sem_take)
    i.rt_show_version                        0x08009b22   Section        0  kservice.o(i.rt_show_version)
    i.rt_strncpy                             0x08009b24   Section        0  kservice.o(i.rt_strncpy)
    i.rt_system_heap_init                    0x08009b4c   Section        0  mem.o(i.rt_system_heap_init)
    i.rt_system_scheduler_init               0x08009bb0   Section        0  scheduler.o(i.rt_system_scheduler_init)
    i.rt_system_scheduler_start              0x08009be4   Section        0  scheduler.o(i.rt_system_scheduler_start)
    i.rt_system_timer_init                   0x08009c0c   Section        0  timer.o(i.rt_system_timer_init)
    i.rt_system_timer_thread_init            0x08009c24   Section        0  timer.o(i.rt_system_timer_thread_init)
    i.rt_thread_create                       0x08009c26   Section        0  thread.o(i.rt_thread_create)
    i.rt_thread_exit                         0x08009c70   Section        0  thread.o(i.rt_thread_exit)
    i.rt_thread_idle_entry                   0x08009cc8   Section        0  idle.o(i.rt_thread_idle_entry)
    rt_thread_idle_entry                     0x08009cc9   Thumb Code     6  idle.o(i.rt_thread_idle_entry)
    i.rt_thread_idle_excute                  0x08009cd0   Section        0  idle.o(i.rt_thread_idle_excute)
    i.rt_thread_idle_init                    0x08009d48   Section        0  idle.o(i.rt_thread_idle_init)
    i.rt_thread_init                         0x08009d80   Section        0  thread.o(i.rt_thread_init)
    i.rt_thread_mdelay                       0x08009db0   Section        0  thread.o(i.rt_thread_mdelay)
    i.rt_thread_resume                       0x08009dbe   Section        0  thread.o(i.rt_thread_resume)
    i.rt_thread_self                         0x08009dfc   Section        0  thread.o(i.rt_thread_self)
    i.rt_thread_sleep                        0x08009e08   Section        0  thread.o(i.rt_thread_sleep)
    i.rt_thread_startup                      0x08009e48   Section        0  thread.o(i.rt_thread_startup)
    i.rt_thread_suspend                      0x08009e74   Section        0  thread.o(i.rt_thread_suspend)
    i.rt_thread_timeout                      0x08009eb6   Section        0  thread.o(i.rt_thread_timeout)
    i.rt_thread_yield                        0x08009ed8   Section        0  thread.o(i.rt_thread_yield)
    i.rt_tick_from_millisecond               0x08009f38   Section        0  clock.o(i.rt_tick_from_millisecond)
    i.rt_tick_get                            0x08009f6c   Section        0  clock.o(i.rt_tick_get)
    i.rt_tick_increase                       0x08009f78   Section        0  clock.o(i.rt_tick_increase)
    i.rt_timer_check                         0x08009fa4   Section        0  timer.o(i.rt_timer_check)
    i.rt_timer_control                       0x0800a010   Section        0  timer.o(i.rt_timer_control)
    i.rt_timer_detach                        0x0800a040   Section        0  timer.o(i.rt_timer_detach)
    i.rt_timer_init                          0x0800a060   Section        0  timer.o(i.rt_timer_init)
    i.rt_timer_start                         0x0800a088   Section        0  timer.o(i.rt_timer_start)
    i.rt_timer_stop                          0x0800a128   Section        0  timer.o(i.rt_timer_stop)
    i.rti_board_end                          0x0800a156   Section        0  components.o(i.rti_board_end)
    rti_board_end                            0x0800a157   Thumb Code     4  components.o(i.rti_board_end)
    i.rti_board_start                        0x0800a15a   Section        0  components.o(i.rti_board_start)
    rti_board_start                          0x0800a15b   Thumb Code     4  components.o(i.rti_board_start)
    i.rti_end                                0x0800a15e   Section        0  components.o(i.rti_end)
    rti_end                                  0x0800a15f   Thumb Code     4  components.o(i.rti_end)
    i.rti_start                              0x0800a162   Section        0  components.o(i.rti_start)
    rti_start                                0x0800a163   Thumb Code     4  components.o(i.rti_start)
    i.rtthread_startup                       0x0800a166   Section        0  components.o(i.rtthread_startup)
    i.start_up_init                          0x0800a190   Section        0  my_iap.o(i.start_up_init)
    .constdata                               0x0800a1c8   Section       16  system_stm32f1xx.o(.constdata)
    .constdata                               0x0800a1d8   Section        8  system_stm32f1xx.o(.constdata)
    .constdata                               0x0800a1e0   Section      290  kservice.o(.constdata)
    small_digits                             0x0800a2e0   Data          17  kservice.o(.constdata)
    large_digits                             0x0800a2f1   Data          17  kservice.o(.constdata)
    .rti_fn.0                                0x0800a304   Section        4  components.o(.rti_fn.0)
    __tagsym$$used                           0x0800a304   Number         0  components.o(.rti_fn.0)
    .rti_fn.0.end                            0x0800a308   Section        4  components.o(.rti_fn.0.end)
    __tagsym$$used                           0x0800a308   Number         0  components.o(.rti_fn.0.end)
    .rti_fn.1.end                            0x0800a30c   Section        4  components.o(.rti_fn.1.end)
    __tagsym$$used                           0x0800a30c   Number         0  components.o(.rti_fn.1.end)
    .rti_fn.6.end                            0x0800a310   Section        4  components.o(.rti_fn.6.end)
    __tagsym$$used                           0x0800a310   Number         0  components.o(.rti_fn.6.end)
    .data                                    0x20000000   Section       20  my_iap.o(.data)
    tid                                      0x20000004   Data           4  my_iap.o(.data)
    .data                                    0x20000014   Section        8  my_uart.o(.data)
    .data                                    0x2000001c   Section        4  system_stm32f1xx.o(.data)
    .data                                    0x20000020   Section       12  stm32f1xx_hal.o(.data)
    .data                                    0x2000002c   Section        4  cpuport.o(.data)
    rt_exception_hook                        0x2000002c   Data           4  cpuport.o(.data)
    .data                                    0x20000030   Section        4  cpuport.o(.data)
    .data                                    0x20000034   Section        4  cpuport.o(.data)
    .data                                    0x20000038   Section        4  cpuport.o(.data)
    .data                                    0x2000003c   Section        4  clock.o(.data)
    rt_tick                                  0x2000003c   Data           4  clock.o(.data)
    .data                                    0x20000040   Section        1  irq.o(.data)
    .data                                    0x20000044   Section       24  mem.o(.data)
    heap_ptr                                 0x20000044   Data           4  mem.o(.data)
    heap_end                                 0x20000048   Data           4  mem.o(.data)
    lfree                                    0x2000004c   Data           4  mem.o(.data)
    mem_size_aligned                         0x20000050   Data           4  mem.o(.data)
    used_mem                                 0x20000054   Data           4  mem.o(.data)
    max_mem                                  0x20000058   Data           4  mem.o(.data)
    .data                                    0x2000005c   Section       64  object.o(.data)
    rt_object_container                      0x2000005c   Data          64  object.o(.data)
    .data                                    0x2000009c   Section       20  scheduler.o(.data)
    rt_scheduler_lock_nest                   0x2000009e   Data           2  scheduler.o(.data)
    .data                                    0x200000b0   Section       12  timer.o(.data)
    random_nr                                0x200000b0   Data           4  timer.o(.data)
    rt_timer_list                            0x200000b4   Data           8  timer.o(.data)
    .bss                                     0x200000bc   Section     2136  my_iap.o(.bss)
    .bss                                     0x20000914   Section     2112  my_uart.o(.bss)
    .bss                                     0x20001158   Section       32  stm32f1xx_hal_flash.o(.bss)
    .bss                                     0x20001178   Section      376  idle.o(.bss)
    idle                                     0x20001178   Data         120  idle.o(.bss)
    rt_thread_stack                          0x200011f0   Data         256  idle.o(.bss)
    .bss                                     0x200012f0   Section       32  mem.o(.bss)
    heap_sem                                 0x200012f0   Data          32  mem.o(.bss)
    .bss                                     0x20001310   Section       64  scheduler.o(.bss)
    .bss                                     0x20001350   Section     6144  board.o(.bss)
    rt_heap                                  0x20001350   Data        6144  board.o(.bss)
    STACK                                    0x20002b50   Section     1024  startup_stm32f103xe.o(STACK)

    Global Symbols

    Symbol Name                              Value     Ov Type        Size  Object(Section)

    BuildAttributes$$THM_ISAv4$P$D$K$B$S$PE$A:L22UL41UL21$X:L11$S22US41US21$IEEE1$IW$USESV6$~STKCKD$USESV7$~SHL$OSPACE$EBA8$MICROLIB$REQ8$PRES8$EABIv2 0x00000000   Number         0  anon$$obj.o ABSOLUTE
    __ARM_use_no_argv                        0x00000000   Number         0  main.o ABSOLUTE
    __cpp_initialize__aeabi_                  - Undefined Weak Reference
    __cxa_finalize                            - Undefined Weak Reference
    __decompress                              - Undefined Weak Reference
    _clock_init                               - Undefined Weak Reference
    _microlib_exit                            - Undefined Weak Reference
    __Vectors_Size                           0x00000130   Number         0  startup_stm32f103xe.o ABSOLUTE
    __Vectors                                0x08008000   Data           4  startup_stm32f103xe.o(RESET)
    __Vectors_End                            0x08008130   Data           0  startup_stm32f103xe.o(RESET)
    __main                                   0x08008131   Thumb Code     0  entry.o(.ARM.Collect$$$$00000000)
    _main_stk                                0x08008131   Thumb Code     0  entry2.o(.ARM.Collect$$$$00000001)
    _main_scatterload                        0x08008135   Thumb Code     0  entry5.o(.ARM.Collect$$$$00000004)
    __main_after_scatterload                 0x08008139   Thumb Code     0  entry5.o(.ARM.Collect$$$$00000004)
    _main_clock                              0x08008139   Thumb Code     0  entry7b.o(.ARM.Collect$$$$00000008)
    _main_cpp_init                           0x08008139   Thumb Code     0  entry8b.o(.ARM.Collect$$$$0000000A)
    _main_init                               0x08008139   Thumb Code     0  entry9a.o(.ARM.Collect$$$$0000000B)
    __rt_final_cpp                           0x08008141   Thumb Code     0  entry10a.o(.ARM.Collect$$$$0000000D)
    __rt_final_exit                          0x08008141   Thumb Code     0  entry11a.o(.ARM.Collect$$$$0000000F)
    Reset_Handler                            0x08008145   Thumb Code     8  startup_stm32f103xe.o(.text)
    NMI_Handler                              0x0800814d   Thumb Code     2  startup_stm32f103xe.o(.text)
    MemManage_Handler                        0x08008151   Thumb Code     2  startup_stm32f103xe.o(.text)
    BusFault_Handler                         0x08008153   Thumb Code     2  startup_stm32f103xe.o(.text)
    UsageFault_Handler                       0x08008155   Thumb Code     2  startup_stm32f103xe.o(.text)
    SVC_Handler                              0x08008157   Thumb Code     2  startup_stm32f103xe.o(.text)
    DebugMon_Handler                         0x08008159   Thumb Code     2  startup_stm32f103xe.o(.text)
    ADC1_2_IRQHandler                        0x0800815f   Thumb Code     0  startup_stm32f103xe.o(.text)
    ADC3_IRQHandler                          0x0800815f   Thumb Code     0  startup_stm32f103xe.o(.text)
    CAN1_RX1_IRQHandler                      0x0800815f   Thumb Code     0  startup_stm32f103xe.o(.text)
    CAN1_SCE_IRQHandler                      0x0800815f   Thumb Code     0  startup_stm32f103xe.o(.text)
    DMA1_Channel1_IRQHandler                 0x0800815f   Thumb Code     0  startup_stm32f103xe.o(.text)
    DMA1_Channel2_IRQHandler                 0x0800815f   Thumb Code     0  startup_stm32f103xe.o(.text)
    DMA1_Channel3_IRQHandler                 0x0800815f   Thumb Code     0  startup_stm32f103xe.o(.text)
    DMA1_Channel4_IRQHandler                 0x0800815f   Thumb Code     0  startup_stm32f103xe.o(.text)
    DMA1_Channel5_IRQHandler                 0x0800815f   Thumb Code     0  startup_stm32f103xe.o(.text)
    DMA1_Channel6_IRQHandler                 0x0800815f   Thumb Code     0  startup_stm32f103xe.o(.text)
    DMA1_Channel7_IRQHandler                 0x0800815f   Thumb Code     0  startup_stm32f103xe.o(.text)
    DMA2_Channel1_IRQHandler                 0x0800815f   Thumb Code     0  startup_stm32f103xe.o(.text)
    DMA2_Channel2_IRQHandler                 0x0800815f   Thumb Code     0  startup_stm32f103xe.o(.text)
    DMA2_Channel3_IRQHandler                 0x0800815f   Thumb Code     0  startup_stm32f103xe.o(.text)
    DMA2_Channel4_5_IRQHandler               0x0800815f   Thumb Code     0  startup_stm32f103xe.o(.text)
    EXTI0_IRQHandler                         0x0800815f   Thumb Code     0  startup_stm32f103xe.o(.text)
    EXTI15_10_IRQHandler                     0x0800815f   Thumb Code     0  startup_stm32f103xe.o(.text)
    EXTI1_IRQHandler                         0x0800815f   Thumb Code     0  startup_stm32f103xe.o(.text)
    EXTI2_IRQHandler                         0x0800815f   Thumb Code     0  startup_stm32f103xe.o(.text)
    EXTI3_IRQHandler                         0x0800815f   Thumb Code     0  startup_stm32f103xe.o(.text)
    EXTI4_IRQHandler                         0x0800815f   Thumb Code     0  startup_stm32f103xe.o(.text)
    EXTI9_5_IRQHandler                       0x0800815f   Thumb Code     0  startup_stm32f103xe.o(.text)
    FLASH_IRQHandler                         0x0800815f   Thumb Code     0  startup_stm32f103xe.o(.text)
    FSMC_IRQHandler                          0x0800815f   Thumb Code     0  startup_stm32f103xe.o(.text)
    I2C1_ER_IRQHandler                       0x0800815f   Thumb Code     0  startup_stm32f103xe.o(.text)
    I2C1_EV_IRQHandler                       0x0800815f   Thumb Code     0  startup_stm32f103xe.o(.text)
    I2C2_ER_IRQHandler                       0x0800815f   Thumb Code     0  startup_stm32f103xe.o(.text)
    I2C2_EV_IRQHandler                       0x0800815f   Thumb Code     0  startup_stm32f103xe.o(.text)
    PVD_IRQHandler                           0x0800815f   Thumb Code     0  startup_stm32f103xe.o(.text)
    RCC_IRQHandler                           0x0800815f   Thumb Code     0  startup_stm32f103xe.o(.text)
    RTC_Alarm_IRQHandler                     0x0800815f   Thumb Code     0  startup_stm32f103xe.o(.text)
    RTC_IRQHandler                           0x0800815f   Thumb Code     0  startup_stm32f103xe.o(.text)
    SDIO_IRQHandler                          0x0800815f   Thumb Code     0  startup_stm32f103xe.o(.text)
    SPI1_IRQHandler                          0x0800815f   Thumb Code     0  startup_stm32f103xe.o(.text)
    SPI2_IRQHandler                          0x0800815f   Thumb Code     0  startup_stm32f103xe.o(.text)
    SPI3_IRQHandler                          0x0800815f   Thumb Code     0  startup_stm32f103xe.o(.text)
    TAMPER_IRQHandler                        0x0800815f   Thumb Code     0  startup_stm32f103xe.o(.text)
    TIM1_BRK_IRQHandler                      0x0800815f   Thumb Code     0  startup_stm32f103xe.o(.text)
    TIM1_CC_IRQHandler                       0x0800815f   Thumb Code     0  startup_stm32f103xe.o(.text)
    TIM1_TRG_COM_IRQHandler                  0x0800815f   Thumb Code     0  startup_stm32f103xe.o(.text)
    TIM1_UP_IRQHandler                       0x0800815f   Thumb Code     0  startup_stm32f103xe.o(.text)
    TIM2_IRQHandler                          0x0800815f   Thumb Code     0  startup_stm32f103xe.o(.text)
    TIM3_IRQHandler                          0x0800815f   Thumb Code     0  startup_stm32f103xe.o(.text)
    TIM4_IRQHandler                          0x0800815f   Thumb Code     0  startup_stm32f103xe.o(.text)
    TIM5_IRQHandler                          0x0800815f   Thumb Code     0  startup_stm32f103xe.o(.text)
    TIM6_IRQHandler                          0x0800815f   Thumb Code     0  startup_stm32f103xe.o(.text)
    TIM7_IRQHandler                          0x0800815f   Thumb Code     0  startup_stm32f103xe.o(.text)
    TIM8_BRK_IRQHandler                      0x0800815f   Thumb Code     0  startup_stm32f103xe.o(.text)
    TIM8_CC_IRQHandler                       0x0800815f   Thumb Code     0  startup_stm32f103xe.o(.text)
    TIM8_TRG_COM_IRQHandler                  0x0800815f   Thumb Code     0  startup_stm32f103xe.o(.text)
    TIM8_UP_IRQHandler                       0x0800815f   Thumb Code     0  startup_stm32f103xe.o(.text)
    UART4_IRQHandler                         0x0800815f   Thumb Code     0  startup_stm32f103xe.o(.text)
    UART5_IRQHandler                         0x0800815f   Thumb Code     0  startup_stm32f103xe.o(.text)
    USART2_IRQHandler                        0x0800815f   Thumb Code     0  startup_stm32f103xe.o(.text)
    USART3_IRQHandler                        0x0800815f   Thumb Code     0  startup_stm32f103xe.o(.text)
    USBWakeUp_IRQHandler                     0x0800815f   Thumb Code     0  startup_stm32f103xe.o(.text)
    USB_HP_CAN1_TX_IRQHandler                0x0800815f   Thumb Code     0  startup_stm32f103xe.o(.text)
    USB_LP_CAN1_RX0_IRQHandler               0x0800815f   Thumb Code     0  startup_stm32f103xe.o(.text)
    WWDG_IRQHandler                          0x0800815f   Thumb Code     0  startup_stm32f103xe.o(.text)
    rt_hw_interrupt_disable                  0x08008169   Thumb Code     8  context_rvds.o(.text)
    rt_hw_interrupt_enable                   0x08008171   Thumb Code     6  context_rvds.o(.text)
    rt_hw_context_switch                     0x08008177   Thumb Code    32  context_rvds.o(.text)
    rt_hw_context_switch_interrupt           0x08008177   Thumb Code     0  context_rvds.o(.text)
    PendSV_Handler                           0x08008197   Thumb Code    60  context_rvds.o(.text)
    rt_hw_context_switch_to                  0x080081d3   Thumb Code    58  context_rvds.o(.text)
    rt_hw_interrupt_thread_switch            0x0800820d   Thumb Code     2  context_rvds.o(.text)
    HardFault_Handler                        0x0800820f   Thumb Code    52  context_rvds.o(.text)
    __aeabi_llsr                             0x0800825d   Thumb Code    32  llushr.o(.text)
    _ll_ushift_r                             0x0800825d   Thumb Code     0  llushr.o(.text)
    __aeabi_memcpy                           0x0800827d   Thumb Code    36  memcpya.o(.text)
    __aeabi_memcpy4                          0x0800827d   Thumb Code     0  memcpya.o(.text)
    __aeabi_memcpy8                          0x0800827d   Thumb Code     0  memcpya.o(.text)
    __scatterload                            0x080082a1   Thumb Code    28  init.o(.text)
    __scatterload_rt2                        0x080082a1   Thumb Code     0  init.o(.text)
    main                                     0x080082c5   Thumb Code    10  components.o(i.$Sub$$main)
    FLASH_PageErase                          0x080082f5   Thumb Code    28  stm32f1xx_hal_flash_ex.o(i.FLASH_PageErase)
    FLASH_WaitForLastOperation               0x08008391   Thumb Code    80  stm32f1xx_hal_flash.o(i.FLASH_WaitForLastOperation)
    HAL_DMA_Abort_IT                         0x080083e5   Thumb Code   296  stm32f1xx_hal_dma.o(i.HAL_DMA_Abort_IT)
    HAL_FLASHEx_Erase                        0x08008515   Thumb Code   160  stm32f1xx_hal_flash_ex.o(i.HAL_FLASHEx_Erase)
    HAL_FLASH_Lock                           0x080085bd   Thumb Code    14  stm32f1xx_hal_flash.o(i.HAL_FLASH_Lock)
    HAL_FLASH_Program                        0x080085d1   Thumb Code   122  stm32f1xx_hal_flash.o(i.HAL_FLASH_Program)
    HAL_FLASH_Unlock                         0x08008655   Thumb Code    28  stm32f1xx_hal_flash.o(i.HAL_FLASH_Unlock)
    HAL_GPIO_Init                            0x0800867d   Thumb Code   454  stm32f1xx_hal_gpio.o(i.HAL_GPIO_Init)
    HAL_GPIO_WritePin                        0x0800886d   Thumb Code    10  stm32f1xx_hal_gpio.o(i.HAL_GPIO_WritePin)
    HAL_GetTick                              0x08008879   Thumb Code     6  stm32f1xx_hal.o(i.HAL_GetTick)
    HAL_NVIC_EnableIRQ                       0x08008885   Thumb Code    26  stm32f1xx_hal_cortex.o(i.HAL_NVIC_EnableIRQ)
    HAL_NVIC_SetPriority                     0x080088a1   Thumb Code    60  stm32f1xx_hal_cortex.o(i.HAL_NVIC_SetPriority)
    HAL_RCC_GetPCLK1Freq                     0x080088e1   Thumb Code    20  stm32f1xx_hal_rcc.o(i.HAL_RCC_GetPCLK1Freq)
    HAL_RCC_GetPCLK2Freq                     0x08008901   Thumb Code    20  stm32f1xx_hal_rcc.o(i.HAL_RCC_GetPCLK2Freq)
    HAL_UART_ErrorCallback                   0x08008921   Thumb Code     2  stm32f1xx_hal_uart.o(i.HAL_UART_ErrorCallback)
    HAL_UART_IRQHandler                      0x08008925   Thumb Code   266  stm32f1xx_hal_uart.o(i.HAL_UART_IRQHandler)
    HAL_UART_Init                            0x08008a35   Thumb Code    98  stm32f1xx_hal_uart.o(i.HAL_UART_Init)
    HAL_UART_MspInit                         0x08008a99   Thumb Code   126  my_uart.o(i.HAL_UART_MspInit)
    HAL_UART_Receive_IT                      0x08008b25   Thumb Code    82  stm32f1xx_hal_uart.o(i.HAL_UART_Receive_IT)
    HAL_UART_RxCpltCallback                  0x08008b79   Thumb Code    58  my_uart.o(i.HAL_UART_RxCpltCallback)
    HAL_UART_TxCpltCallback                  0x08008bc5   Thumb Code     2  stm32f1xx_hal_uart.o(i.HAL_UART_TxCpltCallback)
    Iap_Map_Init                             0x08008bc9   Thumb Code    40  my_iap.o(i.Iap_Map_Init)
    LedRun                                   0x08008c01   Thumb Code   128  my_iap.o(i.LedRun)
    MX_GPIO_Init                             0x08008c89   Thumb Code    62  my_iap.o(i.MX_GPIO_Init)
    SysTick_Handler                          0x08008cd1   Thumb Code    18  board.o(i.SysTick_Handler)
    SystemCoreClockUpdate                    0x08008ce5   Thumb Code    84  system_stm32f1xx.o(i.SystemCoreClockUpdate)
    SystemInit                               0x08008d4d   Thumb Code    56  system_stm32f1xx.o(i.SystemInit)
    USART1_IRQHandler                        0x08008f79   Thumb Code    22  my_uart.o(i.USART1_IRQHandler)
    __rt_ffs                                 0x08008fb9   Thumb Code    62  kservice.o(i.__rt_ffs)
    __scatterload_copy                       0x08008ffd   Thumb Code    14  handlers.o(i.__scatterload_copy)
    __scatterload_null                       0x0800900b   Thumb Code     2  handlers.o(i.__scatterload_null)
    __scatterload_zeroinit                   0x0800900d   Thumb Code    14  handlers.o(i.__scatterload_zeroinit)
    iap_main_entry                           0x080090f9   Thumb Code   252  my_iap.o(i.iap_main_entry)
    iap_thread_init                          0x08009205   Thumb Code    86  my_iap.o(i.iap_thread_init)
    led_display_entry                        0x08009279   Thumb Code    12  my_iap.o(i.led_display_entry)
    $Super$$main                             0x08009285   Thumb Code    12  main.o(i.main)
    main_thread_entry                        0x08009291   Thumb Code    14  components.o(i.main_thread_entry)
    my_calculate_page_num                    0x0800929f   Thumb Code    38  my_flash.o(i.my_calculate_page_num)
    my_erase_pages                           0x080092c5   Thumb Code    54  my_flash.o(i.my_erase_pages)
    my_erase_write_to_flash                  0x080092fb   Thumb Code    72  my_flash.o(i.my_erase_write_to_flash)
    my_iap_uart_init                         0x08009345   Thumb Code    44  my_uart.o(i.my_iap_uart_init)
    my_read_from_flash                       0x0800937d   Thumb Code    22  my_flash.o(i.my_read_from_flash)
    my_soft_reset                            0x08009395   Thumb Code    32  my_iap.o(i.my_soft_reset)
    my_write_to_flash                        0x080093bd   Thumb Code    64  my_flash.o(i.my_write_to_flash)
    rt_application_init                      0x08009451   Thumb Code    30  components.o(i.rt_application_init)
    rt_components_board_init                 0x0800947d   Thumb Code    20  components.o(i.rt_components_board_init)
    rt_components_init                       0x08009499   Thumb Code    20  components.o(i.rt_components_init)
    rt_enter_critical                        0x080094b5   Thumb Code    22  scheduler.o(i.rt_enter_critical)
    rt_exit_critical                         0x080094d1   Thumb Code    52  scheduler.o(i.rt_exit_critical)
    rt_free                                  0x08009509   Thumb Code    84  mem.o(i.rt_free)
    rt_heap_begin_get                        0x08009565   Thumb Code     4  board.o(i.rt_heap_begin_get)
    rt_heap_end_get                          0x0800956d   Thumb Code     4  board.o(i.rt_heap_end_get)
    rt_hw_board_init                         0x08009575   Thumb Code    70  board.o(i.rt_hw_board_init)
    rt_hw_hard_fault_exception               0x080095c5   Thumb Code    18  cpuport.o(i.rt_hw_hard_fault_exception)
    rt_hw_stack_init                         0x080095dd   Thumb Code    54  cpuport.o(i.rt_hw_stack_init)
    rt_interrupt_enter                       0x08009619   Thumb Code    22  irq.o(i.rt_interrupt_enter)
    rt_interrupt_leave                       0x08009635   Thumb Code    22  irq.o(i.rt_interrupt_leave)
    rt_malloc                                0x08009719   Thumb Code   232  mem.o(i.rt_malloc)
    rt_memset                                0x08009809   Thumb Code    68  kservice.o(i.rt_memset)
    rt_object_allocate                       0x0800984d   Thumb Code    76  object.o(i.rt_object_allocate)
    rt_object_delete                         0x08009899   Thumb Code    38  object.o(i.rt_object_delete)
    rt_object_detach                         0x080098bf   Thumb Code    32  object.o(i.rt_object_detach)
    rt_object_get_information                0x080098e1   Thumb Code    30  object.o(i.rt_object_get_information)
    rt_object_init                           0x08009905   Thumb Code    80  object.o(i.rt_object_init)
    rt_object_is_systemobject                0x08009955   Thumb Code    14  object.o(i.rt_object_is_systemobject)
    rt_schedule                              0x08009965   Thumb Code    76  scheduler.o(i.rt_schedule)
    rt_schedule_insert_thread                0x080099bd   Thumb Code    70  scheduler.o(i.rt_schedule_insert_thread)
    rt_schedule_remove_thread                0x08009a0d   Thumb Code    66  scheduler.o(i.rt_schedule_remove_thread)
    rt_sem_init                              0x08009a59   Thumb Code    36  ipc.o(i.rt_sem_init)
    rt_sem_release                           0x08009a7d   Thumb Code    56  ipc.o(i.rt_sem_release)
    rt_sem_take                              0x08009ab5   Thumb Code   110  ipc.o(i.rt_sem_take)
    rt_show_version                          0x08009b23   Thumb Code     2  kservice.o(i.rt_show_version)
    rt_strncpy                               0x08009b25   Thumb Code    38  kservice.o(i.rt_strncpy)
    rt_system_heap_init                      0x08009b4d   Thumb Code    82  mem.o(i.rt_system_heap_init)
    rt_system_scheduler_init                 0x08009bb1   Thumb Code    44  scheduler.o(i.rt_system_scheduler_init)
    rt_system_scheduler_start                0x08009be5   Thumb Code    32  scheduler.o(i.rt_system_scheduler_start)
    rt_system_timer_init                     0x08009c0d   Thumb Code    18  timer.o(i.rt_system_timer_init)
    rt_system_timer_thread_init              0x08009c25   Thumb Code     2  timer.o(i.rt_system_timer_thread_init)
    rt_thread_create                         0x08009c27   Thumb Code    72  thread.o(i.rt_thread_create)
    rt_thread_exit                           0x08009c71   Thumb Code    78  thread.o(i.rt_thread_exit)
    rt_thread_idle_excute                    0x08009cd1   Thumb Code   114  idle.o(i.rt_thread_idle_excute)
    rt_thread_idle_init                      0x08009d49   Thumb Code    40  idle.o(i.rt_thread_idle_init)
    rt_thread_init                           0x08009d81   Thumb Code    48  thread.o(i.rt_thread_init)
    rt_thread_mdelay                         0x08009db1   Thumb Code    14  thread.o(i.rt_thread_mdelay)
    rt_thread_resume                         0x08009dbf   Thumb Code    60  thread.o(i.rt_thread_resume)
    rt_thread_self                           0x08009dfd   Thumb Code     6  thread.o(i.rt_thread_self)
    rt_thread_sleep                          0x08009e09   Thumb Code    60  thread.o(i.rt_thread_sleep)
    rt_thread_startup                        0x08009e49   Thumb Code    40  thread.o(i.rt_thread_startup)
    rt_thread_suspend                        0x08009e75   Thumb Code    66  thread.o(i.rt_thread_suspend)
    rt_thread_timeout                        0x08009eb7   Thumb Code    32  thread.o(i.rt_thread_timeout)
    rt_thread_yield                          0x08009ed9   Thumb Code    86  thread.o(i.rt_thread_yield)
    rt_tick_from_millisecond                 0x08009f39   Thumb Code    50  clock.o(i.rt_tick_from_millisecond)
    rt_tick_get                              0x08009f6d   Thumb Code     6  clock.o(i.rt_tick_get)
    rt_tick_increase                         0x08009f79   Thumb Code    38  clock.o(i.rt_tick_increase)
    rt_timer_check                           0x08009fa5   Thumb Code   102  timer.o(i.rt_timer_check)
    rt_timer_control                         0x0800a011   Thumb Code    48  timer.o(i.rt_timer_control)
    rt_timer_detach                          0x0800a041   Thumb Code    32  timer.o(i.rt_timer_detach)
    rt_timer_init                            0x0800a061   Thumb Code    40  timer.o(i.rt_timer_init)
    rt_timer_start                           0x0800a089   Thumb Code   154  timer.o(i.rt_timer_start)
    rt_timer_stop                            0x0800a129   Thumb Code    46  timer.o(i.rt_timer_stop)
    rtthread_startup                         0x0800a167   Thumb Code    42  components.o(i.rtthread_startup)
    start_up_init                            0x0800a191   Thumb Code    46  my_iap.o(i.start_up_init)
    AHBPrescTable                            0x0800a1c8   Data          16  system_stm32f1xx.o(.constdata)
    APBPrescTable                            0x0800a1d8   Data           8  system_stm32f1xx.o(.constdata)
    __lowest_bit_bitmap                      0x0800a1e0   Data         256  kservice.o(.constdata)
    __rt_init_rti_start                      0x0800a304   Data           4  components.o(.rti_fn.0)
    __rt_init_rti_board_start                0x0800a308   Data           4  components.o(.rti_fn.0.end)
    __rt_init_rti_board_end                  0x0800a30c   Data           4  components.o(.rti_fn.1.end)
    __rt_init_rti_end                        0x0800a310   Data           4  components.o(.rti_fn.6.end)
    Region$$Table$$Base                      0x0800a314   Number         0  anon$$obj.o(Region$$Table)
    Region$$Table$$Limit                     0x0800a334   Number         0  anon$$obj.o(Region$$Table)
    iap_step                                 0x20000000   Data           1  my_iap.o(.data)
    Led_status                               0x20000001   Data           1  my_iap.o(.data)
    Jump_To_Application                      0x20000008   Data           4  my_iap.o(.data)
    JumpAddress                              0x2000000c   Data           4  my_iap.o(.data)
    LastRunTime                              0x20000010   Data           4  my_iap.o(.data)
    My_RxBuffer                              0x20000014   Data           1  my_uart.o(.data)
    USART_RX_CNT                             0x20000018   Data           4  my_uart.o(.data)
    SystemCoreClock                          0x2000001c   Data           4  system_stm32f1xx.o(.data)
    uwTickFreq                               0x20000020   Data           1  stm32f1xx_hal.o(.data)
    uwTickPrio                               0x20000024   Data           4  stm32f1xx_hal.o(.data)
    uwTick                                   0x20000028   Data           4  stm32f1xx_hal.o(.data)
    rt_interrupt_from_thread                 0x20000030   Data           4  cpuport.o(.data)
    rt_interrupt_to_thread                   0x20000034   Data           4  cpuport.o(.data)
    rt_thread_switch_interrupt_flag          0x20000038   Data           4  cpuport.o(.data)
    rt_interrupt_nest                        0x20000040   Data           1  irq.o(.data)
    rt_current_priority                      0x2000009c   Data           1  scheduler.o(.data)
    rt_current_thread                        0x200000a0   Data           4  scheduler.o(.data)
    rt_thread_ready_priority_group           0x200000a4   Data           4  scheduler.o(.data)
    rt_thread_defunct                        0x200000a8   Data           8  scheduler.o(.data)
    MyIapMap                                 0x200000bc   Data          32  my_iap.o(.bss)
    MyIapFlag                                0x200000dc   Data          38  my_iap.o(.bss)
    MyIapRxBuff                              0x20000102   Data        2066  my_iap.o(.bss)
    USART_RX_BUF                             0x20000914   Data        2048  my_uart.o(.bss)
    UART1_Handler                            0x20001114   Data          64  my_uart.o(.bss)
    pFlash                                   0x20001158   Data          32  stm32f1xx_hal_flash.o(.bss)
    rt_thread_priority_table                 0x20001310   Data          64  scheduler.o(.bss)
    __initial_sp                             0x20002f50   Data           0  startup_stm32f103xe.o(STACK)



==============================================================================

Memory Map of the image

  Image Entry point : 0x08008131

  Load Region LR_IROM1 (Base: 0x08008000, Size: 0x000023f0, Max: 0x00019000, ABSOLUTE)

    Execution Region ER_IROM1 (Exec base: 0x08008000, Load base: 0x08008000, Size: 0x00002334, Max: 0x00019000, ABSOLUTE)

    Exec Addr    Load Addr    Size         Type   Attr      Idx    E Section Name        Object

    0x08008000   0x08008000   0x00000130   Data   RO          411    RESET               startup_stm32f103xe.o
    0x08008130   0x08008130   0x00000000   Code   RO         2724  * .ARM.Collect$$$$00000000  mc_w.l(entry.o)
    0x08008130   0x08008130   0x00000004   Code   RO         2733    .ARM.Collect$$$$00000001  mc_w.l(entry2.o)
    0x08008134   0x08008134   0x00000004   Code   RO         2736    .ARM.Collect$$$$00000004  mc_w.l(entry5.o)
    0x08008138   0x08008138   0x00000000   Code   RO         2738    .ARM.Collect$$$$00000008  mc_w.l(entry7b.o)
    0x08008138   0x08008138   0x00000000   Code   RO         2740    .ARM.Collect$$$$0000000A  mc_w.l(entry8b.o)
    0x08008138   0x08008138   0x00000008   Code   RO         2741    .ARM.Collect$$$$0000000B  mc_w.l(entry9a.o)
    0x08008140   0x08008140   0x00000000   Code   RO         2743    .ARM.Collect$$$$0000000D  mc_w.l(entry10a.o)
    0x08008140   0x08008140   0x00000000   Code   RO         2745    .ARM.Collect$$$$0000000F  mc_w.l(entry11a.o)
    0x08008140   0x08008140   0x00000004   Code   RO         2734    .ARM.Collect$$$$00002712  mc_w.l(entry2.o)
    0x08008144   0x08008144   0x00000024   Code   RO          412    .text               startup_stm32f103xe.o
    0x08008168   0x08008168   0x000000f4   Code   RO         1789    .text               context_rvds.o
    0x0800825c   0x0800825c   0x00000020   Code   RO         2727    .text               mc_w.l(llushr.o)
    0x0800827c   0x0800827c   0x00000024   Code   RO         2729    .text               mc_w.l(memcpya.o)
    0x080082a0   0x080082a0   0x00000024   Code   RO         2747    .text               mc_w.l(init.o)
    0x080082c4   0x080082c4   0x0000000a   Code   RO         1873    i.$Sub$$main        components.o
    0x080082ce   0x080082ce   0x00000002   PAD
    0x080082d0   0x080082d0   0x00000024   Code   RO         1635    i.FLASH_MassErase   stm32f1xx_hal_flash_ex.o
    0x080082f4   0x080082f4   0x00000024   Code   RO         1640    i.FLASH_PageErase   stm32f1xx_hal_flash_ex.o
    0x08008318   0x08008318   0x0000001c   Code   RO         1532    i.FLASH_Program_HalfWord  stm32f1xx_hal_flash.o
    0x08008334   0x08008334   0x0000005c   Code   RO         1533    i.FLASH_SetErrorCode  stm32f1xx_hal_flash.o
    0x08008390   0x08008390   0x00000054   Code   RO         1534    i.FLASH_WaitForLastOperation  stm32f1xx_hal_flash.o
    0x080083e4   0x080083e4   0x00000130   Code   RO         1197    i.HAL_DMA_Abort_IT  stm32f1xx_hal_dma.o
    0x08008514   0x08008514   0x000000a8   Code   RO         1641    i.HAL_FLASHEx_Erase  stm32f1xx_hal_flash_ex.o
    0x080085bc   0x080085bc   0x00000014   Code   RO         1538    i.HAL_FLASH_Lock    stm32f1xx_hal_flash.o
    0x080085d0   0x080085d0   0x00000084   Code   RO         1543    i.HAL_FLASH_Program  stm32f1xx_hal_flash.o
    0x08008654   0x08008654   0x00000028   Code   RO         1545    i.HAL_FLASH_Unlock  stm32f1xx_hal_flash.o
    0x0800867c   0x0800867c   0x000001f0   Code   RO         1132    i.HAL_GPIO_Init     stm32f1xx_hal_gpio.o
    0x0800886c   0x0800886c   0x0000000a   Code   RO         1136    i.HAL_GPIO_WritePin  stm32f1xx_hal_gpio.o
    0x08008876   0x08008876   0x00000002   PAD
    0x08008878   0x08008878   0x0000000c   Code   RO          828    i.HAL_GetTick       stm32f1xx_hal.o
    0x08008884   0x08008884   0x0000001a   Code   RO         1292    i.HAL_NVIC_EnableIRQ  stm32f1xx_hal_cortex.o
    0x0800889e   0x0800889e   0x00000002   PAD
    0x080088a0   0x080088a0   0x00000040   Code   RO         1298    i.HAL_NVIC_SetPriority  stm32f1xx_hal_cortex.o
    0x080088e0   0x080088e0   0x00000020   Code   RO          999    i.HAL_RCC_GetPCLK1Freq  stm32f1xx_hal_rcc.o
    0x08008900   0x08008900   0x00000020   Code   RO         1000    i.HAL_RCC_GetPCLK2Freq  stm32f1xx_hal_rcc.o
    0x08008920   0x08008920   0x00000002   Code   RO          512    i.HAL_UART_ErrorCallback  stm32f1xx_hal_uart.o
    0x08008922   0x08008922   0x00000002   PAD
    0x08008924   0x08008924   0x00000110   Code   RO          515    i.HAL_UART_IRQHandler  stm32f1xx_hal_uart.o
    0x08008a34   0x08008a34   0x00000062   Code   RO          516    i.HAL_UART_Init     stm32f1xx_hal_uart.o
    0x08008a96   0x08008a96   0x00000002   PAD
    0x08008a98   0x08008a98   0x0000008c   Code   RO          239    i.HAL_UART_MspInit  my_uart.o
    0x08008b24   0x08008b24   0x00000052   Code   RO          521    i.HAL_UART_Receive_IT  stm32f1xx_hal_uart.o
    0x08008b76   0x08008b76   0x00000002   PAD
    0x08008b78   0x08008b78   0x0000004c   Code   RO          240    i.HAL_UART_RxCpltCallback  my_uart.o
    0x08008bc4   0x08008bc4   0x00000002   Code   RO          527    i.HAL_UART_TxCpltCallback  stm32f1xx_hal_uart.o
    0x08008bc6   0x08008bc6   0x00000002   PAD
    0x08008bc8   0x08008bc8   0x00000038   Code   RO          137    i.Iap_Map_Init      my_iap.o
    0x08008c00   0x08008c00   0x00000088   Code   RO          138    i.LedRun            my_iap.o
    0x08008c88   0x08008c88   0x00000048   Code   RO          139    i.MX_GPIO_Init      my_iap.o
    0x08008cd0   0x08008cd0   0x00000012   Code   RO         2691    i.SysTick_Handler   board.o
    0x08008ce2   0x08008ce2   0x00000002   PAD
    0x08008ce4   0x08008ce4   0x00000068   Code   RO          374    i.SystemCoreClockUpdate  system_stm32f1xx.o
    0x08008d4c   0x08008d4c   0x0000004c   Code   RO          375    i.SystemInit        system_stm32f1xx.o
    0x08008d98   0x08008d98   0x00000010   Code   RO          529    i.UART_DMAAbortOnError  stm32f1xx_hal_uart.o
    0x08008da8   0x08008da8   0x0000001c   Code   RO          539    i.UART_EndRxTransfer  stm32f1xx_hal_uart.o
    0x08008dc4   0x08008dc4   0x00000096   Code   RO          541    i.UART_Receive_IT   stm32f1xx_hal_uart.o
    0x08008e5a   0x08008e5a   0x00000002   PAD
    0x08008e5c   0x08008e5c   0x000000b8   Code   RO          542    i.UART_SetConfig    stm32f1xx_hal_uart.o
    0x08008f14   0x08008f14   0x00000062   Code   RO          543    i.UART_Transmit_IT  stm32f1xx_hal_uart.o
    0x08008f76   0x08008f76   0x00000002   PAD
    0x08008f78   0x08008f78   0x00000020   Code   RO          241    i.USART1_IRQHandler  my_uart.o
    0x08008f98   0x08008f98   0x00000020   Code   RO         1305    i.__NVIC_SetPriority  stm32f1xx_hal_cortex.o
    0x08008fb8   0x08008fb8   0x00000044   Code   RO         2132    i.__rt_ffs          kservice.o
    0x08008ffc   0x08008ffc   0x0000000e   Code   RO         2751    i.__scatterload_copy  mc_w.l(handlers.o)
    0x0800900a   0x0800900a   0x00000002   Code   RO         2752    i.__scatterload_null  mc_w.l(handlers.o)
    0x0800900c   0x0800900c   0x0000000e   Code   RO         2753    i.__scatterload_zeroinit  mc_w.l(handlers.o)
    0x0800901a   0x0800901a   0x00000002   PAD
    0x0800901c   0x0800901c   0x00000014   Code   RO         1940    i._has_defunct_thread  idle.o
    0x08009030   0x08009030   0x00000080   Code   RO         2475    i._rt_thread_init   thread.o
    0x080090b0   0x080090b0   0x00000026   Code   RO         2594    i._rt_timer_init    timer.o
    0x080090d6   0x080090d6   0x00000020   Code   RO         2595    i._rt_timer_remove  timer.o
    0x080090f6   0x080090f6   0x00000002   PAD
    0x080090f8   0x080090f8   0x0000010c   Code   RO          141    i.iap_main_entry    my_iap.o
    0x08009204   0x08009204   0x00000074   Code   RO          142    i.iap_thread_init   my_iap.o
    0x08009278   0x08009278   0x0000000c   Code   RO          143    i.led_display_entry  my_iap.o
    0x08009284   0x08009284   0x0000000c   Code   RO            4    i.main              main.o
    0x08009290   0x08009290   0x0000000e   Code   RO         1874    i.main_thread_entry  components.o
    0x0800929e   0x0800929e   0x00000026   Code   RO          293    i.my_calculate_page_num  my_flash.o
    0x080092c4   0x080092c4   0x00000036   Code   RO          294    i.my_erase_pages    my_flash.o
    0x080092fa   0x080092fa   0x00000048   Code   RO          295    i.my_erase_write_to_flash  my_flash.o
    0x08009342   0x08009342   0x00000002   PAD
    0x08009344   0x08009344   0x00000038   Code   RO          242    i.my_iap_uart_init  my_uart.o
    0x0800937c   0x0800937c   0x00000016   Code   RO          298    i.my_read_from_flash  my_flash.o
    0x08009392   0x08009392   0x00000002   PAD
    0x08009394   0x08009394   0x00000028   Code   RO          144    i.my_soft_reset     my_iap.o
    0x080093bc   0x080093bc   0x00000040   Code   RO          299    i.my_write_to_flash  my_flash.o
    0x080093fc   0x080093fc   0x00000054   Code   RO         2288    i.plug_holes        mem.o
    0x08009450   0x08009450   0x0000002c   Code   RO         1875    i.rt_application_init  components.o
    0x0800947c   0x0800947c   0x0000001c   Code   RO         1876    i.rt_components_board_init  components.o
    0x08009498   0x08009498   0x0000001c   Code   RO         1877    i.rt_components_init  components.o
    0x080094b4   0x080094b4   0x0000001c   Code   RO         2414    i.rt_enter_critical  scheduler.o
    0x080094d0   0x080094d0   0x00000038   Code   RO         2415    i.rt_exit_critical  scheduler.o
    0x08009508   0x08009508   0x0000005c   Code   RO         2290    i.rt_free           mem.o
    0x08009564   0x08009564   0x00000008   Code   RO         2692    i.rt_heap_begin_get  board.o
    0x0800956c   0x0800956c   0x00000008   Code   RO         2693    i.rt_heap_end_get   board.o
    0x08009574   0x08009574   0x00000050   Code   RO         2694    i.rt_hw_board_init  board.o
    0x080095c4   0x080095c4   0x00000018   Code   RO         1796    i.rt_hw_hard_fault_exception  cpuport.o
    0x080095dc   0x080095dc   0x0000003c   Code   RO         1797    i.rt_hw_stack_init  cpuport.o
    0x08009618   0x08009618   0x0000001c   Code   RO         2105    i.rt_interrupt_enter  irq.o
    0x08009634   0x08009634   0x0000001c   Code   RO         2107    i.rt_interrupt_leave  irq.o
    0x08009650   0x08009650   0x00000050   Code   RO         1981    i.rt_ipc_list_suspend  ipc.o
    0x080096a0   0x080096a0   0x0000000e   Code   RO         2338    i.rt_list_insert_after  object.o
    0x080096ae   0x080096ae   0x0000000e   Code   RO         2476    i.rt_list_insert_after  thread.o
    0x080096bc   0x080096bc   0x0000000e   Code   RO         2596    i.rt_list_insert_after  timer.o
    0x080096ca   0x080096ca   0x0000000e   Code   RO         1982    i.rt_list_insert_before  ipc.o
    0x080096d8   0x080096d8   0x0000000e   Code   RO         1983    i.rt_list_isempty   ipc.o
    0x080096e6   0x080096e6   0x0000000e   Code   RO         2597    i.rt_list_isempty   timer.o
    0x080096f4   0x080096f4   0x00000012   Code   RO         2339    i.rt_list_remove    object.o
    0x08009706   0x08009706   0x00000012   Code   RO         2477    i.rt_list_remove    thread.o
    0x08009718   0x08009718   0x000000f0   Code   RO         2291    i.rt_malloc         mem.o
    0x08009808   0x08009808   0x00000044   Code   RO         2141    i.rt_memset         kservice.o
    0x0800984c   0x0800984c   0x0000004c   Code   RO         2340    i.rt_object_allocate  object.o
    0x08009898   0x08009898   0x00000026   Code   RO         2341    i.rt_object_delete  object.o
    0x080098be   0x080098be   0x00000020   Code   RO         2342    i.rt_object_detach  object.o
    0x080098de   0x080098de   0x00000002   PAD
    0x080098e0   0x080098e0   0x00000024   Code   RO         2344    i.rt_object_get_information  object.o
    0x08009904   0x08009904   0x00000050   Code   RO         2346    i.rt_object_init    object.o
    0x08009954   0x08009954   0x0000000e   Code   RO         2347    i.rt_object_is_systemobject  object.o
    0x08009962   0x08009962   0x00000002   PAD
    0x08009964   0x08009964   0x00000058   Code   RO         2416    i.rt_schedule       scheduler.o
    0x080099bc   0x080099bc   0x00000050   Code   RO         2417    i.rt_schedule_insert_thread  scheduler.o
    0x08009a0c   0x08009a0c   0x0000004c   Code   RO         2418    i.rt_schedule_remove_thread  scheduler.o
    0x08009a58   0x08009a58   0x00000024   Code   RO         1996    i.rt_sem_init       ipc.o
    0x08009a7c   0x08009a7c   0x00000038   Code   RO         1997    i.rt_sem_release    ipc.o
    0x08009ab4   0x08009ab4   0x0000006e   Code   RO         1998    i.rt_sem_take       ipc.o
    0x08009b22   0x08009b22   0x00000002   Code   RO         2143    i.rt_show_version   kservice.o
    0x08009b24   0x08009b24   0x00000026   Code   RO         2151    i.rt_strncpy        kservice.o
    0x08009b4a   0x08009b4a   0x00000002   PAD
    0x08009b4c   0x08009b4c   0x00000064   Code   RO         2294    i.rt_system_heap_init  mem.o
    0x08009bb0   0x08009bb0   0x00000034   Code   RO         2419    i.rt_system_scheduler_init  scheduler.o
    0x08009be4   0x08009be4   0x00000028   Code   RO         2420    i.rt_system_scheduler_start  scheduler.o
    0x08009c0c   0x08009c0c   0x00000018   Code   RO         2598    i.rt_system_timer_init  timer.o
    0x08009c24   0x08009c24   0x00000002   Code   RO         2599    i.rt_system_timer_thread_init  timer.o
    0x08009c26   0x08009c26   0x00000048   Code   RO         2479    i.rt_thread_create  thread.o
    0x08009c6e   0x08009c6e   0x00000002   PAD
    0x08009c70   0x08009c70   0x00000058   Code   RO         2483    i.rt_thread_exit    thread.o
    0x08009cc8   0x08009cc8   0x00000006   Code   RO         1941    i.rt_thread_idle_entry  idle.o
    0x08009cce   0x08009cce   0x00000002   PAD
    0x08009cd0   0x08009cd0   0x00000078   Code   RO         1942    i.rt_thread_idle_excute  idle.o
    0x08009d48   0x08009d48   0x00000038   Code   RO         1944    i.rt_thread_idle_init  idle.o
    0x08009d80   0x08009d80   0x00000030   Code   RO         2485    i.rt_thread_init    thread.o
    0x08009db0   0x08009db0   0x0000000e   Code   RO         2486    i.rt_thread_mdelay  thread.o
    0x08009dbe   0x08009dbe   0x0000003c   Code   RO         2487    i.rt_thread_resume  thread.o
    0x08009dfa   0x08009dfa   0x00000002   PAD
    0x08009dfc   0x08009dfc   0x0000000c   Code   RO         2488    i.rt_thread_self    thread.o
    0x08009e08   0x08009e08   0x00000040   Code   RO         2489    i.rt_thread_sleep   thread.o
    0x08009e48   0x08009e48   0x0000002c   Code   RO         2490    i.rt_thread_startup  thread.o
    0x08009e74   0x08009e74   0x00000042   Code   RO         2491    i.rt_thread_suspend  thread.o
    0x08009eb6   0x08009eb6   0x00000020   Code   RO         2492    i.rt_thread_timeout  thread.o
    0x08009ed6   0x08009ed6   0x00000002   PAD
    0x08009ed8   0x08009ed8   0x00000060   Code   RO         2493    i.rt_thread_yield   thread.o
    0x08009f38   0x08009f38   0x00000032   Code   RO         1836    i.rt_tick_from_millisecond  clock.o
    0x08009f6a   0x08009f6a   0x00000002   PAD
    0x08009f6c   0x08009f6c   0x0000000c   Code   RO         1837    i.rt_tick_get       clock.o
    0x08009f78   0x08009f78   0x0000002c   Code   RO         1838    i.rt_tick_increase  clock.o
    0x08009fa4   0x08009fa4   0x0000006c   Code   RO         2600    i.rt_timer_check    timer.o
    0x0800a010   0x0800a010   0x00000030   Code   RO         2601    i.rt_timer_control  timer.o
    0x0800a040   0x0800a040   0x00000020   Code   RO         2604    i.rt_timer_detach   timer.o
    0x0800a060   0x0800a060   0x00000028   Code   RO         2605    i.rt_timer_init     timer.o
    0x0800a088   0x0800a088   0x000000a0   Code   RO         2607    i.rt_timer_start    timer.o
    0x0800a128   0x0800a128   0x0000002e   Code   RO         2608    i.rt_timer_stop     timer.o
    0x0800a156   0x0800a156   0x00000004   Code   RO         1878    i.rti_board_end     components.o
    0x0800a15a   0x0800a15a   0x00000004   Code   RO         1879    i.rti_board_start   components.o
    0x0800a15e   0x0800a15e   0x00000004   Code   RO         1880    i.rti_end           components.o
    0x0800a162   0x0800a162   0x00000004   Code   RO         1881    i.rti_start         components.o
    0x0800a166   0x0800a166   0x0000002a   Code   RO         1882    i.rtthread_startup  components.o
    0x0800a190   0x0800a190   0x00000038   Code   RO          145    i.start_up_init     my_iap.o
    0x0800a1c8   0x0800a1c8   0x00000010   Data   RO          376    .constdata          system_stm32f1xx.o
    0x0800a1d8   0x0800a1d8   0x00000008   Data   RO          377    .constdata          system_stm32f1xx.o
    0x0800a1e0   0x0800a1e0   0x00000122   Data   RO         2157    .constdata          kservice.o
    0x0800a302   0x0800a302   0x00000002   PAD
    0x0800a304   0x0800a304   0x00000004   Data   RO         1883    .rti_fn.0           components.o
    0x0800a308   0x0800a308   0x00000004   Data   RO         1884    .rti_fn.0.end       components.o
    0x0800a30c   0x0800a30c   0x00000004   Data   RO         1885    .rti_fn.1.end       components.o
    0x0800a310   0x0800a310   0x00000004   Data   RO         1886    .rti_fn.6.end       components.o
    0x0800a314   0x0800a314   0x00000020   Data   RO         2749    Region$$Table       anon$$obj.o


    Execution Region RW_IRAM1 (Exec base: 0x20000000, Load base: 0x0800a334, Size: 0x00002f50, Max: 0x0000c000, ABSOLUTE)

    Exec Addr    Load Addr    Size         Type   Attr      Idx    E Section Name        Object

    0x20000000   0x0800a334   0x00000014   Data   RW          147    .data               my_iap.o
    0x20000014   0x0800a348   0x00000008   Data   RW          244    .data               my_uart.o
    0x2000001c   0x0800a350   0x00000004   Data   RW          378    .data               system_stm32f1xx.o
    0x20000020   0x0800a354   0x0000000c   Data   RW          842    .data               stm32f1xx_hal.o
    0x2000002c   0x0800a360   0x00000004   Data   RW         1798    .data               cpuport.o
    0x20000030   0x0800a364   0x00000004   Data   RW         1799    .data               cpuport.o
    0x20000034   0x0800a368   0x00000004   Data   RW         1800    .data               cpuport.o
    0x20000038   0x0800a36c   0x00000004   Data   RW         1801    .data               cpuport.o
    0x2000003c   0x0800a370   0x00000004   Data   RW         1840    .data               clock.o
    0x20000040   0x0800a374   0x00000001   Data   RW         2108    .data               irq.o
    0x20000041   0x0800a375   0x00000003   PAD
    0x20000044   0x0800a378   0x00000018   Data   RW         2296    .data               mem.o
    0x2000005c   0x0800a390   0x00000040   Data   RW         2349    .data               object.o
    0x2000009c   0x0800a3d0   0x00000014   Data   RW         2422    .data               scheduler.o
    0x200000b0   0x0800a3e4   0x0000000c   Data   RW         2609    .data               timer.o
    0x200000bc        -       0x00000858   Zero   RW          146    .bss                my_iap.o
    0x20000914        -       0x00000840   Zero   RW          243    .bss                my_uart.o
    0x20001154   0x0800a3f0   0x00000004   PAD
    0x20001158        -       0x00000020   Zero   RW         1546    .bss                stm32f1xx_hal_flash.o
    0x20001178        -       0x00000178   Zero   RW         1945    .bss                idle.o
    0x200012f0        -       0x00000020   Zero   RW         2295    .bss                mem.o
    0x20001310        -       0x00000040   Zero   RW         2421    .bss                scheduler.o
    0x20001350        -       0x00001800   Zero   RW         2695    .bss                board.o
    0x20002b50        -       0x00000400   Zero   RW          409    STACK               startup_stm32f103xe.o


==============================================================================

Image component sizes


      Code (inc. data)   RO Data    RW Data    ZI Data      Debug   Object Name

       114         18          0          0       6144       2837   board.o
       106         12          0          4          0       1772   clock.o
       182         30         16          0          0       5726   components.o
       244         26          0          0          0        844   context_rvds.o
        84         12          0         16          0       3114   cpuport.o
       202         26          0          0        376       5506   idle.o
       310          0          0          0          0       7029   ipc.o
        56         12          0          1          0       1566   irq.o
       176          6        290          0          0       5950   kservice.o
        12          0          0          0          0     463691   main.o
       516         38          0         24         32       3764   mem.o
       250          0          0          0          0       4256   my_flash.o
       756         98          0         20       2136      10839   my_iap.o
       304         54          0          8       2112       3534   my_uart.o
       308          6          0         64          0       8196   object.o
       420         58          0         20         64       8138   scheduler.o
        36          8        304          0       1024        884   startup_stm32f103xe.o
        12          6          0         12          0       4197   stm32f1xx_hal.o
       122          4          0          0          0      27427   stm32f1xx_hal_cortex.o
       304          8          0          0          0       1155   stm32f1xx_hal_dma.o
       396         48          0          0         32       4682   stm32f1xx_hal_flash.o
       240         26          0          0          0       3245   stm32f1xx_hal_flash_ex.o
       506         42          0          0          0       2840   stm32f1xx_hal_gpio.o
        64         24          0          0          0       1736   stm32f1xx_hal_rcc.o
       932         12          0          0          0       7279   stm32f1xx_hal_uart.o
       180         40         24          4          0       2115   system_stm32f1xx.o
       756         44          0          0          0      11767   thread.o
       558         18          0         12          0      10760   timer.o

    ----------------------------------------------------------------------
      8188        676        668        188      11924     614849   Object Totals
         0          0         32          0          0          0   (incl. Generated)
        42          0          2          3          4          0   (incl. Padding)

    ----------------------------------------------------------------------

      Code (inc. data)   RO Data    RW Data    ZI Data      Debug   Library Member Name

         0          0          0          0          0          0   entry.o
         0          0          0          0          0          0   entry10a.o
         0          0          0          0          0          0   entry11a.o
         8          4          0          0          0          0   entry2.o
         4          0          0          0          0          0   entry5.o
         0          0          0          0          0          0   entry7b.o
         0          0          0          0          0          0   entry8b.o
         8          4          0          0          0          0   entry9a.o
        30          0          0          0          0          0   handlers.o
        36          8          0          0          0         68   init.o
        32          0          0          0          0         68   llushr.o
        36          0          0          0          0         68   memcpya.o

    ----------------------------------------------------------------------
       156         16          0          0          0        204   Library Totals
         2          0          0          0          0          0   (incl. Padding)

    ----------------------------------------------------------------------

      Code (inc. data)   RO Data    RW Data    ZI Data      Debug   Library Name

       154         16          0          0          0        204   mc_w.l

    ----------------------------------------------------------------------
       156         16          0          0          0        204   Library Totals

    ----------------------------------------------------------------------

==============================================================================


      Code (inc. data)   RO Data    RW Data    ZI Data      Debug   

      8344        692        668        188      11924     608705   Grand Totals
      8344        692        668        188      11924     608705   ELF Image Totals
      8344        692        668        188          0          0   ROM Totals

==============================================================================

    Total RO  Size (Code + RO Data)                 9012 (   8.80kB)
    Total RW  Size (RW Data + ZI Data)             12112 (  11.83kB)
    Total ROM Size (Code + RO Data + RW Data)       9200 (   8.98kB)

==============================================================================

