Component: ARM Compiler 5.06 update 6 (build 750) Tool: armlink [4d35ed]

==============================================================================

Section Cross References

    main.o(i.main) refers to my_iap.o(i.iap_thread_init) for iap_thread_init
    main.o(i.main) refers to thread.o(i.rt_thread_mdelay) for rt_thread_mdelay
    my_iap.o(i.Iap_Map_Init) refers to my_iap.o(.bss) for MyIapMap
    my_iap.o(i.LedRun) refers to clock.o(i.rt_tick_get) for rt_tick_get
    my_iap.o(i.LedRun) refers to stm32f1xx_hal_gpio.o(i.HAL_GPIO_WritePin) for HAL_GPIO_WritePin
    my_iap.o(i.LedRun) refers to my_iap.o(.data) for Led_status
    my_iap.o(i.MX_GPIO_Init) refers to stm32f1xx_hal_gpio.o(i.HAL_GPIO_Init) for HAL_GPIO_Init
    my_iap.o(i.MX_GPIO_Init) refers to stm32f1xx_hal_gpio.o(i.HAL_GPIO_WritePin) for HAL_GPIO_WritePin
    my_iap.o(i.iap_jump_to_user_app) refers to my_iap.o(.bss) for MyIapMap
    my_iap.o(i.iap_jump_to_user_app) refers to my_iap.o(.data) for JumpAddress
    my_iap.o(i.iap_main_entry) refers to my_iap.o(i.start_up_init) for start_up_init
    my_iap.o(i.iap_main_entry) refers to my_flash.o(i.my_erase_pages) for my_erase_pages
    my_iap.o(i.iap_main_entry) refers to clock.o(i.rt_tick_get) for rt_tick_get
    my_iap.o(i.iap_main_entry) refers to memcpya.o(.text) for __aeabi_memcpy
    my_iap.o(i.iap_main_entry) refers to my_flash.o(i.my_write_to_flash) for my_write_to_flash
    my_iap.o(i.iap_main_entry) refers to my_flash.o(i.my_erase_write_to_flash) for my_erase_write_to_flash
    my_iap.o(i.iap_main_entry) refers to my_iap.o(i.my_soft_reset) for my_soft_reset
    my_iap.o(i.iap_main_entry) refers to thread.o(i.rt_thread_mdelay) for rt_thread_mdelay
    my_iap.o(i.iap_main_entry) refers to my_iap.o(.data) for Led_status
    my_iap.o(i.iap_main_entry) refers to my_iap.o(.bss) for MyIapRxBuff
    my_iap.o(i.iap_main_entry) refers to my_uart.o(.data) for USART_RX_CNT
    my_iap.o(i.iap_main_entry) refers to my_uart.o(.bss) for USART_RX_BUF
    my_iap.o(i.iap_thread_init) refers to my_iap.o(i.Iap_Map_Init) for Iap_Map_Init
    my_iap.o(i.iap_thread_init) refers to my_iap.o(i.MX_GPIO_Init) for MX_GPIO_Init
    my_iap.o(i.iap_thread_init) refers to my_uart.o(i.my_iap_uart_init) for my_iap_uart_init
    my_iap.o(i.iap_thread_init) refers to thread.o(i.rt_thread_create) for rt_thread_create
    my_iap.o(i.iap_thread_init) refers to thread.o(i.rt_thread_startup) for rt_thread_startup
    my_iap.o(i.iap_thread_init) refers to my_iap.o(i.led_display_entry) for led_display_entry
    my_iap.o(i.iap_thread_init) refers to my_iap.o(.data) for tid
    my_iap.o(i.iap_thread_init) refers to my_iap.o(i.iap_main_entry) for iap_main_entry
    my_iap.o(i.led_display_entry) refers to my_iap.o(i.LedRun) for LedRun
    my_iap.o(i.led_display_entry) refers to stm32f1xx_hal_gpio.o(i.HAL_GPIO_ReadPin) for HAL_GPIO_ReadPin
    my_iap.o(i.led_display_entry) refers to thread.o(i.rt_thread_mdelay) for rt_thread_mdelay
    my_iap.o(i.led_display_entry) refers to my_iap.o(.bss) for MyIapRxBuff
    my_iap.o(i.led_display_entry) refers to my_iap.o(.data) for Led_status
    my_iap.o(i.start_up_init) refers to my_flash.o(i.my_read_from_flash) for my_read_from_flash
    my_iap.o(i.start_up_init) refers to my_iap.o(.bss) for MyIapMap
    my_uart.o(i.HAL_UART_MspInit) refers to stm32f1xx_hal_gpio.o(i.HAL_GPIO_Init) for HAL_GPIO_Init
    my_uart.o(i.HAL_UART_MspInit) refers to stm32f1xx_hal_cortex.o(i.HAL_NVIC_EnableIRQ) for HAL_NVIC_EnableIRQ
    my_uart.o(i.HAL_UART_MspInit) refers to stm32f1xx_hal_cortex.o(i.HAL_NVIC_SetPriority) for HAL_NVIC_SetPriority
    my_uart.o(i.HAL_UART_RxCpltCallback) refers to memcpya.o(.text) for __aeabi_memcpy
    my_uart.o(i.HAL_UART_RxCpltCallback) refers to my_uart.o(.data) for My_RxBuffer
    my_uart.o(i.HAL_UART_RxCpltCallback) refers to my_uart.o(.bss) for USART_RX_BUF
    my_uart.o(i.HAL_UART_RxCpltCallback) refers to my_iap.o(.bss) for MyIapRxBuff
    my_uart.o(i.USART1_IRQHandler) refers to memcpya.o(.text) for __aeabi_memcpy
    my_uart.o(i.USART1_IRQHandler) refers to stm32f1xx_hal_uart.o(i.HAL_UART_IRQHandler) for HAL_UART_IRQHandler
    my_uart.o(i.USART1_IRQHandler) refers to stm32f1xx_hal_uart.o(i.HAL_UART_Receive_IT) for HAL_UART_Receive_IT
    my_uart.o(i.USART1_IRQHandler) refers to my_uart.o(.bss) for UART1_Handler
    my_uart.o(i.USART1_IRQHandler) refers to my_uart.o(.data) for USART_RX_CNT
    my_uart.o(i.USART1_IRQHandler) refers to my_iap.o(.bss) for MyIapRxBuff
    my_uart.o(i.my_iap_uart_init) refers to stm32f1xx_hal_uart.o(i.HAL_UART_Init) for HAL_UART_Init
    my_uart.o(i.my_iap_uart_init) refers to stm32f1xx_hal_uart.o(i.HAL_UART_Receive_IT) for HAL_UART_Receive_IT
    my_uart.o(i.my_iap_uart_init) refers to my_uart.o(.bss) for UART1_Handler
    my_uart.o(i.my_iap_uart_init) refers to my_uart.o(.data) for My_RxBuffer
    my_flash.o(i.iap_re_write_user_code) refers to stm32f1xx_hal_flash.o(i.HAL_FLASH_Unlock) for HAL_FLASH_Unlock
[...]
    Removing stm32f1xx_hal_rcc_ex.o(i.HAL_RCCEx_GetPeriphCLKConfig), (84 bytes).
    Removing stm32f1xx_hal_rcc_ex.o(i.HAL_RCCEx_GetPeriphCLKFreq), (308 bytes).
    Removing stm32f1xx_hal_rcc_ex.o(i.HAL_RCCEx_PeriphCLKConfig), (304 bytes).
    Removing stm32f1xx_hal_gpio.o(.rev16_text), (4 bytes).
    Removing stm32f1xx_hal_gpio.o(.revsh_text), (4 bytes).
    Removing stm32f1xx_hal_gpio.o(.rrx_text), (6 bytes).
    Removing stm32f1xx_hal_gpio.o(i.HAL_GPIO_DeInit), (340 bytes).
    Removing stm32f1xx_hal_gpio.o(i.HAL_GPIO_EXTI_Callback), (2 bytes).
    Removing stm32f1xx_hal_gpio.o(i.HAL_GPIO_EXTI_IRQHandler), (28 bytes).
    Removing stm32f1xx_hal_gpio.o(i.HAL_GPIO_LockPin), (46 bytes).
    Removing stm32f1xx_hal_gpio.o(i.HAL_GPIO_TogglePin), (14 bytes).
    Removing stm32f1xx_hal_dma.o(.rev16_text), (4 bytes).
    Removing stm32f1xx_hal_dma.o(.revsh_text), (4 bytes).
    Removing stm32f1xx_hal_dma.o(.rrx_text), (6 bytes).
    Removing stm32f1xx_hal_dma.o(i.DMA_SetConfig), (44 bytes).
    Removing stm32f1xx_hal_dma.o(i.HAL_DMA_Abort), (86 bytes).
    Removing stm32f1xx_hal_dma.o(i.HAL_DMA_DeInit), (140 bytes).
    Removing stm32f1xx_hal_dma.o(i.HAL_DMA_GetError), (6 bytes).
    Removing stm32f1xx_hal_dma.o(i.HAL_DMA_GetState), (8 bytes).
    Removing stm32f1xx_hal_dma.o(i.HAL_DMA_IRQHandler), (920 bytes).
    Removing stm32f1xx_hal_dma.o(i.HAL_DMA_Init), (140 bytes).
    Removing stm32f1xx_hal_dma.o(i.HAL_DMA_PollForTransfer), (1620 bytes).
    Removing stm32f1xx_hal_dma.o(i.HAL_DMA_RegisterCallback), (90 bytes).
    Removing stm32f1xx_hal_dma.o(i.HAL_DMA_Start), (114 bytes).
    Removing stm32f1xx_hal_dma.o(i.HAL_DMA_Start_IT), (156 bytes).
    Removing stm32f1xx_hal_dma.o(i.HAL_DMA_UnRegisterCallback), (106 bytes).
    Removing stm32f1xx_hal_cortex.o(.rev16_text), (4 bytes).
    Removing stm32f1xx_hal_cortex.o(.revsh_text), (4 bytes).
    Removing stm32f1xx_hal_cortex.o(.rrx_text), (6 bytes).
    Removing stm32f1xx_hal_cortex.o(i.HAL_NVIC_ClearPendingIRQ), (36 bytes).
    Removing stm32f1xx_hal_cortex.o(i.HAL_NVIC_DisableIRQ), (68 bytes).
    Removing stm32f1xx_hal_cortex.o(i.HAL_NVIC_GetActive), (48 bytes).
    Removing stm32f1xx_hal_cortex.o(i.HAL_NVIC_GetPendingIRQ), (48 bytes).
    Removing stm32f1xx_hal_cortex.o(i.HAL_NVIC_GetPriority), (148 bytes).
    Removing stm32f1xx_hal_cortex.o(i.HAL_NVIC_GetPriorityGrouping), (8 bytes).
    Removing stm32f1xx_hal_cortex.o(i.HAL_NVIC_SetPendingIRQ), (36 bytes).
    Removing stm32f1xx_hal_cortex.o(i.HAL_NVIC_SetPriorityGrouping), (40 bytes).
    Removing stm32f1xx_hal_cortex.o(i.HAL_NVIC_SystemReset), (68 bytes).
    Removing stm32f1xx_hal_cortex.o(i.HAL_SYSTICK_CLKSourceConfig), (40 bytes).
    Removing stm32f1xx_hal_cortex.o(i.HAL_SYSTICK_Callback), (2 bytes).
    Removing stm32f1xx_hal_cortex.o(i.HAL_SYSTICK_Config), (52 bytes).
    Removing stm32f1xx_hal_cortex.o(i.HAL_SYSTICK_IRQHandler), (8 bytes).
    Removing stm32f1xx_hal_pwr.o(.rev16_text), (4 bytes).
    Removing stm32f1xx_hal_pwr.o(.revsh_text), (4 bytes).
    Removing stm32f1xx_hal_pwr.o(.rrx_text), (6 bytes).
    Removing stm32f1xx_hal_pwr.o(i.HAL_PWR_ConfigPVD), (180 bytes).
    Removing stm32f1xx_hal_pwr.o(i.HAL_PWR_DeInit), (28 bytes).
    Removing stm32f1xx_hal_pwr.o(i.HAL_PWR_DisableBkUpAccess), (12 bytes).
    Removing stm32f1xx_hal_pwr.o(i.HAL_PWR_DisablePVD), (12 bytes).
    Removing stm32f1xx_hal_pwr.o(i.HAL_PWR_DisableSEVOnPend), (20 bytes).
    Removing stm32f1xx_hal_pwr.o(i.HAL_PWR_DisableSleepOnExit), (20 bytes).
    Removing stm32f1xx_hal_pwr.o(i.HAL_PWR_DisableWakeUpPin), (28 bytes).
    Removing stm32f1xx_hal_pwr.o(i.HAL_PWR_EnableBkUpAccess), (12 bytes).
    Removing stm32f1xx_hal_pwr.o(i.HAL_PWR_EnablePVD), (12 bytes).
    Removing stm32f1xx_hal_pwr.o(i.HAL_PWR_EnableSEVOnPend), (20 bytes).
    Removing stm32f1xx_hal_pwr.o(i.HAL_PWR_EnableSleepOnExit), (20 bytes).
    Removing stm32f1xx_hal_pwr.o(i.HAL_PWR_EnableWakeUpPin), (28 bytes).
    Removing stm32f1xx_hal_pwr.o(i.HAL_PWR_EnterSLEEPMode), (32 bytes).
    Removing stm32f1xx_hal_pwr.o(i.HAL_PWR_EnterSTANDBYMode), (40 bytes).
    Removing stm32f1xx_hal_pwr.o(i.HAL_PWR_EnterSTOPMode), (84 bytes).
    Removing stm32f1xx_hal_pwr.o(i.HAL_PWR_PVDCallback), (2 bytes).
    Removing stm32f1xx_hal_pwr.o(i.HAL_PWR_PVD_IRQHandler), (32 bytes).
    Removing stm32f1xx_hal_pwr.o(i.PWR_OverloadWfe), (6 bytes).
    Removing stm32f1xx_hal_flash.o(.rev16_text), (4 bytes).
    Removing stm32f1xx_hal_flash.o(.revsh_text), (4 bytes).
    Removing stm32f1xx_hal_flash.o(.rrx_text), (6 bytes).
    Removing stm32f1xx_hal_flash.o(i.HAL_FLASH_EndOfOperationCallback), (2 bytes).
    Removing stm32f1xx_hal_flash.o(i.HAL_FLASH_GetError), (12 bytes).
    Removing stm32f1xx_hal_flash.o(i.HAL_FLASH_IRQHandler), (384 bytes).
    Removing stm32f1xx_hal_flash.o(i.HAL_FLASH_OB_Launch), (8 bytes).
    Removing stm32f1xx_hal_flash.o(i.HAL_FLASH_OB_Lock), (20 bytes).
    Removing stm32f1xx_hal_flash.o(i.HAL_FLASH_OB_Unlock), (44 bytes).
    Removing stm32f1xx_hal_flash.o(i.HAL_FLASH_OperationErrorCallback), (2 bytes).
    Removing stm32f1xx_hal_flash.o(i.HAL_FLASH_Program_IT), (124 bytes).
    Removing stm32f1xx_hal_flash_ex.o(.rev16_text), (4 bytes).
    Removing stm32f1xx_hal_flash_ex.o(.revsh_text), (4 bytes).
    Removing stm32f1xx_hal_flash_ex.o(.rrx_text), (6 bytes).
    Removing stm32f1xx_hal_flash_ex.o(i.FLASH_OB_DisableWRP), (232 bytes).
    Removing stm32f1xx_hal_flash_ex.o(i.FLASH_OB_EnableWRP), (236 bytes).
    Removing stm32f1xx_hal_flash_ex.o(i.FLASH_OB_GetRDP), (28 bytes).
    Removing stm32f1xx_hal_flash_ex.o(i.FLASH_OB_GetUser), (16 bytes).
    Removing stm32f1xx_hal_flash_ex.o(i.FLASH_OB_GetWRP), (12 bytes).
    Removing stm32f1xx_hal_flash_ex.o(i.FLASH_OB_ProgramData), (76 bytes).
    Removing stm32f1xx_hal_flash_ex.o(i.FLASH_OB_RDP_LevelConfig), (124 bytes).
    Removing stm32f1xx_hal_flash_ex.o(i.FLASH_OB_UserConfig), (84 bytes).
    Removing stm32f1xx_hal_flash_ex.o(i.HAL_FLASHEx_Erase_IT), (100 bytes).
    Removing stm32f1xx_hal_flash_ex.o(i.HAL_FLASHEx_OBErase), (96 bytes).
    Removing stm32f1xx_hal_flash_ex.o(i.HAL_FLASHEx_OBGetConfig), (28 bytes).
    Removing stm32f1xx_hal_flash_ex.o(i.HAL_FLASHEx_OBGetUserData), (40 bytes).
    Removing stm32f1xx_hal_flash_ex.o(i.HAL_FLASHEx_OBProgram), (200 bytes).
    Removing stm32f1xx_hal_exti.o(.rev16_text), (4 bytes).
    Removing stm32f1xx_hal_exti.o(.revsh_text), (4 bytes).
    Removing stm32f1xx_hal_exti.o(.rrx_text), (6 bytes).
    Removing stm32f1xx_hal_exti.o(i.HAL_EXTI_ClearConfigLine), (120 bytes).
    Removing stm32f1xx_hal_exti.o(i.HAL_EXTI_ClearPending), (28 bytes).
    Removing stm32f1xx_hal_exti.o(i.HAL_EXTI_GenerateSWI), (24 bytes).
    Removing stm32f1xx_hal_exti.o(i.HAL_EXTI_GetConfigLine), (176 bytes).
    Removing stm32f1xx_hal_exti.o(i.HAL_EXTI_GetHandle), (14 bytes).
    Removing stm32f1xx_hal_exti.o(i.HAL_EXTI_GetPending), (36 bytes).
    Removing stm32f1xx_hal_exti.o(i.HAL_EXTI_IRQHandler), (44 bytes).
    Removing stm32f1xx_hal_exti.o(i.HAL_EXTI_RegisterCallback), (20 bytes).
    Removing stm32f1xx_hal_exti.o(i.HAL_EXTI_SetConfigLine), (240 bytes).
    Removing cpuport.o(i.rt_hw_cpu_reset), (16 bytes).
    Removing cpuport.o(i.rt_hw_cpu_shutdown), (2 bytes).
    Removing cpuport.o(i.rt_hw_exception_install), (12 bytes).
    Removing clock.o(i.rt_system_tick_init), (2 bytes).
    Removing clock.o(i.rt_tick_set), (28 bytes).
    Removing idle.o(i.rt_thread_idle_gethandler), (8 bytes).
    Removing ipc.o(i.rt_ipc_list_resume_all), (50 bytes).
    Removing ipc.o(i.rt_mb_control), (66 bytes).
    Removing ipc.o(i.rt_mb_create), (82 bytes).
    Removing ipc.o(i.rt_mb_delete), (36 bytes).
    Removing ipc.o(i.rt_mb_detach), (30 bytes).
    Removing ipc.o(i.rt_mb_init), (62 bytes).
    Removing ipc.o(i.rt_mb_recv), (244 bytes).
    Removing ipc.o(i.rt_mb_send), (18 bytes).
    Removing ipc.o(i.rt_mb_send_wait), (246 bytes).
    Removing ipc.o(i.rt_sem_control), (54 bytes).
    Removing ipc.o(i.rt_sem_create), (42 bytes).
    Removing ipc.o(i.rt_sem_delete), (22 bytes).
    Removing ipc.o(i.rt_sem_detach), (22 bytes).
    Removing ipc.o(i.rt_sem_trytake), (14 bytes).
    Removing irq.o(i.rt_interrupt_get_nest), (12 bytes).
    Removing kservice.o(i._rt_errno), (36 bytes).
    Removing kservice.o(i.print_number), (408 bytes).
    Removing kservice.o(i.rt_free_align), (16 bytes).
    Removing kservice.o(i.rt_get_errno), (36 bytes).
    Removing kservice.o(i.rt_malloc_align), (66 bytes).
    Removing kservice.o(i.rt_memcmp), (38 bytes).
    Removing kservice.o(i.rt_memcpy), (124 bytes).
    Removing kservice.o(i.rt_memmove), (66 bytes).
    Removing kservice.o(i.rt_set_errno), (40 bytes).
    Removing kservice.o(i.rt_snprintf), (38 bytes).
    Removing kservice.o(i.rt_sprintf), (34 bytes).
    Removing kservice.o(i.rt_strcasecmp), (48 bytes).
    Removing kservice.o(i.rt_strcmp), (28 bytes).
    Removing kservice.o(i.rt_strdup), (40 bytes).
    Removing kservice.o(i.rt_strlen), (18 bytes).
    Removing kservice.o(i.rt_strncmp), (40 bytes).
    Removing kservice.o(i.rt_strnlen), (24 bytes).
    Removing kservice.o(i.rt_strstr), (58 bytes).
    Removing kservice.o(i.rt_vsnprintf), (816 bytes).
    Removing kservice.o(i.rt_vsprintf), (22 bytes).
    Removing kservice.o(i.skip_atoi), (38 bytes).
    Removing kservice.o(.data), (4 bytes).
    Removing mem.o(i.rt_calloc), (34 bytes).
    Removing mem.o(i.rt_memory_info), (40 bytes).
    Removing mem.o(i.rt_realloc), (296 bytes).
    Removing object.o(i.rt_object_find), (86 bytes).
    Removing object.o(i.rt_object_get_type), (10 bytes).
    Removing object.o(i.rt_system_object_init), (2 bytes).
    Removing scheduler.o(i.rt_critical_level), (12 bytes).
    Removing thread.o(i.rt_thread_control), (118 bytes).
    Removing thread.o(i.rt_thread_delay), (12 bytes).
    Removing thread.o(i.rt_thread_delete), (64 bytes).
    Removing thread.o(i.rt_thread_detach), (88 bytes).
    Removing thread.o(i.rt_thread_find), (82 bytes).
    Removing timer.o(i.rt_timer_create), (54 bytes).
    Removing timer.o(i.rt_timer_delete), (32 bytes).
    Removing timer.o(i.rt_timer_list_next_timeout), (28 bytes).
    Removing timer.o(i.rt_timer_next_timeout_tick), (16 bytes).

286 unused section(s) (total 21894 bytes) removed from the image.

==============================================================================

Image Symbol Table

    Local Symbols

    Symbol Name                              Value     Ov Type        Size  Object(Section)

    ../clib/microlib/init/entry.s            0x00000000   Number         0  entry9b.o ABSOLUTE
    ../clib/microlib/init/entry.s            0x00000000   Number         0  entry7b.o ABSOLUTE
    ../clib/microlib/init/entry.s            0x00000000   Number         0  entry8a.o ABSOLUTE
    ../clib/microlib/init/entry.s            0x00000000   Number         0  entry2.o ABSOLUTE
    ../clib/microlib/init/entry.s            0x00000000   Number         0  entry11b.o ABSOLUTE
    ../clib/microlib/init/entry.s            0x00000000   Number         0  entry11a.o ABSOLUTE
    ../clib/microlib/init/entry.s            0x00000000   Number         0  entry10b.o ABSOLUTE
    ../clib/microlib/init/entry.s            0x00000000   Number         0  entry8b.o ABSOLUTE
    ../clib/microlib/init/entry.s            0x00000000   Number         0  entry10a.o ABSOLUTE
    ../clib/microlib/init/entry.s            0x00000000   Number         0  entry7a.o ABSOLUTE
    ../clib/microlib/init/entry.s            0x00000000   Number         0  entry5.o ABSOLUTE
    ../clib/microlib/init/entry.s            0x00000000   Number         0  entry9a.o ABSOLUTE
    ../clib/microlib/init/entry.s            0x00000000   Number         0  entry.o ABSOLUTE
    ../clib/microlib/longlong.c              0x00000000   Number         0  llushr.o ABSOLUTE
    ../clib/microlib/string/memcpy.c         0x00000000   Number         0  memcpyb.o ABSOLUTE
    ../clib/microlib/string/memcpy.c         0x00000000   Number         0  memcpya.o ABSOLUTE
    C:\Keil_v5\ARM\PACK\RealThread\RT-Thread\3.1.3\libcpu\arm\cortex-m3\context_rvds.S 0x00000000   Number         0  context_rvds.o ABSOLUTE
    C:\Keil_v5\ARM\PACK\RealThread\RT-Thread\3.1.3\libcpu\arm\cortex-m3\cpuport.c 0x00000000   Number         0  cpuport.o ABSOLUTE
    C:\Keil_v5\ARM\PACK\RealThread\RT-Thread\3.1.3\src\clock.c 0x00000000   Number         0  clock.o ABSOLUTE
    C:\Keil_v5\ARM\PACK\RealThread\RT-Thread\3.1.3\src\components.c 0x00000000   Number         0  components.o ABSOLUTE
    C:\Keil_v5\ARM\PACK\RealThread\RT-Thread\3.1.3\src\idle.c 0x00000000   Number         0  idle.o ABSOLUTE
    C:\Keil_v5\ARM\PACK\RealThread\RT-Thread\3.1.3\src\ipc.c 0x00000000   Number         0  ipc.o ABSOLUTE
    C:\Keil_v5\ARM\PACK\RealThread\RT-Thread\3.1.3\src\irq.c 0x00000000   Number         0  irq.o ABSOLUTE
    C:\Keil_v5\ARM\PACK\RealThread\RT-Thread\3.1.3\src\kservice.c 0x00000000   Number         0  kservice.o ABSOLUTE
    C:\Keil_v5\ARM\PACK\RealThread\RT-Thread\3.1.3\src\mem.c 0x00000000   Number         0  mem.o ABSOLUTE
    C:\Keil_v5\ARM\PACK\RealThread\RT-Thread\3.1.3\src\object.c 0x00000000   Number         0  object.o ABSOLUTE
    C:\Keil_v5\ARM\PACK\RealThread\RT-Thread\3.1.3\src\scheduler.c 0x00000000   Number         0  scheduler.o ABSOLUTE
    C:\Keil_v5\ARM\PACK\RealThread\RT-Thread\3.1.3\src\thread.c 0x00000000   Number         0  thread.o ABSOLUTE
    C:\Keil_v5\ARM\PACK\RealThread\RT-Thread\3.1.3\src\timer.c 0x00000000   Number         0  timer.o ABSOLUTE
    RTE\RTOS\board.c                         0x00000000   Number         0  board.o ABSOLUTE
    applications/main.c                      0x00000000   Number         0  main.o ABSOLUTE
    applications\\my_flash.c                 0x00000000   Number         0  my_flash.o ABSOLUTE
    applications\\my_iap.c                   0x00000000   Number         0  my_iap.o ABSOLUTE
    applications\\my_uart.c                  0x00000000   Number         0  my_uart.o ABSOLUTE
    applications\main.c                      0x00000000   Number         0  main.o ABSOLUTE
    applications\my_flash.c                  0x00000000   Number         0  my_flash.o ABSOLUTE
    applications\my_iap.c                    0x00000000   Number         0  my_iap.o ABSOLUTE
    applications\my_uart.c                   0x00000000   Number         0  my_uart.o ABSOLUTE
    dc.s                                     0x00000000   Number         0  dc.o ABSOLUTE
    handlers.s                               0x00000000   Number         0  handlers.o ABSOLUTE
    init.s                                   0x00000000   Number         0  init.o ABSOLUTE
    libraries/CMSIS/Device/ST/STM32F1xx/Source/Templates/system_stm32f1xx.c 0x00000000   Number         0  system_stm32f1xx.o ABSOLUTE
    libraries/STM32F1xx_HAL_Driver/Src/stm32f1xx_hal.c 0x00000000   Number         0  stm32f1xx_hal.o ABSOLUTE
    libraries/STM32F1xx_HAL_Driver/Src/stm32f1xx_hal_cortex.c 0x00000000   Number         0  stm32f1xx_hal_cortex.o ABSOLUTE
    libraries/STM32F1xx_HAL_Driver/Src/stm32f1xx_hal_dma.c 0x00000000   Number         0  stm32f1xx_hal_dma.o ABSOLUTE
    libraries/STM32F1xx_HAL_Driver/Src/stm32f1xx_hal_exti.c 0x00000000   Number         0  stm32f1xx_hal_exti.o ABSOLUTE
    libraries/STM32F1xx_HAL_Driver/Src/stm32f1xx_hal_flash.c 0x00000000   Number         0  stm32f1xx_hal_flash.o ABSOLUTE
    libraries/STM32F1xx_HAL_Driver/Src/stm32f1xx_hal_flash_ex.c 0x00000000   Number         0  stm32f1xx_hal_flash_ex.o ABSOLUTE
    libraries/STM32F1xx_HAL_Driver/Src/stm32f1xx_hal_gpio.c 0x00000000   Number         0  stm32f1xx_hal_gpio.o ABSOLUTE
    libraries/STM32F1xx_HAL_Driver/Src/stm32f1xx_hal_gpio_ex.c 0x00000000   Number         0  stm32f1xx_hal_gpio_ex.o ABSOLUTE
    libraries/STM32F1xx_HAL_Driver/Src/stm32f1xx_hal_pwr.c 0x00000000   Number         0  stm32f1xx_hal_pwr.o ABSOLUTE
    libraries/STM32F1xx_HAL_Driver/Src/stm32f1xx_hal_rcc.c 0x00000000   Number         0  stm32f1xx_hal_rcc.o ABSOLUTE
    libraries/STM32F1xx_HAL_Driver/Src/stm32f1xx_hal_rcc_ex.c 0x00000000   Number         0  stm32f1xx_hal_rcc_ex.o ABSOLUTE
    libraries/STM32F1xx_HAL_Driver/Src/stm32f1xx_hal_tim.c 0x00000000   Number         0  stm32f1xx_hal_tim.o ABSOLUTE
    libraries/STM32F1xx_HAL_Driver/Src/stm32f1xx_hal_tim_ex.c 0x00000000   Number         0  stm32f1xx_hal_tim_ex.o ABSOLUTE
    libraries/STM32F1xx_HAL_Driver/Src/stm32f1xx_hal_uart.c 0x00000000   Number         0  stm32f1xx_hal_uart.o ABSOLUTE
    libraries\CMSIS\Device\ST\STM32F1xx\Source\Templates\arm\startup_stm32f103xe.s 0x00000000   Number         0  startup_stm32f103xe.o ABSOLUTE
    libraries\CMSIS\Device\ST\STM32F1xx\Source\Templates\system_stm32f1xx.c 0x00000000   Number         0  system_stm32f1xx.o ABSOLUTE
    libraries\STM32F1xx_HAL_Driver\Src\stm32f1xx_hal.c 0x00000000   Number         0  stm32f1xx_hal.o ABSOLUTE
    libraries\STM32F1xx_HAL_Driver\Src\stm32f1xx_hal_cortex.c 0x00000000   Number         0  stm32f1xx_hal_cortex.o ABSOLUTE
    libraries\STM32F1xx_HAL_Driver\Src\stm32f1xx_hal_dma.c 0x00000000   Number         0  stm32f1xx_hal_dma.o ABSOLUTE
    libraries\STM32F1xx_HAL_Driver\Src\stm32f1xx_hal_exti.c 0x00000000   Number         0  stm32f1xx_hal_exti.o ABSOLUTE
    libraries\STM32F1xx_HAL_Driver\Src\stm32f1xx_hal_flash.c 0x00000000   Number         0  stm32f1xx_hal_flash.o ABSOLUTE
    libraries\STM32F1xx_HAL_Driver\Src\stm32f1xx_hal_flash_ex.c 0x00000000   Number         0  stm32f1xx_hal_flash_ex.o ABSOLUTE
    libraries\STM32F1xx_HAL_Driver\Src\stm32f1xx_hal_gpio.c 0x00000000   Number         0  stm32f1xx_hal_gpio.o ABSOLUTE
    libraries\STM32F1xx_HAL_Driver\Src\stm32f1xx_hal_gpio_ex.c 0x00000000   Number         0  stm32f1xx_hal_gpio_ex.o ABSOLUTE
    libraries\STM32F1xx_HAL_Driver\Src\stm32f1xx_hal_pwr.c 0x00000000   Number         0  stm32f1xx_hal_pwr.o ABSOLUTE
    libraries\STM32F1xx_HAL_Driver\Src\stm32f1xx_hal_rcc.c 0x00000000   Number         0  stm32f1xx_hal_rcc.o ABSOLUTE
    libraries\STM32F1xx_HAL_Driver\Src\stm32f1xx_hal_rcc_ex.c 0x00000000   Number         0  stm32f1xx_hal_rcc_ex.o ABSOLUTE
    libraries\STM32F1xx_HAL_Driver\Src\stm32f1xx_hal_tim.c 0x00000000   Number         0  stm32f1xx_hal_tim.o ABSOLUTE
    libraries\STM32F1xx_HAL_Driver\Src\stm32f1xx_hal_tim_ex.c 0x00000000   Number         0  stm32f1xx_hal_tim_ex.o ABSOLUTE
    libraries\STM32F1xx_HAL_Driver\Src\stm32f1xx_hal_uart.c 0x00000000   Number         0  stm32f1xx_hal_uart.o ABSOLUTE
    RESET                                    0x08008000   Section      304  startup_stm32f103xe.o(RESET)
    .ARM.Collect$$$$00000000                 0x08008130   Section        0  entry.o(.ARM.Collect$$$$00000000)
    .ARM.Collect$$$$00000001                 0x08008130   Section        4  entry2.o(.ARM.Collect$$$$00000001)
    .ARM.Collect$$$$00000004                 0x08008134   Section        4  entry5.o(.ARM.Collect$$$$00000004)
    .ARM.Collect$$$$00000008                 0x08008138   Section        0  entry7b.o(.ARM.Collect$$$$00000008)
    .ARM.Collect$$$$0000000A                 0x08008138   Section        0  entry8b.o(.ARM.Collect$$$$0000000A)
    .ARM.Collect$$$$0000000B                 0x08008138   Section        8  entry9a.o(.ARM.Collect$$$$0000000B)
    .ARM.Collect$$$$0000000D                 0x08008140   Section        0  entry10a.o(.ARM.Collect$$$$0000000D)
    .ARM.Collect$$$$0000000F                 0x08008140   Section        0  entry11a.o(.ARM.Collect$$$$0000000F)
    .ARM.Collect$$$$00002712                 0x08008140   Section        4  entry2.o(.ARM.Collect$$$$00002712)
    __lit__00000000                          0x08008140   Data           4  entry2.o(.ARM.Collect$$$$00002712)
    .text                                    0x08008144   Section       36  startup_stm32f103xe.o(.text)
    .text                                    0x08008168   Section      244  context_rvds.o(.text)
    .text                                    0x0800825c   Section        0  llushr.o(.text)
    .text                                    0x0800827c   Section        0  memcpya.o(.text)
    .text                                    0x080082a0   Section       36  init.o(.text)
    i.$Sub$$main                             0x080082c4   Section        0  components.o(i.$Sub$$main)
    i.FLASH_MassErase                        0x080082d0   Section        0  stm32f1xx_hal_flash_ex.o(i.FLASH_MassErase)
    FLASH_MassErase                          0x080082d1   Thumb Code    30  stm32f1xx_hal_flash_ex.o(i.FLASH_MassErase)
    i.FLASH_PageErase                        0x080082f8   Section        0  stm32f1xx_hal_flash_ex.o(i.FLASH_PageErase)
    i.FLASH_Program_HalfWord                 0x08008320   Section        0  stm32f1xx_hal_flash.o(i.FLASH_Program_HalfWord)
    FLASH_Program_HalfWord                   0x08008321   Thumb Code    22  stm32f1xx_hal_flash.o(i.FLASH_Program_HalfWord)
    i.FLASH_SetErrorCode                     0x08008340   Section        0  stm32f1xx_hal_flash.o(i.FLASH_SetErrorCode)
    FLASH_SetErrorCode                       0x08008341   Thumb Code   124  stm32f1xx_hal_flash.o(i.FLASH_SetErrorCode)
    i.FLASH_WaitForLastOperation             0x080083c4   Section        0  stm32f1xx_hal_flash.o(i.FLASH_WaitForLastOperation)
    i.HAL_DMA_Abort_IT                       0x08008434   Section        0  stm32f1xx_hal_dma.o(i.HAL_DMA_Abort_IT)
    i.HAL_FLASHEx_Erase                      0x080085dc   Section        0  stm32f1xx_hal_flash_ex.o(i.HAL_FLASHEx_Erase)
    i.HAL_FLASH_Lock                         0x0800868c   Section        0  stm32f1xx_hal_flash.o(i.HAL_FLASH_Lock)
    i.HAL_FLASH_Program                      0x080086a0   Section        0  stm32f1xx_hal_flash.o(i.HAL_FLASH_Program)
    i.HAL_FLASH_Unlock                       0x08008750   Section        0  stm32f1xx_hal_flash.o(i.HAL_FLASH_Unlock)
    i.HAL_GPIO_Init                          0x08008780   Section        0  stm32f1xx_hal_gpio.o(i.HAL_GPIO_Init)
    i.HAL_GPIO_ReadPin                       0x08008ac0   Section        0  stm32f1xx_hal_gpio.o(i.HAL_GPIO_ReadPin)
    i.HAL_GPIO_WritePin                      0x08008ad0   Section        0  stm32f1xx_hal_gpio.o(i.HAL_GPIO_WritePin)
    i.HAL_GetTick                            0x08008adc   Section        0  stm32f1xx_hal.o(i.HAL_GetTick)
    i.HAL_NVIC_EnableIRQ                     0x08008ae8   Section        0  stm32f1xx_hal_cortex.o(i.HAL_NVIC_EnableIRQ)
    i.HAL_NVIC_SetPriority                   0x08008b08   Section        0  stm32f1xx_hal_cortex.o(i.HAL_NVIC_SetPriority)
    i.HAL_RCC_GetHCLKFreq                    0x08008b84   Section        0  stm32f1xx_hal_rcc.o(i.HAL_RCC_GetHCLKFreq)
    i.HAL_RCC_GetPCLK1Freq                   0x08008b90   Section        0  stm32f1xx_hal_rcc.o(i.HAL_RCC_GetPCLK1Freq)
    i.HAL_RCC_GetPCLK2Freq                   0x08008bb0   Section        0  stm32f1xx_hal_rcc.o(i.HAL_RCC_GetPCLK2Freq)
    i.HAL_UART_ErrorCallback                 0x08008bd0   Section        0  stm32f1xx_hal_uart.o(i.HAL_UART_ErrorCallback)
    i.HAL_UART_IRQHandler                    0x08008bd4   Section        0  stm32f1xx_hal_uart.o(i.HAL_UART_IRQHandler)
    i.HAL_UART_Init                          0x08008d20   Section        0  stm32f1xx_hal_uart.o(i.HAL_UART_Init)
    i.HAL_UART_MspInit                       0x08008d94   Section        0  my_uart.o(i.HAL_UART_MspInit)
    i.HAL_UART_Receive_IT                    0x08008e3c   Section        0  stm32f1xx_hal_uart.o(i.HAL_UART_Receive_IT)
    i.HAL_UART_RxCpltCallback                0x08008eac   Section        0  my_uart.o(i.HAL_UART_RxCpltCallback)
    i.HAL_UART_TxCpltCallback                0x08008f28   Section        0  stm32f1xx_hal_uart.o(i.HAL_UART_TxCpltCallback)
    i.Iap_Map_Init                           0x08008f2c   Section        0  my_iap.o(i.Iap_Map_Init)
    i.LedRun                                 0x08008f68   Section        0  my_iap.o(i.LedRun)
    i.MX_GPIO_Init                           0x0800908c   Section        0  my_iap.o(i.MX_GPIO_Init)
    i.SysTick_Handler                        0x0800911c   Section        0  board.o(i.SysTick_Handler)
    i.SystemCoreClockUpdate                  0x0800912c   Section        0  system_stm32f1xx.o(i.SystemCoreClockUpdate)
    i.SystemInit                             0x080091d0   Section        0  system_stm32f1xx.o(i.SystemInit)
    i.UART_DMAAbortOnError                   0x0800922c   Section        0  stm32f1xx_hal_uart.o(i.UART_DMAAbortOnError)
    UART_DMAAbortOnError                     0x0800922d   Thumb Code    20  stm32f1xx_hal_uart.o(i.UART_DMAAbortOnError)
    i.UART_EndRxTransfer                     0x08009240   Section        0  stm32f1xx_hal_uart.o(i.UART_EndRxTransfer)
    UART_EndRxTransfer                       0x08009241   Thumb Code    32  stm32f1xx_hal_uart.o(i.UART_EndRxTransfer)
    i.UART_EndTransmit_IT                    0x08009260   Section        0  stm32f1xx_hal_uart.o(i.UART_EndTransmit_IT)
    UART_EndTransmit_IT                      0x08009261   Thumb Code    32  stm32f1xx_hal_uart.o(i.UART_EndTransmit_IT)
    i.UART_Receive_IT                        0x08009280   Section        0  stm32f1xx_hal_uart.o(i.UART_Receive_IT)
    UART_Receive_IT                          0x08009281   Thumb Code   166  stm32f1xx_hal_uart.o(i.UART_Receive_IT)
    i.UART_SetConfig                         0x08009328   Section        0  stm32f1xx_hal_uart.o(i.UART_SetConfig)
    UART_SetConfig                           0x08009329   Thumb Code   412  stm32f1xx_hal_uart.o(i.UART_SetConfig)
    i.UART_Transmit_IT                       0x080094c8   Section        0  stm32f1xx_hal_uart.o(i.UART_Transmit_IT)
    UART_Transmit_IT                         0x080094c9   Thumb Code   104  stm32f1xx_hal_uart.o(i.UART_Transmit_IT)
    i.USART1_IRQHandler                      0x08009530   Section        0  my_uart.o(i.USART1_IRQHandler)
    i._SysTick_Config                        0x080095c8   Section        0  board.o(i._SysTick_Config)
    _SysTick_Config                          0x080095c9   Thumb Code    44  board.o(i._SysTick_Config)
    i.__NVIC_GetPriorityGrouping             0x080095f8   Section        0  stm32f1xx_hal_cortex.o(i.__NVIC_GetPriorityGrouping)
    __NVIC_GetPriorityGrouping               0x080095f9   Thumb Code    10  stm32f1xx_hal_cortex.o(i.__NVIC_GetPriorityGrouping)
    i.__NVIC_SetPriority                     0x08009608   Section        0  stm32f1xx_hal_cortex.o(i.__NVIC_SetPriority)
    __NVIC_SetPriority                       0x08009609   Thumb Code    32  stm32f1xx_hal_cortex.o(i.__NVIC_SetPriority)
    i.__rt_ffs                               0x08009630   Section        0  kservice.o(i.__rt_ffs)
    i.__scatterload_copy                     0x0800967c   Section       14  handlers.o(i.__scatterload_copy)
    i.__scatterload_null                     0x0800968a   Section        2  handlers.o(i.__scatterload_null)
    i.__scatterload_zeroinit                 0x0800968c   Section       14  handlers.o(i.__scatterload_zeroinit)
    i._has_defunct_thread                    0x0800969c   Section        0  idle.o(i._has_defunct_thread)
    _has_defunct_thread                      0x0800969d   Thumb Code    16  idle.o(i._has_defunct_thread)
    i._rt_thread_init                        0x080096b0   Section        0  thread.o(i._rt_thread_init)
    _rt_thread_init                          0x080096b1   Thumb Code   124  thread.o(i._rt_thread_init)
    i._rt_timer_init                         0x08009734   Section        0  timer.o(i._rt_timer_init)
    _rt_timer_init                           0x08009735   Thumb Code    66  timer.o(i._rt_timer_init)
    i._rt_timer_remove                       0x08009776   Section        0  timer.o(i._rt_timer_remove)
    _rt_timer_remove                         0x08009777   Thumb Code    46  timer.o(i._rt_timer_remove)
    i.iap_main_entry                         0x080097a4   Section        0  my_iap.o(i.iap_main_entry)
    i.iap_thread_init                        0x08009998   Section        0  my_iap.o(i.iap_thread_init)
    i.led_display_entry                      0x08009a18   Section        0  my_iap.o(i.led_display_entry)
    i.main                                   0x08009a48   Section        0  main.o(i.main)
    i.main_thread_entry                      0x08009a56   Section        0  components.o(i.main_thread_entry)
    i.my_calculate_page_num                  0x08009a64   Section        0  my_flash.o(i.my_calculate_page_num)
    i.my_erase_pages                         0x08009a98   Section        0  my_flash.o(i.my_erase_pages)
    i.my_erase_write_to_flash                0x08009ae0   Section        0  my_flash.o(i.my_erase_write_to_flash)
    i.my_iap_uart_init                       0x08009b38   Section        0  my_uart.o(i.my_iap_uart_init)
    i.my_read_from_flash                     0x08009b70   Section        0  my_flash.o(i.my_read_from_flash)
    i.my_soft_reset                          0x08009b8c   Section        0  my_iap.o(i.my_soft_reset)
    i.my_write_to_flash                      0x08009bd8   Section        0  my_flash.o(i.my_write_to_flash)
    i.plug_holes                             0x08009c28   Section        0  mem.o(i.plug_holes)
    plug_holes                               0x08009c29   Thumb Code   108  mem.o(i.plug_holes)
    i.rt_application_init                    0x08009ca0   Section        0  components.o(i.rt_application_init)
    i.rt_components_board_init               0x08009ccc   Section        0  components.o(i.rt_components_board_init)
    i.rt_components_init                     0x08009ce8   Section        0  components.o(i.rt_components_init)
    i.rt_enter_critical                      0x08009d04   Section        0  scheduler.o(i.rt_enter_critical)
    i.rt_exit_critical                       0x08009d24   Section        0  scheduler.o(i.rt_exit_critical)
    i.rt_free                                0x08009d68   Section        0  mem.o(i.rt_free)
    i.rt_heap_begin_get                      0x08009de0   Section        0  board.o(i.rt_heap_begin_get)
    i.rt_heap_end_get                        0x08009de8   Section        0  board.o(i.rt_heap_end_get)
    i.rt_hw_board_init                       0x08009df0   Section        0  board.o(i.rt_hw_board_init)
    i.rt_hw_hard_fault_exception             0x08009e24   Section        0  cpuport.o(i.rt_hw_hard_fault_exception)
    i.rt_hw_stack_init                       0x08009e48   Section        0  cpuport.o(i.rt_hw_stack_init)
    i.rt_interrupt_enter                     0x08009e94   Section        0  irq.o(i.rt_interrupt_enter)
    i.rt_interrupt_leave                     0x08009eb4   Section        0  irq.o(i.rt_interrupt_leave)
    i.rt_ipc_list_resume                     0x08009ed4   Section        0  ipc.o(i.rt_ipc_list_resume)
    rt_ipc_list_resume                       0x08009ed5   Thumb Code    20  ipc.o(i.rt_ipc_list_resume)
    i.rt_ipc_list_suspend                    0x08009ee8   Section        0  ipc.o(i.rt_ipc_list_suspend)
    rt_ipc_list_suspend                      0x08009ee9   Thumb Code   108  ipc.o(i.rt_ipc_list_suspend)
    i.rt_ipc_object_init                     0x08009f54   Section        0  ipc.o(i.rt_ipc_object_init)
    rt_ipc_object_init                       0x08009f55   Thumb Code    16  ipc.o(i.rt_ipc_object_init)
    i.rt_list_init                           0x08009f64   Section        0  ipc.o(i.rt_list_init)
    rt_list_init                             0x08009f65   Thumb Code     6  ipc.o(i.rt_list_init)
    i.rt_list_init                           0x08009f6a   Section        0  scheduler.o(i.rt_list_init)
    rt_list_init                             0x08009f6b   Thumb Code     6  scheduler.o(i.rt_list_init)
    i.rt_list_init                           0x08009f70   Section        0  timer.o(i.rt_list_init)
    rt_list_init                             0x08009f71   Thumb Code     6  timer.o(i.rt_list_init)
    i.rt_list_insert_after                   0x08009f76   Section        0  object.o(i.rt_list_insert_after)
    rt_list_insert_after                     0x08009f77   Thumb Code    14  object.o(i.rt_list_insert_after)
    i.rt_list_insert_after                   0x08009f84   Section        0  thread.o(i.rt_list_insert_after)
    rt_list_insert_after                     0x08009f85   Thumb Code    14  thread.o(i.rt_list_insert_after)
    i.rt_list_insert_after                   0x08009f92   Section        0  timer.o(i.rt_list_insert_after)
    rt_list_insert_after                     0x08009f93   Thumb Code    14  timer.o(i.rt_list_insert_after)
    i.rt_list_insert_before                  0x08009fa0   Section        0  ipc.o(i.rt_list_insert_before)
    rt_list_insert_before                    0x08009fa1   Thumb Code    14  ipc.o(i.rt_list_insert_before)
    i.rt_list_isempty                        0x08009fae   Section        0  ipc.o(i.rt_list_isempty)
    rt_list_isempty                          0x08009faf   Thumb Code    16  ipc.o(i.rt_list_isempty)
    i.rt_list_isempty                        0x08009fbe   Section        0  timer.o(i.rt_list_isempty)
    rt_list_isempty                          0x08009fbf   Thumb Code    16  timer.o(i.rt_list_isempty)
    i.rt_list_remove                         0x08009fce   Section        0  object.o(i.rt_list_remove)
    rt_list_remove                           0x08009fcf   Thumb Code    18  object.o(i.rt_list_remove)
    i.rt_list_remove                         0x08009fe0   Section        0  thread.o(i.rt_list_remove)
    rt_list_remove                           0x08009fe1   Thumb Code    18  thread.o(i.rt_list_remove)
    i.rt_malloc                              0x08009ff4   Section        0  mem.o(i.rt_malloc)
    i.rt_memset                              0x0800a160   Section        0  kservice.o(i.rt_memset)
    i.rt_object_allocate                     0x0800a1a8   Section        0  object.o(i.rt_object_allocate)
    i.rt_object_delete                       0x0800a1fc   Section        0  object.o(i.rt_object_delete)
    i.rt_object_detach                       0x0800a220   Section        0  object.o(i.rt_object_detach)
    i.rt_object_get_information              0x0800a240   Section        0  object.o(i.rt_object_get_information)
    i.rt_object_init                         0x0800a268   Section        0  object.o(i.rt_object_init)
    i.rt_object_is_systemobject              0x0800a2be   Section        0  object.o(i.rt_object_is_systemobject)
    i.rt_schedule                            0x0800a2d0   Section        0  scheduler.o(i.rt_schedule)
    i.rt_schedule_insert_thread              0x0800a354   Section        0  scheduler.o(i.rt_schedule_insert_thread)
    i.rt_schedule_remove_thread              0x0800a3a4   Section        0  scheduler.o(i.rt_schedule_remove_thread)
    i.rt_sem_init                            0x0800a3f8   Section        0  ipc.o(i.rt_sem_init)
    i.rt_sem_release                         0x0800a41e   Section        0  ipc.o(i.rt_sem_release)
    i.rt_sem_take                            0x0800a458   Section        0  ipc.o(i.rt_sem_take)
    i.rt_show_version                        0x0800a4cc   Section        0  kservice.o(i.rt_show_version)
    i.rt_strncpy                             0x0800a4ce   Section        0  kservice.o(i.rt_strncpy)
    i.rt_system_heap_init                    0x0800a504   Section        0  mem.o(i.rt_system_heap_init)
    i.rt_system_scheduler_init               0x0800a5b4   Section        0  scheduler.o(i.rt_system_scheduler_init)
    i.rt_system_scheduler_start              0x0800a600   Section        0  scheduler.o(i.rt_system_scheduler_start)
    i.rt_system_timer_init                   0x0800a630   Section        0  timer.o(i.rt_system_timer_init)
    i.rt_system_timer_thread_init            0x0800a64c   Section        0  timer.o(i.rt_system_timer_thread_init)
    i.rt_thread_create                       0x0800a64e   Section        0  thread.o(i.rt_thread_create)
    i.rt_thread_exit                         0x0800a6a0   Section        0  thread.o(i.rt_thread_exit)
    i.rt_thread_idle_entry                   0x0800a6f4   Section        0  idle.o(i.rt_thread_idle_entry)
    rt_thread_idle_entry                     0x0800a6f5   Thumb Code     8  idle.o(i.rt_thread_idle_entry)
    i.rt_thread_idle_excute                  0x0800a6fc   Section        0  idle.o(i.rt_thread_idle_excute)
    i.rt_thread_idle_init                    0x0800a788   Section        0  idle.o(i.rt_thread_idle_init)
    i.rt_thread_init                         0x0800a7c4   Section        0  thread.o(i.rt_thread_init)
    i.rt_thread_mdelay                       0x0800a7f8   Section        0  thread.o(i.rt_thread_mdelay)
    i.rt_thread_resume                       0x0800a80c   Section        0  thread.o(i.rt_thread_resume)
    i.rt_thread_self                         0x0800a848   Section        0  thread.o(i.rt_thread_self)
    i.rt_thread_sleep                        0x0800a854   Section        0  thread.o(i.rt_thread_sleep)
    i.rt_thread_startup                      0x0800a898   Section        0  thread.o(i.rt_thread_startup)
    i.rt_thread_suspend                      0x0800a8c4   Section        0  thread.o(i.rt_thread_suspend)
    i.rt_thread_timeout                      0x0800a908   Section        0  thread.o(i.rt_thread_timeout)
    i.rt_thread_yield                        0x0800a928   Section        0  thread.o(i.rt_thread_yield)
    i.rt_tick_from_millisecond               0x0800a98c   Section        0  clock.o(i.rt_tick_from_millisecond)
    i.rt_tick_get                            0x0800a9c4   Section        0  clock.o(i.rt_tick_get)
    i.rt_tick_increase                       0x0800a9d0   Section        0  clock.o(i.rt_tick_increase)
    i.rt_timer_check                         0x0800aa00   Section        0  timer.o(i.rt_timer_check)
    i.rt_timer_control                       0x0800aa7c   Section        0  timer.o(i.rt_timer_control)
    i.rt_timer_detach                        0x0800aab4   Section        0  timer.o(i.rt_timer_detach)
    i.rt_timer_init                          0x0800aad4   Section        0  timer.o(i.rt_timer_init)
    i.rt_timer_start                         0x0800ab04   Section        0  timer.o(i.rt_timer_start)
    i.rt_timer_stop                          0x0800abfc   Section        0  timer.o(i.rt_timer_stop)
    i.rti_board_end                          0x0800ac2c   Section        0  components.o(i.rti_board_end)
    rti_board_end                            0x0800ac2d   Thumb Code     4  components.o(i.rti_board_end)
    i.rti_board_start                        0x0800ac30   Section        0  components.o(i.rti_board_start)
    rti_board_start                          0x0800ac31   Thumb Code     4  components.o(i.rti_board_start)
    i.rti_end                                0x0800ac34   Section        0  components.o(i.rti_end)
    rti_end                                  0x0800ac35   Thumb Code     4  components.o(i.rti_end)
    i.rti_start                              0x0800ac38   Section        0  components.o(i.rti_start)
    rti_start                                0x0800ac39   Thumb Code     4  components.o(i.rti_start)
    i.rtthread_startup                       0x0800ac3c   Section        0  components.o(i.rtthread_startup)
    i.start_up_init                          0x0800ac68   Section        0  my_iap.o(i.start_up_init)
    .constdata                               0x0800ac80   Section       24  system_stm32f1xx.o(.constdata)
    .constdata                               0x0800ac98   Section      290  kservice.o(.constdata)
    small_digits                             0x0800ad98   Data          17  kservice.o(.constdata)
    large_digits                             0x0800ada9   Data          17  kservice.o(.constdata)
    .rti_fn.0                                0x0800adbc   Section        4  components.o(.rti_fn.0)
    __tagsym$$used                           0x0800adbc   Number         0  components.o(.rti_fn.0)
    .rti_fn.0.end                            0x0800adc0   Section        4  components.o(.rti_fn.0.end)
    __tagsym$$used                           0x0800adc0   Number         0  components.o(.rti_fn.0.end)
    .rti_fn.1.end                            0x0800adc4   Section        4  components.o(.rti_fn.1.end)
    __tagsym$$used                           0x0800adc4   Number         0  components.o(.rti_fn.1.end)
    .rti_fn.6.end                            0x0800adc8   Section        4  components.o(.rti_fn.6.end)
    __tagsym$$used                           0x0800adc8   Number         0  components.o(.rti_fn.6.end)
    .data                                    0x20000000   Section       24  my_iap.o(.data)
    tid                                      0x20000014   Data           4  my_iap.o(.data)
    .data                                    0x20000018   Section       12  my_uart.o(.data)
    .data                                    0x20000024   Section        4  system_stm32f1xx.o(.data)
    .data                                    0x20000028   Section        9  stm32f1xx_hal.o(.data)
    .data                                    0x20000034   Section       16  cpuport.o(.data)
    rt_exception_hook                        0x20000040   Data           4  cpuport.o(.data)
    .data                                    0x20000044   Section        4  clock.o(.data)
    rt_tick                                  0x20000044   Data           4  clock.o(.data)
    .data                                    0x20000048   Section        1  irq.o(.data)
    .data                                    0x2000004c   Section       24  mem.o(.data)
    heap_ptr                                 0x2000004c   Data           4  mem.o(.data)
    heap_end                                 0x20000050   Data           4  mem.o(.data)
    lfree                                    0x20000054   Data           4  mem.o(.data)
    mem_size_aligned                         0x20000058   Data           4  mem.o(.data)
    used_mem                                 0x2000005c   Data           4  mem.o(.data)
    max_mem                                  0x20000060   Data           4  mem.o(.data)
    .data                                    0x20000064   Section       64  object.o(.data)
    rt_object_container                      0x20000064   Data          64  object.o(.data)
    .data                                    0x200000a4   Section       24  scheduler.o(.data)
    rt_scheduler_lock_nest                   0x200000a4   Data           2  scheduler.o(.data)
    .data                                    0x200000bc   Section       12  timer.o(.data)
    rt_timer_list                            0x200000bc   Data           8  timer.o(.data)
    random_nr                                0x200000c4   Data           4  timer.o(.data)
    .bss                                     0x200000c8   Section     2136  my_iap.o(.bss)
    .bss                                     0x20000920   Section     1088  my_uart.o(.bss)
    .bss                                     0x20000d60   Section       32  stm32f1xx_hal_flash.o(.bss)
    .bss                                     0x20000d80   Section      376  idle.o(.bss)
    idle                                     0x20000d80   Data         120  idle.o(.bss)
    rt_thread_stack                          0x20000df8   Data         256  idle.o(.bss)
    .bss                                     0x20000ef8   Section       32  mem.o(.bss)
    heap_sem                                 0x20000ef8   Data          32  mem.o(.bss)
    .bss                                     0x20000f18   Section       64  scheduler.o(.bss)
    .bss                                     0x20000f58   Section     6144  board.o(.bss)
    rt_heap                                  0x20000f58   Data        6144  board.o(.bss)
    STACK                                    0x20002758   Section     1024  startup_stm32f103xe.o(STACK)

    Global Symbols

    Symbol Name                              Value     Ov Type        Size  Object(Section)

    BuildAttributes$$THM_ISAv4$P$D$K$B$S$PE$A:L22UL41UL21$X:L11$S22US41US21$IEEE1$IW$USESV6$~STKCKD$USESV7$~SHL$OSPACE$EBA8$MICROLIB$REQ8$PRES8$EABIv2 0x00000000   Number         0  anon$$obj.o ABSOLUTE
    __ARM_use_no_argv                        0x00000000   Number         0  main.o ABSOLUTE
    __cpp_initialize__aeabi_                  - Undefined Weak Reference
    __cxa_finalize                            - Undefined Weak Reference
    __decompress                              - Undefined Weak Reference
    _clock_init                               - Undefined Weak Reference
    _microlib_exit                            - Undefined Weak Reference
    __Vectors_Size                           0x00000130   Number         0  startup_stm32f103xe.o ABSOLUTE
    __Vectors                                0x08008000   Data           4  startup_stm32f103xe.o(RESET)
    __Vectors_End                            0x08008130   Data           0  startup_stm32f103xe.o(RESET)
    __main                                   0x08008131   Thumb Code     0  entry.o(.ARM.Collect$$$$00000000)
    _main_stk                                0x08008131   Thumb Code     0  entry2.o(.ARM.Collect$$$$00000001)
    _main_scatterload                        0x08008135   Thumb Code     0  entry5.o(.ARM.Collect$$$$00000004)
    __main_after_scatterload                 0x08008139   Thumb Code     0  entry5.o(.ARM.Collect$$$$00000004)
    _main_clock                              0x08008139   Thumb Code     0  entry7b.o(.ARM.Collect$$$$00000008)
    _main_cpp_init                           0x08008139   Thumb Code     0  entry8b.o(.ARM.Collect$$$$0000000A)
    _main_init                               0x08008139   Thumb Code     0  entry9a.o(.ARM.Collect$$$$0000000B)
    __rt_final_cpp                           0x08008141   Thumb Code     0  entry10a.o(.ARM.Collect$$$$0000000D)
    __rt_final_exit                          0x08008141   Thumb Code     0  entry11a.o(.ARM.Collect$$$$0000000F)
    Reset_Handler                            0x08008145   Thumb Code     8  startup_stm32f103xe.o(.text)
    NMI_Handler                              0x0800814d   Thumb Code     2  startup_stm32f103xe.o(.text)
    MemManage_Handler                        0x08008151   Thumb Code     2  startup_stm32f103xe.o(.text)
    BusFault_Handler                         0x08008153   Thumb Code     2  startup_stm32f103xe.o(.text)
    UsageFault_Handler                       0x08008155   Thumb Code     2  startup_stm32f103xe.o(.text)
    SVC_Handler                              0x08008157   Thumb Code     2  startup_stm32f103xe.o(.text)
    DebugMon_Handler                         0x08008159   Thumb Code     2  startup_stm32f103xe.o(.text)
    ADC1_2_IRQHandler                        0x0800815f   Thumb Code     0  startup_stm32f103xe.o(.text)
    ADC3_IRQHandler                          0x0800815f   Thumb Code     0  startup_stm32f103xe.o(.text)
    CAN1_RX1_IRQHandler                      0x0800815f   Thumb Code     0  startup_stm32f103xe.o(.text)
    CAN1_SCE_IRQHandler                      0x0800815f   Thumb Code     0  startup_stm32f103xe.o(.text)
    DMA1_Channel1_IRQHandler                 0x0800815f   Thumb Code     0  startup_stm32f103xe.o(.text)
    DMA1_Channel2_IRQHandler                 0x0800815f   Thumb Code     0  startup_stm32f103xe.o(.text)
    DMA1_Channel3_IRQHandler                 0x0800815f   Thumb Code     0  startup_stm32f103xe.o(.text)
    DMA1_Channel4_IRQHandler                 0x0800815f   Thumb Code     0  startup_stm32f103xe.o(.text)
    DMA1_Channel5_IRQHandler                 0x0800815f   Thumb Code     0  startup_stm32f103xe.o(.text)
    DMA1_Channel6_IRQHandler                 0x0800815f   Thumb Code     0  startup_stm32f103xe.o(.text)
    DMA1_Channel7_IRQHandler                 0x0800815f   Thumb Code     0  startup_stm32f103xe.o(.text)
    DMA2_Channel1_IRQHandler                 0x0800815f   Thumb Code     0  startup_stm32f103xe.o(.text)
    DMA2_Channel2_IRQHandler                 0x0800815f   Thumb Code     0  startup_stm32f103xe.o(.text)
    DMA2_Channel3_IRQHandler                 0x0800815f   Thumb Code     0  startup_stm32f103xe.o(.text)
    DMA2_Channel4_5_IRQHandler               0x0800815f   Thumb Code     0  startup_stm32f103xe.o(.text)
    EXTI0_IRQHandler                         0x0800815f   Thumb Code     0  startup_stm32f103xe.o(.text)
    EXTI15_10_IRQHandler                     0x0800815f   Thumb Code     0  startup_stm32f103xe.o(.text)
    EXTI1_IRQHandler                         0x0800815f   Thumb Code     0  startup_stm32f103xe.o(.text)
    EXTI2_IRQHandler                         0x0800815f   Thumb Code     0  startup_stm32f103xe.o(.text)
    EXTI3_IRQHandler                         0x0800815f   Thumb Code     0  startup_stm32f103xe.o(.text)
    EXTI4_IRQHandler                         0x0800815f   Thumb Code     0  startup_stm32f103xe.o(.text)
    EXTI9_5_IRQHandler                       0x0800815f   Thumb Code     0  startup_stm32f103xe.o(.text)
    FLASH_IRQHandler                         0x0800815f   Thumb Code     0  startup_stm32f103xe.o(.text)
    FSMC_IRQHandler                          0x0800815f   Thumb Code     0  startup_stm32f103xe.o(.text)
    I2C1_ER_IRQHandler                       0x0800815f   Thumb Code     0  startup_stm32f103xe.o(.text)
    I2C1_EV_IRQHandler                       0x0800815f   Thumb Code     0  startup_stm32f103xe.o(.text)
    I2C2_ER_IRQHandler                       0x0800815f   Thumb Code     0  startup_stm32f103xe.o(.text)
    I2C2_EV_IRQHandler                       0x0800815f   Thumb Code     0  startup_stm32f103xe.o(.text)
    PVD_IRQHandler                           0x0800815f   Thumb Code     0  startup_stm32f103xe.o(.text)
    RCC_IRQHandler                           0x0800815f   Thumb Code     0  startup_stm32f103xe.o(.text)
    RTC_Alarm_IRQHandler                     0x0800815f   Thumb Code     0  startup_stm32f103xe.o(.text)
    RTC_IRQHandler                           0x0800815f   Thumb Code     0  startup_stm32f103xe.o(.text)
    SDIO_IRQHandler                          0x0800815f   Thumb Code     0  startup_stm32f103xe.o(.text)
    SPI1_IRQHandler                          0x0800815f   Thumb Code     0  startup_stm32f103xe.o(.text)
    SPI2_IRQHandler                          0x0800815f   Thumb Code     0  startup_stm32f103xe.o(.text)
    SPI3_IRQHandler                          0x0800815f   Thumb Code     0  startup_stm32f103xe.o(.text)
    TAMPER_IRQHandler                        0x0800815f   Thumb Code     0  startup_stm32f103xe.o(.text)
    TIM1_BRK_IRQHandler                      0x0800815f   Thumb Code     0  startup_stm32f103xe.o(.text)
    TIM1_CC_IRQHandler                       0x0800815f   Thumb Code     0  startup_stm32f103xe.o(.text)
    TIM1_TRG_COM_IRQHandler                  0x0800815f   Thumb Code     0  startup_stm32f103xe.o(.text)
    TIM1_UP_IRQHandler                       0x0800815f   Thumb Code     0  startup_stm32f103xe.o(.text)
    TIM2_IRQHandler                          0x0800815f   Thumb Code     0  startup_stm32f103xe.o(.text)
    TIM3_IRQHandler                          0x0800815f   Thumb Code     0  startup_stm32f103xe.o(.text)
    TIM4_IRQHandler                          0x0800815f   Thumb Code     0  startup_stm32f103xe.o(.text)
    TIM5_IRQHandler                          0x0800815f   Thumb Code     0  startup_stm32f103xe.o(.text)
    TIM6_IRQHandler                          0x0800815f   Thumb Code     0  startup_stm32f103xe.o(.text)
    TIM7_IRQHandler                          0x0800815f   Thumb Code     0  startup_stm32f103xe.o(.text)
    TIM8_BRK_IRQHandler                      0x0800815f   Thumb Code     0  startup_stm32f103xe.o(.text)
    TIM8_CC_IRQHandler                       0x0800815f   Thumb Code     0  startup_stm32f103xe.o(.text)
    TIM8_TRG_COM_IRQHandler                  0x0800815f   Thumb Code     0  startup_stm32f103xe.o(.text)
    TIM8_UP_IRQHandler                       0x0800815f   Thumb Code     0  startup_stm32f103xe.o(.text)
    UART4_IRQHandler                         0x0800815f   Thumb Code     0  startup_stm32f103xe.o(.text)
    UART5_IRQHandler                         0x0800815f   Thumb Code     0  startup_stm32f103xe.o(.text)
    USART2_IRQHandler                        0x0800815f   Thumb Code     0  startup_stm32f103xe.o(.text)
    USART3_IRQHandler                        0x0800815f   Thumb Code     0  startup_stm32f103xe.o(.text)
    USBWakeUp_IRQHandler                     0x0800815f   Thumb Code     0  startup_stm32f103xe.o(.text)
    USB_HP_CAN1_TX_IRQHandler                0x0800815f   Thumb Code     0  startup_stm32f103xe.o(.text)
    USB_LP_CAN1_RX0_IRQHandler               0x0800815f   Thumb Code     0  startup_stm32f103xe.o(.text)
    WWDG_IRQHandler                          0x0800815f   Thumb Code     0  startup_stm32f103xe.o(.text)
    rt_hw_interrupt_disable                  0x08008169   Thumb Code     8  context_rvds.o(.text)
    rt_hw_interrupt_enable                   0x08008171   Thumb Code     6  context_rvds.o(.text)
    rt_hw_context_switch                     0x08008177   Thumb Code    32  context_rvds.o(.text)
    rt_hw_context_switch_interrupt           0x08008177   Thumb Code     0  context_rvds.o(.text)
    PendSV_Handler                           0x08008197   Thumb Code    60  context_rvds.o(.text)
    rt_hw_context_switch_to                  0x080081d3   Thumb Code    58  context_rvds.o(.text)
    rt_hw_interrupt_thread_switch            0x0800820d   Thumb Code     2  context_rvds.o(.text)
    HardFault_Handler                        0x0800820f   Thumb Code    52  context_rvds.o(.text)
    __aeabi_llsr                             0x0800825d   Thumb Code    32  llushr.o(.text)
    _ll_ushift_r                             0x0800825d   Thumb Code     0  llushr.o(.text)
    __aeabi_memcpy                           0x0800827d   Thumb Code    36  memcpya.o(.text)
    __aeabi_memcpy4                          0x0800827d   Thumb Code     0  memcpya.o(.text)
    __aeabi_memcpy8                          0x0800827d   Thumb Code     0  memcpya.o(.text)
    __scatterload                            0x080082a1   Thumb Code    28  init.o(.text)
    __scatterload_rt2                        0x080082a1   Thumb Code     0  init.o(.text)
    main                                     0x080082c5   Thumb Code    10  components.o(i.$Sub$$main)
    FLASH_PageErase                          0x080082f9   Thumb Code    32  stm32f1xx_hal_flash_ex.o(i.FLASH_PageErase)
    FLASH_WaitForLastOperation               0x080083c5   Thumb Code   106  stm32f1xx_hal_flash.o(i.FLASH_WaitForLastOperation)
    HAL_DMA_Abort_IT                         0x08008435   Thumb Code   414  stm32f1xx_hal_dma.o(i.HAL_DMA_Abort_IT)
    HAL_FLASHEx_Erase                        0x080085dd   Thumb Code   168  stm32f1xx_hal_flash_ex.o(i.HAL_FLASHEx_Erase)
    HAL_FLASH_Lock                           0x0800868d   Thumb Code    16  stm32f1xx_hal_flash.o(i.HAL_FLASH_Lock)
    HAL_FLASH_Program                        0x080086a1   Thumb Code   168  stm32f1xx_hal_flash.o(i.HAL_FLASH_Program)
    HAL_FLASH_Unlock                         0x08008751   Thumb Code    36  stm32f1xx_hal_flash.o(i.HAL_FLASH_Unlock)
    HAL_GPIO_Init                            0x08008781   Thumb Code   792  stm32f1xx_hal_gpio.o(i.HAL_GPIO_Init)
    HAL_GPIO_ReadPin                         0x08008ac1   Thumb Code    16  stm32f1xx_hal_gpio.o(i.HAL_GPIO_ReadPin)
    HAL_GPIO_WritePin                        0x08008ad1   Thumb Code    12  stm32f1xx_hal_gpio.o(i.HAL_GPIO_WritePin)
    HAL_GetTick                              0x08008add   Thumb Code     6  stm32f1xx_hal.o(i.HAL_GetTick)
    HAL_NVIC_EnableIRQ                       0x08008ae9   Thumb Code    32  stm32f1xx_hal_cortex.o(i.HAL_NVIC_EnableIRQ)
    HAL_NVIC_SetPriority                     0x08008b09   Thumb Code   124  stm32f1xx_hal_cortex.o(i.HAL_NVIC_SetPriority)
    HAL_RCC_GetHCLKFreq                      0x08008b85   Thumb Code     6  stm32f1xx_hal_rcc.o(i.HAL_RCC_GetHCLKFreq)
    HAL_RCC_GetPCLK1Freq                     0x08008b91   Thumb Code    22  stm32f1xx_hal_rcc.o(i.HAL_RCC_GetPCLK1Freq)
    HAL_RCC_GetPCLK2Freq                     0x08008bb1   Thumb Code    22  stm32f1xx_hal_rcc.o(i.HAL_RCC_GetPCLK2Freq)
    HAL_UART_ErrorCallback                   0x08008bd1   Thumb Code     2  stm32f1xx_hal_uart.o(i.HAL_UART_ErrorCallback)
    HAL_UART_IRQHandler                      0x08008bd5   Thumb Code   326  stm32f1xx_hal_uart.o(i.HAL_UART_IRQHandler)
    HAL_UART_Init                            0x08008d21   Thumb Code   114  stm32f1xx_hal_uart.o(i.HAL_UART_Init)
    HAL_UART_MspInit                         0x08008d95   Thumb Code   156  my_uart.o(i.HAL_UART_MspInit)
    HAL_UART_Receive_IT                      0x08008e3d   Thumb Code   112  stm32f1xx_hal_uart.o(i.HAL_UART_Receive_IT)
    HAL_UART_RxCpltCallback                  0x08008ead   Thumb Code    98  my_uart.o(i.HAL_UART_RxCpltCallback)
    HAL_UART_TxCpltCallback                  0x08008f29   Thumb Code     2  stm32f1xx_hal_uart.o(i.HAL_UART_TxCpltCallback)
    Iap_Map_Init                             0x08008f2d   Thumb Code    44  my_iap.o(i.Iap_Map_Init)
    LedRun                                   0x08008f69   Thumb Code   280  my_iap.o(i.LedRun)
    MX_GPIO_Init                             0x0800908d   Thumb Code   130  my_iap.o(i.MX_GPIO_Init)
    SysTick_Handler                          0x0800911d   Thumb Code    16  board.o(i.SysTick_Handler)
    SystemCoreClockUpdate                    0x0800912d   Thumb Code   142  system_stm32f1xx.o(i.SystemCoreClockUpdate)
    SystemInit                               0x080091d1   Thumb Code    70  system_stm32f1xx.o(i.SystemInit)
    USART1_IRQHandler                        0x08009531   Thumb Code   124  my_uart.o(i.USART1_IRQHandler)
    __rt_ffs                                 0x08009631   Thumb Code    70  kservice.o(i.__rt_ffs)
    __scatterload_copy                       0x0800967d   Thumb Code    14  handlers.o(i.__scatterload_copy)
    __scatterload_null                       0x0800968b   Thumb Code     2  handlers.o(i.__scatterload_null)
    __scatterload_zeroinit                   0x0800968d   Thumb Code    14  handlers.o(i.__scatterload_zeroinit)
    iap_main_entry                           0x080097a5   Thumb Code   472  my_iap.o(i.iap_main_entry)
    iap_thread_init                          0x08009999   Thumb Code   100  my_iap.o(i.iap_thread_init)
    led_display_entry                        0x08009a19   Thumb Code    36  my_iap.o(i.led_display_entry)
    $Super$$main                             0x08009a49   Thumb Code    14  main.o(i.main)
    main_thread_entry                        0x08009a57   Thumb Code    14  components.o(i.main_thread_entry)
    my_calculate_page_num                    0x08009a65   Thumb Code    52  my_flash.o(i.my_calculate_page_num)
    my_erase_pages                           0x08009a99   Thumb Code    68  my_flash.o(i.my_erase_pages)
    my_erase_write_to_flash                  0x08009ae1   Thumb Code    84  my_flash.o(i.my_erase_write_to_flash)
    my_iap_uart_init                         0x08009b39   Thumb Code    44  my_uart.o(i.my_iap_uart_init)
    my_read_from_flash                       0x08009b71   Thumb Code    26  my_flash.o(i.my_read_from_flash)
    my_soft_reset                            0x08009b8d   Thumb Code    68  my_iap.o(i.my_soft_reset)
    my_write_to_flash                        0x08009bd9   Thumb Code    74  my_flash.o(i.my_write_to_flash)
    rt_application_init                      0x08009ca1   Thumb Code    32  components.o(i.rt_application_init)
    rt_components_board_init                 0x08009ccd   Thumb Code    20  components.o(i.rt_components_board_init)
    rt_components_init                       0x08009ce9   Thumb Code    20  components.o(i.rt_components_init)
    rt_enter_critical                        0x08009d05   Thumb Code    28  scheduler.o(i.rt_enter_critical)
    rt_exit_critical                         0x08009d25   Thumb Code    60  scheduler.o(i.rt_exit_critical)
    rt_free                                  0x08009d69   Thumb Code    98  mem.o(i.rt_free)
    rt_heap_begin_get                        0x08009de1   Thumb Code     4  board.o(i.rt_heap_begin_get)
    rt_heap_end_get                          0x08009de9   Thumb Code     4  board.o(i.rt_heap_end_get)
    rt_hw_board_init                         0x08009df1   Thumb Code    48  board.o(i.rt_hw_board_init)
    rt_hw_hard_fault_exception               0x08009e25   Thumb Code    32  cpuport.o(i.rt_hw_hard_fault_exception)
    rt_hw_stack_init                         0x08009e49   Thumb Code    70  cpuport.o(i.rt_hw_stack_init)
    rt_interrupt_enter                       0x08009e95   Thumb Code    26  irq.o(i.rt_interrupt_enter)
    rt_interrupt_leave                       0x08009eb5   Thumb Code    26  irq.o(i.rt_interrupt_leave)
    rt_malloc                                0x08009ff5   Thumb Code   336  mem.o(i.rt_malloc)
    rt_memset                                0x0800a161   Thumb Code    72  kservice.o(i.rt_memset)
    rt_object_allocate                       0x0800a1a9   Thumb Code    84  object.o(i.rt_object_allocate)
    rt_object_delete                         0x0800a1fd   Thumb Code    36  object.o(i.rt_object_delete)
    rt_object_detach                         0x0800a221   Thumb Code    30  object.o(i.rt_object_detach)
    rt_object_get_information                0x0800a241   Thumb Code    36  object.o(i.rt_object_get_information)
    rt_object_init                           0x0800a269   Thumb Code    86  object.o(i.rt_object_init)
    rt_object_is_systemobject                0x0800a2bf   Thumb Code    18  object.o(i.rt_object_is_systemobject)
    rt_schedule                              0x0800a2d1   Thumb Code   106  scheduler.o(i.rt_schedule)
    rt_schedule_insert_thread                0x0800a355   Thumb Code    72  scheduler.o(i.rt_schedule_insert_thread)
    rt_schedule_remove_thread                0x0800a3a5   Thumb Code    76  scheduler.o(i.rt_schedule_remove_thread)
    rt_sem_init                              0x0800a3f9   Thumb Code    38  ipc.o(i.rt_sem_init)
    rt_sem_release                           0x0800a41f   Thumb Code    58  ipc.o(i.rt_sem_release)
    rt_sem_take                              0x0800a459   Thumb Code   116  ipc.o(i.rt_sem_take)
    rt_show_version                          0x0800a4cd   Thumb Code     2  kservice.o(i.rt_show_version)
    rt_strncpy                               0x0800a4cf   Thumb Code    52  kservice.o(i.rt_strncpy)
    rt_system_heap_init                      0x0800a505   Thumb Code   146  mem.o(i.rt_system_heap_init)
    rt_system_scheduler_init                 0x0800a5b5   Thumb Code    52  scheduler.o(i.rt_system_scheduler_init)
    rt_system_scheduler_start                0x0800a601   Thumb Code    36  scheduler.o(i.rt_system_scheduler_start)
    rt_system_timer_init                     0x0800a631   Thumb Code    24  timer.o(i.rt_system_timer_init)
    rt_system_timer_thread_init              0x0800a64d   Thumb Code     2  timer.o(i.rt_system_timer_thread_init)
    rt_thread_create                         0x0800a64f   Thumb Code    80  thread.o(i.rt_thread_create)
    rt_thread_exit                           0x0800a6a1   Thumb Code    76  thread.o(i.rt_thread_exit)
    rt_thread_idle_excute                    0x0800a6fd   Thumb Code   134  idle.o(i.rt_thread_idle_excute)
    rt_thread_idle_init                      0x0800a789   Thumb Code    38  idle.o(i.rt_thread_idle_init)
    rt_thread_init                           0x0800a7c5   Thumb Code    52  thread.o(i.rt_thread_init)
    rt_thread_mdelay                         0x0800a7f9   Thumb Code    20  thread.o(i.rt_thread_mdelay)
    rt_thread_resume                         0x0800a80d   Thumb Code    60  thread.o(i.rt_thread_resume)
    rt_thread_self                           0x0800a849   Thumb Code     6  thread.o(i.rt_thread_self)
    rt_thread_sleep                          0x0800a855   Thumb Code    62  thread.o(i.rt_thread_sleep)
    rt_thread_startup                        0x0800a899   Thumb Code    44  thread.o(i.rt_thread_startup)
    rt_thread_suspend                        0x0800a8c5   Thumb Code    68  thread.o(i.rt_thread_suspend)
    rt_thread_timeout                        0x0800a909   Thumb Code    32  thread.o(i.rt_thread_timeout)
    rt_thread_yield                          0x0800a929   Thumb Code    92  thread.o(i.rt_thread_yield)
    rt_tick_from_millisecond                 0x0800a98d   Thumb Code    56  clock.o(i.rt_tick_from_millisecond)
    rt_tick_get                              0x0800a9c5   Thumb Code     6  clock.o(i.rt_tick_get)
    rt_tick_increase                         0x0800a9d1   Thumb Code    42  clock.o(i.rt_tick_increase)
    rt_timer_check                           0x0800aa01   Thumb Code   118  timer.o(i.rt_timer_check)
    rt_timer_control                         0x0800aa7d   Thumb Code    56  timer.o(i.rt_timer_control)
    rt_timer_detach                          0x0800aab5   Thumb Code    32  timer.o(i.rt_timer_detach)
    rt_timer_init                            0x0800aad5   Thumb Code    46  timer.o(i.rt_timer_init)
    rt_timer_start                           0x0800ab05   Thumb Code   238  timer.o(i.rt_timer_start)
    rt_timer_stop                            0x0800abfd   Thumb Code    48  timer.o(i.rt_timer_stop)
    rtthread_startup                         0x0800ac3d   Thumb Code    42  components.o(i.rtthread_startup)
    start_up_init                            0x0800ac69   Thumb Code    16  my_iap.o(i.start_up_init)
    AHBPrescTable                            0x0800ac80   Data          16  system_stm32f1xx.o(.constdata)
    APBPrescTable                            0x0800ac90   Data           8  system_stm32f1xx.o(.constdata)
    __lowest_bit_bitmap                      0x0800ac98   Data         256  kservice.o(.constdata)
    __rt_init_rti_start                      0x0800adbc   Data           4  components.o(.rti_fn.0)
    __rt_init_rti_board_start                0x0800adc0   Data           4  components.o(.rti_fn.0.end)
    __rt_init_rti_board_end                  0x0800adc4   Data           4  components.o(.rti_fn.1.end)
    __rt_init_rti_end                        0x0800adc8   Data           4  components.o(.rti_fn.6.end)
    Region$$Table$$Base                      0x0800adcc   Number         0  anon$$obj.o(Region$$Table)
    Region$$Table$$Limit                     0x0800adec   Number         0  anon$$obj.o(Region$$Table)
    Led_status                               0x20000000   Data           1  my_iap.o(.data)
    Jump_To_Application                      0x20000004   Data           4  my_iap.o(.data)
    JumpAddress                              0x20000008   Data           4  my_iap.o(.data)
    LastRunTime                              0x2000000c   Data           4  my_iap.o(.data)
    iap_step                                 0x20000010   Data           1  my_iap.o(.data)
    USART_RX_CNT                             0x20000018   Data           4  my_uart.o(.data)
    My_RxBuffer                              0x2000001c   Data           1  my_uart.o(.data)
    rxcnt                                    0x20000020   Data           4  my_uart.o(.data)
    SystemCoreClock                          0x20000024   Data           4  system_stm32f1xx.o(.data)
    uwTick                                   0x20000028   Data           4  stm32f1xx_hal.o(.data)
    uwTickPrio                               0x2000002c   Data           4  stm32f1xx_hal.o(.data)
    uwTickFreq                               0x20000030   Data           1  stm32f1xx_hal.o(.data)
    rt_interrupt_from_thread                 0x20000034   Data           4  cpuport.o(.data)
    rt_interrupt_to_thread                   0x20000038   Data           4  cpuport.o(.data)
    rt_thread_switch_interrupt_flag          0x2000003c   Data           4  cpuport.o(.data)
    rt_interrupt_nest                        0x20000048   Data           1  irq.o(.data)
    rt_current_thread                        0x200000a8   Data           4  scheduler.o(.data)
    rt_current_priority                      0x200000ac   Data           1  scheduler.o(.data)
    rt_thread_ready_priority_group           0x200000b0   Data           4  scheduler.o(.data)
    rt_thread_defunct                        0x200000b4   Data           8  scheduler.o(.data)
    MyIapMap                                 0x200000c8   Data          32  my_iap.o(.bss)
    MyIapFlag                                0x200000e8   Data          38  my_iap.o(.bss)
    MyIapRxBuff                              0x2000010e   Data        2066  my_iap.o(.bss)
    USART_RX_BUF                             0x20000920   Data        1024  my_uart.o(.bss)
    UART1_Handler                            0x20000d20   Data          64  my_uart.o(.bss)
    pFlash                                   0x20000d60   Data          32  stm32f1xx_hal_flash.o(.bss)
    rt_thread_priority_table                 0x20000f18   Data          64  scheduler.o(.bss)
    __initial_sp                             0x20002b58   Data           0  startup_stm32f103xe.o(STACK)



==============================================================================

Memory Map of the image

  Image Entry point : 0x08008131

  Load Region LR_IROM1 (Base: 0x08008000, Size: 0x00002eb4, Max: 0x00019000, ABSOLUTE)

    Execution Region ER_IROM1 (Exec base: 0x08008000, Load base: 0x08008000, Size: 0x00002dec, Max: 0x00019000, ABSOLUTE)

    Exec Addr    Load Addr    Size         Type   Attr      Idx    E Section Name        Object

    0x08008000   0x08008000   0x00000130   Data   RO          410    RESET               startup_stm32f103xe.o
    0x08008130   0x08008130   0x00000000   Code   RO         2796  * .ARM.Collect$$$$00000000  mc_w.l(entry.o)
    0x08008130   0x08008130   0x00000004   Code   RO         2805    .ARM.Collect$$$$00000001  mc_w.l(entry2.o)
    0x08008134   0x08008134   0x00000004   Code   RO         2808    .ARM.Collect$$$$00000004  mc_w.l(entry5.o)
    0x08008138   0x08008138   0x00000000   Code   RO         2810    .ARM.Collect$$$$00000008  mc_w.l(entry7b.o)
    0x08008138   0x08008138   0x00000000   Code   RO         2812    .ARM.Collect$$$$0000000A  mc_w.l(entry8b.o)
    0x08008138   0x08008138   0x00000008   Code   RO         2813    .ARM.Collect$$$$0000000B  mc_w.l(entry9a.o)
    0x08008140   0x08008140   0x00000000   Code   RO         2815    .ARM.Collect$$$$0000000D  mc_w.l(entry10a.o)
    0x08008140   0x08008140   0x00000000   Code   RO         2817    .ARM.Collect$$$$0000000F  mc_w.l(entry11a.o)
    0x08008140   0x08008140   0x00000004   Code   RO         2806    .ARM.Collect$$$$00002712  mc_w.l(entry2.o)
    0x08008144   0x08008144   0x00000024   Code   RO          411    .text               startup_stm32f103xe.o
    0x08008168   0x08008168   0x000000f4   Code   RO         1824    .text               context_rvds.o
    0x0800825c   0x0800825c   0x00000020   Code   RO         2799    .text               mc_w.l(llushr.o)
    0x0800827c   0x0800827c   0x00000024   Code   RO         2801    .text               mc_w.l(memcpya.o)
    0x080082a0   0x080082a0   0x00000024   Code   RO         2819    .text               mc_w.l(init.o)
    0x080082c4   0x080082c4   0x0000000a   Code   RO         1905    i.$Sub$$main        components.o
    0x080082ce   0x080082ce   0x00000002   PAD
    0x080082d0   0x080082d0   0x00000028   Code   RO         1649    i.FLASH_MassErase   stm32f1xx_hal_flash_ex.o
    0x080082f8   0x080082f8   0x00000028   Code   RO         1658    i.FLASH_PageErase   stm32f1xx_hal_flash_ex.o
    0x08008320   0x08008320   0x00000020   Code   RO         1546    i.FLASH_Program_HalfWord  stm32f1xx_hal_flash.o
    0x08008340   0x08008340   0x00000084   Code   RO         1547    i.FLASH_SetErrorCode  stm32f1xx_hal_flash.o
    0x080083c4   0x080083c4   0x00000070   Code   RO         1548    i.FLASH_WaitForLastOperation  stm32f1xx_hal_flash.o
    0x08008434   0x08008434   0x000001a8   Code   RO         1206    i.HAL_DMA_Abort_IT  stm32f1xx_hal_dma.o
    0x080085dc   0x080085dc   0x000000b0   Code   RO         1659    i.HAL_FLASHEx_Erase  stm32f1xx_hal_flash_ex.o
    0x0800868c   0x0800868c   0x00000014   Code   RO         1552    i.HAL_FLASH_Lock    stm32f1xx_hal_flash.o
    0x080086a0   0x080086a0   0x000000b0   Code   RO         1557    i.HAL_FLASH_Program  stm32f1xx_hal_flash.o
    0x08008750   0x08008750   0x00000030   Code   RO         1559    i.HAL_FLASH_Unlock  stm32f1xx_hal_flash.o
    0x08008780   0x08008780   0x00000340   Code   RO         1141    i.HAL_GPIO_Init     stm32f1xx_hal_gpio.o
    0x08008ac0   0x08008ac0   0x00000010   Code   RO         1143    i.HAL_GPIO_ReadPin  stm32f1xx_hal_gpio.o
    0x08008ad0   0x08008ad0   0x0000000c   Code   RO         1145    i.HAL_GPIO_WritePin  stm32f1xx_hal_gpio.o
    0x08008adc   0x08008adc   0x0000000c   Code   RO          832    i.HAL_GetTick       stm32f1xx_hal.o
    0x08008ae8   0x08008ae8   0x00000020   Code   RO         1301    i.HAL_NVIC_EnableIRQ  stm32f1xx_hal_cortex.o
    0x08008b08   0x08008b08   0x0000007c   Code   RO         1307    i.HAL_NVIC_SetPriority  stm32f1xx_hal_cortex.o
    0x08008b84   0x08008b84   0x0000000c   Code   RO         1001    i.HAL_RCC_GetHCLKFreq  stm32f1xx_hal_rcc.o
    0x08008b90   0x08008b90   0x00000020   Code   RO         1003    i.HAL_RCC_GetPCLK1Freq  stm32f1xx_hal_rcc.o
    0x08008bb0   0x08008bb0   0x00000020   Code   RO         1004    i.HAL_RCC_GetPCLK2Freq  stm32f1xx_hal_rcc.o
    0x08008bd0   0x08008bd0   0x00000002   Code   RO          511    i.HAL_UART_ErrorCallback  stm32f1xx_hal_uart.o
    0x08008bd2   0x08008bd2   0x00000002   PAD
    0x08008bd4   0x08008bd4   0x0000014c   Code   RO          514    i.HAL_UART_IRQHandler  stm32f1xx_hal_uart.o
    0x08008d20   0x08008d20   0x00000072   Code   RO          515    i.HAL_UART_Init     stm32f1xx_hal_uart.o
    0x08008d92   0x08008d92   0x00000002   PAD
    0x08008d94   0x08008d94   0x000000a8   Code   RO          239    i.HAL_UART_MspInit  my_uart.o
    0x08008e3c   0x08008e3c   0x00000070   Code   RO          520    i.HAL_UART_Receive_IT  stm32f1xx_hal_uart.o
    0x08008eac   0x08008eac   0x0000007c   Code   RO          240    i.HAL_UART_RxCpltCallback  my_uart.o
    0x08008f28   0x08008f28   0x00000002   Code   RO          526    i.HAL_UART_TxCpltCallback  stm32f1xx_hal_uart.o
    0x08008f2a   0x08008f2a   0x00000002   PAD
    0x08008f2c   0x08008f2c   0x0000003c   Code   RO          137    i.Iap_Map_Init      my_iap.o
    0x08008f68   0x08008f68   0x00000124   Code   RO          138    i.LedRun            my_iap.o
    0x0800908c   0x0800908c   0x00000090   Code   RO          139    i.MX_GPIO_Init      my_iap.o
    0x0800911c   0x0800911c   0x00000010   Code   RO         2758    i.SysTick_Handler   board.o
    0x0800912c   0x0800912c   0x000000a4   Code   RO          374    i.SystemCoreClockUpdate  system_stm32f1xx.o
    0x080091d0   0x080091d0   0x0000005c   Code   RO          375    i.SystemInit        system_stm32f1xx.o
    0x0800922c   0x0800922c   0x00000014   Code   RO          528    i.UART_DMAAbortOnError  stm32f1xx_hal_uart.o
    0x08009240   0x08009240   0x00000020   Code   RO          538    i.UART_EndRxTransfer  stm32f1xx_hal_uart.o
    0x08009260   0x08009260   0x00000020   Code   RO          539    i.UART_EndTransmit_IT  stm32f1xx_hal_uart.o
    0x08009280   0x08009280   0x000000a6   Code   RO          541    i.UART_Receive_IT   stm32f1xx_hal_uart.o
    0x08009326   0x08009326   0x00000002   PAD
    0x08009328   0x08009328   0x000001a0   Code   RO          542    i.UART_SetConfig    stm32f1xx_hal_uart.o
    0x080094c8   0x080094c8   0x00000068   Code   RO          543    i.UART_Transmit_IT  stm32f1xx_hal_uart.o
    0x08009530   0x08009530   0x00000098   Code   RO          241    i.USART1_IRQHandler  my_uart.o
    0x080095c8   0x080095c8   0x00000030   Code   RO         2759    i._SysTick_Config   board.o
    0x080095f8   0x080095f8   0x00000010   Code   RO         1314    i.__NVIC_GetPriorityGrouping  stm32f1xx_hal_cortex.o
    0x08009608   0x08009608   0x00000028   Code   RO         1315    i.__NVIC_SetPriority  stm32f1xx_hal_cortex.o
    0x08009630   0x08009630   0x0000004c   Code   RO         2180    i.__rt_ffs          kservice.o
    0x0800967c   0x0800967c   0x0000000e   Code   RO         2823    i.__scatterload_copy  mc_w.l(handlers.o)
    0x0800968a   0x0800968a   0x00000002   Code   RO         2824    i.__scatterload_null  mc_w.l(handlers.o)
    0x0800968c   0x0800968c   0x0000000e   Code   RO         2825    i.__scatterload_zeroinit  mc_w.l(handlers.o)
    0x0800969a   0x0800969a   0x00000002   PAD
    0x0800969c   0x0800969c   0x00000014   Code   RO         1973    i._has_defunct_thread  idle.o
    0x080096b0   0x080096b0   0x00000084   Code   RO         2530    i._rt_thread_init   thread.o
    0x08009734   0x08009734   0x00000042   Code   RO         2651    i._rt_timer_init    timer.o
    0x08009776   0x08009776   0x0000002e   Code   RO         2652    i._rt_timer_remove  timer.o
    0x080097a4   0x080097a4   0x000001f4   Code   RO          141    i.iap_main_entry    my_iap.o
    0x08009998   0x08009998   0x00000080   Code   RO          142    i.iap_thread_init   my_iap.o
    0x08009a18   0x08009a18   0x00000030   Code   RO          143    i.led_display_entry  my_iap.o
    0x08009a48   0x08009a48   0x0000000e   Code   RO            4    i.main              main.o
    0x08009a56   0x08009a56   0x0000000e   Code   RO         1906    i.main_thread_entry  components.o
    0x08009a64   0x08009a64   0x00000034   Code   RO          293    i.my_calculate_page_num  my_flash.o
    0x08009a98   0x08009a98   0x00000048   Code   RO          294    i.my_erase_pages    my_flash.o
    0x08009ae0   0x08009ae0   0x00000058   Code   RO          295    i.my_erase_write_to_flash  my_flash.o
    0x08009b38   0x08009b38   0x00000038   Code   RO          242    i.my_iap_uart_init  my_uart.o
    0x08009b70   0x08009b70   0x0000001a   Code   RO          298    i.my_read_from_flash  my_flash.o
    0x08009b8a   0x08009b8a   0x00000002   PAD
    0x08009b8c   0x08009b8c   0x0000004c   Code   RO          144    i.my_soft_reset     my_iap.o
    0x08009bd8   0x08009bd8   0x00000050   Code   RO          299    i.my_write_to_flash  my_flash.o
    0x08009c28   0x08009c28   0x00000078   Code   RO         2338    i.plug_holes        mem.o
    0x08009ca0   0x08009ca0   0x0000002c   Code   RO         1907    i.rt_application_init  components.o
    0x08009ccc   0x08009ccc   0x0000001c   Code   RO         1908    i.rt_components_board_init  components.o
    0x08009ce8   0x08009ce8   0x0000001c   Code   RO         1909    i.rt_components_init  components.o
    0x08009d04   0x08009d04   0x00000020   Code   RO         2464    i.rt_enter_critical  scheduler.o
    0x08009d24   0x08009d24   0x00000044   Code   RO         2465    i.rt_exit_critical  scheduler.o
    0x08009d68   0x08009d68   0x00000078   Code   RO         2340    i.rt_free           mem.o
    0x08009de0   0x08009de0   0x00000008   Code   RO         2760    i.rt_heap_begin_get  board.o
    0x08009de8   0x08009de8   0x00000008   Code   RO         2761    i.rt_heap_end_get   board.o
    0x08009df0   0x08009df0   0x00000034   Code   RO         2762    i.rt_hw_board_init  board.o
    0x08009e24   0x08009e24   0x00000024   Code   RO         1831    i.rt_hw_hard_fault_exception  cpuport.o
    0x08009e48   0x08009e48   0x0000004c   Code   RO         1832    i.rt_hw_stack_init  cpuport.o
    0x08009e94   0x08009e94   0x00000020   Code   RO         2153    i.rt_interrupt_enter  irq.o
    0x08009eb4   0x08009eb4   0x00000020   Code   RO         2155    i.rt_interrupt_leave  irq.o
    0x08009ed4   0x08009ed4   0x00000014   Code   RO         2013    i.rt_ipc_list_resume  ipc.o
    0x08009ee8   0x08009ee8   0x0000006c   Code   RO         2015    i.rt_ipc_list_suspend  ipc.o
    0x08009f54   0x08009f54   0x00000010   Code   RO         2016    i.rt_ipc_object_init  ipc.o
    0x08009f64   0x08009f64   0x00000006   Code   RO         2017    i.rt_list_init      ipc.o
    0x08009f6a   0x08009f6a   0x00000006   Code   RO         2466    i.rt_list_init      scheduler.o
    0x08009f70   0x08009f70   0x00000006   Code   RO         2653    i.rt_list_init      timer.o
    0x08009f76   0x08009f76   0x0000000e   Code   RO         2388    i.rt_list_insert_after  object.o
    0x08009f84   0x08009f84   0x0000000e   Code   RO         2531    i.rt_list_insert_after  thread.o
    0x08009f92   0x08009f92   0x0000000e   Code   RO         2654    i.rt_list_insert_after  timer.o
    0x08009fa0   0x08009fa0   0x0000000e   Code   RO         2018    i.rt_list_insert_before  ipc.o
    0x08009fae   0x08009fae   0x00000010   Code   RO         2019    i.rt_list_isempty   ipc.o
    0x08009fbe   0x08009fbe   0x00000010   Code   RO         2655    i.rt_list_isempty   timer.o
    0x08009fce   0x08009fce   0x00000012   Code   RO         2389    i.rt_list_remove    object.o
    0x08009fe0   0x08009fe0   0x00000012   Code   RO         2532    i.rt_list_remove    thread.o
    0x08009ff2   0x08009ff2   0x00000002   PAD
    0x08009ff4   0x08009ff4   0x0000016c   Code   RO         2341    i.rt_malloc         mem.o
    0x0800a160   0x0800a160   0x00000048   Code   RO         2189    i.rt_memset         kservice.o
    0x0800a1a8   0x0800a1a8   0x00000054   Code   RO         2390    i.rt_object_allocate  object.o
    0x0800a1fc   0x0800a1fc   0x00000024   Code   RO         2391    i.rt_object_delete  object.o
    0x0800a220   0x0800a220   0x0000001e   Code   RO         2392    i.rt_object_detach  object.o
    0x0800a23e   0x0800a23e   0x00000002   PAD
    0x0800a240   0x0800a240   0x00000028   Code   RO         2394    i.rt_object_get_information  object.o
    0x0800a268   0x0800a268   0x00000056   Code   RO         2396    i.rt_object_init    object.o
    0x0800a2be   0x0800a2be   0x00000012   Code   RO         2397    i.rt_object_is_systemobject  object.o
    0x0800a2d0   0x0800a2d0   0x00000084   Code   RO         2467    i.rt_schedule       scheduler.o
    0x0800a354   0x0800a354   0x00000050   Code   RO         2468    i.rt_schedule_insert_thread  scheduler.o
    0x0800a3a4   0x0800a3a4   0x00000054   Code   RO         2469    i.rt_schedule_remove_thread  scheduler.o
    0x0800a3f8   0x0800a3f8   0x00000026   Code   RO         2032    i.rt_sem_init       ipc.o
    0x0800a41e   0x0800a41e   0x0000003a   Code   RO         2033    i.rt_sem_release    ipc.o
    0x0800a458   0x0800a458   0x00000074   Code   RO         2034    i.rt_sem_take       ipc.o
    0x0800a4cc   0x0800a4cc   0x00000002   Code   RO         2191    i.rt_show_version   kservice.o
    0x0800a4ce   0x0800a4ce   0x00000034   Code   RO         2199    i.rt_strncpy        kservice.o
    0x0800a502   0x0800a502   0x00000002   PAD
    0x0800a504   0x0800a504   0x000000b0   Code   RO         2344    i.rt_system_heap_init  mem.o
    0x0800a5b4   0x0800a5b4   0x0000004c   Code   RO         2470    i.rt_system_scheduler_init  scheduler.o
    0x0800a600   0x0800a600   0x00000030   Code   RO         2471    i.rt_system_scheduler_start  scheduler.o
    0x0800a630   0x0800a630   0x0000001c   Code   RO         2656    i.rt_system_timer_init  timer.o
    0x0800a64c   0x0800a64c   0x00000002   Code   RO         2657    i.rt_system_timer_thread_init  timer.o
    0x0800a64e   0x0800a64e   0x00000050   Code   RO         2534    i.rt_thread_create  thread.o
    0x0800a69e   0x0800a69e   0x00000002   PAD
    0x0800a6a0   0x0800a6a0   0x00000054   Code   RO         2538    i.rt_thread_exit    thread.o
    0x0800a6f4   0x0800a6f4   0x00000008   Code   RO         1974    i.rt_thread_idle_entry  idle.o
    0x0800a6fc   0x0800a6fc   0x0000008c   Code   RO         1975    i.rt_thread_idle_excute  idle.o
    0x0800a788   0x0800a788   0x0000003c   Code   RO         1977    i.rt_thread_idle_init  idle.o
    0x0800a7c4   0x0800a7c4   0x00000034   Code   RO         2540    i.rt_thread_init    thread.o
    0x0800a7f8   0x0800a7f8   0x00000014   Code   RO         2541    i.rt_thread_mdelay  thread.o
    0x0800a80c   0x0800a80c   0x0000003c   Code   RO         2542    i.rt_thread_resume  thread.o
    0x0800a848   0x0800a848   0x0000000c   Code   RO         2543    i.rt_thread_self    thread.o
    0x0800a854   0x0800a854   0x00000044   Code   RO         2544    i.rt_thread_sleep   thread.o
    0x0800a898   0x0800a898   0x0000002c   Code   RO         2545    i.rt_thread_startup  thread.o
    0x0800a8c4   0x0800a8c4   0x00000044   Code   RO         2546    i.rt_thread_suspend  thread.o
    0x0800a908   0x0800a908   0x00000020   Code   RO         2547    i.rt_thread_timeout  thread.o
    0x0800a928   0x0800a928   0x00000064   Code   RO         2548    i.rt_thread_yield   thread.o
    0x0800a98c   0x0800a98c   0x00000038   Code   RO         1868    i.rt_tick_from_millisecond  clock.o
    0x0800a9c4   0x0800a9c4   0x0000000c   Code   RO         1869    i.rt_tick_get       clock.o
    0x0800a9d0   0x0800a9d0   0x00000030   Code   RO         1870    i.rt_tick_increase  clock.o
    0x0800aa00   0x0800aa00   0x0000007c   Code   RO         2658    i.rt_timer_check    timer.o
    0x0800aa7c   0x0800aa7c   0x00000038   Code   RO         2659    i.rt_timer_control  timer.o
    0x0800aab4   0x0800aab4   0x00000020   Code   RO         2662    i.rt_timer_detach   timer.o
    0x0800aad4   0x0800aad4   0x0000002e   Code   RO         2663    i.rt_timer_init     timer.o
    0x0800ab02   0x0800ab02   0x00000002   PAD
    0x0800ab04   0x0800ab04   0x000000f8   Code   RO         2666    i.rt_timer_start    timer.o
    0x0800abfc   0x0800abfc   0x00000030   Code   RO         2667    i.rt_timer_stop     timer.o
    0x0800ac2c   0x0800ac2c   0x00000004   Code   RO         1910    i.rti_board_end     components.o
    0x0800ac30   0x0800ac30   0x00000004   Code   RO         1911    i.rti_board_start   components.o
    0x0800ac34   0x0800ac34   0x00000004   Code   RO         1912    i.rti_end           components.o
    0x0800ac38   0x0800ac38   0x00000004   Code   RO         1913    i.rti_start         components.o
    0x0800ac3c   0x0800ac3c   0x0000002a   Code   RO         1914    i.rtthread_startup  components.o
    0x0800ac66   0x0800ac66   0x00000002   PAD
    0x0800ac68   0x0800ac68   0x00000018   Code   RO          145    i.start_up_init     my_iap.o
    0x0800ac80   0x0800ac80   0x00000018   Data   RO          376    .constdata          system_stm32f1xx.o
    0x0800ac98   0x0800ac98   0x00000122   Data   RO         2205    .constdata          kservice.o
    0x0800adba   0x0800adba   0x00000002   PAD
    0x0800adbc   0x0800adbc   0x00000004   Data   RO         1915    .rti_fn.0           components.o
    0x0800adc0   0x0800adc0   0x00000004   Data   RO         1916    .rti_fn.0.end       components.o
    0x0800adc4   0x0800adc4   0x00000004   Data   RO         1917    .rti_fn.1.end       components.o
    0x0800adc8   0x0800adc8   0x00000004   Data   RO         1918    .rti_fn.6.end       components.o
    0x0800adcc   0x0800adcc   0x00000020   Data   RO         2821    Region$$Table       anon$$obj.o


    Execution Region RW_IRAM1 (Exec base: 0x20000000, Load base: 0x0800adec, Size: 0x00002b58, Max: 0x0000c000, ABSOLUTE)

    Exec Addr    Load Addr    Size         Type   Attr      Idx    E Section Name        Object

    0x20000000   0x0800adec   0x00000018   Data   RW          147    .data               my_iap.o
    0x20000018   0x0800ae04   0x0000000c   Data   RW          244    .data               my_uart.o
    0x20000024   0x0800ae10   0x00000004   Data   RW          377    .data               system_stm32f1xx.o
    0x20000028   0x0800ae14   0x00000009   Data   RW          846    .data               stm32f1xx_hal.o
    0x20000031   0x0800ae1d   0x00000003   PAD
    0x20000034   0x0800ae20   0x00000010   Data   RW         1833    .data               cpuport.o
    0x20000044   0x0800ae30   0x00000004   Data   RW         1872    .data               clock.o
    0x20000048   0x0800ae34   0x00000001   Data   RW         2156    .data               irq.o
    0x20000049   0x0800ae35   0x00000003   PAD
    0x2000004c   0x0800ae38   0x00000018   Data   RW         2346    .data               mem.o
    0x20000064   0x0800ae50   0x00000040   Data   RW         2399    .data               object.o
    0x200000a4   0x0800ae90   0x00000018   Data   RW         2473    .data               scheduler.o
    0x200000bc   0x0800aea8   0x0000000c   Data   RW         2668    .data               timer.o
    0x200000c8        -       0x00000858   Zero   RW          146    .bss                my_iap.o
    0x20000920        -       0x00000440   Zero   RW          243    .bss                my_uart.o
    0x20000d60        -       0x00000020   Zero   RW         1560    .bss                stm32f1xx_hal_flash.o
    0x20000d80        -       0x00000178   Zero   RW         1978    .bss                idle.o
    0x20000ef8        -       0x00000020   Zero   RW         2345    .bss                mem.o
    0x20000f18        -       0x00000040   Zero   RW         2472    .bss                scheduler.o
    0x20000f58        -       0x00001800   Zero   RW         2763    .bss                board.o
    0x20002758        -       0x00000400   Zero   RW          408    STACK               startup_stm32f103xe.o


==============================================================================

Image component sizes


      Code (inc. data)   RO Data    RW Data    ZI Data      Debug   Object Name

       132         16          0          0       6144       3209   board.o
       116         12          0          4          0       1688   clock.o
       182         28         16          0          0       5684   components.o
       244         26          0          0          0        844   context_rvds.o
       112         10          0         16          0       3182   cpuport.o
       228         32          0          0        376       5498   idle.o
       392          0          0          0          0       8133   ipc.o
        64         12          0          1          0       1542   irq.o
       202          6        290          0          0       5268   kservice.o
        14          0          0          0          0     423399   main.o
       780         92          0         24         32       3800   mem.o
       318         14          0          0          0       4268   my_flash.o
      1272        126          0         24       2136      36354   my_iap.o
       500         78          0         12       1088       3664   my_uart.o
       326          4          0         64          0       8112   object.o
       526         90          0         24         64       8366   scheduler.o
        36          8        304          0       1024        884   startup_stm32f103xe.o
        12          6          0          9          0       4197   stm32f1xx_hal.o
       212         14          0          0          0      27891   stm32f1xx_hal_cortex.o
       424         10          0          0          0       1211   stm32f1xx_hal_dma.o
       520         48          0          0         32       4118   stm32f1xx_hal_flash.o
       256         26          0          0          0       2527   stm32f1xx_hal_flash_ex.o
       860         40          0          0          0       3303   stm32f1xx_hal_gpio.o
        76         26          0          0          0       1604   stm32f1xx_hal_rcc.o
      1332         10          0          0          0       7563   stm32f1xx_hal_uart.o
       256         44         24          4          0       2067   system_stm32f1xx.o
       784         36          0          0          0      11680   thread.o
       732         20          0         12          0      10944   timer.o

    ----------------------------------------------------------------------
     10932        834        668        200      10896     601000   Object Totals
         0          0         32          0          0          0   (incl. Generated)
        24          0          2          6          0          0   (incl. Padding)

    ----------------------------------------------------------------------

      Code (inc. data)   RO Data    RW Data    ZI Data      Debug   Library Member Name

         0          0          0          0          0          0   entry.o
         0          0          0          0          0          0   entry10a.o
         0          0          0          0          0          0   entry11a.o
         8          4          0          0          0          0   entry2.o
         4          0          0          0          0          0   entry5.o
         0          0          0          0          0          0   entry7b.o
         0          0          0          0          0          0   entry8b.o
         8          4          0          0          0          0   entry9a.o
        30          0          0          0          0          0   handlers.o
        36          8          0          0          0         68   init.o
        32          0          0          0          0         68   llushr.o
        36          0          0          0          0         68   memcpya.o

    ----------------------------------------------------------------------
       156         16          0          0          0        204   Library Totals
         2          0          0          0          0          0   (incl. Padding)

    ----------------------------------------------------------------------

      Code (inc. data)   RO Data    RW Data    ZI Data      Debug   Library Name

       154         16          0          0          0        204   mc_w.l

    ----------------------------------------------------------------------
       156         16          0          0          0        204   Library Totals

    ----------------------------------------------------------------------

==============================================================================


      Code (inc. data)   RO Data    RW Data    ZI Data      Debug   

     11088        850        668        200      10896     594336   Grand Totals
     11088        850        668        200      10896     594336   ELF Image Totals
     11088        850        668        200          0          0   ROM Totals

==============================================================================

    Total RO  Size (Code + RO Data)                11756 (  11.48kB)
    Total RW  Size (RW Data + ZI Data)             11096 (  10.84kB)
    Total ROM Size (Code + RO Data + RW Data)      11956 (  11.68kB)

==============================================================================

