<!doctype html public "-//w3c//dtd html 4.0 transitional//en">
<html><head>
<title>Static Call Graph - [.\build\keil\Obj\rt-thread.axf]</title></head>
<body><HR>
<H1>Static Call Graph for image .\build\keil\Obj\rt-thread.axf</H1><HR>
<BR><P>#&#060CALLGRAPH&#062# ARM Linker, 5060750: Last Updated: Sun Jan 05 12:14:33 2020
<BR><P>
<H3>Maximum Stack Usage =        264 bytes + Unknown(Functions without stacksize, Cycles, Untraceable Function Pointers)</H3><H3>
Call chain for Maximum Stack Depth:</H3>
__rt_entry_main &rArr; main &rArr; rtthread_startup &rArr; rt_thread_idle_init &rArr; rt_thread_init &rArr; _rt_thread_init &rArr; rt_timer_init &rArr; rt_object_init &rArr; rt_exit_critical &rArr; rt_schedule &rArr; rt_schedule_remove_thread
<P>
<H3>
Functions with no stack information
</H3><UL>
 <LI><a href="#[7e]">__user_initial_stackheap</a>
</UL>
</UL>
<P>
<H3>
Mutually Recursive functions
</H3> <LI><a href="#[4]">NMI_Handler</a>&nbsp;&nbsp;&nbsp;&rArr;&nbsp;&nbsp;&nbsp;<a href="#[4]">NMI_Handler</a><BR>
 <LI><a href="#[6]">MemManage_Handler</a>&nbsp;&nbsp;&nbsp;&rArr;&nbsp;&nbsp;&nbsp;<a href="#[6]">MemManage_Handler</a><BR>
 <LI><a href="#[7]">BusFault_Handler</a>&nbsp;&nbsp;&nbsp;&rArr;&nbsp;&nbsp;&nbsp;<a href="#[7]">BusFault_Handler</a><BR>
 <LI><a href="#[8]">UsageFault_Handler</a>&nbsp;&nbsp;&nbsp;&rArr;&nbsp;&nbsp;&nbsp;<a href="#[8]">UsageFault_Handler</a><BR>
 <LI><a href="#[9]">SVC_Handler</a>&nbsp;&nbsp;&nbsp;&rArr;&nbsp;&nbsp;&nbsp;<a href="#[9]">SVC_Handler</a><BR>
 <LI><a href="#[a]">DebugMon_Handler</a>&nbsp;&nbsp;&nbsp;&rArr;&nbsp;&nbsp;&nbsp;<a href="#[a]">DebugMon_Handler</a><BR>
 <LI><a href="#[1f]">ADC1_2_IRQHandler</a>&nbsp;&nbsp;&nbsp;&rArr;&nbsp;&nbsp;&nbsp;<a href="#[1f]">ADC1_2_IRQHandler</a><BR>
</UL>
<P>
<H3>
Function Pointers
</H3><UL>
 <LI><a href="#[1f]">ADC1_2_IRQHandler</a> from startup_stm32f103xe.o(.text) referenced from startup_stm32f103xe.o(RESET)
 <LI><a href="#[3c]">ADC3_IRQHandler</a> from startup_stm32f103xe.o(.text) referenced from startup_stm32f103xe.o(RESET)
 <LI><a href="#[7]">BusFault_Handler</a> from startup_stm32f103xe.o(.text) referenced from startup_stm32f103xe.o(RESET)
 <LI><a href="#[22]">CAN1_RX1_IRQHandler</a> from startup_stm32f103xe.o(.text) referenced from startup_stm32f103xe.o(RESET)
 <LI><a href="#[23]">CAN1_SCE_IRQHandler</a> from startup_stm32f103xe.o(.text) referenced from startup_stm32f103xe.o(RESET)
 <LI><a href="#[18]">DMA1_Channel1_IRQHandler</a> from startup_stm32f103xe.o(.text) referenced from startup_stm32f103xe.o(RESET)
 <LI><a href="#[19]">DMA1_Channel2_IRQHandler</a> from startup_stm32f103xe.o(.text) referenced from startup_stm32f103xe.o(RESET)
 <LI><a href="#[1a]">DMA1_Channel3_IRQHandler</a> from startup_stm32f103xe.o(.text) referenced from startup_stm32f103xe.o(RESET)
 <LI><a href="#[1b]">DMA1_Channel4_IRQHandler</a> from startup_stm32f103xe.o(.text) referenced from startup_stm32f103xe.o(RESET)
 <LI><a href="#[1c]">DMA1_Channel5_IRQHandler</a> from startup_stm32f103xe.o(.text) referenced from startup_stm32f103xe.o(RESET)
 <LI><a href="#[1d]">DMA1_Channel6_IRQHandler</a> from startup_stm32f103xe.o(.text) referenced from startup_stm32f103xe.o(RESET)
 <LI><a href="#[1e]">DMA1_Channel7_IRQHandler</a> from startup_stm32f103xe.o(.text) referenced from startup_stm32f103xe.o(RESET)
 <LI><a href="#[45]">DMA2_Channel1_IRQHandler</a> from startup_stm32f103xe.o(.text) referenced from startup_stm32f103xe.o(RESET)
 <LI><a href="#[46]">DMA2_Channel2_IRQHandler</a> from startup_stm32f103xe.o(.text) referenced from startup_stm32f103xe.o(RESET)
 <LI><a href="#[47]">DMA2_Channel3_IRQHandler</a> from startup_stm32f103xe.o(.text) referenced from startup_stm32f103xe.o(RESET)
 <LI><a href="#[48]">DMA2_Channel4_5_IRQHandler</a> from startup_stm32f103xe.o(.text) referenced from startup_stm32f103xe.o(RESET)
 <LI><a href="#[a]">DebugMon_Handler</a> from startup_stm32f103xe.o(.text) referenced from startup_stm32f103xe.o(RESET)
 <LI><a href="#[13]">EXTI0_IRQHandler</a> from drv_gpio.o(i.EXTI0_IRQHandler) referenced from startup_stm32f103xe.o(RESET)
 <LI><a href="#[35]">EXTI15_10_IRQHandler</a> from drv_gpio.o(i.EXTI15_10_IRQHandler) referenced from startup_stm32f103xe.o(RESET)
 <LI><a href="#[14]">EXTI1_IRQHandler</a> from drv_gpio.o(i.EXTI1_IRQHandler) referenced from startup_stm32f103xe.o(RESET)
 <LI><a href="#[15]">EXTI2_IRQHandler</a> from drv_gpio.o(i.EXTI2_IRQHandler) referenced from startup_stm32f103xe.o(RESET)
 <LI><a href="#[16]">EXTI3_IRQHandler</a> from drv_gpio.o(i.EXTI3_IRQHandler) referenced from startup_stm32f103xe.o(RESET)
 <LI><a href="#[17]">EXTI4_IRQHandler</a> from drv_gpio.o(i.EXTI4_IRQHandler) referenced from startup_stm32f103xe.o(RESET)
 <LI><a href="#[24]">EXTI9_5_IRQHandler</a> from drv_gpio.o(i.EXTI9_5_IRQHandler) referenced from startup_stm32f103xe.o(RESET)
 <LI><a href="#[11]">FLASH_IRQHandler</a> from startup_stm32f103xe.o(.text) referenced from startup_stm32f103xe.o(RESET)
 <LI><a href="#[3d]">FSMC_IRQHandler</a> from startup_stm32f103xe.o(.text) referenced from startup_stm32f103xe.o(RESET)
 <LI><a href="#[5]">HardFault_Handler</a> from context_rvds.o(.text) referenced from startup_stm32f103xe.o(RESET)
 <LI><a href="#[2d]">I2C1_ER_IRQHandler</a> from startup_stm32f103xe.o(.text) referenced from startup_stm32f103xe.o(RESET)
 <LI><a href="#[2c]">I2C1_EV_IRQHandler</a> from startup_stm32f103xe.o(.text) referenced from startup_stm32f103xe.o(RESET)
 <LI><a href="#[2f]">I2C2_ER_IRQHandler</a> from startup_stm32f103xe.o(.text) referenced from startup_stm32f103xe.o(RESET)
 <LI><a href="#[2e]">I2C2_EV_IRQHandler</a> from startup_stm32f103xe.o(.text) referenced from startup_stm32f103xe.o(RESET)
 <LI><a href="#[6]">MemManage_Handler</a> from startup_stm32f103xe.o(.text) referenced from startup_stm32f103xe.o(RESET)
 <LI><a href="#[4]">NMI_Handler</a> from startup_stm32f103xe.o(.text) referenced from startup_stm32f103xe.o(RESET)
 <LI><a href="#[e]">PVD_IRQHandler</a> from startup_stm32f103xe.o(.text) referenced from startup_stm32f103xe.o(RESET)
 <LI><a href="#[b]">PendSV_Handler</a> from context_rvds.o(.text) referenced from startup_stm32f103xe.o(RESET)
 <LI><a href="#[12]">RCC_IRQHandler</a> from startup_stm32f103xe.o(.text) referenced from startup_stm32f103xe.o(RESET)
 <LI><a href="#[36]">RTC_Alarm_IRQHandler</a> from startup_stm32f103xe.o(.text) referenced from startup_stm32f103xe.o(RESET)
 <LI><a href="#[10]">RTC_IRQHandler</a> from startup_stm32f103xe.o(.text) referenced from startup_stm32f103xe.o(RESET)
 <LI><a href="#[3]">Reset_Handler</a> from startup_stm32f103xe.o(.text) referenced from startup_stm32f103xe.o(RESET)
 <LI><a href="#[3e]">SDIO_IRQHandler</a> from startup_stm32f103xe.o(.text) referenced from startup_stm32f103xe.o(RESET)
 <LI><a href="#[30]">SPI1_IRQHandler</a> from startup_stm32f103xe.o(.text) referenced from startup_stm32f103xe.o(RESET)
 <LI><a href="#[31]">SPI2_IRQHandler</a> from startup_stm32f103xe.o(.text) referenced from startup_stm32f103xe.o(RESET)
 <LI><a href="#[40]">SPI3_IRQHandler</a> from startup_stm32f103xe.o(.text) referenced from startup_stm32f103xe.o(RESET)
 <LI><a href="#[9]">SVC_Handler</a> from startup_stm32f103xe.o(.text) referenced from startup_stm32f103xe.o(RESET)
 <LI><a href="#[c]">SysTick_Handler</a> from drv_common.o(i.SysTick_Handler) referenced from startup_stm32f103xe.o(RESET)
 <LI><a href="#[49]">SystemInit</a> from system_stm32f1xx.o(i.SystemInit) referenced from startup_stm32f103xe.o(.text)
 <LI><a href="#[f]">TAMPER_IRQHandler</a> from startup_stm32f103xe.o(.text) referenced from startup_stm32f103xe.o(RESET)
 <LI><a href="#[25]">TIM1_BRK_IRQHandler</a> from startup_stm32f103xe.o(.text) referenced from startup_stm32f103xe.o(RESET)
 <LI><a href="#[28]">TIM1_CC_IRQHandler</a> from startup_stm32f103xe.o(.text) referenced from startup_stm32f103xe.o(RESET)
 <LI><a href="#[27]">TIM1_TRG_COM_IRQHandler</a> from startup_stm32f103xe.o(.text) referenced from startup_stm32f103xe.o(RESET)
 <LI><a href="#[26]">TIM1_UP_IRQHandler</a> from startup_stm32f103xe.o(.text) referenced from startup_stm32f103xe.o(RESET)
 <LI><a href="#[29]">TIM2_IRQHandler</a> from startup_stm32f103xe.o(.text) referenced from startup_stm32f103xe.o(RESET)
 <LI><a href="#[2a]">TIM3_IRQHandler</a> from startup_stm32f103xe.o(.text) referenced from startup_stm32f103xe.o(RESET)
 <LI><a href="#[2b]">TIM4_IRQHandler</a> from startup_stm32f103xe.o(.text) referenced from startup_stm32f103xe.o(RESET)
 <LI><a href="#[3f]">TIM5_IRQHandler</a> from startup_stm32f103xe.o(.text) referenced from startup_stm32f103xe.o(RESET)
 <LI><a href="#[43]">TIM6_IRQHandler</a> from startup_stm32f103xe.o(.text) referenced from startup_stm32f103xe.o(RESET)
 <LI><a href="#[44]">TIM7_IRQHandler</a> from startup_stm32f103xe.o(.text) referenced from startup_stm32f103xe.o(RESET)
 <LI><a href="#[38]">TIM8_BRK_IRQHandler</a> from startup_stm32f103xe.o(.text) referenced from startup_stm32f103xe.o(RESET)
 <LI><a href="#[3b]">TIM8_CC_IRQHandler</a> from startup_stm32f103xe.o(.text) referenced from startup_stm32f103xe.o(RESET)
 <LI><a href="#[3a]">TIM8_TRG_COM_IRQHandler</a> from startup_stm32f103xe.o(.text) referenced from startup_stm32f103xe.o(RESET)
 <LI><a href="#[39]">TIM8_UP_IRQHandler</a> from startup_stm32f103xe.o(.text) referenced from startup_stm32f103xe.o(RESET)
 <LI><a href="#[41]">UART4_IRQHandler</a> from startup_stm32f103xe.o(.text) referenced from startup_stm32f103xe.o(RESET)
 <LI><a href="#[42]">UART5_IRQHandler</a> from startup_stm32f103xe.o(.text) referenced from startup_stm32f103xe.o(RESET)
 <LI><a href="#[4d]">UART_DMAError</a> from stm32f1xx_hal_uart.o(i.UART_DMAError) referenced from stm32f1xx_hal_uart.o(i.HAL_UART_Transmit_DMA)
 <LI><a href="#[4b]">UART_DMATransmitCplt</a> from stm32f1xx_hal_uart.o(i.UART_DMATransmitCplt) referenced from stm32f1xx_hal_uart.o(i.HAL_UART_Transmit_DMA)
 <LI><a href="#[4c]">UART_DMATxHalfCplt</a> from stm32f1xx_hal_uart.o(i.UART_DMATxHalfCplt) referenced from stm32f1xx_hal_uart.o(i.HAL_UART_Transmit_DMA)
 <LI><a href="#[32]">USART1_IRQHandler</a> from drv_usart.o(i.USART1_IRQHandler) referenced from startup_stm32f103xe.o(RESET)
 <LI><a href="#[33]">USART2_IRQHandler</a> from startup_stm32f103xe.o(.text) referenced from startup_stm32f103xe.o(RESET)
 <LI><a href="#[34]">USART3_IRQHandler</a> from startup_stm32f103xe.o(.text) referenced from startup_stm32f103xe.o(RESET)
 <LI><a href="#[37]">USBWakeUp_IRQHandler</a> from startup_stm32f103xe.o(.text) referenced from startup_stm32f103xe.o(RESET)
 <LI><a href="#[20]">USB_HP_CAN1_TX_IRQHandler</a> from startup_stm32f103xe.o(.text) referenced from startup_stm32f103xe.o(RESET)
 <LI><a href="#[21]">USB_LP_CAN1_RX0_IRQHandler</a> from startup_stm32f103xe.o(.text) referenced from startup_stm32f103xe.o(RESET)
 <LI><a href="#[8]">UsageFault_Handler</a> from startup_stm32f103xe.o(.text) referenced from startup_stm32f103xe.o(RESET)
 <LI><a href="#[d]">WWDG_IRQHandler</a> from startup_stm32f103xe.o(.text) referenced from startup_stm32f103xe.o(RESET)
 <LI><a href="#[6d]">__main</a> from __main.o(!!!main) referenced from startup_stm32f103xe.o(.text)
 <LI><a href="#[56]">_pin_control</a> from pin.o(i._pin_control) referenced from pin.o(i.rt_device_pin_register)
 <LI><a href="#[54]">_pin_read</a> from pin.o(i._pin_read) referenced from pin.o(i.rt_device_pin_register)
 <LI><a href="#[55]">_pin_write</a> from pin.o(i._pin_write) referenced from pin.o(i.rt_device_pin_register)
 <LI><a href="#[50]">dev_iap_uart_func</a> from my_iap.o(i.dev_iap_uart_func) referenced from my_iap.o(i.iap_main_entry)
 <LI><a href="#[52]">iap_main_entry</a> from my_iap.o(i.iap_main_entry) referenced from my_iap.o(i.iap_thread_init)
 <LI><a href="#[51]">led_display_entry</a> from my_iap.o(i.led_display_entry) referenced from my_iap.o(i.iap_thread_init)
 <LI><a href="#[53]">main_thread_entry</a> from components.o(i.main_thread_entry) referenced from components.o(i.rt_application_init)
 <LI><a href="#[59]">rt_serial_close</a> from serial.o(i.rt_serial_close) referenced from serial.o(i.rt_hw_serial_register)
 <LI><a href="#[5c]">rt_serial_control</a> from serial.o(i.rt_serial_control) referenced from serial.o(i.rt_hw_serial_register)
 <LI><a href="#[57]">rt_serial_init</a> from serial.o(i.rt_serial_init) referenced from serial.o(i.rt_hw_serial_register)
 <LI><a href="#[58]">rt_serial_open</a> from serial.o(i.rt_serial_open) referenced from serial.o(i.rt_hw_serial_register)
 <LI><a href="#[5a]">rt_serial_read</a> from serial.o(i.rt_serial_read) referenced from serial.o(i.rt_hw_serial_register)
 <LI><a href="#[5b]">rt_serial_write</a> from serial.o(i.rt_serial_write) referenced from serial.o(i.rt_hw_serial_register)
 <LI><a href="#[4e]">rt_thread_exit</a> from thread.o(i.rt_thread_exit) referenced from thread.o(i._rt_thread_init)
 <LI><a href="#[5d]">rt_thread_idle_entry</a> from idle.o(i.rt_thread_idle_entry) referenced from idle.o(i.rt_thread_idle_init)
 <LI><a href="#[4f]">rt_thread_timeout</a> from thread.o(i.rt_thread_timeout) referenced from thread.o(i._rt_thread_init)
 <LI><a href="#[6b]">rti_board_end</a> from components.o(i.rti_board_end) referenced from components.o(.rti_fn.1.end)
 <LI><a href="#[6a]">rti_board_start</a> from components.o(i.rti_board_start) referenced from components.o(.rti_fn.0.end)
 <LI><a href="#[6c]">rti_end</a> from components.o(i.rti_end) referenced from components.o(.rti_fn.6.end)
 <LI><a href="#[69]">rti_start</a> from components.o(i.rti_start) referenced from components.o(.rti_fn.0)
 <LI><a href="#[64]">stm32_configure</a> from drv_usart.o(i.stm32_configure) referenced from drv_usart.o(.constdata)
 <LI><a href="#[65]">stm32_control</a> from drv_usart.o(i.stm32_control) referenced from drv_usart.o(.constdata)
 <LI><a href="#[68]">stm32_dma_transmit</a> from drv_usart.o(i.stm32_dma_transmit) referenced from drv_usart.o(.constdata)
 <LI><a href="#[67]">stm32_getc</a> from drv_usart.o(i.stm32_getc) referenced from drv_usart.o(.constdata)
 <LI><a href="#[61]">stm32_pin_attach_irq</a> from drv_gpio.o(i.stm32_pin_attach_irq) referenced from drv_gpio.o(.constdata)
 <LI><a href="#[62]">stm32_pin_dettach_irq</a> from drv_gpio.o(i.stm32_pin_dettach_irq) referenced from drv_gpio.o(.constdata)
 <LI><a href="#[63]">stm32_pin_irq_enable</a> from drv_gpio.o(i.stm32_pin_irq_enable) referenced from drv_gpio.o(.constdata)
 <LI><a href="#[5e]">stm32_pin_mode</a> from drv_gpio.o(i.stm32_pin_mode) referenced from drv_gpio.o(.constdata)
 <LI><a href="#[60]">stm32_pin_read</a> from drv_gpio.o(i.stm32_pin_read) referenced from drv_gpio.o(.constdata)
 <LI><a href="#[5f]">stm32_pin_write</a> from drv_gpio.o(i.stm32_pin_write) referenced from drv_gpio.o(.constdata)
 <LI><a href="#[66]">stm32_putc</a> from drv_usart.o(i.stm32_putc) referenced from drv_usart.o(.constdata)
</UL>
<P>
<H3>
Global Symbols
</H3>
<P><STRONG><a name="[6d]"></a>__main</STRONG> (Thumb, 8 bytes, Stack size 0 bytes, __main.o(!!!main))
<BR><BR>[Calls]<UL><LI><a href="#[6e]">&gt;&gt;</a>&nbsp;&nbsp;&nbsp;__scatterload
<LI><a href="#[6f]">&gt;&gt;</a>&nbsp;&nbsp;&nbsp;__rt_entry
</UL>

<P><STRONG><a name="[6e]"></a>__scatterload</STRONG> (Thumb, 0 bytes, Stack size unknown bytes, __scatter.o(!!!scatter))
<BR><BR>[Called By]<UL><LI><a href="#[6d]">&gt;&gt;</a>&nbsp;&nbsp;&nbsp;__main
</UL>

<P><STRONG><a name="[70]"></a>__scatterload_rt2</STRONG> (Thumb, 44 bytes, Stack size unknown bytes, __scatter.o(!!!scatter), UNUSED)
<BR><BR>[Calls]<UL><LI><a href="#[6f]">&gt;&gt;</a>&nbsp;&nbsp;&nbsp;__rt_entry
</UL>

<P><STRONG><a name="[129]"></a>__scatterload_rt2_thumb_only</STRONG> (Thumb, 0 bytes, Stack size unknown bytes, __scatter.o(!!!scatter), UNUSED)

<P><STRONG><a name="[12a]"></a>__scatterload_null</STRONG> (Thumb, 0 bytes, Stack size unknown bytes, __scatter.o(!!!scatter), UNUSED)

<P><STRONG><a name="[12b]"></a>__decompress</STRONG> (Thumb, 90 bytes, Stack size unknown bytes, __dczerorl2.o(!!dczerorl2), UNUSED)

<P><STRONG><a name="[12c]"></a>__decompress1</STRONG> (Thumb, 0 bytes, Stack size unknown bytes, __dczerorl2.o(!!dczerorl2), UNUSED)

<P><STRONG><a name="[12d]"></a>__scatterload_zeroinit</STRONG> (Thumb, 28 bytes, Stack size unknown bytes, __scatter_zi.o(!!handler_zi), UNUSED)

<P><STRONG><a name="[74]"></a>__rt_lib_init</STRONG> (Thumb, 0 bytes, Stack size unknown bytes, libinit.o(.ARM.Collect$$libinit$$00000000))
<BR><BR>[Called By]<UL><LI><a href="#[73]">&gt;&gt;</a>&nbsp;&nbsp;&nbsp;__rt_entry_li
</UL>

<P><STRONG><a name="[12e]"></a>__rt_lib_init_alloca_1</STRONG> (Thumb, 0 bytes, Stack size unknown bytes, libinit2.o(.ARM.Collect$$libinit$$0000002E))

<P><STRONG><a name="[12f]"></a>__rt_lib_init_argv_1</STRONG> (Thumb, 0 bytes, Stack size unknown bytes, libinit2.o(.ARM.Collect$$libinit$$0000002C))

<P><STRONG><a name="[130]"></a>__rt_lib_init_atexit_1</STRONG> (Thumb, 0 bytes, Stack size unknown bytes, libinit2.o(.ARM.Collect$$libinit$$0000001B))

<P><STRONG><a name="[131]"></a>__rt_lib_init_clock_1</STRONG> (Thumb, 0 bytes, Stack size unknown bytes, libinit2.o(.ARM.Collect$$libinit$$00000021))

<P><STRONG><a name="[132]"></a>__rt_lib_init_cpp_1</STRONG> (Thumb, 0 bytes, Stack size unknown bytes, libinit2.o(.ARM.Collect$$libinit$$00000032))

<P><STRONG><a name="[133]"></a>__rt_lib_init_exceptions_1</STRONG> (Thumb, 0 bytes, Stack size unknown bytes, libinit2.o(.ARM.Collect$$libinit$$00000030))

<P><STRONG><a name="[134]"></a>__rt_lib_init_fp_1</STRONG> (Thumb, 0 bytes, Stack size unknown bytes, libinit2.o(.ARM.Collect$$libinit$$00000002))

<P><STRONG><a name="[135]"></a>__rt_lib_init_fp_trap_1</STRONG> (Thumb, 0 bytes, Stack size unknown bytes, libinit2.o(.ARM.Collect$$libinit$$0000001F))

<P><STRONG><a name="[136]"></a>__rt_lib_init_getenv_1</STRONG> (Thumb, 0 bytes, Stack size unknown bytes, libinit2.o(.ARM.Collect$$libinit$$00000023))

<P><STRONG><a name="[137]"></a>__rt_lib_init_heap_1</STRONG> (Thumb, 0 bytes, Stack size unknown bytes, libinit2.o(.ARM.Collect$$libinit$$0000000A))

<P><STRONG><a name="[138]"></a>__rt_lib_init_lc_collate_1</STRONG> (Thumb, 0 bytes, Stack size unknown bytes, libinit2.o(.ARM.Collect$$libinit$$00000011))

<P><STRONG><a name="[139]"></a>__rt_lib_init_lc_ctype_1</STRONG> (Thumb, 0 bytes, Stack size unknown bytes, libinit2.o(.ARM.Collect$$libinit$$00000013))

<P><STRONG><a name="[13a]"></a>__rt_lib_init_lc_monetary_1</STRONG> (Thumb, 0 bytes, Stack size unknown bytes, libinit2.o(.ARM.Collect$$libinit$$00000015))

<P><STRONG><a name="[13b]"></a>__rt_lib_init_lc_numeric_1</STRONG> (Thumb, 0 bytes, Stack size unknown bytes, libinit2.o(.ARM.Collect$$libinit$$00000017))

<P><STRONG><a name="[13c]"></a>__rt_lib_init_lc_time_1</STRONG> (Thumb, 0 bytes, Stack size unknown bytes, libinit2.o(.ARM.Collect$$libinit$$00000019))

<P><STRONG><a name="[13d]"></a>__rt_lib_init_preinit_1</STRONG> (Thumb, 0 bytes, Stack size unknown bytes, libinit2.o(.ARM.Collect$$libinit$$00000004))

<P><STRONG><a name="[13e]"></a>__rt_lib_init_rand_1</STRONG> (Thumb, 0 bytes, Stack size unknown bytes, libinit2.o(.ARM.Collect$$libinit$$0000000E))

<P><STRONG><a name="[13f]"></a>__rt_lib_init_return</STRONG> (Thumb, 0 bytes, Stack size unknown bytes, libinit2.o(.ARM.Collect$$libinit$$00000033))

<P><STRONG><a name="[140]"></a>__rt_lib_init_signal_1</STRONG> (Thumb, 0 bytes, Stack size unknown bytes, libinit2.o(.ARM.Collect$$libinit$$0000001D))

<P><STRONG><a name="[141]"></a>__rt_lib_init_stdio_1</STRONG> (Thumb, 0 bytes, Stack size unknown bytes, libinit2.o(.ARM.Collect$$libinit$$00000025))

<P><STRONG><a name="[142]"></a>__rt_lib_init_user_alloc_1</STRONG> (Thumb, 0 bytes, Stack size unknown bytes, libinit2.o(.ARM.Collect$$libinit$$0000000C))

<P><STRONG><a name="[79]"></a>__rt_lib_shutdown</STRONG> (Thumb, 0 bytes, Stack size unknown bytes, libshutdown.o(.ARM.Collect$$libshutdown$$00000000))
<BR><BR>[Called By]<UL><LI><a href="#[78]">&gt;&gt;</a>&nbsp;&nbsp;&nbsp;__rt_exit_ls
</UL>

<P><STRONG><a name="[143]"></a>__rt_lib_shutdown_cpp_1</STRONG> (Thumb, 0 bytes, Stack size unknown bytes, libshutdown2.o(.ARM.Collect$$libshutdown$$00000002))

<P><STRONG><a name="[144]"></a>__rt_lib_shutdown_fp_trap_1</STRONG> (Thumb, 0 bytes, Stack size unknown bytes, libshutdown2.o(.ARM.Collect$$libshutdown$$00000007))

<P><STRONG><a name="[145]"></a>__rt_lib_shutdown_heap_1</STRONG> (Thumb, 0 bytes, Stack size unknown bytes, libshutdown2.o(.ARM.Collect$$libshutdown$$0000000F))

<P><STRONG><a name="[146]"></a>__rt_lib_shutdown_return</STRONG> (Thumb, 0 bytes, Stack size unknown bytes, libshutdown2.o(.ARM.Collect$$libshutdown$$00000010))

<P><STRONG><a name="[147]"></a>__rt_lib_shutdown_signal_1</STRONG> (Thumb, 0 bytes, Stack size unknown bytes, libshutdown2.o(.ARM.Collect$$libshutdown$$0000000A))

<P><STRONG><a name="[148]"></a>__rt_lib_shutdown_stdio_1</STRONG> (Thumb, 0 bytes, Stack size unknown bytes, libshutdown2.o(.ARM.Collect$$libshutdown$$00000004))

<P><STRONG><a name="[149]"></a>__rt_lib_shutdown_user_alloc_1</STRONG> (Thumb, 0 bytes, Stack size unknown bytes, libshutdown2.o(.ARM.Collect$$libshutdown$$0000000C))

<P><STRONG><a name="[6f]"></a>__rt_entry</STRONG> (Thumb, 0 bytes, Stack size unknown bytes, __rtentry.o(.ARM.Collect$$rtentry$$00000000))
<BR><BR>[Called By]<UL><LI><a href="#[70]">&gt;&gt;</a>&nbsp;&nbsp;&nbsp;__scatterload_rt2
<LI><a href="#[6d]">&gt;&gt;</a>&nbsp;&nbsp;&nbsp;__main
</UL>

<P><STRONG><a name="[14a]"></a>__rt_entry_presh_1</STRONG> (Thumb, 0 bytes, Stack size unknown bytes, __rtentry2.o(.ARM.Collect$$rtentry$$00000002))

<P><STRONG><a name="[71]"></a>__rt_entry_sh</STRONG> (Thumb, 0 bytes, Stack size unknown bytes, __rtentry4.o(.ARM.Collect$$rtentry$$00000004))
<BR><BR>[Stack]<UL><LI>Max Depth = 8 + Unknown Stack Size
<LI>Call Chain = __rt_entry_sh &rArr; __user_setup_stackheap
</UL>
<BR>[Calls]<UL><LI><a href="#[72]">&gt;&gt;</a>&nbsp;&nbsp;&nbsp;__user_setup_stackheap
</UL>

<P><STRONG><a name="[73]"></a>__rt_entry_li</STRONG> (Thumb, 0 bytes, Stack size unknown bytes, __rtentry2.o(.ARM.Collect$$rtentry$$0000000A))
<BR><BR>[Calls]<UL><LI><a href="#[74]">&gt;&gt;</a>&nbsp;&nbsp;&nbsp;__rt_lib_init
</UL>

<P><STRONG><a name="[14b]"></a>__rt_entry_postsh_1</STRONG> (Thumb, 0 bytes, Stack size unknown bytes, __rtentry2.o(.ARM.Collect$$rtentry$$00000009))

<P><STRONG><a name="[75]"></a>__rt_entry_main</STRONG> (Thumb, 0 bytes, Stack size unknown bytes, __rtentry2.o(.ARM.Collect$$rtentry$$0000000D))
<BR><BR>[Stack]<UL><LI>Max Depth = 264 + Unknown Stack Size
<LI>Call Chain = __rt_entry_main &rArr; main &rArr; rtthread_startup &rArr; rt_thread_idle_init &rArr; rt_thread_init &rArr; _rt_thread_init &rArr; rt_timer_init &rArr; rt_object_init &rArr; rt_exit_critical &rArr; rt_schedule &rArr; rt_schedule_remove_thread
</UL>
<BR>[Calls]<UL><LI><a href="#[76]">&gt;&gt;</a>&nbsp;&nbsp;&nbsp;main
<LI><a href="#[77]">&gt;&gt;</a>&nbsp;&nbsp;&nbsp;exit
</UL>

<P><STRONG><a name="[14c]"></a>__rt_entry_postli_1</STRONG> (Thumb, 0 bytes, Stack size unknown bytes, __rtentry2.o(.ARM.Collect$$rtentry$$0000000C))

<P><STRONG><a name="[7f]"></a>__rt_exit</STRONG> (Thumb, 0 bytes, Stack size unknown bytes, rtexit.o(.ARM.Collect$$rtexit$$00000000))
<BR><BR>[Called By]<UL><LI><a href="#[77]">&gt;&gt;</a>&nbsp;&nbsp;&nbsp;exit
</UL>

<P><STRONG><a name="[78]"></a>__rt_exit_ls</STRONG> (Thumb, 0 bytes, Stack size unknown bytes, rtexit2.o(.ARM.Collect$$rtexit$$00000003))
<BR><BR>[Calls]<UL><LI><a href="#[79]">&gt;&gt;</a>&nbsp;&nbsp;&nbsp;__rt_lib_shutdown
</UL>

<P><STRONG><a name="[14d]"></a>__rt_exit_prels_1</STRONG> (Thumb, 0 bytes, Stack size unknown bytes, rtexit2.o(.ARM.Collect$$rtexit$$00000002))

<P><STRONG><a name="[7a]"></a>__rt_exit_exit</STRONG> (Thumb, 0 bytes, Stack size unknown bytes, rtexit2.o(.ARM.Collect$$rtexit$$00000004))
<BR><BR>[Calls]<UL><LI><a href="#[7b]">&gt;&gt;</a>&nbsp;&nbsp;&nbsp;_sys_exit
</UL>

<P><STRONG><a name="[b5]"></a>__rt_ffs</STRONG> (Thumb, 16 bytes, Stack size 0 bytes, cpuport.o(.emb_text))
<BR><BR>[Called By]<UL><LI><a href="#[b4]">&gt;&gt;</a>&nbsp;&nbsp;&nbsp;_get_highest_priority_thread
</UL>

<P><STRONG><a name="[bd]"></a>rt_hw_interrupt_disable</STRONG> (Thumb, 8 bytes, Stack size 0 bytes, context_rvds.o(.text))
<BR><BR>[Called By]<UL><LI><a href="#[f5]">&gt;&gt;</a>&nbsp;&nbsp;&nbsp;rt_interrupt_get_nest
<LI><a href="#[83]">&gt;&gt;</a>&nbsp;&nbsp;&nbsp;rt_interrupt_leave
<LI><a href="#[81]">&gt;&gt;</a>&nbsp;&nbsp;&nbsp;rt_interrupt_enter
<LI><a href="#[dd]">&gt;&gt;</a>&nbsp;&nbsp;&nbsp;rt_timer_start
<LI><a href="#[db]">&gt;&gt;</a>&nbsp;&nbsp;&nbsp;rt_thread_suspend
<LI><a href="#[d6]">&gt;&gt;</a>&nbsp;&nbsp;&nbsp;rt_thread_resume
<LI><a href="#[d7]">&gt;&gt;</a>&nbsp;&nbsp;&nbsp;rt_schedule
<LI><a href="#[fa]">&gt;&gt;</a>&nbsp;&nbsp;&nbsp;rt_object_allocate
<LI><a href="#[e7]">&gt;&gt;</a>&nbsp;&nbsp;&nbsp;rt_sem_take
<LI><a href="#[e9]">&gt;&gt;</a>&nbsp;&nbsp;&nbsp;rt_sem_release
<LI><a href="#[fd]">&gt;&gt;</a>&nbsp;&nbsp;&nbsp;rt_object_delete
<LI><a href="#[111]">&gt;&gt;</a>&nbsp;&nbsp;&nbsp;rt_thread_idle_excute
<LI><a href="#[e5]">&gt;&gt;</a>&nbsp;&nbsp;&nbsp;rt_object_init
<LI><a href="#[ff]">&gt;&gt;</a>&nbsp;&nbsp;&nbsp;rt_object_detach
<LI><a href="#[e1]">&gt;&gt;</a>&nbsp;&nbsp;&nbsp;rt_exit_critical
<LI><a href="#[de]">&gt;&gt;</a>&nbsp;&nbsp;&nbsp;rt_enter_critical
<LI><a href="#[80]">&gt;&gt;</a>&nbsp;&nbsp;&nbsp;rtthread_startup
<LI><a href="#[11a]">&gt;&gt;</a>&nbsp;&nbsp;&nbsp;rt_timer_check
<LI><a href="#[f0]">&gt;&gt;</a>&nbsp;&nbsp;&nbsp;rt_hw_serial_isr
<LI><a href="#[63]">&gt;&gt;</a>&nbsp;&nbsp;&nbsp;stm32_pin_irq_enable
<LI><a href="#[62]">&gt;&gt;</a>&nbsp;&nbsp;&nbsp;stm32_pin_dettach_irq
<LI><a href="#[61]">&gt;&gt;</a>&nbsp;&nbsp;&nbsp;stm32_pin_attach_irq
<LI><a href="#[118]">&gt;&gt;</a>&nbsp;&nbsp;&nbsp;rt_timer_stop
<LI><a href="#[10e]">&gt;&gt;</a>&nbsp;&nbsp;&nbsp;rt_timer_detach
<LI><a href="#[116]">&gt;&gt;</a>&nbsp;&nbsp;&nbsp;rt_thread_sleep
<LI><a href="#[4e]">&gt;&gt;</a>&nbsp;&nbsp;&nbsp;rt_thread_exit
<LI><a href="#[101]">&gt;&gt;</a>&nbsp;&nbsp;&nbsp;rt_schedule_remove_thread
<LI><a href="#[100]">&gt;&gt;</a>&nbsp;&nbsp;&nbsp;rt_schedule_insert_thread
<LI><a href="#[d9]">&gt;&gt;</a>&nbsp;&nbsp;&nbsp;rt_completion_wait
<LI><a href="#[d8]">&gt;&gt;</a>&nbsp;&nbsp;&nbsp;rt_completion_init
<LI><a href="#[d5]">&gt;&gt;</a>&nbsp;&nbsp;&nbsp;rt_completion_done
<LI><a href="#[bc]">&gt;&gt;</a>&nbsp;&nbsp;&nbsp;_serial_int_rx
</UL>

<P><STRONG><a name="[be]"></a>rt_hw_interrupt_enable</STRONG> (Thumb, 6 bytes, Stack size 0 bytes, context_rvds.o(.text))
<BR><BR>[Called By]<UL><LI><a href="#[f5]">&gt;&gt;</a>&nbsp;&nbsp;&nbsp;rt_interrupt_get_nest
<LI><a href="#[83]">&gt;&gt;</a>&nbsp;&nbsp;&nbsp;rt_interrupt_leave
<LI><a href="#[81]">&gt;&gt;</a>&nbsp;&nbsp;&nbsp;rt_interrupt_enter
<LI><a href="#[dd]">&gt;&gt;</a>&nbsp;&nbsp;&nbsp;rt_timer_start
<LI><a href="#[db]">&gt;&gt;</a>&nbsp;&nbsp;&nbsp;rt_thread_suspend
<LI><a href="#[d6]">&gt;&gt;</a>&nbsp;&nbsp;&nbsp;rt_thread_resume
<LI><a href="#[d7]">&gt;&gt;</a>&nbsp;&nbsp;&nbsp;rt_schedule
<LI><a href="#[fa]">&gt;&gt;</a>&nbsp;&nbsp;&nbsp;rt_object_allocate
<LI><a href="#[e7]">&gt;&gt;</a>&nbsp;&nbsp;&nbsp;rt_sem_take
<LI><a href="#[e9]">&gt;&gt;</a>&nbsp;&nbsp;&nbsp;rt_sem_release
<LI><a href="#[fd]">&gt;&gt;</a>&nbsp;&nbsp;&nbsp;rt_object_delete
<LI><a href="#[111]">&gt;&gt;</a>&nbsp;&nbsp;&nbsp;rt_thread_idle_excute
<LI><a href="#[e5]">&gt;&gt;</a>&nbsp;&nbsp;&nbsp;rt_object_init
<LI><a href="#[ff]">&gt;&gt;</a>&nbsp;&nbsp;&nbsp;rt_object_detach
<LI><a href="#[e1]">&gt;&gt;</a>&nbsp;&nbsp;&nbsp;rt_exit_critical
<LI><a href="#[de]">&gt;&gt;</a>&nbsp;&nbsp;&nbsp;rt_enter_critical
<LI><a href="#[11a]">&gt;&gt;</a>&nbsp;&nbsp;&nbsp;rt_timer_check
<LI><a href="#[f0]">&gt;&gt;</a>&nbsp;&nbsp;&nbsp;rt_hw_serial_isr
<LI><a href="#[63]">&gt;&gt;</a>&nbsp;&nbsp;&nbsp;stm32_pin_irq_enable
<LI><a href="#[62]">&gt;&gt;</a>&nbsp;&nbsp;&nbsp;stm32_pin_dettach_irq
<LI><a href="#[61]">&gt;&gt;</a>&nbsp;&nbsp;&nbsp;stm32_pin_attach_irq
<LI><a href="#[118]">&gt;&gt;</a>&nbsp;&nbsp;&nbsp;rt_timer_stop
<LI><a href="#[10e]">&gt;&gt;</a>&nbsp;&nbsp;&nbsp;rt_timer_detach
<LI><a href="#[116]">&gt;&gt;</a>&nbsp;&nbsp;&nbsp;rt_thread_sleep
<LI><a href="#[4e]">&gt;&gt;</a>&nbsp;&nbsp;&nbsp;rt_thread_exit
<LI><a href="#[101]">&gt;&gt;</a>&nbsp;&nbsp;&nbsp;rt_schedule_remove_thread
<LI><a href="#[100]">&gt;&gt;</a>&nbsp;&nbsp;&nbsp;rt_schedule_insert_thread
<LI><a href="#[d9]">&gt;&gt;</a>&nbsp;&nbsp;&nbsp;rt_completion_wait
<LI><a href="#[d8]">&gt;&gt;</a>&nbsp;&nbsp;&nbsp;rt_completion_init
<LI><a href="#[d5]">&gt;&gt;</a>&nbsp;&nbsp;&nbsp;rt_completion_done
<LI><a href="#[bc]">&gt;&gt;</a>&nbsp;&nbsp;&nbsp;_serial_int_rx
</UL>

<P><STRONG><a name="[102]"></a>rt_hw_context_switch</STRONG> (Thumb, 32 bytes, Stack size 0 bytes, context_rvds.o(.text))
<BR><BR>[Called By]<UL><LI><a href="#[d7]">&gt;&gt;</a>&nbsp;&nbsp;&nbsp;rt_schedule
</UL>

<P><STRONG><a name="[103]"></a>rt_hw_context_switch_interrupt</STRONG> (Thumb, 0 bytes, Stack size 0 bytes, context_rvds.o(.text))
<BR><BR>[Called By]<UL><LI><a href="#[d7]">&gt;&gt;</a>&nbsp;&nbsp;&nbsp;rt_schedule
</UL>

<P><STRONG><a name="[b]"></a>PendSV_Handler</STRONG> (Thumb, 60 bytes, Stack size 0 bytes, context_rvds.o(.text))
<BR>[Address Reference Count : 1]<UL><LI> startup_stm32f103xe.o(RESET)
</UL>
<P><STRONG><a name="[10c]"></a>rt_hw_context_switch_to</STRONG> (Thumb, 58 bytes, Stack size 0 bytes, context_rvds.o(.text))
<BR><BR>[Called By]<UL><LI><a href="#[10b]">&gt;&gt;</a>&nbsp;&nbsp;&nbsp;rt_system_scheduler_start
</UL>

<P><STRONG><a name="[14e]"></a>rt_hw_interrupt_thread_switch</STRONG> (Thumb, 2 bytes, Stack size 0 bytes, context_rvds.o(.text), UNUSED)

<P><STRONG><a name="[5]"></a>HardFault_Handler</STRONG> (Thumb, 52 bytes, Stack size 0 bytes, context_rvds.o(.text))
<BR><BR>[Stack]<UL><LI>Max Depth = 16<LI>Call Chain = HardFault_Handler &rArr; rt_hw_hard_fault_exception
</UL>
<BR>[Calls]<UL><LI><a href="#[7c]">&gt;&gt;</a>&nbsp;&nbsp;&nbsp;rt_hw_hard_fault_exception
</UL>
<BR>[Address Reference Count : 1]<UL><LI> startup_stm32f103xe.o(RESET)
</UL>
<P><STRONG><a name="[3]"></a>Reset_Handler</STRONG> (Thumb, 8 bytes, Stack size 0 bytes, startup_stm32f103xe.o(.text))
<BR>[Address Reference Count : 1]<UL><LI> startup_stm32f103xe.o(RESET)
</UL>
<P><STRONG><a name="[4]"></a>NMI_Handler</STRONG> (Thumb, 2 bytes, Stack size 0 bytes, startup_stm32f103xe.o(.text))
<BR><BR>[Calls]<UL><LI><a href="#[4]">&gt;&gt;</a>&nbsp;&nbsp;&nbsp;NMI_Handler
</UL>
<BR>[Called By]<UL><LI><a href="#[4]">&gt;&gt;</a>&nbsp;&nbsp;&nbsp;NMI_Handler
</UL>
<BR>[Address Reference Count : 1]<UL><LI> startup_stm32f103xe.o(RESET)
</UL>
<P><STRONG><a name="[6]"></a>MemManage_Handler</STRONG> (Thumb, 2 bytes, Stack size 0 bytes, startup_stm32f103xe.o(.text))
<BR><BR>[Calls]<UL><LI><a href="#[6]">&gt;&gt;</a>&nbsp;&nbsp;&nbsp;MemManage_Handler
</UL>
<BR>[Called By]<UL><LI><a href="#[6]">&gt;&gt;</a>&nbsp;&nbsp;&nbsp;MemManage_Handler
</UL>
<BR>[Address Reference Count : 1]<UL><LI> startup_stm32f103xe.o(RESET)
</UL>
<P><STRONG><a name="[7]"></a>BusFault_Handler</STRONG> (Thumb, 2 bytes, Stack size 0 bytes, startup_stm32f103xe.o(.text))
<BR><BR>[Calls]<UL><LI><a href="#[7]">&gt;&gt;</a>&nbsp;&nbsp;&nbsp;BusFault_Handler
</UL>
<BR>[Called By]<UL><LI><a href="#[7]">&gt;&gt;</a>&nbsp;&nbsp;&nbsp;BusFault_Handler
</UL>
<BR>[Address Reference Count : 1]<UL><LI> startup_stm32f103xe.o(RESET)
</UL>
<P><STRONG><a name="[8]"></a>UsageFault_Handler</STRONG> (Thumb, 2 bytes, Stack size 0 bytes, startup_stm32f103xe.o(.text))
<BR><BR>[Calls]<UL><LI><a href="#[8]">&gt;&gt;</a>&nbsp;&nbsp;&nbsp;UsageFault_Handler
</UL>
<BR>[Called By]<UL><LI><a href="#[8]">&gt;&gt;</a>&nbsp;&nbsp;&nbsp;UsageFault_Handler
</UL>
<BR>[Address Reference Count : 1]<UL><LI> startup_stm32f103xe.o(RESET)
</UL>
<P><STRONG><a name="[9]"></a>SVC_Handler</STRONG> (Thumb, 2 bytes, Stack size 0 bytes, startup_stm32f103xe.o(.text))
<BR><BR>[Calls]<UL><LI><a href="#[9]">&gt;&gt;</a>&nbsp;&nbsp;&nbsp;SVC_Handler
</UL>
<BR>[Called By]<UL><LI><a href="#[9]">&gt;&gt;</a>&nbsp;&nbsp;&nbsp;SVC_Handler
</UL>
<BR>[Address Reference Count : 1]<UL><LI> startup_stm32f103xe.o(RESET)
</UL>
<P><STRONG><a name="[a]"></a>DebugMon_Handler</STRONG> (Thumb, 2 bytes, Stack size 0 bytes, startup_stm32f103xe.o(.text))
<BR><BR>[Calls]<UL><LI><a href="#[a]">&gt;&gt;</a>&nbsp;&nbsp;&nbsp;DebugMon_Handler
</UL>
<BR>[Called By]<UL><LI><a href="#[a]">&gt;&gt;</a>&nbsp;&nbsp;&nbsp;DebugMon_Handler
</UL>
<BR>[Address Reference Count : 1]<UL><LI> startup_stm32f103xe.o(RESET)
</UL>
<P><STRONG><a name="[1f]"></a>ADC1_2_IRQHandler</STRONG> (Thumb, 0 bytes, Stack size 0 bytes, startup_stm32f103xe.o(.text))
<BR><BR>[Calls]<UL><LI><a href="#[1f]">&gt;&gt;</a>&nbsp;&nbsp;&nbsp;ADC1_2_IRQHandler
</UL>
<BR>[Called By]<UL><LI><a href="#[1f]">&gt;&gt;</a>&nbsp;&nbsp;&nbsp;ADC1_2_IRQHandler
</UL>
<BR>[Address Reference Count : 1]<UL><LI> startup_stm32f103xe.o(RESET)
</UL>
<P><STRONG><a name="[3c]"></a>ADC3_IRQHandler</STRONG> (Thumb, 0 bytes, Stack size 0 bytes, startup_stm32f103xe.o(.text))
<BR>[Address Reference Count : 1]<UL><LI> startup_stm32f103xe.o(RESET)
</UL>
<P><STRONG><a name="[22]"></a>CAN1_RX1_IRQHandler</STRONG> (Thumb, 0 bytes, Stack size 0 bytes, startup_stm32f103xe.o(.text))
<BR>[Address Reference Count : 1]<UL><LI> startup_stm32f103xe.o(RESET)
</UL>
<P><STRONG><a name="[23]"></a>CAN1_SCE_IRQHandler</STRONG> (Thumb, 0 bytes, Stack size 0 bytes, startup_stm32f103xe.o(.text))
<BR>[Address Reference Count : 1]<UL><LI> startup_stm32f103xe.o(RESET)
</UL>
<P><STRONG><a name="[18]"></a>DMA1_Channel1_IRQHandler</STRONG> (Thumb, 0 bytes, Stack size 0 bytes, startup_stm32f103xe.o(.text))
<BR>[Address Reference Count : 1]<UL><LI> startup_stm32f103xe.o(RESET)
</UL>
<P><STRONG><a name="[19]"></a>DMA1_Channel2_IRQHandler</STRONG> (Thumb, 0 bytes, Stack size 0 bytes, startup_stm32f103xe.o(.text))
<BR>[Address Reference Count : 1]<UL><LI> startup_stm32f103xe.o(RESET)
</UL>
<P><STRONG><a name="[1a]"></a>DMA1_Channel3_IRQHandler</STRONG> (Thumb, 0 bytes, Stack size 0 bytes, startup_stm32f103xe.o(.text))
<BR>[Address Reference Count : 1]<UL><LI> startup_stm32f103xe.o(RESET)
</UL>
<P><STRONG><a name="[1b]"></a>DMA1_Channel4_IRQHandler</STRONG> (Thumb, 0 bytes, Stack size 0 bytes, startup_stm32f103xe.o(.text))
<BR>[Address Reference Count : 1]<UL><LI> startup_stm32f103xe.o(RESET)
</UL>
<P><STRONG><a name="[1c]"></a>DMA1_Channel5_IRQHandler</STRONG> (Thumb, 0 bytes, Stack size 0 bytes, startup_stm32f103xe.o(.text))
<BR>[Address Reference Count : 1]<UL><LI> startup_stm32f103xe.o(RESET)
</UL>
<P><STRONG><a name="[1d]"></a>DMA1_Channel6_IRQHandler</STRONG> (Thumb, 0 bytes, Stack size 0 bytes, startup_stm32f103xe.o(.text))
<BR>[Address Reference Count : 1]<UL><LI> startup_stm32f103xe.o(RESET)
</UL>
<P><STRONG><a name="[1e]"></a>DMA1_Channel7_IRQHandler</STRONG> (Thumb, 0 bytes, Stack size 0 bytes, startup_stm32f103xe.o(.text))
<BR>[Address Reference Count : 1]<UL><LI> startup_stm32f103xe.o(RESET)
</UL>
<P><STRONG><a name="[45]"></a>DMA2_Channel1_IRQHandler</STRONG> (Thumb, 0 bytes, Stack size 0 bytes, startup_stm32f103xe.o(.text))
<BR>[Address Reference Count : 1]<UL><LI> startup_stm32f103xe.o(RESET)
</UL>
<P><STRONG><a name="[46]"></a>DMA2_Channel2_IRQHandler</STRONG> (Thumb, 0 bytes, Stack size 0 bytes, startup_stm32f103xe.o(.text))
<BR>[Address Reference Count : 1]<UL><LI> startup_stm32f103xe.o(RESET)
</UL>
<P><STRONG><a name="[47]"></a>DMA2_Channel3_IRQHandler</STRONG> (Thumb, 0 bytes, Stack size 0 bytes, startup_stm32f103xe.o(.text))
<BR>[Address Reference Count : 1]<UL><LI> startup_stm32f103xe.o(RESET)
</UL>
<P><STRONG><a name="[48]"></a>DMA2_Channel4_5_IRQHandler</STRONG> (Thumb, 0 bytes, Stack size 0 bytes, startup_stm32f103xe.o(.text))
<BR>[Address Reference Count : 1]<UL><LI> startup_stm32f103xe.o(RESET)
</UL>
<P><STRONG><a name="[11]"></a>FLASH_IRQHandler</STRONG> (Thumb, 0 bytes, Stack size 0 bytes, startup_stm32f103xe.o(.text))
<BR>[Address Reference Count : 1]<UL><LI> startup_stm32f103xe.o(RESET)
</UL>
<P><STRONG><a name="[3d]"></a>FSMC_IRQHandler</STRONG> (Thumb, 0 bytes, Stack size 0 bytes, startup_stm32f103xe.o(.text))
<BR>[Address Reference Count : 1]<UL><LI> startup_stm32f103xe.o(RESET)
</UL>
<P><STRONG><a name="[2d]"></a>I2C1_ER_IRQHandler</STRONG> (Thumb, 0 bytes, Stack size 0 bytes, startup_stm32f103xe.o(.text))
<BR>[Address Reference Count : 1]<UL><LI> startup_stm32f103xe.o(RESET)
</UL>
<P><STRONG><a name="[2c]"></a>I2C1_EV_IRQHandler</STRONG> (Thumb, 0 bytes, Stack size 0 bytes, startup_stm32f103xe.o(.text))
<BR>[Address Reference Count : 1]<UL><LI> startup_stm32f103xe.o(RESET)
</UL>
<P><STRONG><a name="[2f]"></a>I2C2_ER_IRQHandler</STRONG> (Thumb, 0 bytes, Stack size 0 bytes, startup_stm32f103xe.o(.text))
<BR>[Address Reference Count : 1]<UL><LI> startup_stm32f103xe.o(RESET)
</UL>
<P><STRONG><a name="[2e]"></a>I2C2_EV_IRQHandler</STRONG> (Thumb, 0 bytes, Stack size 0 bytes, startup_stm32f103xe.o(.text))
<BR>[Address Reference Count : 1]<UL><LI> startup_stm32f103xe.o(RESET)
</UL>
<P><STRONG><a name="[e]"></a>PVD_IRQHandler</STRONG> (Thumb, 0 bytes, Stack size 0 bytes, startup_stm32f103xe.o(.text))
<BR>[Address Reference Count : 1]<UL><LI> startup_stm32f103xe.o(RESET)
</UL>
<P><STRONG><a name="[12]"></a>RCC_IRQHandler</STRONG> (Thumb, 0 bytes, Stack size 0 bytes, startup_stm32f103xe.o(.text))
<BR>[Address Reference Count : 1]<UL><LI> startup_stm32f103xe.o(RESET)
</UL>
<P><STRONG><a name="[36]"></a>RTC_Alarm_IRQHandler</STRONG> (Thumb, 0 bytes, Stack size 0 bytes, startup_stm32f103xe.o(.text))
<BR>[Address Reference Count : 1]<UL><LI> startup_stm32f103xe.o(RESET)
</UL>
<P><STRONG><a name="[10]"></a>RTC_IRQHandler</STRONG> (Thumb, 0 bytes, Stack size 0 bytes, startup_stm32f103xe.o(.text))
<BR>[Address Reference Count : 1]<UL><LI> startup_stm32f103xe.o(RESET)
</UL>
<P><STRONG><a name="[3e]"></a>SDIO_IRQHandler</STRONG> (Thumb, 0 bytes, Stack size 0 bytes, startup_stm32f103xe.o(.text))
<BR>[Address Reference Count : 1]<UL><LI> startup_stm32f103xe.o(RESET)
</UL>
<P><STRONG><a name="[30]"></a>SPI1_IRQHandler</STRONG> (Thumb, 0 bytes, Stack size 0 bytes, startup_stm32f103xe.o(.text))
<BR>[Address Reference Count : 1]<UL><LI> startup_stm32f103xe.o(RESET)
</UL>
<P><STRONG><a name="[31]"></a>SPI2_IRQHandler</STRONG> (Thumb, 0 bytes, Stack size 0 bytes, startup_stm32f103xe.o(.text))
<BR>[Address Reference Count : 1]<UL><LI> startup_stm32f103xe.o(RESET)
</UL>
<P><STRONG><a name="[40]"></a>SPI3_IRQHandler</STRONG> (Thumb, 0 bytes, Stack size 0 bytes, startup_stm32f103xe.o(.text))
<BR>[Address Reference Count : 1]<UL><LI> startup_stm32f103xe.o(RESET)
</UL>
<P><STRONG><a name="[f]"></a>TAMPER_IRQHandler</STRONG> (Thumb, 0 bytes, Stack size 0 bytes, startup_stm32f103xe.o(.text))
<BR>[Address Reference Count : 1]<UL><LI> startup_stm32f103xe.o(RESET)
</UL>
<P><STRONG><a name="[25]"></a>TIM1_BRK_IRQHandler</STRONG> (Thumb, 0 bytes, Stack size 0 bytes, startup_stm32f103xe.o(.text))
<BR>[Address Reference Count : 1]<UL><LI> startup_stm32f103xe.o(RESET)
</UL>
<P><STRONG><a name="[28]"></a>TIM1_CC_IRQHandler</STRONG> (Thumb, 0 bytes, Stack size 0 bytes, startup_stm32f103xe.o(.text))
<BR>[Address Reference Count : 1]<UL><LI> startup_stm32f103xe.o(RESET)
</UL>
<P><STRONG><a name="[27]"></a>TIM1_TRG_COM_IRQHandler</STRONG> (Thumb, 0 bytes, Stack size 0 bytes, startup_stm32f103xe.o(.text))
<BR>[Address Reference Count : 1]<UL><LI> startup_stm32f103xe.o(RESET)
</UL>
<P><STRONG><a name="[26]"></a>TIM1_UP_IRQHandler</STRONG> (Thumb, 0 bytes, Stack size 0 bytes, startup_stm32f103xe.o(.text))
<BR>[Address Reference Count : 1]<UL><LI> startup_stm32f103xe.o(RESET)
</UL>
<P><STRONG><a name="[29]"></a>TIM2_IRQHandler</STRONG> (Thumb, 0 bytes, Stack size 0 bytes, startup_stm32f103xe.o(.text))
<BR>[Address Reference Count : 1]<UL><LI> startup_stm32f103xe.o(RESET)
</UL>
<P><STRONG><a name="[2a]"></a>TIM3_IRQHandler</STRONG> (Thumb, 0 bytes, Stack size 0 bytes, startup_stm32f103xe.o(.text))
<BR>[Address Reference Count : 1]<UL><LI> startup_stm32f103xe.o(RESET)
</UL>
<P><STRONG><a name="[2b]"></a>TIM4_IRQHandler</STRONG> (Thumb, 0 bytes, Stack size 0 bytes, startup_stm32f103xe.o(.text))
<BR>[Address Reference Count : 1]<UL><LI> startup_stm32f103xe.o(RESET)
</UL>
<P><STRONG><a name="[3f]"></a>TIM5_IRQHandler</STRONG> (Thumb, 0 bytes, Stack size 0 bytes, startup_stm32f103xe.o(.text))
<BR>[Address Reference Count : 1]<UL><LI> startup_stm32f103xe.o(RESET)
</UL>
<P><STRONG><a name="[43]"></a>TIM6_IRQHandler</STRONG> (Thumb, 0 bytes, Stack size 0 bytes, startup_stm32f103xe.o(.text))
<BR>[Address Reference Count : 1]<UL><LI> startup_stm32f103xe.o(RESET)
</UL>
<P><STRONG><a name="[44]"></a>TIM7_IRQHandler</STRONG> (Thumb, 0 bytes, Stack size 0 bytes, startup_stm32f103xe.o(.text))
<BR>[Address Reference Count : 1]<UL><LI> startup_stm32f103xe.o(RESET)
</UL>
<P><STRONG><a name="[38]"></a>TIM8_BRK_IRQHandler</STRONG> (Thumb, 0 bytes, Stack size 0 bytes, startup_stm32f103xe.o(.text))
<BR>[Address Reference Count : 1]<UL><LI> startup_stm32f103xe.o(RESET)
</UL>
<P><STRONG><a name="[3b]"></a>TIM8_CC_IRQHandler</STRONG> (Thumb, 0 bytes, Stack size 0 bytes, startup_stm32f103xe.o(.text))
<BR>[Address Reference Count : 1]<UL><LI> startup_stm32f103xe.o(RESET)
</UL>
<P><STRONG><a name="[3a]"></a>TIM8_TRG_COM_IRQHandler</STRONG> (Thumb, 0 bytes, Stack size 0 bytes, startup_stm32f103xe.o(.text))
<BR>[Address Reference Count : 1]<UL><LI> startup_stm32f103xe.o(RESET)
</UL>
<P><STRONG><a name="[39]"></a>TIM8_UP_IRQHandler</STRONG> (Thumb, 0 bytes, Stack size 0 bytes, startup_stm32f103xe.o(.text))
<BR>[Address Reference Count : 1]<UL><LI> startup_stm32f103xe.o(RESET)
</UL>
<P><STRONG><a name="[41]"></a>UART4_IRQHandler</STRONG> (Thumb, 0 bytes, Stack size 0 bytes, startup_stm32f103xe.o(.text))
<BR>[Address Reference Count : 1]<UL><LI> startup_stm32f103xe.o(RESET)
</UL>
<P><STRONG><a name="[42]"></a>UART5_IRQHandler</STRONG> (Thumb, 0 bytes, Stack size 0 bytes, startup_stm32f103xe.o(.text))
<BR>[Address Reference Count : 1]<UL><LI> startup_stm32f103xe.o(RESET)
</UL>
<P><STRONG><a name="[33]"></a>USART2_IRQHandler</STRONG> (Thumb, 0 bytes, Stack size 0 bytes, startup_stm32f103xe.o(.text))
<BR>[Address Reference Count : 1]<UL><LI> startup_stm32f103xe.o(RESET)
</UL>
<P><STRONG><a name="[34]"></a>USART3_IRQHandler</STRONG> (Thumb, 0 bytes, Stack size 0 bytes, startup_stm32f103xe.o(.text))
<BR>[Address Reference Count : 1]<UL><LI> startup_stm32f103xe.o(RESET)
</UL>
<P><STRONG><a name="[37]"></a>USBWakeUp_IRQHandler</STRONG> (Thumb, 0 bytes, Stack size 0 bytes, startup_stm32f103xe.o(.text))
<BR>[Address Reference Count : 1]<UL><LI> startup_stm32f103xe.o(RESET)
</UL>
<P><STRONG><a name="[20]"></a>USB_HP_CAN1_TX_IRQHandler</STRONG> (Thumb, 0 bytes, Stack size 0 bytes, startup_stm32f103xe.o(.text))
<BR>[Address Reference Count : 1]<UL><LI> startup_stm32f103xe.o(RESET)
</UL>
<P><STRONG><a name="[21]"></a>USB_LP_CAN1_RX0_IRQHandler</STRONG> (Thumb, 0 bytes, Stack size 0 bytes, startup_stm32f103xe.o(.text))
<BR>[Address Reference Count : 1]<UL><LI> startup_stm32f103xe.o(RESET)
</UL>
<P><STRONG><a name="[d]"></a>WWDG_IRQHandler</STRONG> (Thumb, 0 bytes, Stack size 0 bytes, startup_stm32f103xe.o(.text))
<BR>[Address Reference Count : 1]<UL><LI> startup_stm32f103xe.o(RESET)
</UL>
<P><STRONG><a name="[7e]"></a>__user_initial_stackheap</STRONG> (Thumb, 0 bytes, Stack size unknown bytes, startup_stm32f103xe.o(.text))
<BR><BR>[Called By]<UL><LI><a href="#[72]">&gt;&gt;</a>&nbsp;&nbsp;&nbsp;__user_setup_stackheap
</UL>

<P><STRONG><a name="[8d]"></a>__aeabi_llsr</STRONG> (Thumb, 0 bytes, Stack size 0 bytes, llushr.o(.text))
<BR><BR>[Called By]<UL><LI><a href="#[8c]">&gt;&gt;</a>&nbsp;&nbsp;&nbsp;HAL_FLASH_Program
</UL>

<P><STRONG><a name="[14f]"></a>_ll_ushift_r</STRONG> (Thumb, 38 bytes, Stack size 0 bytes, llushr.o(.text), UNUSED)

<P><STRONG><a name="[ac]"></a>__aeabi_memclr4</STRONG> (Thumb, 0 bytes, Stack size 4 bytes, rt_memclr_w.o(.text))
<BR><BR>[Stack]<UL><LI>Max Depth = 4<LI>Call Chain = __aeabi_memclr4
</UL>
<BR>[Called By]<UL><LI><a href="#[ab]">&gt;&gt;</a>&nbsp;&nbsp;&nbsp;SystemClock_Config
</UL>

<P><STRONG><a name="[150]"></a>__aeabi_memclr8</STRONG> (Thumb, 0 bytes, Stack size 4 bytes, rt_memclr_w.o(.text), UNUSED)

<P><STRONG><a name="[151]"></a>__rt_memclr_w</STRONG> (Thumb, 78 bytes, Stack size 4 bytes, rt_memclr_w.o(.text), UNUSED)

<P><STRONG><a name="[152]"></a>_memset_w</STRONG> (Thumb, 0 bytes, Stack size unknown bytes, rt_memclr_w.o(.text), UNUSED)

<P><STRONG><a name="[153]"></a>__use_two_region_memory</STRONG> (Thumb, 2 bytes, Stack size 0 bytes, heapauxi.o(.text), UNUSED)

<P><STRONG><a name="[154]"></a>__rt_heap_escrow$2region</STRONG> (Thumb, 2 bytes, Stack size 0 bytes, heapauxi.o(.text), UNUSED)

<P><STRONG><a name="[155]"></a>__rt_heap_expand$2region</STRONG> (Thumb, 2 bytes, Stack size 0 bytes, heapauxi.o(.text), UNUSED)

<P><STRONG><a name="[72]"></a>__user_setup_stackheap</STRONG> (Thumb, 74 bytes, Stack size 8 bytes, sys_stackheap_outer.o(.text))
<BR><BR>[Stack]<UL><LI>Max Depth = 8 + Unknown Stack Size
<LI>Call Chain = __user_setup_stackheap
</UL>
<BR>[Calls]<UL><LI><a href="#[7e]">&gt;&gt;</a>&nbsp;&nbsp;&nbsp;__user_initial_stackheap
<LI><a href="#[7d]">&gt;&gt;</a>&nbsp;&nbsp;&nbsp;__user_perproc_libspace
</UL>
<BR>[Called By]<UL><LI><a href="#[71]">&gt;&gt;</a>&nbsp;&nbsp;&nbsp;__rt_entry_sh
</UL>

<P><STRONG><a name="[77]"></a>exit</STRONG> (Thumb, 18 bytes, Stack size 8 bytes, exit.o(.text))
<BR><BR>[Stack]<UL><LI>Max Depth = 8 + Unknown Stack Size
<LI>Call Chain = exit
</UL>
<BR>[Calls]<UL><LI><a href="#[7f]">&gt;&gt;</a>&nbsp;&nbsp;&nbsp;__rt_exit
</UL>
<BR>[Called By]<UL><LI><a href="#[75]">&gt;&gt;</a>&nbsp;&nbsp;&nbsp;__rt_entry_main
</UL>

<P><STRONG><a name="[156]"></a>__user_libspace</STRONG> (Thumb, 8 bytes, Stack size 0 bytes, libspace.o(.text), UNUSED)

<P><STRONG><a name="[7d]"></a>__user_perproc_libspace</STRONG> (Thumb, 0 bytes, Stack size 0 bytes, libspace.o(.text))
<BR><BR>[Called By]<UL><LI><a href="#[72]">&gt;&gt;</a>&nbsp;&nbsp;&nbsp;__user_setup_stackheap
</UL>

<P><STRONG><a name="[157]"></a>__user_perthread_libspace</STRONG> (Thumb, 0 bytes, Stack size 0 bytes, libspace.o(.text), UNUSED)

<P><STRONG><a name="[7b]"></a>_sys_exit</STRONG> (Thumb, 8 bytes, Stack size 0 bytes, sys_exit.o(.text))
<BR><BR>[Called By]<UL><LI><a href="#[7a]">&gt;&gt;</a>&nbsp;&nbsp;&nbsp;__rt_exit_exit
</UL>

<P><STRONG><a name="[158]"></a>__I$use$semihosting</STRONG> (Thumb, 0 bytes, Stack size 0 bytes, use_no_semi.o(.text), UNUSED)

<P><STRONG><a name="[159]"></a>__use_no_semihosting_swi</STRONG> (Thumb, 2 bytes, Stack size 0 bytes, use_no_semi.o(.text), UNUSED)

<P><STRONG><a name="[15a]"></a>__semihosting_library_function</STRONG> (Thumb, 0 bytes, Stack size 8 bytes, indicate_semi.o(.text), UNUSED)

<P><STRONG><a name="[76]"></a>main</STRONG> (Thumb, 10 bytes, Stack size 8 bytes, components.o(i.$Sub$$main))
<BR><BR>[Stack]<UL><LI>Max Depth = 264<LI>Call Chain = main &rArr; rtthread_startup &rArr; rt_thread_idle_init &rArr; rt_thread_init &rArr; _rt_thread_init &rArr; rt_timer_init &rArr; rt_object_init &rArr; rt_exit_critical &rArr; rt_schedule &rArr; rt_schedule_remove_thread
</UL>
<BR>[Calls]<UL><LI><a href="#[80]">&gt;&gt;</a>&nbsp;&nbsp;&nbsp;rtthread_startup
</UL>
<BR>[Called By]<UL><LI><a href="#[75]">&gt;&gt;</a>&nbsp;&nbsp;&nbsp;__rt_entry_main
</UL>

<P><STRONG><a name="[13]"></a>EXTI0_IRQHandler</STRONG> (Thumb, 18 bytes, Stack size 8 bytes, drv_gpio.o(i.EXTI0_IRQHandler))
<BR><BR>[Stack]<UL><LI>Max Depth = 32<LI>Call Chain = EXTI0_IRQHandler &rArr; HAL_GPIO_EXTI_IRQHandler &rArr; HAL_GPIO_EXTI_Callback
</UL>
<BR>[Calls]<UL><LI><a href="#[83]">&gt;&gt;</a>&nbsp;&nbsp;&nbsp;rt_interrupt_leave
<LI><a href="#[81]">&gt;&gt;</a>&nbsp;&nbsp;&nbsp;rt_interrupt_enter
<LI><a href="#[82]">&gt;&gt;</a>&nbsp;&nbsp;&nbsp;HAL_GPIO_EXTI_IRQHandler
</UL>
<BR>[Address Reference Count : 1]<UL><LI> startup_stm32f103xe.o(RESET)
</UL>
<P><STRONG><a name="[35]"></a>EXTI15_10_IRQHandler</STRONG> (Thumb, 60 bytes, Stack size 8 bytes, drv_gpio.o(i.EXTI15_10_IRQHandler))
<BR><BR>[Stack]<UL><LI>Max Depth = 32<LI>Call Chain = EXTI15_10_IRQHandler &rArr; HAL_GPIO_EXTI_IRQHandler &rArr; HAL_GPIO_EXTI_Callback
</UL>
<BR>[Calls]<UL><LI><a href="#[83]">&gt;&gt;</a>&nbsp;&nbsp;&nbsp;rt_interrupt_leave
<LI><a href="#[81]">&gt;&gt;</a>&nbsp;&nbsp;&nbsp;rt_interrupt_enter
<LI><a href="#[82]">&gt;&gt;</a>&nbsp;&nbsp;&nbsp;HAL_GPIO_EXTI_IRQHandler
</UL>
<BR>[Address Reference Count : 1]<UL><LI> startup_stm32f103xe.o(RESET)
</UL>
<P><STRONG><a name="[14]"></a>EXTI1_IRQHandler</STRONG> (Thumb, 18 bytes, Stack size 8 bytes, drv_gpio.o(i.EXTI1_IRQHandler))
<BR><BR>[Stack]<UL><LI>Max Depth = 32<LI>Call Chain = EXTI1_IRQHandler &rArr; HAL_GPIO_EXTI_IRQHandler &rArr; HAL_GPIO_EXTI_Callback
</UL>
<BR>[Calls]<UL><LI><a href="#[83]">&gt;&gt;</a>&nbsp;&nbsp;&nbsp;rt_interrupt_leave
<LI><a href="#[81]">&gt;&gt;</a>&nbsp;&nbsp;&nbsp;rt_interrupt_enter
<LI><a href="#[82]">&gt;&gt;</a>&nbsp;&nbsp;&nbsp;HAL_GPIO_EXTI_IRQHandler
</UL>
<BR>[Address Reference Count : 1]<UL><LI> startup_stm32f103xe.o(RESET)
</UL>
<P><STRONG><a name="[15]"></a>EXTI2_IRQHandler</STRONG> (Thumb, 18 bytes, Stack size 8 bytes, drv_gpio.o(i.EXTI2_IRQHandler))
<BR><BR>[Stack]<UL><LI>Max Depth = 32<LI>Call Chain = EXTI2_IRQHandler &rArr; HAL_GPIO_EXTI_IRQHandler &rArr; HAL_GPIO_EXTI_Callback
</UL>
<BR>[Calls]<UL><LI><a href="#[83]">&gt;&gt;</a>&nbsp;&nbsp;&nbsp;rt_interrupt_leave
<LI><a href="#[81]">&gt;&gt;</a>&nbsp;&nbsp;&nbsp;rt_interrupt_enter
<LI><a href="#[82]">&gt;&gt;</a>&nbsp;&nbsp;&nbsp;HAL_GPIO_EXTI_IRQHandler
</UL>
<BR>[Address Reference Count : 1]<UL><LI> startup_stm32f103xe.o(RESET)
</UL>
<P><STRONG><a name="[16]"></a>EXTI3_IRQHandler</STRONG> (Thumb, 18 bytes, Stack size 8 bytes, drv_gpio.o(i.EXTI3_IRQHandler))
<BR><BR>[Stack]<UL><LI>Max Depth = 32<LI>Call Chain = EXTI3_IRQHandler &rArr; HAL_GPIO_EXTI_IRQHandler &rArr; HAL_GPIO_EXTI_Callback
</UL>
<BR>[Calls]<UL><LI><a href="#[83]">&gt;&gt;</a>&nbsp;&nbsp;&nbsp;rt_interrupt_leave
<LI><a href="#[81]">&gt;&gt;</a>&nbsp;&nbsp;&nbsp;rt_interrupt_enter
<LI><a href="#[82]">&gt;&gt;</a>&nbsp;&nbsp;&nbsp;HAL_GPIO_EXTI_IRQHandler
</UL>
<BR>[Address Reference Count : 1]<UL><LI> startup_stm32f103xe.o(RESET)
</UL>
<P><STRONG><a name="[17]"></a>EXTI4_IRQHandler</STRONG> (Thumb, 18 bytes, Stack size 8 bytes, drv_gpio.o(i.EXTI4_IRQHandler))
<BR><BR>[Stack]<UL><LI>Max Depth = 32<LI>Call Chain = EXTI4_IRQHandler &rArr; HAL_GPIO_EXTI_IRQHandler &rArr; HAL_GPIO_EXTI_Callback
</UL>
<BR>[Calls]<UL><LI><a href="#[83]">&gt;&gt;</a>&nbsp;&nbsp;&nbsp;rt_interrupt_leave
<LI><a href="#[81]">&gt;&gt;</a>&nbsp;&nbsp;&nbsp;rt_interrupt_enter
<LI><a href="#[82]">&gt;&gt;</a>&nbsp;&nbsp;&nbsp;HAL_GPIO_EXTI_IRQHandler
</UL>
<BR>[Address Reference Count : 1]<UL><LI> startup_stm32f103xe.o(RESET)
</UL>
<P><STRONG><a name="[24]"></a>EXTI9_5_IRQHandler</STRONG> (Thumb, 46 bytes, Stack size 8 bytes, drv_gpio.o(i.EXTI9_5_IRQHandler))
<BR><BR>[Stack]<UL><LI>Max Depth = 32<LI>Call Chain = EXTI9_5_IRQHandler &rArr; HAL_GPIO_EXTI_IRQHandler &rArr; HAL_GPIO_EXTI_Callback
</UL>
<BR>[Calls]<UL><LI><a href="#[83]">&gt;&gt;</a>&nbsp;&nbsp;&nbsp;rt_interrupt_leave
<LI><a href="#[81]">&gt;&gt;</a>&nbsp;&nbsp;&nbsp;rt_interrupt_enter
<LI><a href="#[82]">&gt;&gt;</a>&nbsp;&nbsp;&nbsp;HAL_GPIO_EXTI_IRQHandler
</UL>
<BR>[Address Reference Count : 1]<UL><LI> startup_stm32f103xe.o(RESET)
</UL>
<P><STRONG><a name="[8b]"></a>FLASH_PageErase</STRONG> (Thumb, 32 bytes, Stack size 0 bytes, stm32f1xx_hal_flash_ex.o(i.FLASH_PageErase))
<BR><BR>[Called By]<UL><LI><a href="#[89]">&gt;&gt;</a>&nbsp;&nbsp;&nbsp;HAL_FLASHEx_Erase
</UL>

<P><STRONG><a name="[84]"></a>FLASH_WaitForLastOperation</STRONG> (Thumb, 106 bytes, Stack size 16 bytes, stm32f1xx_hal_flash.o(i.FLASH_WaitForLastOperation))
<BR><BR>[Stack]<UL><LI>Max Depth = 24<LI>Call Chain = FLASH_WaitForLastOperation &rArr; HAL_GetTick
</UL>
<BR>[Calls]<UL><LI><a href="#[85]">&gt;&gt;</a>&nbsp;&nbsp;&nbsp;HAL_GetTick
<LI><a href="#[86]">&gt;&gt;</a>&nbsp;&nbsp;&nbsp;FLASH_SetErrorCode
</UL>
<BR>[Called By]<UL><LI><a href="#[8c]">&gt;&gt;</a>&nbsp;&nbsp;&nbsp;HAL_FLASH_Program
<LI><a href="#[89]">&gt;&gt;</a>&nbsp;&nbsp;&nbsp;HAL_FLASHEx_Erase
</UL>

<P><STRONG><a name="[87]"></a>HAL_DMA_Start_IT</STRONG> (Thumb, 156 bytes, Stack size 24 bytes, stm32f1xx_hal_dma.o(i.HAL_DMA_Start_IT))
<BR><BR>[Stack]<UL><LI>Max Depth = 36<LI>Call Chain = HAL_DMA_Start_IT &rArr; DMA_SetConfig
</UL>
<BR>[Calls]<UL><LI><a href="#[88]">&gt;&gt;</a>&nbsp;&nbsp;&nbsp;DMA_SetConfig
</UL>
<BR>[Called By]<UL><LI><a href="#[a5]">&gt;&gt;</a>&nbsp;&nbsp;&nbsp;HAL_UART_Transmit_DMA
</UL>

<P><STRONG><a name="[89]"></a>HAL_FLASHEx_Erase</STRONG> (Thumb, 168 bytes, Stack size 24 bytes, stm32f1xx_hal_flash_ex.o(i.HAL_FLASHEx_Erase))
<BR><BR>[Stack]<UL><LI>Max Depth = 48<LI>Call Chain = HAL_FLASHEx_Erase &rArr; FLASH_WaitForLastOperation &rArr; HAL_GetTick
</UL>
<BR>[Calls]<UL><LI><a href="#[8a]">&gt;&gt;</a>&nbsp;&nbsp;&nbsp;FLASH_MassErase
<LI><a href="#[8b]">&gt;&gt;</a>&nbsp;&nbsp;&nbsp;FLASH_PageErase
<LI><a href="#[84]">&gt;&gt;</a>&nbsp;&nbsp;&nbsp;FLASH_WaitForLastOperation
</UL>
<BR>[Called By]<UL><LI><a href="#[c4]">&gt;&gt;</a>&nbsp;&nbsp;&nbsp;my_erase_pages
</UL>

<P><STRONG><a name="[d3]"></a>HAL_FLASH_Lock</STRONG> (Thumb, 16 bytes, Stack size 0 bytes, stm32f1xx_hal_flash.o(i.HAL_FLASH_Lock))
<BR><BR>[Called By]<UL><LI><a href="#[c5]">&gt;&gt;</a>&nbsp;&nbsp;&nbsp;my_write_to_flash
<LI><a href="#[c6]">&gt;&gt;</a>&nbsp;&nbsp;&nbsp;my_erase_write_to_flash
<LI><a href="#[c4]">&gt;&gt;</a>&nbsp;&nbsp;&nbsp;my_erase_pages
</UL>

<P><STRONG><a name="[8c]"></a>HAL_FLASH_Program</STRONG> (Thumb, 168 bytes, Stack size 48 bytes, stm32f1xx_hal_flash.o(i.HAL_FLASH_Program))
<BR><BR>[Stack]<UL><LI>Max Depth = 72<LI>Call Chain = HAL_FLASH_Program &rArr; FLASH_WaitForLastOperation &rArr; HAL_GetTick
</UL>
<BR>[Calls]<UL><LI><a href="#[84]">&gt;&gt;</a>&nbsp;&nbsp;&nbsp;FLASH_WaitForLastOperation
<LI><a href="#[8e]">&gt;&gt;</a>&nbsp;&nbsp;&nbsp;FLASH_Program_HalfWord
<LI><a href="#[8d]">&gt;&gt;</a>&nbsp;&nbsp;&nbsp;__aeabi_llsr
</UL>
<BR>[Called By]<UL><LI><a href="#[c5]">&gt;&gt;</a>&nbsp;&nbsp;&nbsp;my_write_to_flash
<LI><a href="#[c6]">&gt;&gt;</a>&nbsp;&nbsp;&nbsp;my_erase_write_to_flash
</UL>

<P><STRONG><a name="[d2]"></a>HAL_FLASH_Unlock</STRONG> (Thumb, 36 bytes, Stack size 0 bytes, stm32f1xx_hal_flash.o(i.HAL_FLASH_Unlock))
<BR><BR>[Called By]<UL><LI><a href="#[c5]">&gt;&gt;</a>&nbsp;&nbsp;&nbsp;my_write_to_flash
<LI><a href="#[c6]">&gt;&gt;</a>&nbsp;&nbsp;&nbsp;my_erase_write_to_flash
<LI><a href="#[c4]">&gt;&gt;</a>&nbsp;&nbsp;&nbsp;my_erase_pages
</UL>

<P><STRONG><a name="[127]"></a>HAL_GPIO_DeInit</STRONG> (Thumb, 306 bytes, Stack size 24 bytes, stm32f1xx_hal_gpio.o(i.HAL_GPIO_DeInit))
<BR><BR>[Stack]<UL><LI>Max Depth = 24<LI>Call Chain = HAL_GPIO_DeInit
</UL>
<BR>[Called By]<UL><LI><a href="#[63]">&gt;&gt;</a>&nbsp;&nbsp;&nbsp;stm32_pin_irq_enable
</UL>

<P><STRONG><a name="[8f]"></a>HAL_GPIO_EXTI_Callback</STRONG> (Thumb, 54 bytes, Stack size 16 bytes, drv_gpio.o(i.HAL_GPIO_EXTI_Callback))
<BR><BR>[Stack]<UL><LI>Max Depth = 16<LI>Call Chain = HAL_GPIO_EXTI_Callback
</UL>
<BR>[Calls]<UL><LI><a href="#[90]">&gt;&gt;</a>&nbsp;&nbsp;&nbsp;bit2bitno
</UL>
<BR>[Called By]<UL><LI><a href="#[82]">&gt;&gt;</a>&nbsp;&nbsp;&nbsp;HAL_GPIO_EXTI_IRQHandler
</UL>

<P><STRONG><a name="[82]"></a>HAL_GPIO_EXTI_IRQHandler</STRONG> (Thumb, 24 bytes, Stack size 8 bytes, stm32f1xx_hal_gpio.o(i.HAL_GPIO_EXTI_IRQHandler))
<BR><BR>[Stack]<UL><LI>Max Depth = 24<LI>Call Chain = HAL_GPIO_EXTI_IRQHandler &rArr; HAL_GPIO_EXTI_Callback
</UL>
<BR>[Calls]<UL><LI><a href="#[8f]">&gt;&gt;</a>&nbsp;&nbsp;&nbsp;HAL_GPIO_EXTI_Callback
</UL>
<BR>[Called By]<UL><LI><a href="#[24]">&gt;&gt;</a>&nbsp;&nbsp;&nbsp;EXTI9_5_IRQHandler
<LI><a href="#[17]">&gt;&gt;</a>&nbsp;&nbsp;&nbsp;EXTI4_IRQHandler
<LI><a href="#[16]">&gt;&gt;</a>&nbsp;&nbsp;&nbsp;EXTI3_IRQHandler
<LI><a href="#[15]">&gt;&gt;</a>&nbsp;&nbsp;&nbsp;EXTI2_IRQHandler
<LI><a href="#[14]">&gt;&gt;</a>&nbsp;&nbsp;&nbsp;EXTI1_IRQHandler
<LI><a href="#[35]">&gt;&gt;</a>&nbsp;&nbsp;&nbsp;EXTI15_10_IRQHandler
<LI><a href="#[13]">&gt;&gt;</a>&nbsp;&nbsp;&nbsp;EXTI0_IRQHandler
</UL>

<P><STRONG><a name="[a4]"></a>HAL_GPIO_Init</STRONG> (Thumb, 792 bytes, Stack size 36 bytes, stm32f1xx_hal_gpio.o(i.HAL_GPIO_Init))
<BR><BR>[Stack]<UL><LI>Max Depth = 36<LI>Call Chain = HAL_GPIO_Init
</UL>
<BR>[Called By]<UL><LI><a href="#[a2]">&gt;&gt;</a>&nbsp;&nbsp;&nbsp;HAL_UART_MspInit
<LI><a href="#[bf]">&gt;&gt;</a>&nbsp;&nbsp;&nbsp;iap_gpio_init
<LI><a href="#[5e]">&gt;&gt;</a>&nbsp;&nbsp;&nbsp;stm32_pin_mode
<LI><a href="#[63]">&gt;&gt;</a>&nbsp;&nbsp;&nbsp;stm32_pin_irq_enable
</UL>

<P><STRONG><a name="[cd]"></a>HAL_GPIO_ReadPin</STRONG> (Thumb, 16 bytes, Stack size 0 bytes, stm32f1xx_hal_gpio.o(i.HAL_GPIO_ReadPin))
<BR><BR>[Called By]<UL><LI><a href="#[51]">&gt;&gt;</a>&nbsp;&nbsp;&nbsp;led_display_entry
<LI><a href="#[60]">&gt;&gt;</a>&nbsp;&nbsp;&nbsp;stm32_pin_read
</UL>

<P><STRONG><a name="[a8]"></a>HAL_GPIO_WritePin</STRONG> (Thumb, 12 bytes, Stack size 0 bytes, stm32f1xx_hal_gpio.o(i.HAL_GPIO_WritePin))
<BR><BR>[Called By]<UL><LI><a href="#[bf]">&gt;&gt;</a>&nbsp;&nbsp;&nbsp;iap_gpio_init
<LI><a href="#[a7]">&gt;&gt;</a>&nbsp;&nbsp;&nbsp;Led_status_set
<LI><a href="#[5f]">&gt;&gt;</a>&nbsp;&nbsp;&nbsp;stm32_pin_write
</UL>

<P><STRONG><a name="[85]"></a>HAL_GetTick</STRONG> (Thumb, 18 bytes, Stack size 8 bytes, drv_common.o(i.HAL_GetTick))
<BR><BR>[Stack]<UL><LI>Max Depth = 8<LI>Call Chain = HAL_GetTick
</UL>
<BR>[Calls]<UL><LI><a href="#[91]">&gt;&gt;</a>&nbsp;&nbsp;&nbsp;rt_tick_get
</UL>
<BR>[Called By]<UL><LI><a href="#[9e]">&gt;&gt;</a>&nbsp;&nbsp;&nbsp;HAL_RCC_OscConfig
<LI><a href="#[99]">&gt;&gt;</a>&nbsp;&nbsp;&nbsp;HAL_RCC_ClockConfig
<LI><a href="#[84]">&gt;&gt;</a>&nbsp;&nbsp;&nbsp;FLASH_WaitForLastOperation
</UL>

<P><STRONG><a name="[a9]"></a>HAL_IncTick</STRONG> (Thumb, 16 bytes, Stack size 0 bytes, stm32f1xx_hal.o(i.HAL_IncTick))
<BR><BR>[Called By]<UL><LI><a href="#[c]">&gt;&gt;</a>&nbsp;&nbsp;&nbsp;SysTick_Handler
</UL>

<P><STRONG><a name="[92]"></a>HAL_Init</STRONG> (Thumb, 34 bytes, Stack size 8 bytes, stm32f1xx_hal.o(i.HAL_Init))
<BR><BR>[Stack]<UL><LI>Max Depth = 16<LI>Call Chain = HAL_Init &rArr; HAL_MspInit
</UL>
<BR>[Calls]<UL><LI><a href="#[95]">&gt;&gt;</a>&nbsp;&nbsp;&nbsp;HAL_MspInit
<LI><a href="#[94]">&gt;&gt;</a>&nbsp;&nbsp;&nbsp;HAL_InitTick
<LI><a href="#[93]">&gt;&gt;</a>&nbsp;&nbsp;&nbsp;HAL_NVIC_SetPriorityGrouping
</UL>
<BR>[Called By]<UL><LI><a href="#[ea]">&gt;&gt;</a>&nbsp;&nbsp;&nbsp;rt_hw_board_init
</UL>

<P><STRONG><a name="[94]"></a>HAL_InitTick</STRONG> (Thumb, 6 bytes, Stack size 0 bytes, drv_common.o(i.HAL_InitTick))
<BR><BR>[Called By]<UL><LI><a href="#[92]">&gt;&gt;</a>&nbsp;&nbsp;&nbsp;HAL_Init
<LI><a href="#[99]">&gt;&gt;</a>&nbsp;&nbsp;&nbsp;HAL_RCC_ClockConfig
</UL>

<P><STRONG><a name="[95]"></a>HAL_MspInit</STRONG> (Thumb, 76 bytes, Stack size 8 bytes, stm32f1xx_hal_msp.o(i.HAL_MspInit))
<BR><BR>[Stack]<UL><LI>Max Depth = 8<LI>Call Chain = HAL_MspInit
</UL>
<BR>[Called By]<UL><LI><a href="#[92]">&gt;&gt;</a>&nbsp;&nbsp;&nbsp;HAL_Init
</UL>

<P><STRONG><a name="[128]"></a>HAL_NVIC_DisableIRQ</STRONG> (Thumb, 62 bytes, Stack size 8 bytes, stm32f1xx_hal_cortex.o(i.HAL_NVIC_DisableIRQ))
<BR><BR>[Stack]<UL><LI>Max Depth = 8<LI>Call Chain = HAL_NVIC_DisableIRQ
</UL>
<BR>[Called By]<UL><LI><a href="#[63]">&gt;&gt;</a>&nbsp;&nbsp;&nbsp;stm32_pin_irq_enable
</UL>

<P><STRONG><a name="[126]"></a>HAL_NVIC_EnableIRQ</STRONG> (Thumb, 32 bytes, Stack size 0 bytes, stm32f1xx_hal_cortex.o(i.HAL_NVIC_EnableIRQ))
<BR><BR>[Called By]<UL><LI><a href="#[63]">&gt;&gt;</a>&nbsp;&nbsp;&nbsp;stm32_pin_irq_enable
</UL>

<P><STRONG><a name="[96]"></a>HAL_NVIC_SetPriority</STRONG> (Thumb, 124 bytes, Stack size 40 bytes, stm32f1xx_hal_cortex.o(i.HAL_NVIC_SetPriority))
<BR><BR>[Stack]<UL><LI>Max Depth = 48<LI>Call Chain = HAL_NVIC_SetPriority &rArr; __NVIC_SetPriority
</UL>
<BR>[Calls]<UL><LI><a href="#[98]">&gt;&gt;</a>&nbsp;&nbsp;&nbsp;__NVIC_SetPriority
<LI><a href="#[97]">&gt;&gt;</a>&nbsp;&nbsp;&nbsp;__NVIC_GetPriorityGrouping
</UL>
<BR>[Called By]<UL><LI><a href="#[eb]">&gt;&gt;</a>&nbsp;&nbsp;&nbsp;rt_hw_systick_init
<LI><a href="#[63]">&gt;&gt;</a>&nbsp;&nbsp;&nbsp;stm32_pin_irq_enable
</UL>

<P><STRONG><a name="[93]"></a>HAL_NVIC_SetPriorityGrouping</STRONG> (Thumb, 32 bytes, Stack size 0 bytes, stm32f1xx_hal_cortex.o(i.HAL_NVIC_SetPriorityGrouping))
<BR><BR>[Called By]<UL><LI><a href="#[92]">&gt;&gt;</a>&nbsp;&nbsp;&nbsp;HAL_Init
</UL>

<P><STRONG><a name="[99]"></a>HAL_RCC_ClockConfig</STRONG> (Thumb, 376 bytes, Stack size 16 bytes, stm32f1xx_hal_rcc.o(i.HAL_RCC_ClockConfig))
<BR><BR>[Stack]<UL><LI>Max Depth = 56<LI>Call Chain = HAL_RCC_ClockConfig &rArr; HAL_RCC_GetSysClockFreq
</UL>
<BR>[Calls]<UL><LI><a href="#[94]">&gt;&gt;</a>&nbsp;&nbsp;&nbsp;HAL_InitTick
<LI><a href="#[85]">&gt;&gt;</a>&nbsp;&nbsp;&nbsp;HAL_GetTick
<LI><a href="#[9a]">&gt;&gt;</a>&nbsp;&nbsp;&nbsp;HAL_RCC_GetSysClockFreq
</UL>
<BR>[Called By]<UL><LI><a href="#[ab]">&gt;&gt;</a>&nbsp;&nbsp;&nbsp;SystemClock_Config
</UL>

<P><STRONG><a name="[9c]"></a>HAL_RCC_GetHCLKFreq</STRONG> (Thumb, 6 bytes, Stack size 0 bytes, stm32f1xx_hal_rcc.o(i.HAL_RCC_GetHCLKFreq))
<BR><BR>[Called By]<UL><LI><a href="#[eb]">&gt;&gt;</a>&nbsp;&nbsp;&nbsp;rt_hw_systick_init
<LI><a href="#[9d]">&gt;&gt;</a>&nbsp;&nbsp;&nbsp;HAL_RCC_GetPCLK2Freq
<LI><a href="#[9b]">&gt;&gt;</a>&nbsp;&nbsp;&nbsp;HAL_RCC_GetPCLK1Freq
</UL>

<P><STRONG><a name="[9b]"></a>HAL_RCC_GetPCLK1Freq</STRONG> (Thumb, 22 bytes, Stack size 4 bytes, stm32f1xx_hal_rcc.o(i.HAL_RCC_GetPCLK1Freq))
<BR><BR>[Stack]<UL><LI>Max Depth = 4<LI>Call Chain = HAL_RCC_GetPCLK1Freq
</UL>
<BR>[Calls]<UL><LI><a href="#[9c]">&gt;&gt;</a>&nbsp;&nbsp;&nbsp;HAL_RCC_GetHCLKFreq
</UL>
<BR>[Called By]<UL><LI><a href="#[a3]">&gt;&gt;</a>&nbsp;&nbsp;&nbsp;UART_SetConfig
</UL>

<P><STRONG><a name="[9d]"></a>HAL_RCC_GetPCLK2Freq</STRONG> (Thumb, 22 bytes, Stack size 4 bytes, stm32f1xx_hal_rcc.o(i.HAL_RCC_GetPCLK2Freq))
<BR><BR>[Stack]<UL><LI>Max Depth = 4<LI>Call Chain = HAL_RCC_GetPCLK2Freq
</UL>
<BR>[Calls]<UL><LI><a href="#[9c]">&gt;&gt;</a>&nbsp;&nbsp;&nbsp;HAL_RCC_GetHCLKFreq
</UL>
<BR>[Called By]<UL><LI><a href="#[a3]">&gt;&gt;</a>&nbsp;&nbsp;&nbsp;UART_SetConfig
</UL>

<P><STRONG><a name="[9a]"></a>HAL_RCC_GetSysClockFreq</STRONG> (Thumb, 116 bytes, Stack size 40 bytes, stm32f1xx_hal_rcc.o(i.HAL_RCC_GetSysClockFreq))
<BR><BR>[Stack]<UL><LI>Max Depth = 40<LI>Call Chain = HAL_RCC_GetSysClockFreq
</UL>
<BR>[Called By]<UL><LI><a href="#[99]">&gt;&gt;</a>&nbsp;&nbsp;&nbsp;HAL_RCC_ClockConfig
</UL>

<P><STRONG><a name="[9e]"></a>HAL_RCC_OscConfig</STRONG> (Thumb, 1114 bytes, Stack size 24 bytes, stm32f1xx_hal_rcc.o(i.HAL_RCC_OscConfig))
<BR><BR>[Stack]<UL><LI>Max Depth = 32<LI>Call Chain = HAL_RCC_OscConfig &rArr; HAL_GetTick
</UL>
<BR>[Calls]<UL><LI><a href="#[85]">&gt;&gt;</a>&nbsp;&nbsp;&nbsp;HAL_GetTick
<LI><a href="#[9f]">&gt;&gt;</a>&nbsp;&nbsp;&nbsp;RCC_Delay
</UL>
<BR>[Called By]<UL><LI><a href="#[ab]">&gt;&gt;</a>&nbsp;&nbsp;&nbsp;SystemClock_Config
</UL>

<P><STRONG><a name="[f3]"></a>HAL_SYSTICK_CLKSourceConfig</STRONG> (Thumb, 40 bytes, Stack size 0 bytes, stm32f1xx_hal_cortex.o(i.HAL_SYSTICK_CLKSourceConfig))
<BR><BR>[Called By]<UL><LI><a href="#[eb]">&gt;&gt;</a>&nbsp;&nbsp;&nbsp;rt_hw_systick_init
</UL>

<P><STRONG><a name="[a0]"></a>HAL_SYSTICK_Config</STRONG> (Thumb, 52 bytes, Stack size 16 bytes, stm32f1xx_hal_cortex.o(i.HAL_SYSTICK_Config))
<BR><BR>[Stack]<UL><LI>Max Depth = 24<LI>Call Chain = HAL_SYSTICK_Config &rArr; __NVIC_SetPriority
</UL>
<BR>[Calls]<UL><LI><a href="#[98]">&gt;&gt;</a>&nbsp;&nbsp;&nbsp;__NVIC_SetPriority
</UL>
<BR>[Called By]<UL><LI><a href="#[eb]">&gt;&gt;</a>&nbsp;&nbsp;&nbsp;rt_hw_systick_init
</UL>

<P><STRONG><a name="[b0]"></a>HAL_UART_ErrorCallback</STRONG> (Thumb, 2 bytes, Stack size 0 bytes, stm32f1xx_hal_uart.o(i.HAL_UART_ErrorCallback))
<BR><BR>[Called By]<UL><LI><a href="#[4d]">&gt;&gt;</a>&nbsp;&nbsp;&nbsp;UART_DMAError
</UL>

<P><STRONG><a name="[a1]"></a>HAL_UART_Init</STRONG> (Thumb, 114 bytes, Stack size 8 bytes, stm32f1xx_hal_uart.o(i.HAL_UART_Init))
<BR><BR>[Stack]<UL><LI>Max Depth = 76<LI>Call Chain = HAL_UART_Init &rArr; HAL_UART_MspInit &rArr; HAL_GPIO_Init
</UL>
<BR>[Calls]<UL><LI><a href="#[a2]">&gt;&gt;</a>&nbsp;&nbsp;&nbsp;HAL_UART_MspInit
<LI><a href="#[a3]">&gt;&gt;</a>&nbsp;&nbsp;&nbsp;UART_SetConfig
</UL>
<BR>[Called By]<UL><LI><a href="#[64]">&gt;&gt;</a>&nbsp;&nbsp;&nbsp;stm32_configure
</UL>

<P><STRONG><a name="[a2]"></a>HAL_UART_MspInit</STRONG> (Thumb, 122 bytes, Stack size 32 bytes, stm32f1xx_hal_msp.o(i.HAL_UART_MspInit))
<BR><BR>[Stack]<UL><LI>Max Depth = 68<LI>Call Chain = HAL_UART_MspInit &rArr; HAL_GPIO_Init
</UL>
<BR>[Calls]<UL><LI><a href="#[a4]">&gt;&gt;</a>&nbsp;&nbsp;&nbsp;HAL_GPIO_Init
</UL>
<BR>[Called By]<UL><LI><a href="#[a1]">&gt;&gt;</a>&nbsp;&nbsp;&nbsp;HAL_UART_Init
</UL>

<P><STRONG><a name="[a5]"></a>HAL_UART_Transmit_DMA</STRONG> (Thumb, 142 bytes, Stack size 32 bytes, stm32f1xx_hal_uart.o(i.HAL_UART_Transmit_DMA))
<BR><BR>[Stack]<UL><LI>Max Depth = 68<LI>Call Chain = HAL_UART_Transmit_DMA &rArr; HAL_DMA_Start_IT &rArr; DMA_SetConfig
</UL>
<BR>[Calls]<UL><LI><a href="#[87]">&gt;&gt;</a>&nbsp;&nbsp;&nbsp;HAL_DMA_Start_IT
</UL>
<BR>[Called By]<UL><LI><a href="#[68]">&gt;&gt;</a>&nbsp;&nbsp;&nbsp;stm32_dma_transmit
</UL>

<P><STRONG><a name="[b1]"></a>HAL_UART_TxCpltCallback</STRONG> (Thumb, 2 bytes, Stack size 0 bytes, stm32f1xx_hal_uart.o(i.HAL_UART_TxCpltCallback))
<BR><BR>[Called By]<UL><LI><a href="#[4b]">&gt;&gt;</a>&nbsp;&nbsp;&nbsp;UART_DMATransmitCplt
</UL>

<P><STRONG><a name="[b2]"></a>HAL_UART_TxHalfCpltCallback</STRONG> (Thumb, 2 bytes, Stack size 0 bytes, stm32f1xx_hal_uart.o(i.HAL_UART_TxHalfCpltCallback))
<BR><BR>[Called By]<UL><LI><a href="#[4c]">&gt;&gt;</a>&nbsp;&nbsp;&nbsp;UART_DMATxHalfCplt
</UL>

<P><STRONG><a name="[a6]"></a>LedRun</STRONG> (Thumb, 548 bytes, Stack size 8 bytes, my_iap.o(i.LedRun))
<BR><BR>[Stack]<UL><LI>Max Depth = 16<LI>Call Chain = LedRun &rArr; Led_status_set
</UL>
<BR>[Calls]<UL><LI><a href="#[91]">&gt;&gt;</a>&nbsp;&nbsp;&nbsp;rt_tick_get
<LI><a href="#[a7]">&gt;&gt;</a>&nbsp;&nbsp;&nbsp;Led_status_set
</UL>
<BR>[Called By]<UL><LI><a href="#[51]">&gt;&gt;</a>&nbsp;&nbsp;&nbsp;led_display_entry
</UL>

<P><STRONG><a name="[a7]"></a>Led_status_set</STRONG> (Thumb, 30 bytes, Stack size 8 bytes, my_iap.o(i.Led_status_set))
<BR><BR>[Stack]<UL><LI>Max Depth = 8<LI>Call Chain = Led_status_set
</UL>
<BR>[Calls]<UL><LI><a href="#[a8]">&gt;&gt;</a>&nbsp;&nbsp;&nbsp;HAL_GPIO_WritePin
</UL>
<BR>[Called By]<UL><LI><a href="#[a6]">&gt;&gt;</a>&nbsp;&nbsp;&nbsp;LedRun
</UL>

<P><STRONG><a name="[c]"></a>SysTick_Handler</STRONG> (Thumb, 20 bytes, Stack size 8 bytes, drv_common.o(i.SysTick_Handler))
<BR><BR>[Stack]<UL><LI>Max Depth = 72<LI>Call Chain = SysTick_Handler &rArr; rt_tick_increase &rArr; rt_timer_check &rArr; rt_timer_start &rArr; _rt_timer_remove
</UL>
<BR>[Calls]<UL><LI><a href="#[83]">&gt;&gt;</a>&nbsp;&nbsp;&nbsp;rt_interrupt_leave
<LI><a href="#[81]">&gt;&gt;</a>&nbsp;&nbsp;&nbsp;rt_interrupt_enter
<LI><a href="#[aa]">&gt;&gt;</a>&nbsp;&nbsp;&nbsp;rt_tick_increase
<LI><a href="#[a9]">&gt;&gt;</a>&nbsp;&nbsp;&nbsp;HAL_IncTick
</UL>
<BR>[Address Reference Count : 1]<UL><LI> startup_stm32f103xe.o(RESET)
</UL>
<P><STRONG><a name="[ab]"></a>SystemClock_Config</STRONG> (Thumb, 110 bytes, Stack size 64 bytes, board.o(i.SystemClock_Config))
<BR><BR>[Stack]<UL><LI>Max Depth = 120<LI>Call Chain = SystemClock_Config &rArr; HAL_RCC_ClockConfig &rArr; HAL_RCC_GetSysClockFreq
</UL>
<BR>[Calls]<UL><LI><a href="#[ad]">&gt;&gt;</a>&nbsp;&nbsp;&nbsp;_Error_Handler
<LI><a href="#[9e]">&gt;&gt;</a>&nbsp;&nbsp;&nbsp;HAL_RCC_OscConfig
<LI><a href="#[99]">&gt;&gt;</a>&nbsp;&nbsp;&nbsp;HAL_RCC_ClockConfig
<LI><a href="#[ac]">&gt;&gt;</a>&nbsp;&nbsp;&nbsp;__aeabi_memclr4
</UL>
<BR>[Called By]<UL><LI><a href="#[ea]">&gt;&gt;</a>&nbsp;&nbsp;&nbsp;rt_hw_board_init
</UL>

<P><STRONG><a name="[49]"></a>SystemInit</STRONG> (Thumb, 70 bytes, Stack size 0 bytes, system_stm32f1xx.o(i.SystemInit))
<BR>[Address Reference Count : 1]<UL><LI> startup_stm32f103xe.o(.text)
</UL>
<P><STRONG><a name="[32]"></a>USART1_IRQHandler</STRONG> (Thumb, 18 bytes, Stack size 8 bytes, drv_usart.o(i.USART1_IRQHandler))
<BR><BR>[Stack]<UL><LI>Max Depth = 112<LI>Call Chain = USART1_IRQHandler &rArr; uart_isr &rArr; rt_hw_serial_isr &rArr; rt_completion_done &rArr; rt_thread_resume &rArr; rt_timer_stop &rArr; _rt_timer_remove
</UL>
<BR>[Calls]<UL><LI><a href="#[83]">&gt;&gt;</a>&nbsp;&nbsp;&nbsp;rt_interrupt_leave
<LI><a href="#[81]">&gt;&gt;</a>&nbsp;&nbsp;&nbsp;rt_interrupt_enter
<LI><a href="#[b3]">&gt;&gt;</a>&nbsp;&nbsp;&nbsp;uart_isr
</UL>
<BR>[Address Reference Count : 1]<UL><LI> startup_stm32f103xe.o(RESET)
</UL>
<P><STRONG><a name="[ad]"></a>_Error_Handler</STRONG> (Thumb, 4 bytes, Stack size 0 bytes, drv_common.o(i._Error_Handler))
<BR><BR>[Called By]<UL><LI><a href="#[ab]">&gt;&gt;</a>&nbsp;&nbsp;&nbsp;SystemClock_Config
</UL>

<P><STRONG><a name="[bf]"></a>iap_gpio_init</STRONG> (Thumb, 158 bytes, Stack size 24 bytes, my_iap.o(i.iap_gpio_init))
<BR><BR>[Stack]<UL><LI>Max Depth = 60<LI>Call Chain = iap_gpio_init &rArr; HAL_GPIO_Init
</UL>
<BR>[Calls]<UL><LI><a href="#[a8]">&gt;&gt;</a>&nbsp;&nbsp;&nbsp;HAL_GPIO_WritePin
<LI><a href="#[a4]">&gt;&gt;</a>&nbsp;&nbsp;&nbsp;HAL_GPIO_Init
</UL>
<BR>[Called By]<UL><LI><a href="#[c9]">&gt;&gt;</a>&nbsp;&nbsp;&nbsp;iap_thread_init
</UL>

<P><STRONG><a name="[52]"></a>iap_main_entry</STRONG> (Thumb, 326 bytes, Stack size 0 bytes, my_iap.o(i.iap_main_entry))
<BR><BR>[Stack]<UL><LI>Max Depth = 128<LI>Call Chain = iap_main_entry &rArr; start_up_init &rArr; my_erase_write_to_flash &rArr; my_erase_pages &rArr; HAL_FLASHEx_Erase &rArr; FLASH_WaitForLastOperation &rArr; HAL_GetTick
</UL>
<BR>[Calls]<UL><LI><a href="#[91]">&gt;&gt;</a>&nbsp;&nbsp;&nbsp;rt_tick_get
<LI><a href="#[c3]">&gt;&gt;</a>&nbsp;&nbsp;&nbsp;rt_device_set_rx_indicate
<LI><a href="#[c2]">&gt;&gt;</a>&nbsp;&nbsp;&nbsp;rt_device_open
<LI><a href="#[c1]">&gt;&gt;</a>&nbsp;&nbsp;&nbsp;rt_device_find
<LI><a href="#[c0]">&gt;&gt;</a>&nbsp;&nbsp;&nbsp;start_up_init
<LI><a href="#[c7]">&gt;&gt;</a>&nbsp;&nbsp;&nbsp;my_soft_reset
<LI><a href="#[c5]">&gt;&gt;</a>&nbsp;&nbsp;&nbsp;my_write_to_flash
<LI><a href="#[c6]">&gt;&gt;</a>&nbsp;&nbsp;&nbsp;my_erase_write_to_flash
<LI><a href="#[c4]">&gt;&gt;</a>&nbsp;&nbsp;&nbsp;my_erase_pages
<LI><a href="#[c8]">&gt;&gt;</a>&nbsp;&nbsp;&nbsp;rt_thread_mdelay
</UL>
<BR>[Address Reference Count : 1]<UL><LI> my_iap.o(i.iap_thread_init)
</UL>
<P><STRONG><a name="[ca]"></a>iap_map_init</STRONG> (Thumb, 44 bytes, Stack size 0 bytes, my_iap.o(i.iap_map_init))
<BR><BR>[Called By]<UL><LI><a href="#[c9]">&gt;&gt;</a>&nbsp;&nbsp;&nbsp;iap_thread_init
</UL>

<P><STRONG><a name="[c9]"></a>iap_thread_init</STRONG> (Thumb, 92 bytes, Stack size 16 bytes, my_iap.o(i.iap_thread_init))
<BR><BR>[Stack]<UL><LI>Max Depth = 232<LI>Call Chain = iap_thread_init &rArr; rt_thread_create &rArr; _rt_thread_init &rArr; rt_timer_init &rArr; rt_object_init &rArr; rt_exit_critical &rArr; rt_schedule &rArr; rt_schedule_remove_thread
</UL>
<BR>[Calls]<UL><LI><a href="#[cc]">&gt;&gt;</a>&nbsp;&nbsp;&nbsp;rt_thread_startup
<LI><a href="#[cb]">&gt;&gt;</a>&nbsp;&nbsp;&nbsp;rt_thread_create
<LI><a href="#[ca]">&gt;&gt;</a>&nbsp;&nbsp;&nbsp;iap_map_init
<LI><a href="#[bf]">&gt;&gt;</a>&nbsp;&nbsp;&nbsp;iap_gpio_init
</UL>
<BR>[Called By]<UL><LI><a href="#[cf]">&gt;&gt;</a>&nbsp;&nbsp;&nbsp;$Super$$main
</UL>

<P><STRONG><a name="[51]"></a>led_display_entry</STRONG> (Thumb, 178 bytes, Stack size 8 bytes, my_iap.o(i.led_display_entry))
<BR><BR>[Stack]<UL><LI>Max Depth = 80<LI>Call Chain = led_display_entry &rArr; rt_thread_mdelay &rArr; rt_thread_sleep &rArr; rt_timer_start &rArr; _rt_timer_remove
</UL>
<BR>[Calls]<UL><LI><a href="#[91]">&gt;&gt;</a>&nbsp;&nbsp;&nbsp;rt_tick_get
<LI><a href="#[ce]">&gt;&gt;</a>&nbsp;&nbsp;&nbsp;rt_device_read
<LI><a href="#[cd]">&gt;&gt;</a>&nbsp;&nbsp;&nbsp;HAL_GPIO_ReadPin
<LI><a href="#[a6]">&gt;&gt;</a>&nbsp;&nbsp;&nbsp;LedRun
<LI><a href="#[c8]">&gt;&gt;</a>&nbsp;&nbsp;&nbsp;rt_thread_mdelay
</UL>
<BR>[Address Reference Count : 1]<UL><LI> my_iap.o(i.iap_thread_init)
</UL>
<P><STRONG><a name="[cf]"></a>$Super$$main</STRONG> (Thumb, 16 bytes, Stack size 0 bytes, main.o(i.main))
<BR><BR>[Stack]<UL><LI>Max Depth = 232<LI>Call Chain = $Super$$main &rArr; iap_thread_init &rArr; rt_thread_create &rArr; _rt_thread_init &rArr; rt_timer_init &rArr; rt_object_init &rArr; rt_exit_critical &rArr; rt_schedule &rArr; rt_schedule_remove_thread
</UL>
<BR>[Calls]<UL><LI><a href="#[c8]">&gt;&gt;</a>&nbsp;&nbsp;&nbsp;rt_thread_mdelay
<LI><a href="#[c9]">&gt;&gt;</a>&nbsp;&nbsp;&nbsp;iap_thread_init
</UL>
<BR>[Called By]<UL><LI><a href="#[53]">&gt;&gt;</a>&nbsp;&nbsp;&nbsp;main_thread_entry
</UL>

<P><STRONG><a name="[53]"></a>main_thread_entry</STRONG> (Thumb, 14 bytes, Stack size 8 bytes, components.o(i.main_thread_entry))
<BR><BR>[Stack]<UL><LI>Max Depth = 240<LI>Call Chain = main_thread_entry &rArr; $Super$$main &rArr; iap_thread_init &rArr; rt_thread_create &rArr; _rt_thread_init &rArr; rt_timer_init &rArr; rt_object_init &rArr; rt_exit_critical &rArr; rt_schedule &rArr; rt_schedule_remove_thread
</UL>
<BR>[Calls]<UL><LI><a href="#[cf]">&gt;&gt;</a>&nbsp;&nbsp;&nbsp;$Super$$main
<LI><a href="#[d0]">&gt;&gt;</a>&nbsp;&nbsp;&nbsp;rt_components_init
</UL>
<BR>[Address Reference Count : 1]<UL><LI> components.o(i.rt_application_init)
</UL>
<P><STRONG><a name="[d1]"></a>my_calculate_page_num</STRONG> (Thumb, 52 bytes, Stack size 16 bytes, my_flash.o(i.my_calculate_page_num))
<BR><BR>[Stack]<UL><LI>Max Depth = 16<LI>Call Chain = my_calculate_page_num
</UL>
<BR>[Called By]<UL><LI><a href="#[c4]">&gt;&gt;</a>&nbsp;&nbsp;&nbsp;my_erase_pages
</UL>

<P><STRONG><a name="[c4]"></a>my_erase_pages</STRONG> (Thumb, 68 bytes, Stack size 40 bytes, my_flash.o(i.my_erase_pages))
<BR><BR>[Stack]<UL><LI>Max Depth = 88<LI>Call Chain = my_erase_pages &rArr; HAL_FLASHEx_Erase &rArr; FLASH_WaitForLastOperation &rArr; HAL_GetTick
</UL>
<BR>[Calls]<UL><LI><a href="#[d2]">&gt;&gt;</a>&nbsp;&nbsp;&nbsp;HAL_FLASH_Unlock
<LI><a href="#[d3]">&gt;&gt;</a>&nbsp;&nbsp;&nbsp;HAL_FLASH_Lock
<LI><a href="#[89]">&gt;&gt;</a>&nbsp;&nbsp;&nbsp;HAL_FLASHEx_Erase
<LI><a href="#[d1]">&gt;&gt;</a>&nbsp;&nbsp;&nbsp;my_calculate_page_num
</UL>
<BR>[Called By]<UL><LI><a href="#[52]">&gt;&gt;</a>&nbsp;&nbsp;&nbsp;iap_main_entry
<LI><a href="#[c6]">&gt;&gt;</a>&nbsp;&nbsp;&nbsp;my_erase_write_to_flash
</UL>

<P><STRONG><a name="[c6]"></a>my_erase_write_to_flash</STRONG> (Thumb, 84 bytes, Stack size 32 bytes, my_flash.o(i.my_erase_write_to_flash))
<BR><BR>[Stack]<UL><LI>Max Depth = 120<LI>Call Chain = my_erase_write_to_flash &rArr; my_erase_pages &rArr; HAL_FLASHEx_Erase &rArr; FLASH_WaitForLastOperation &rArr; HAL_GetTick
</UL>
<BR>[Calls]<UL><LI><a href="#[d2]">&gt;&gt;</a>&nbsp;&nbsp;&nbsp;HAL_FLASH_Unlock
<LI><a href="#[8c]">&gt;&gt;</a>&nbsp;&nbsp;&nbsp;HAL_FLASH_Program
<LI><a href="#[d3]">&gt;&gt;</a>&nbsp;&nbsp;&nbsp;HAL_FLASH_Lock
<LI><a href="#[c4]">&gt;&gt;</a>&nbsp;&nbsp;&nbsp;my_erase_pages
</UL>
<BR>[Called By]<UL><LI><a href="#[c0]">&gt;&gt;</a>&nbsp;&nbsp;&nbsp;start_up_init
<LI><a href="#[52]">&gt;&gt;</a>&nbsp;&nbsp;&nbsp;iap_main_entry
</UL>

<P><STRONG><a name="[124]"></a>my_read_from_flash</STRONG> (Thumb, 26 bytes, Stack size 12 bytes, my_flash.o(i.my_read_from_flash))
<BR><BR>[Stack]<UL><LI>Max Depth = 12<LI>Call Chain = my_read_from_flash
</UL>
<BR>[Called By]<UL><LI><a href="#[c0]">&gt;&gt;</a>&nbsp;&nbsp;&nbsp;start_up_init
</UL>

<P><STRONG><a name="[c7]"></a>my_soft_reset</STRONG> (Thumb, 68 bytes, Stack size 0 bytes, my_iap.o(i.my_soft_reset))
<BR><BR>[Called By]<UL><LI><a href="#[52]">&gt;&gt;</a>&nbsp;&nbsp;&nbsp;iap_main_entry
</UL>

<P><STRONG><a name="[c5]"></a>my_write_to_flash</STRONG> (Thumb, 74 bytes, Stack size 32 bytes, my_flash.o(i.my_write_to_flash))
<BR><BR>[Stack]<UL><LI>Max Depth = 104<LI>Call Chain = my_write_to_flash &rArr; HAL_FLASH_Program &rArr; FLASH_WaitForLastOperation &rArr; HAL_GetTick
</UL>
<BR>[Calls]<UL><LI><a href="#[d2]">&gt;&gt;</a>&nbsp;&nbsp;&nbsp;HAL_FLASH_Unlock
<LI><a href="#[8c]">&gt;&gt;</a>&nbsp;&nbsp;&nbsp;HAL_FLASH_Program
<LI><a href="#[d3]">&gt;&gt;</a>&nbsp;&nbsp;&nbsp;HAL_FLASH_Lock
</UL>
<BR>[Called By]<UL><LI><a href="#[52]">&gt;&gt;</a>&nbsp;&nbsp;&nbsp;iap_main_entry
</UL>

<P><STRONG><a name="[d4]"></a>rt_application_init</STRONG> (Thumb, 34 bytes, Stack size 16 bytes, components.o(i.rt_application_init))
<BR><BR>[Stack]<UL><LI>Max Depth = 232<LI>Call Chain = rt_application_init &rArr; rt_thread_create &rArr; _rt_thread_init &rArr; rt_timer_init &rArr; rt_object_init &rArr; rt_exit_critical &rArr; rt_schedule &rArr; rt_schedule_remove_thread
</UL>
<BR>[Calls]<UL><LI><a href="#[cc]">&gt;&gt;</a>&nbsp;&nbsp;&nbsp;rt_thread_startup
<LI><a href="#[cb]">&gt;&gt;</a>&nbsp;&nbsp;&nbsp;rt_thread_create
</UL>
<BR>[Called By]<UL><LI><a href="#[80]">&gt;&gt;</a>&nbsp;&nbsp;&nbsp;rtthread_startup
</UL>

<P><STRONG><a name="[d5]"></a>rt_completion_done</STRONG> (Thumb, 72 bytes, Stack size 16 bytes, completion.o(i.rt_completion_done))
<BR><BR>[Stack]<UL><LI>Max Depth = 56<LI>Call Chain = rt_completion_done &rArr; rt_thread_resume &rArr; rt_timer_stop &rArr; _rt_timer_remove
</UL>
<BR>[Calls]<UL><LI><a href="#[be]">&gt;&gt;</a>&nbsp;&nbsp;&nbsp;rt_hw_interrupt_enable
<LI><a href="#[bd]">&gt;&gt;</a>&nbsp;&nbsp;&nbsp;rt_hw_interrupt_disable
<LI><a href="#[d6]">&gt;&gt;</a>&nbsp;&nbsp;&nbsp;rt_thread_resume
<LI><a href="#[d7]">&gt;&gt;</a>&nbsp;&nbsp;&nbsp;rt_schedule
</UL>
<BR>[Called By]<UL><LI><a href="#[f0]">&gt;&gt;</a>&nbsp;&nbsp;&nbsp;rt_hw_serial_isr
</UL>

<P><STRONG><a name="[d8]"></a>rt_completion_init</STRONG> (Thumb, 30 bytes, Stack size 16 bytes, completion.o(i.rt_completion_init))
<BR><BR>[Stack]<UL><LI>Max Depth = 16<LI>Call Chain = rt_completion_init
</UL>
<BR>[Calls]<UL><LI><a href="#[be]">&gt;&gt;</a>&nbsp;&nbsp;&nbsp;rt_hw_interrupt_enable
<LI><a href="#[bd]">&gt;&gt;</a>&nbsp;&nbsp;&nbsp;rt_hw_interrupt_disable
</UL>
<BR>[Called By]<UL><LI><a href="#[58]">&gt;&gt;</a>&nbsp;&nbsp;&nbsp;rt_serial_open
</UL>

<P><STRONG><a name="[d9]"></a>rt_completion_wait</STRONG> (Thumb, 126 bytes, Stack size 32 bytes, completion.o(i.rt_completion_wait))
<BR><BR>[Stack]<UL><LI>Max Depth = 72<LI>Call Chain = rt_completion_wait &rArr; rt_timer_start &rArr; _rt_timer_remove
</UL>
<BR>[Calls]<UL><LI><a href="#[be]">&gt;&gt;</a>&nbsp;&nbsp;&nbsp;rt_hw_interrupt_enable
<LI><a href="#[bd]">&gt;&gt;</a>&nbsp;&nbsp;&nbsp;rt_hw_interrupt_disable
<LI><a href="#[dd]">&gt;&gt;</a>&nbsp;&nbsp;&nbsp;rt_timer_start
<LI><a href="#[dc]">&gt;&gt;</a>&nbsp;&nbsp;&nbsp;rt_timer_control
<LI><a href="#[db]">&gt;&gt;</a>&nbsp;&nbsp;&nbsp;rt_thread_suspend
<LI><a href="#[d7]">&gt;&gt;</a>&nbsp;&nbsp;&nbsp;rt_schedule
<LI><a href="#[da]">&gt;&gt;</a>&nbsp;&nbsp;&nbsp;rt_thread_self
</UL>
<BR>[Called By]<UL><LI><a href="#[5b]">&gt;&gt;</a>&nbsp;&nbsp;&nbsp;rt_serial_write
</UL>

<P><STRONG><a name="[ef]"></a>rt_components_board_init</STRONG> (Thumb, 20 bytes, Stack size 8 bytes, components.o(i.rt_components_board_init))
<BR><BR>[Stack]<UL><LI>Max Depth = 8<LI>Call Chain = rt_components_board_init
</UL>
<BR>[Called By]<UL><LI><a href="#[ea]">&gt;&gt;</a>&nbsp;&nbsp;&nbsp;rt_hw_board_init
</UL>

<P><STRONG><a name="[d0]"></a>rt_components_init</STRONG> (Thumb, 20 bytes, Stack size 8 bytes, components.o(i.rt_components_init))
<BR><BR>[Stack]<UL><LI>Max Depth = 8<LI>Call Chain = rt_components_init
</UL>
<BR>[Called By]<UL><LI><a href="#[53]">&gt;&gt;</a>&nbsp;&nbsp;&nbsp;main_thread_entry
</UL>

<P><STRONG><a name="[c1]"></a>rt_device_find</STRONG> (Thumb, 82 bytes, Stack size 24 bytes, device.o(i.rt_device_find))
<BR><BR>[Stack]<UL><LI>Max Depth = 72<LI>Call Chain = rt_device_find &rArr; rt_exit_critical &rArr; rt_schedule &rArr; rt_schedule_remove_thread
</UL>
[...]
<BR><BR>[Called By]<UL><LI><a href="#[e9]">&gt;&gt;</a>&nbsp;&nbsp;&nbsp;rt_sem_release
</UL>

<P><STRONG><a name="[121]"></a>print_number</STRONG> (Thumb, 400 bytes, Stack size 60 bytes, kservice.o(i.print_number))
<BR><BR>[Stack]<UL><LI>Max Depth = 60<LI>Call Chain = print_number
</UL>
<BR>[Called By]<UL><LI><a href="#[11e]">&gt;&gt;</a>&nbsp;&nbsp;&nbsp;rt_vsnprintf
</UL>

<P><STRONG><a name="[11f]"></a>skip_atoi</STRONG> (Thumb, 38 bytes, Stack size 0 bytes, kservice.o(i.skip_atoi))
<BR><BR>[Called By]<UL><LI><a href="#[11e]">&gt;&gt;</a>&nbsp;&nbsp;&nbsp;rt_vsnprintf
</UL>

<P><STRONG><a name="[e8]"></a>plug_holes</STRONG> (Thumb, 108 bytes, Stack size 12 bytes, mem.o(i.plug_holes))
<BR><BR>[Stack]<UL><LI>Max Depth = 12<LI>Call Chain = plug_holes
</UL>
<BR>[Called By]<UL><LI><a href="#[e6]">&gt;&gt;</a>&nbsp;&nbsp;&nbsp;rt_free
</UL>

<P><STRONG><a name="[fc]"></a>rt_list_insert_after</STRONG> (Thumb, 14 bytes, Stack size 0 bytes, object.o(i.rt_list_insert_after))
<BR><BR>[Called By]<UL><LI><a href="#[fa]">&gt;&gt;</a>&nbsp;&nbsp;&nbsp;rt_object_allocate
<LI><a href="#[e5]">&gt;&gt;</a>&nbsp;&nbsp;&nbsp;rt_object_init
</UL>

<P><STRONG><a name="[fe]"></a>rt_list_remove</STRONG> (Thumb, 18 bytes, Stack size 0 bytes, object.o(i.rt_list_remove))
<BR><BR>[Called By]<UL><LI><a href="#[fd]">&gt;&gt;</a>&nbsp;&nbsp;&nbsp;rt_object_delete
<LI><a href="#[ff]">&gt;&gt;</a>&nbsp;&nbsp;&nbsp;rt_object_detach
</UL>

<P><STRONG><a name="[b4]"></a>_get_highest_priority_thread</STRONG> (Thumb, 30 bytes, Stack size 16 bytes, scheduler.o(i._get_highest_priority_thread))
<BR><BR>[Stack]<UL><LI>Max Depth = 16<LI>Call Chain = _get_highest_priority_thread
</UL>
<BR>[Calls]<UL><LI><a href="#[b5]">&gt;&gt;</a>&nbsp;&nbsp;&nbsp;__rt_ffs
</UL>
<BR>[Called By]<UL><LI><a href="#[d7]">&gt;&gt;</a>&nbsp;&nbsp;&nbsp;rt_schedule
<LI><a href="#[10b]">&gt;&gt;</a>&nbsp;&nbsp;&nbsp;rt_system_scheduler_start
</UL>

<P><STRONG><a name="[10a]"></a>rt_list_init</STRONG> (Thumb, 6 bytes, Stack size 0 bytes, scheduler.o(i.rt_list_init))
<BR><BR>[Called By]<UL><LI><a href="#[109]">&gt;&gt;</a>&nbsp;&nbsp;&nbsp;rt_system_scheduler_init
</UL>

<P><STRONG><a name="[b6]"></a>_rt_thread_init</STRONG> (Thumb, 124 bytes, Stack size 48 bytes, thread.o(i._rt_thread_init))
<BR><BR>[Stack]<UL><LI>Max Depth = 160<LI>Call Chain = _rt_thread_init &rArr; rt_timer_init &rArr; rt_object_init &rArr; rt_exit_critical &rArr; rt_schedule &rArr; rt_schedule_remove_thread
</UL>
<BR>[Calls]<UL><LI><a href="#[b8]">&gt;&gt;</a>&nbsp;&nbsp;&nbsp;rt_hw_stack_init
<LI><a href="#[b7]">&gt;&gt;</a>&nbsp;&nbsp;&nbsp;rt_memset
<LI><a href="#[b9]">&gt;&gt;</a>&nbsp;&nbsp;&nbsp;rt_timer_init
</UL>
<BR>[Called By]<UL><LI><a href="#[cb]">&gt;&gt;</a>&nbsp;&nbsp;&nbsp;rt_thread_create
<LI><a href="#[114]">&gt;&gt;</a>&nbsp;&nbsp;&nbsp;rt_thread_init
</UL>

<P><STRONG><a name="[110]"></a>rt_list_insert_after</STRONG> (Thumb, 14 bytes, Stack size 0 bytes, thread.o(i.rt_list_insert_after))
<BR><BR>[Called By]<UL><LI><a href="#[4e]">&gt;&gt;</a>&nbsp;&nbsp;&nbsp;rt_thread_exit
</UL>

<P><STRONG><a name="[117]"></a>rt_list_remove</STRONG> (Thumb, 18 bytes, Stack size 0 bytes, thread.o(i.rt_list_remove))
<BR><BR>[Called By]<UL><LI><a href="#[d6]">&gt;&gt;</a>&nbsp;&nbsp;&nbsp;rt_thread_resume
<LI><a href="#[4f]">&gt;&gt;</a>&nbsp;&nbsp;&nbsp;rt_thread_timeout
</UL>

<P><STRONG><a name="[ba]"></a>_rt_timer_init</STRONG> (Thumb, 66 bytes, Stack size 32 bytes, timer.o(i._rt_timer_init))
<BR><BR>[Stack]<UL><LI>Max Depth = 32<LI>Call Chain = _rt_timer_init
</UL>
<BR>[Calls]<UL><LI><a href="#[bb]">&gt;&gt;</a>&nbsp;&nbsp;&nbsp;rt_list_init
</UL>
<BR>[Called By]<UL><LI><a href="#[b9]">&gt;&gt;</a>&nbsp;&nbsp;&nbsp;rt_timer_init
</UL>

<P><STRONG><a name="[11b]"></a>_rt_timer_remove</STRONG> (Thumb, 46 bytes, Stack size 8 bytes, timer.o(i._rt_timer_remove))
<BR><BR>[Stack]<UL><LI>Max Depth = 8<LI>Call Chain = _rt_timer_remove
</UL>
<BR>[Called By]<UL><LI><a href="#[dd]">&gt;&gt;</a>&nbsp;&nbsp;&nbsp;rt_timer_start
<LI><a href="#[11a]">&gt;&gt;</a>&nbsp;&nbsp;&nbsp;rt_timer_check
<LI><a href="#[118]">&gt;&gt;</a>&nbsp;&nbsp;&nbsp;rt_timer_stop
<LI><a href="#[10e]">&gt;&gt;</a>&nbsp;&nbsp;&nbsp;rt_timer_detach
</UL>

<P><STRONG><a name="[bb]"></a>rt_list_init</STRONG> (Thumb, 6 bytes, Stack size 0 bytes, timer.o(i.rt_list_init))
<BR><BR>[Called By]<UL><LI><a href="#[10d]">&gt;&gt;</a>&nbsp;&nbsp;&nbsp;rt_system_timer_init
<LI><a href="#[ba]">&gt;&gt;</a>&nbsp;&nbsp;&nbsp;_rt_timer_init
</UL>

<P><STRONG><a name="[11d]"></a>rt_list_insert_after</STRONG> (Thumb, 14 bytes, Stack size 0 bytes, timer.o(i.rt_list_insert_after))
<BR><BR>[Called By]<UL><LI><a href="#[dd]">&gt;&gt;</a>&nbsp;&nbsp;&nbsp;rt_timer_start
</UL>

<P><STRONG><a name="[11c]"></a>rt_list_isempty</STRONG> (Thumb, 16 bytes, Stack size 0 bytes, timer.o(i.rt_list_isempty))
<BR><BR>[Called By]<UL><LI><a href="#[11a]">&gt;&gt;</a>&nbsp;&nbsp;&nbsp;rt_timer_check
</UL>

<P><STRONG><a name="[90]"></a>bit2bitno</STRONG> (Thumb, 30 bytes, Stack size 0 bytes, drv_gpio.o(i.bit2bitno))
<BR><BR>[Called By]<UL><LI><a href="#[8f]">&gt;&gt;</a>&nbsp;&nbsp;&nbsp;HAL_GPIO_EXTI_Callback
<LI><a href="#[63]">&gt;&gt;</a>&nbsp;&nbsp;&nbsp;stm32_pin_irq_enable
<LI><a href="#[62]">&gt;&gt;</a>&nbsp;&nbsp;&nbsp;stm32_pin_dettach_irq
<LI><a href="#[61]">&gt;&gt;</a>&nbsp;&nbsp;&nbsp;stm32_pin_attach_irq
</UL>

<P><STRONG><a name="[125]"></a>get_pin</STRONG> (Thumb, 30 bytes, Stack size 0 bytes, drv_gpio.o(i.get_pin))
<BR><BR>[Called By]<UL><LI><a href="#[5f]">&gt;&gt;</a>&nbsp;&nbsp;&nbsp;stm32_pin_write
<LI><a href="#[60]">&gt;&gt;</a>&nbsp;&nbsp;&nbsp;stm32_pin_read
<LI><a href="#[5e]">&gt;&gt;</a>&nbsp;&nbsp;&nbsp;stm32_pin_mode
<LI><a href="#[63]">&gt;&gt;</a>&nbsp;&nbsp;&nbsp;stm32_pin_irq_enable
<LI><a href="#[62]">&gt;&gt;</a>&nbsp;&nbsp;&nbsp;stm32_pin_dettach_irq
<LI><a href="#[61]">&gt;&gt;</a>&nbsp;&nbsp;&nbsp;stm32_pin_attach_irq
</UL>

<P><STRONG><a name="[61]"></a>stm32_pin_attach_irq</STRONG> (Thumb, 216 bytes, Stack size 40 bytes, drv_gpio.o(i.stm32_pin_attach_irq))
<BR><BR>[Stack]<UL><LI>Max Depth = 40<LI>Call Chain = stm32_pin_attach_irq
</UL>
<BR>[Calls]<UL><LI><a href="#[be]">&gt;&gt;</a>&nbsp;&nbsp;&nbsp;rt_hw_interrupt_enable
<LI><a href="#[bd]">&gt;&gt;</a>&nbsp;&nbsp;&nbsp;rt_hw_interrupt_disable
<LI><a href="#[125]">&gt;&gt;</a>&nbsp;&nbsp;&nbsp;get_pin
<LI><a href="#[90]">&gt;&gt;</a>&nbsp;&nbsp;&nbsp;bit2bitno
</UL>
<BR>[Address Reference Count : 1]<UL><LI> drv_gpio.o(.constdata)
</UL>
<P><STRONG><a name="[62]"></a>stm32_pin_dettach_irq</STRONG> (Thumb, 134 bytes, Stack size 24 bytes, drv_gpio.o(i.stm32_pin_dettach_irq))
<BR><BR>[Stack]<UL><LI>Max Depth = 24<LI>Call Chain = stm32_pin_dettach_irq
</UL>
<BR>[Calls]<UL><LI><a href="#[be]">&gt;&gt;</a>&nbsp;&nbsp;&nbsp;rt_hw_interrupt_enable
<LI><a href="#[bd]">&gt;&gt;</a>&nbsp;&nbsp;&nbsp;rt_hw_interrupt_disable
<LI><a href="#[125]">&gt;&gt;</a>&nbsp;&nbsp;&nbsp;get_pin
<LI><a href="#[90]">&gt;&gt;</a>&nbsp;&nbsp;&nbsp;bit2bitno
</UL>
<BR>[Address Reference Count : 1]<UL><LI> drv_gpio.o(.constdata)
</UL>
<P><STRONG><a name="[63]"></a>stm32_pin_irq_enable</STRONG> (Thumb, 372 bytes, Stack size 56 bytes, drv_gpio.o(i.stm32_pin_irq_enable))
<BR><BR>[Stack]<UL><LI>Max Depth = 104<LI>Call Chain = stm32_pin_irq_enable &rArr; HAL_NVIC_SetPriority &rArr; __NVIC_SetPriority
</UL>
<BR>[Calls]<UL><LI><a href="#[be]">&gt;&gt;</a>&nbsp;&nbsp;&nbsp;rt_hw_interrupt_enable
<LI><a href="#[127]">&gt;&gt;</a>&nbsp;&nbsp;&nbsp;HAL_GPIO_DeInit
<LI><a href="#[bd]">&gt;&gt;</a>&nbsp;&nbsp;&nbsp;rt_hw_interrupt_disable
<LI><a href="#[a4]">&gt;&gt;</a>&nbsp;&nbsp;&nbsp;HAL_GPIO_Init
<LI><a href="#[96]">&gt;&gt;</a>&nbsp;&nbsp;&nbsp;HAL_NVIC_SetPriority
<LI><a href="#[126]">&gt;&gt;</a>&nbsp;&nbsp;&nbsp;HAL_NVIC_EnableIRQ
<LI><a href="#[128]">&gt;&gt;</a>&nbsp;&nbsp;&nbsp;HAL_NVIC_DisableIRQ
<LI><a href="#[125]">&gt;&gt;</a>&nbsp;&nbsp;&nbsp;get_pin
<LI><a href="#[90]">&gt;&gt;</a>&nbsp;&nbsp;&nbsp;bit2bitno
</UL>
<BR>[Address Reference Count : 1]<UL><LI> drv_gpio.o(.constdata)
</UL>
<P><STRONG><a name="[5e]"></a>stm32_pin_mode</STRONG> (Thumb, 116 bytes, Stack size 40 bytes, drv_gpio.o(i.stm32_pin_mode))
<BR><BR>[Stack]<UL><LI>Max Depth = 76<LI>Call Chain = stm32_pin_mode &rArr; HAL_GPIO_Init
</UL>
<BR>[Calls]<UL><LI><a href="#[a4]">&gt;&gt;</a>&nbsp;&nbsp;&nbsp;HAL_GPIO_Init
<LI><a href="#[125]">&gt;&gt;</a>&nbsp;&nbsp;&nbsp;get_pin
</UL>
<BR>[Address Reference Count : 1]<UL><LI> drv_gpio.o(.constdata)
</UL>
<P><STRONG><a name="[60]"></a>stm32_pin_read</STRONG> (Thumb, 42 bytes, Stack size 24 bytes, drv_gpio.o(i.stm32_pin_read))
<BR><BR>[Stack]<UL><LI>Max Depth = 24<LI>Call Chain = stm32_pin_read
</UL>
<BR>[Calls]<UL><LI><a href="#[cd]">&gt;&gt;</a>&nbsp;&nbsp;&nbsp;HAL_GPIO_ReadPin
<LI><a href="#[125]">&gt;&gt;</a>&nbsp;&nbsp;&nbsp;get_pin
</UL>
<BR>[Address Reference Count : 1]<UL><LI> drv_gpio.o(.constdata)
</UL>
<P><STRONG><a name="[5f]"></a>stm32_pin_write</STRONG> (Thumb, 40 bytes, Stack size 24 bytes, drv_gpio.o(i.stm32_pin_write))
<BR><BR>[Stack]<UL><LI>Max Depth = 24<LI>Call Chain = stm32_pin_write
</UL>
<BR>[Calls]<UL><LI><a href="#[a8]">&gt;&gt;</a>&nbsp;&nbsp;&nbsp;HAL_GPIO_WritePin
<LI><a href="#[125]">&gt;&gt;</a>&nbsp;&nbsp;&nbsp;get_pin
</UL>
<BR>[Address Reference Count : 1]<UL><LI> drv_gpio.o(.constdata)
</UL>
<P><STRONG><a name="[64]"></a>stm32_configure</STRONG> (Thumb, 172 bytes, Stack size 16 bytes, drv_usart.o(i.stm32_configure))
<BR><BR>[Stack]<UL><LI>Max Depth = 92<LI>Call Chain = stm32_configure &rArr; HAL_UART_Init &rArr; HAL_UART_MspInit &rArr; HAL_GPIO_Init
</UL>
<BR>[Calls]<UL><LI><a href="#[a1]">&gt;&gt;</a>&nbsp;&nbsp;&nbsp;HAL_UART_Init
</UL>
<BR>[Address Reference Count : 1]<UL><LI> drv_usart.o(.constdata)
</UL>
<P><STRONG><a name="[65]"></a>stm32_control</STRONG> (Thumb, 144 bytes, Stack size 20 bytes, drv_usart.o(i.stm32_control))
<BR><BR>[Stack]<UL><LI>Max Depth = 20<LI>Call Chain = stm32_control
</UL>
<BR>[Address Reference Count : 1]<UL><LI> drv_usart.o(.constdata)
</UL>
<P><STRONG><a name="[68]"></a>stm32_dma_transmit</STRONG> (Thumb, 52 bytes, Stack size 24 bytes, drv_usart.o(i.stm32_dma_transmit))
<BR><BR>[Stack]<UL><LI>Max Depth = 92<LI>Call Chain = stm32_dma_transmit &rArr; HAL_UART_Transmit_DMA &rArr; HAL_DMA_Start_IT &rArr; DMA_SetConfig
</UL>
<BR>[Calls]<UL><LI><a href="#[a5]">&gt;&gt;</a>&nbsp;&nbsp;&nbsp;HAL_UART_Transmit_DMA
</UL>
<BR>[Address Reference Count : 1]<UL><LI> drv_usart.o(.constdata)
</UL>
<P><STRONG><a name="[67]"></a>stm32_getc</STRONG> (Thumb, 28 bytes, Stack size 0 bytes, drv_usart.o(i.stm32_getc))
<BR>[Address Reference Count : 1]<UL><LI> drv_usart.o(.constdata)
</UL>
<P><STRONG><a name="[66]"></a>stm32_putc</STRONG> (Thumb, 40 bytes, Stack size 8 bytes, drv_usart.o(i.stm32_putc))
<BR><BR>[Stack]<UL><LI>Max Depth = 8<LI>Call Chain = stm32_putc
</UL>
<BR>[Address Reference Count : 1]<UL><LI> drv_usart.o(.constdata)
</UL>
<P><STRONG><a name="[f4]"></a>stm32_uart_get_dma_config</STRONG> (Thumb, 10 bytes, Stack size 0 bytes, drv_usart.o(i.stm32_uart_get_dma_config))
<BR><BR>[Called By]<UL><LI><a href="#[ee]">&gt;&gt;</a>&nbsp;&nbsp;&nbsp;rt_hw_usart_init
</UL>

<P><STRONG><a name="[b3]"></a>uart_isr</STRONG> (Thumb, 258 bytes, Stack size 16 bytes, drv_usart.o(i.uart_isr))
<BR><BR>[Stack]<UL><LI>Max Depth = 104<LI>Call Chain = uart_isr &rArr; rt_hw_serial_isr &rArr; rt_completion_done &rArr; rt_thread_resume &rArr; rt_timer_stop &rArr; _rt_timer_remove
</UL>
<BR>[Calls]<UL><LI><a href="#[f0]">&gt;&gt;</a>&nbsp;&nbsp;&nbsp;rt_hw_serial_isr
</UL>
<BR>[Called By]<UL><LI><a href="#[32]">&gt;&gt;</a>&nbsp;&nbsp;&nbsp;USART1_IRQHandler
</UL>

<P><STRONG><a name="[88]"></a>DMA_SetConfig</STRONG> (Thumb, 44 bytes, Stack size 12 bytes, stm32f1xx_hal_dma.o(i.DMA_SetConfig))
<BR><BR>[Stack]<UL><LI>Max Depth = 12<LI>Call Chain = DMA_SetConfig
</UL>
<BR>[Called By]<UL><LI><a href="#[87]">&gt;&gt;</a>&nbsp;&nbsp;&nbsp;HAL_DMA_Start_IT
</UL>

<P><STRONG><a name="[97]"></a>__NVIC_GetPriorityGrouping</STRONG> (Thumb, 10 bytes, Stack size 0 bytes, stm32f1xx_hal_cortex.o(i.__NVIC_GetPriorityGrouping))
<BR><BR>[Called By]<UL><LI><a href="#[96]">&gt;&gt;</a>&nbsp;&nbsp;&nbsp;HAL_NVIC_SetPriority
</UL>

<P><STRONG><a name="[98]"></a>__NVIC_SetPriority</STRONG> (Thumb, 32 bytes, Stack size 8 bytes, stm32f1xx_hal_cortex.o(i.__NVIC_SetPriority))
<BR><BR>[Stack]<UL><LI>Max Depth = 8<LI>Call Chain = __NVIC_SetPriority
</UL>
<BR>[Called By]<UL><LI><a href="#[a0]">&gt;&gt;</a>&nbsp;&nbsp;&nbsp;HAL_SYSTICK_Config
<LI><a href="#[96]">&gt;&gt;</a>&nbsp;&nbsp;&nbsp;HAL_NVIC_SetPriority
</UL>

<P><STRONG><a name="[9f]"></a>RCC_Delay</STRONG> (Thumb, 36 bytes, Stack size 8 bytes, stm32f1xx_hal_rcc.o(i.RCC_Delay))
<BR><BR>[Stack]<UL><LI>Max Depth = 8<LI>Call Chain = RCC_Delay
</UL>
<BR>[Called By]<UL><LI><a href="#[9e]">&gt;&gt;</a>&nbsp;&nbsp;&nbsp;HAL_RCC_OscConfig
</UL>

<P><STRONG><a name="[4d]"></a>UART_DMAError</STRONG> (Thumb, 80 bytes, Stack size 16 bytes, stm32f1xx_hal_uart.o(i.UART_DMAError))
<BR><BR>[Stack]<UL><LI>Max Depth = 16<LI>Call Chain = UART_DMAError
</UL>
<BR>[Calls]<UL><LI><a href="#[ae]">&gt;&gt;</a>&nbsp;&nbsp;&nbsp;UART_EndTxTransfer
<LI><a href="#[af]">&gt;&gt;</a>&nbsp;&nbsp;&nbsp;UART_EndRxTransfer
<LI><a href="#[b0]">&gt;&gt;</a>&nbsp;&nbsp;&nbsp;HAL_UART_ErrorCallback
</UL>
<BR>[Address Reference Count : 1]<UL><LI> stm32f1xx_hal_uart.o(i.HAL_UART_Transmit_DMA)
</UL>
<P><STRONG><a name="[4b]"></a>UART_DMATransmitCplt</STRONG> (Thumb, 54 bytes, Stack size 16 bytes, stm32f1xx_hal_uart.o(i.UART_DMATransmitCplt))
<BR><BR>[Stack]<UL><LI>Max Depth = 16<LI>Call Chain = UART_DMATransmitCplt
</UL>
<BR>[Calls]<UL><LI><a href="#[b1]">&gt;&gt;</a>&nbsp;&nbsp;&nbsp;HAL_UART_TxCpltCallback
</UL>
<BR>[Address Reference Count : 1]<UL><LI> stm32f1xx_hal_uart.o(i.HAL_UART_Transmit_DMA)
</UL>
<P><STRONG><a name="[4c]"></a>UART_DMATxHalfCplt</STRONG> (Thumb, 14 bytes, Stack size 16 bytes, stm32f1xx_hal_uart.o(i.UART_DMATxHalfCplt))
<BR><BR>[Stack]<UL><LI>Max Depth = 16<LI>Call Chain = UART_DMATxHalfCplt
</UL>
<BR>[Calls]<UL><LI><a href="#[b2]">&gt;&gt;</a>&nbsp;&nbsp;&nbsp;HAL_UART_TxHalfCpltCallback
</UL>
<BR>[Address Reference Count : 1]<UL><LI> stm32f1xx_hal_uart.o(i.HAL_UART_Transmit_DMA)
</UL>
<P><STRONG><a name="[af]"></a>UART_EndRxTransfer</STRONG> (Thumb, 32 bytes, Stack size 0 bytes, stm32f1xx_hal_uart.o(i.UART_EndRxTransfer))
<BR><BR>[Called By]<UL><LI><a href="#[4d]">&gt;&gt;</a>&nbsp;&nbsp;&nbsp;UART_DMAError
</UL>

<P><STRONG><a name="[ae]"></a>UART_EndTxTransfer</STRONG> (Thumb, 20 bytes, Stack size 0 bytes, stm32f1xx_hal_uart.o(i.UART_EndTxTransfer))
<BR><BR>[Called By]<UL><LI><a href="#[4d]">&gt;&gt;</a>&nbsp;&nbsp;&nbsp;UART_DMAError
</UL>

<P><STRONG><a name="[a3]"></a>UART_SetConfig</STRONG> (Thumb, 412 bytes, Stack size 16 bytes, stm32f1xx_hal_uart.o(i.UART_SetConfig))
<BR><BR>[Stack]<UL><LI>Max Depth = 20<LI>Call Chain = UART_SetConfig &rArr; HAL_RCC_GetPCLK2Freq
</UL>
<BR>[Calls]<UL><LI><a href="#[9d]">&gt;&gt;</a>&nbsp;&nbsp;&nbsp;HAL_RCC_GetPCLK2Freq
<LI><a href="#[9b]">&gt;&gt;</a>&nbsp;&nbsp;&nbsp;HAL_RCC_GetPCLK1Freq
</UL>
<BR>[Called By]<UL><LI><a href="#[a1]">&gt;&gt;</a>&nbsp;&nbsp;&nbsp;HAL_UART_Init
</UL>

<P><STRONG><a name="[8e]"></a>FLASH_Program_HalfWord</STRONG> (Thumb, 22 bytes, Stack size 0 bytes, stm32f1xx_hal_flash.o(i.FLASH_Program_HalfWord))
<BR><BR>[Called By]<UL><LI><a href="#[8c]">&gt;&gt;</a>&nbsp;&nbsp;&nbsp;HAL_FLASH_Program
</UL>

<P><STRONG><a name="[86]"></a>FLASH_SetErrorCode</STRONG> (Thumb, 124 bytes, Stack size 0 bytes, stm32f1xx_hal_flash.o(i.FLASH_SetErrorCode))
<BR><BR>[Called By]<UL><LI><a href="#[84]">&gt;&gt;</a>&nbsp;&nbsp;&nbsp;FLASH_WaitForLastOperation
</UL>

<P><STRONG><a name="[8a]"></a>FLASH_MassErase</STRONG> (Thumb, 30 bytes, Stack size 0 bytes, stm32f1xx_hal_flash_ex.o(i.FLASH_MassErase))
<BR><BR>[Called By]<UL><LI><a href="#[89]">&gt;&gt;</a>&nbsp;&nbsp;&nbsp;HAL_FLASHEx_Erase
</UL>

<P><STRONG><a name="[56]"></a>_pin_control</STRONG> (Thumb, 40 bytes, Stack size 24 bytes, pin.o(i._pin_control))
<BR><BR>[Stack]<UL><LI>Max Depth = 24<LI>Call Chain = _pin_control
</UL>
<BR>[Address Reference Count : 1]<UL><LI> pin.o(i.rt_device_pin_register)
</UL>
<P><STRONG><a name="[54]"></a>_pin_read</STRONG> (Thumb, 46 bytes, Stack size 32 bytes, pin.o(i._pin_read))
<BR><BR>[Stack]<UL><LI>Max Depth = 32<LI>Call Chain = _pin_read
</UL>
<BR>[Address Reference Count : 1]<UL><LI> pin.o(i.rt_device_pin_register)
</UL>
<P><STRONG><a name="[55]"></a>_pin_write</STRONG> (Thumb, 46 bytes, Stack size 32 bytes, pin.o(i._pin_write))
<BR><BR>[Stack]<UL><LI>Max Depth = 32<LI>Call Chain = _pin_write
</UL>
<BR>[Address Reference Count : 1]<UL><LI> pin.o(i.rt_device_pin_register)
</UL>
<P><STRONG><a name="[f1]"></a>_serial_check_buffer_size</STRONG> (Thumb, 14 bytes, Stack size 0 bytes, serial.o(i._serial_check_buffer_size))
<BR><BR>[Called By]<UL><LI><a href="#[f0]">&gt;&gt;</a>&nbsp;&nbsp;&nbsp;rt_hw_serial_isr
</UL>

<P><STRONG><a name="[bc]"></a>_serial_int_rx</STRONG> (Thumb, 112 bytes, Stack size 32 bytes, serial.o(i._serial_int_rx))
<BR><BR>[Stack]<UL><LI>Max Depth = 32<LI>Call Chain = _serial_int_rx
</UL>
<BR>[Calls]<UL><LI><a href="#[be]">&gt;&gt;</a>&nbsp;&nbsp;&nbsp;rt_hw_interrupt_enable
<LI><a href="#[bd]">&gt;&gt;</a>&nbsp;&nbsp;&nbsp;rt_hw_interrupt_disable
</UL>
<BR>[Called By]<UL><LI><a href="#[5a]">&gt;&gt;</a>&nbsp;&nbsp;&nbsp;rt_serial_read
</UL>

<P><STRONG><a name="[59]"></a>rt_serial_close</STRONG> (Thumb, 108 bytes, Stack size 16 bytes, serial.o(i.rt_serial_close))
<BR><BR>[Stack]<UL><LI>Max Depth = 120<LI>Call Chain = rt_serial_close &rArr; rt_free &rArr; rt_sem_take &rArr; rt_ipc_list_suspend &rArr; rt_thread_suspend &rArr; rt_timer_stop &rArr; _rt_timer_remove
</UL>
<BR>[Calls]<UL><LI><a href="#[e6]">&gt;&gt;</a>&nbsp;&nbsp;&nbsp;rt_free
</UL>
<BR>[Address Reference Count : 1]<UL><LI> serial.o(i.rt_hw_serial_register)
</UL>
<P><STRONG><a name="[5c]"></a>rt_serial_control</STRONG> (Thumb, 130 bytes, Stack size 32 bytes, serial.o(i.rt_serial_control))
<BR><BR>[Stack]<UL><LI>Max Depth = 32<LI>Call Chain = rt_serial_control
</UL>
<BR>[Address Reference Count : 1]<UL><LI> serial.o(i.rt_hw_serial_register)
</UL>
<P><STRONG><a name="[57]"></a>rt_serial_init</STRONG> (Thumb, 38 bytes, Stack size 16 bytes, serial.o(i.rt_serial_init))
<BR><BR>[Stack]<UL><LI>Max Depth = 16<LI>Call Chain = rt_serial_init
</UL>
<BR>[Address Reference Count : 1]<UL><LI> serial.o(i.rt_hw_serial_register)
</UL>
<P><STRONG><a name="[58]"></a>rt_serial_open</STRONG> (Thumb, 300 bytes, Stack size 24 bytes, serial.o(i.rt_serial_open))
<BR><BR>[Stack]<UL><LI>Max Depth = 136<LI>Call Chain = rt_serial_open &rArr; rt_malloc &rArr; rt_sem_take &rArr; rt_ipc_list_suspend &rArr; rt_thread_suspend &rArr; rt_timer_stop &rArr; _rt_timer_remove
</UL>
<BR>[Calls]<UL><LI><a href="#[b7]">&gt;&gt;</a>&nbsp;&nbsp;&nbsp;rt_memset
<LI><a href="#[f9]">&gt;&gt;</a>&nbsp;&nbsp;&nbsp;rt_malloc
<LI><a href="#[d8]">&gt;&gt;</a>&nbsp;&nbsp;&nbsp;rt_completion_init
</UL>
<BR>[Address Reference Count : 1]<UL><LI> serial.o(i.rt_hw_serial_register)
</UL>
<P><STRONG><a name="[5a]"></a>rt_serial_read</STRONG> (Thumb, 98 bytes, Stack size 40 bytes, serial.o(i.rt_serial_read))
<BR><BR>[Stack]<UL><LI>Max Depth = 72<LI>Call Chain = rt_serial_read &rArr; _serial_int_rx
</UL>
<BR>[Calls]<UL><LI><a href="#[bc]">&gt;&gt;</a>&nbsp;&nbsp;&nbsp;_serial_int_rx
</UL>
<BR>[Address Reference Count : 1]<UL><LI> serial.o(i.rt_hw_serial_register)
</UL>
<P><STRONG><a name="[5b]"></a>rt_serial_write</STRONG> (Thumb, 154 bytes, Stack size 40 bytes, serial.o(i.rt_serial_write))
<BR><BR>[Stack]<UL><LI>Max Depth = 112<LI>Call Chain = rt_serial_write &rArr; rt_completion_wait &rArr; rt_timer_start &rArr; _rt_timer_remove
</UL>
<BR>[Calls]<UL><LI><a href="#[d9]">&gt;&gt;</a>&nbsp;&nbsp;&nbsp;rt_completion_wait
</UL>
<BR>[Address Reference Count : 1]<UL><LI> serial.o(i.rt_hw_serial_register)
</UL><P>
<H3>
Undefined Global Symbols
</H3><HR></body></html>
