<html>
<body>
<pre>
<h1>µVision Build Log</h1>
<h2>Project:</h2>
E:\2102WorkStation\05.CaiPiaoJi\4.Prog\Ò£¿ØÆ÷STM32L151\IrdaKey_iap\STM32L1xx_AN3310_FW_V1.1.0\Project\STM32L1xx_IAP\MDK-ARM\IAP.uvproj
Project File Date:  01/12/2013

<h2>Output:</h2>
Rebuild target 'STM32L152D-EVAL'
compiling flash_if.c...
compiling main.c...
compiling stm32l1xx_it.c...
compiling misc.c...
compiling stm32l1xx_dma.c...
compiling stm32l1xx_exti.c...
compiling stm32l1xx_flash.c...
compiling stm32l1xx_flash_ramfunc.c...
compiling stm32l1xx_gpio.c...
compiling stm32l1xx_rcc.c...
compiling stm32l1xx_syscfg.c...
compiling stm32l1xx_usart.c...
compiling stm32l1xx_spi.c...
compiling stm32l1xx_i2c.c...
compiling stm32l1xx_sdio.c...
compiling stm32l1xx_wwdg.c...
compiling system_stm32l1xx.c...
compiling stm32l152d_eval.c...
assembling startup_stm32l1xx_hd.s...
linking...
Program Size: Code=2668 RO-data=340 RW-data=40 ZI-data=4356  
FromELF: creating hex file...
".\STM32L152-EVAL\Key-Iap.axf" - 0 Error(s), 0 Warning(s).
Build target 'STM32L152D-EVAL'
linking...
Program Size: Code=2668 RO-data=340 RW-data=40 ZI-data=4356  
FromELF: creating hex file...
".\STM32L152-EVAL\Key-Iap.axf" - 0 Error(s), 0 Warning(s).
