<html>
<body>
<pre>
<h1>µVision Build Log</h1>
<h2>Project:</h2>
E:\2102WorkStation\05.CaiPiaoJi\4.Prog\Ò£¿ØÆ÷STM32L151\¹éµµ-ÕýÊ½°æ\²âÊÔ°æ-½ÏÐÂPCB-B1.1\IrdaKey-B1.2T-2013.6.1-CRCp1p2\STM32L1xx_AN3310_FW_V1.1.0\Project\STM32L1xx\MDK-ARM\Project.uvproj
Project File Date:  04/20/2013

<h2>Output:</h2>
Build target 'STM32L152D-EVAL'
compiling main.c...
compiling MyApp.c...
linking...
Program Size: Code=23746 RO-data=362 RW-data=232 ZI-data=5672  
FromELF: creating hex file...
User command #1: C:\Keil\ARM\BIN40\fromelf.exe --bin -o .\STM32L152-EVAL\card.bin .\STM32L152-EVAL\card.axf
".\STM32L152-EVAL\Card.axf" - 0 Error(s), 0 Warning(s).
