<!doctype html public "-//w3c//dtd html 4.0 transitional//en">
<html><head>
<title>Static Call Graph - [.\STM32L152-EVAL\Card.axf]</title></head>
<body><HR>
<H1>Static Call Graph for image .\STM32L152-EVAL\Card.axf</H1><HR>
<BR><P>#&#060CALLGRAPH&#062# ARM Linker, 5.02 [Build 28]: Last Updated: Sat Jun 01 16:55:45 2013
<BR><P>
<H3>Maximum Stack Usage =       4272 bytes + Unknown(Cycles, Untraceable Function Pointers)</H3><H3>
Call chain for Maximum Stack Depth:</H3>
main &rArr; IrdaProtocolHandle &rArr; DeleRecord &rArr; SPI_FLASH_BufferWrite &rArr; SPI_FLASH_BlockWrite &rArr; SPI_Flash_Wait_Busy &rArr; SPI_Flash_Status &rArr; SPI_FLASH_SendByte
<P>
<H3>
Mutually Recursive functions
</H3> <LI><a href="#[e8]">XORBytes</a>&nbsp;&nbsp;&nbsp;&rArr;&nbsp;&nbsp;&nbsp;<a href="#[e8]">XORBytes</a><BR>
 <LI><a href="#[e9]">CopyBytes</a>&nbsp;&nbsp;&nbsp;&rArr;&nbsp;&nbsp;&nbsp;<a href="#[e9]">CopyBytes</a><BR>
 <LI><a href="#[2]">HardFault_Handler</a>&nbsp;&nbsp;&nbsp;&rArr;&nbsp;&nbsp;&nbsp;<a href="#[2]">HardFault_Handler</a><BR>
 <LI><a href="#[3]">MemManage_Handler</a>&nbsp;&nbsp;&nbsp;&rArr;&nbsp;&nbsp;&nbsp;<a href="#[3]">MemManage_Handler</a><BR>
 <LI><a href="#[4]">BusFault_Handler</a>&nbsp;&nbsp;&nbsp;&rArr;&nbsp;&nbsp;&nbsp;<a href="#[4]">BusFault_Handler</a><BR>
 <LI><a href="#[5]">UsageFault_Handler</a>&nbsp;&nbsp;&nbsp;&rArr;&nbsp;&nbsp;&nbsp;<a href="#[5]">UsageFault_Handler</a><BR>
 <LI><a href="#[1c]">ADC1_IRQHandler</a>&nbsp;&nbsp;&nbsp;&rArr;&nbsp;&nbsp;&nbsp;<a href="#[1c]">ADC1_IRQHandler</a><BR>
</UL>
<P>
<H3>
Function Pointers
</H3><UL>
 <LI><a href="#[1c]">ADC1_IRQHandler</a> from startup_stm32l1xx_hd.o(.text) referenced from startup_stm32l1xx_hd.o(RESET)
 <LI><a href="#[41]">AES_IRQHandler</a> from startup_stm32l1xx_hd.o(.text) referenced from startup_stm32l1xx_hd.o(RESET)
 <LI><a href="#[4]">BusFault_Handler</a> from stm32l1xx_it.o(.text) referenced from startup_stm32l1xx_hd.o(RESET)
 <LI><a href="#[42]">COMP_ACQ_IRQHandler</a> from startup_stm32l1xx_hd.o(.text) referenced from startup_stm32l1xx_hd.o(RESET)
 <LI><a href="#[20]">COMP_IRQHandler</a> from startup_stm32l1xx_hd.o(.text) referenced from startup_stm32l1xx_hd.o(RESET)
 <LI><a href="#[1f]">DAC_IRQHandler</a> from startup_stm32l1xx_hd.o(.text) referenced from startup_stm32l1xx_hd.o(RESET)
 <LI><a href="#[15]">DMA1_Channel1_IRQHandler</a> from startup_stm32l1xx_hd.o(.text) referenced from startup_stm32l1xx_hd.o(RESET)
 <LI><a href="#[16]">DMA1_Channel2_IRQHandler</a> from startup_stm32l1xx_hd.o(.text) referenced from startup_stm32l1xx_hd.o(RESET)
 <LI><a href="#[17]">DMA1_Channel3_IRQHandler</a> from startup_stm32l1xx_hd.o(.text) referenced from startup_stm32l1xx_hd.o(RESET)
 <LI><a href="#[18]">DMA1_Channel4_IRQHandler</a> from startup_stm32l1xx_hd.o(.text) referenced from startup_stm32l1xx_hd.o(RESET)
 <LI><a href="#[19]">DMA1_Channel5_IRQHandler</a> from startup_stm32l1xx_hd.o(.text) referenced from startup_stm32l1xx_hd.o(RESET)
 <LI><a href="#[1a]">DMA1_Channel6_IRQHandler</a> from startup_stm32l1xx_hd.o(.text) referenced from startup_stm32l1xx_hd.o(RESET)
 <LI><a href="#[1b]">DMA1_Channel7_IRQHandler</a> from startup_stm32l1xx_hd.o(.text) referenced from startup_stm32l1xx_hd.o(RESET)
 <LI><a href="#[3c]">DMA2_Channel1_IRQHandler</a> from startup_stm32l1xx_hd.o(.text) referenced from startup_stm32l1xx_hd.o(RESET)
 <LI><a href="#[3d]">DMA2_Channel2_IRQHandler</a> from startup_stm32l1xx_hd.o(.text) referenced from startup_stm32l1xx_hd.o(RESET)
 <LI><a href="#[3e]">DMA2_Channel3_IRQHandler</a> from startup_stm32l1xx_hd.o(.text) referenced from startup_stm32l1xx_hd.o(RESET)
 <LI><a href="#[3f]">DMA2_Channel4_IRQHandler</a> from startup_stm32l1xx_hd.o(.text) referenced from startup_stm32l1xx_hd.o(RESET)
 <LI><a href="#[40]">DMA2_Channel5_IRQHandler</a> from startup_stm32l1xx_hd.o(.text) referenced from startup_stm32l1xx_hd.o(RESET)
 <LI><a href="#[7]">DebugMon_Handler</a> from stm32l1xx_it.o(.text) referenced from startup_stm32l1xx_hd.o(RESET)
 <LI><a href="#[10]">EXTI0_IRQHandler</a> from startup_stm32l1xx_hd.o(.text) referenced from startup_stm32l1xx_hd.o(RESET)
 <LI><a href="#[32]">EXTI15_10_IRQHandler</a> from startup_stm32l1xx_hd.o(.text) referenced from startup_stm32l1xx_hd.o(RESET)
 <LI><a href="#[11]">EXTI1_IRQHandler</a> from startup_stm32l1xx_hd.o(.text) referenced from startup_stm32l1xx_hd.o(RESET)
 <LI><a href="#[12]">EXTI2_IRQHandler</a> from startup_stm32l1xx_hd.o(.text) referenced from startup_stm32l1xx_hd.o(RESET)
 <LI><a href="#[13]">EXTI3_IRQHandler</a> from startup_stm32l1xx_hd.o(.text) referenced from startup_stm32l1xx_hd.o(RESET)
 <LI><a href="#[14]">EXTI4_IRQHandler</a> from startup_stm32l1xx_hd.o(.text) referenced from startup_stm32l1xx_hd.o(RESET)
 <LI><a href="#[21]">EXTI9_5_IRQHandler</a> from startup_stm32l1xx_hd.o(.text) referenced from startup_stm32l1xx_hd.o(RESET)
 <LI><a href="#[e]">FLASH_IRQHandler</a> from startup_stm32l1xx_hd.o(.text) referenced from startup_stm32l1xx_hd.o(RESET)
 <LI><a href="#[2]">HardFault_Handler</a> from stm32l1xx_it.o(.text) referenced from startup_stm32l1xx_hd.o(RESET)
 <LI><a href="#[2a]">I2C1_ER_IRQHandler</a> from startup_stm32l1xx_hd.o(.text) referenced from startup_stm32l1xx_hd.o(RESET)
 <LI><a href="#[29]">I2C1_EV_IRQHandler</a> from startup_stm32l1xx_hd.o(.text) referenced from startup_stm32l1xx_hd.o(RESET)
 <LI><a href="#[2c]">I2C2_ER_IRQHandler</a> from startup_stm32l1xx_hd.o(.text) referenced from startup_stm32l1xx_hd.o(RESET)
 <LI><a href="#[2b]">I2C2_EV_IRQHandler</a> from startup_stm32l1xx_hd.o(.text) referenced from startup_stm32l1xx_hd.o(RESET)
 <LI><a href="#[22]">LCD_IRQHandler</a> from startup_stm32l1xx_hd.o(.text) referenced from startup_stm32l1xx_hd.o(RESET)
 <LI><a href="#[3]">MemManage_Handler</a> from stm32l1xx_it.o(.text) referenced from startup_stm32l1xx_hd.o(RESET)
 <LI><a href="#[1]">NMI_Handler</a> from stm32l1xx_it.o(.text) referenced from startup_stm32l1xx_hd.o(RESET)
 <LI><a href="#[b]">PVD_IRQHandler</a> from stm32l1xx_it.o(.text) referenced from startup_stm32l1xx_hd.o(RESET)
 <LI><a href="#[8]">PendSV_Handler</a> from stm32l1xx_it.o(.text) referenced from startup_stm32l1xx_hd.o(RESET)
 <LI><a href="#[f]">RCC_IRQHandler</a> from startup_stm32l1xx_hd.o(.text) referenced from startup_stm32l1xx_hd.o(RESET)
 <LI><a href="#[33]">RTC_Alarm_IRQHandler</a> from startup_stm32l1xx_hd.o(.text) referenced from startup_stm32l1xx_hd.o(RESET)
 <LI><a href="#[d]">RTC_WKUP_IRQHandler</a> from stm32l1xx_it.o(.text) referenced from startup_stm32l1xx_hd.o(RESET)
 <LI><a href="#[0]">Reset_Handler</a> from startup_stm32l1xx_hd.o(.text) referenced from startup_stm32l1xx_hd.o(RESET)
 <LI><a href="#[37]">SDIO_IRQHandler</a> from startup_stm32l1xx_hd.o(.text) referenced from startup_stm32l1xx_hd.o(RESET)
 <LI><a href="#[2d]">SPI1_IRQHandler</a> from startup_stm32l1xx_hd.o(.text) referenced from startup_stm32l1xx_hd.o(RESET)
 <LI><a href="#[2e]">SPI2_IRQHandler</a> from startup_stm32l1xx_hd.o(.text) referenced from startup_stm32l1xx_hd.o(RESET)
 <LI><a href="#[39]">SPI3_IRQHandler</a> from startup_stm32l1xx_hd.o(.text) referenced from startup_stm32l1xx_hd.o(RESET)
 <LI><a href="#[6]">SVC_Handler</a> from stm32l1xx_it.o(.text) referenced from startup_stm32l1xx_hd.o(RESET)
 <LI><a href="#[9]">SysTick_Handler</a> from stm32l1xx_it.o(.text) referenced from startup_stm32l1xx_hd.o(RESET)
 <LI><a href="#[44]">SystemInit</a> from system_stm32l1xx.o(.text) referenced from startup_stm32l1xx_hd.o(.text)
 <LI><a href="#[c]">TAMPER_STAMP_IRQHandler</a> from startup_stm32l1xx_hd.o(.text) referenced from startup_stm32l1xx_hd.o(RESET)
 <LI><a href="#[24]">TIM10_IRQHandler</a> from startup_stm32l1xx_hd.o(.text) referenced from startup_stm32l1xx_hd.o(RESET)
 <LI><a href="#[25]">TIM11_IRQHandler</a> from startup_stm32l1xx_hd.o(.text) referenced from startup_stm32l1xx_hd.o(RESET)
 <LI><a href="#[26]">TIM2_IRQHandler</a> from stm32l1xx_it.o(.text) referenced from startup_stm32l1xx_hd.o(RESET)
 <LI><a href="#[27]">TIM3_IRQHandler</a> from startup_stm32l1xx_hd.o(.text) referenced from startup_stm32l1xx_hd.o(RESET)
 <LI><a href="#[28]">TIM4_IRQHandler</a> from startup_stm32l1xx_hd.o(.text) referenced from startup_stm32l1xx_hd.o(RESET)
 <LI><a href="#[38]">TIM5_IRQHandler</a> from startup_stm32l1xx_hd.o(.text) referenced from startup_stm32l1xx_hd.o(RESET)
 <LI><a href="#[35]">TIM6_IRQHandler</a> from startup_stm32l1xx_hd.o(.text) referenced from startup_stm32l1xx_hd.o(RESET)
 <LI><a href="#[36]">TIM7_IRQHandler</a> from startup_stm32l1xx_hd.o(.text) referenced from startup_stm32l1xx_hd.o(RESET)
 <LI><a href="#[23]">TIM9_IRQHandler</a> from startup_stm32l1xx_hd.o(.text) referenced from startup_stm32l1xx_hd.o(RESET)
 <LI><a href="#[3a]">UART4_IRQHandler</a> from startup_stm32l1xx_hd.o(.text) referenced from startup_stm32l1xx_hd.o(RESET)
 <LI><a href="#[3b]">UART5_IRQHandler</a> from startup_stm32l1xx_hd.o(.text) referenced from startup_stm32l1xx_hd.o(RESET)
 <LI><a href="#[2f]">USART1_IRQHandler</a> from stm32l1xx_it.o(.text) referenced from startup_stm32l1xx_hd.o(RESET)
 <LI><a href="#[30]">USART2_IRQHandler</a> from startup_stm32l1xx_hd.o(.text) referenced from startup_stm32l1xx_hd.o(RESET)
 <LI><a href="#[31]">USART3_IRQHandler</a> from startup_stm32l1xx_hd.o(.text) referenced from startup_stm32l1xx_hd.o(RESET)
 <LI><a href="#[34]">USB_FS_WKUP_IRQHandler</a> from startup_stm32l1xx_hd.o(.text) referenced from startup_stm32l1xx_hd.o(RESET)
 <LI><a href="#[1d]">USB_HP_IRQHandler</a> from startup_stm32l1xx_hd.o(.text) referenced from startup_stm32l1xx_hd.o(RESET)
 <LI><a href="#[1e]">USB_LP_IRQHandler</a> from startup_stm32l1xx_hd.o(.text) referenced from startup_stm32l1xx_hd.o(RESET)
 <LI><a href="#[5]">UsageFault_Handler</a> from stm32l1xx_it.o(.text) referenced from startup_stm32l1xx_hd.o(RESET)
 <LI><a href="#[a]">WWDG_IRQHandler</a> from startup_stm32l1xx_hd.o(.text) referenced from startup_stm32l1xx_hd.o(RESET)
 <LI><a href="#[45]">__main</a> from entry.o(.ARM.Collect$$$$00000000) referenced from startup_stm32l1xx_hd.o(.text)
 <LI><a href="#[43]">main</a> from main.o(.text) referenced from entry8.o(.ARM.Collect$$$$00000009)
</UL>
<P>
<H3>
Global Symbols
</H3>
<P><STRONG><a name="[45]"></a>__main</STRONG> (Thumb, 0 bytes, Stack size unknown bytes, entry.o(.ARM.Collect$$$$00000000))
<BR>[Address Reference Count : 1]<UL><LI> startup_stm32l1xx_hd.o(.text)
</UL>
<P><STRONG><a name="[147]"></a>_main_stk</STRONG> (Thumb, 0 bytes, Stack size unknown bytes, entry2.o(.ARM.Collect$$$$00000001))

<P><STRONG><a name="[46]"></a>_main_scatterload</STRONG> (Thumb, 0 bytes, Stack size unknown bytes, entry5.o(.ARM.Collect$$$$00000004))
<BR><BR>[Calls]<UL><LI><a href="#[47]">&gt;&gt;</a>&nbsp;&nbsp;&nbsp;__scatterload
</UL>

<P><STRONG><a name="[146]"></a>__main_after_scatterload</STRONG> (Thumb, 0 bytes, Stack size unknown bytes, entry5.o(.ARM.Collect$$$$00000004))
<BR><BR>[Called By]<UL><LI><a href="#[47]">&gt;&gt;</a>&nbsp;&nbsp;&nbsp;__scatterload
</UL>

<P><STRONG><a name="[148]"></a>_main_clock</STRONG> (Thumb, 0 bytes, Stack size unknown bytes, entry7b.o(.ARM.Collect$$$$00000008))

<P><STRONG><a name="[149]"></a>_main_init</STRONG> (Thumb, 0 bytes, Stack size unknown bytes, entry8.o(.ARM.Collect$$$$00000009))

<P><STRONG><a name="[14a]"></a>Is_LeapYear</STRONG> (Thumb, 48 bytes, Stack size 0 bytes, main.o(.text), UNUSED)

<P><STRONG><a name="[48]"></a>GetCurrSecond</STRONG> (Thumb, 38 bytes, Stack size 8 bytes, main.o(.text))
<BR><BR>[Stack]<UL><LI>Max Depth = 24<LI>Call Chain = GetCurrSecond &rArr; RTC_TimeShow &rArr; RTC_GetTime
</UL>
<BR>[Calls]<UL><LI><a href="#[49]">&gt;&gt;</a>&nbsp;&nbsp;&nbsp;RTC_TimeShow
</UL>
<BR>[Called By]<UL><LI><a href="#[53]">&gt;&gt;</a>&nbsp;&nbsp;&nbsp;IrdaProtocolHandle
</UL>

<P><STRONG><a name="[4a]"></a>SetCurrSecond</STRONG> (Thumb, 4 bytes, Stack size 0 bytes, main.o(.text))
<BR><BR>[Stack]<UL><LI>Max Depth = 32<LI>Call Chain = SetCurrSecond &rArr; RTC_TimeRegulate &rArr; RTC_SetTime
</UL>
<BR>[Calls]<UL><LI><a href="#[4b]">&gt;&gt;</a>&nbsp;&nbsp;&nbsp;RTC_TimeRegulate
</UL>
<BR>[Called By]<UL><LI><a href="#[53]">&gt;&gt;</a>&nbsp;&nbsp;&nbsp;IrdaProtocolHandle
</UL>

<P><STRONG><a name="[4c]"></a>Get_Unique_Device_ID</STRONG> (Thumb, 58 bytes, Stack size 24 bytes, main.o(.text))
<BR><BR>[Stack]<UL><LI>Max Depth = 32<LI>Call Chain = Get_Unique_Device_ID &rArr; QuickCRC16
</UL>
<BR>[Calls]<UL><LI><a href="#[4d]">&gt;&gt;</a>&nbsp;&nbsp;&nbsp;QuickCRC16
</UL>
<BR>[Called By]<UL><LI><a href="#[43]">&gt;&gt;</a>&nbsp;&nbsp;&nbsp;main
</UL>

<P><STRONG><a name="[4e]"></a>StandBySet</STRONG> (Thumb, 84 bytes, Stack size 16 bytes, main.o(.text))
<BR><BR>[Stack]<UL><LI>Max Depth = 36<LI>Call Chain = StandBySet &rArr; GPIO_Init
</UL>
<BR>[Calls]<UL><LI><a href="#[50]">&gt;&gt;</a>&nbsp;&nbsp;&nbsp;RCC_APB2PeriphClockCmd
<LI><a href="#[4f]">&gt;&gt;</a>&nbsp;&nbsp;&nbsp;RCC_APB1PeriphClockCmd
<LI><a href="#[51]">&gt;&gt;</a>&nbsp;&nbsp;&nbsp;RCC_AHBPeriphClockCmd
<LI><a href="#[52]">&gt;&gt;</a>&nbsp;&nbsp;&nbsp;GPIO_Init
</UL>
<BR>[Called By]<UL><LI><a href="#[43]">&gt;&gt;</a>&nbsp;&nbsp;&nbsp;main
</UL>

<P><STRONG><a name="[55]"></a>GetTick</STRONG> (Thumb, 6 bytes, Stack size 0 bytes, main.o(.text))
<BR><BR>[Called By]<UL><LI><a href="#[43]">&gt;&gt;</a>&nbsp;&nbsp;&nbsp;main
<LI><a href="#[53]">&gt;&gt;</a>&nbsp;&nbsp;&nbsp;IrdaProtocolHandle
</UL>

<P><STRONG><a name="[53]"></a>IrdaProtocolHandle</STRONG> (Thumb, 1522 bytes, Stack size 48 bytes, main.o(.text))
<BR><BR>[Stack]<UL><LI>Max Depth = 4264<LI>Call Chain = IrdaProtocolHandle &rArr; DeleRecord &rArr; SPI_FLASH_BufferWrite &rArr; SPI_FLASH_BlockWrite &rArr; SPI_Flash_Wait_Busy &rArr; SPI_Flash_Status &rArr; SPI_FLASH_SendByte
</UL>
<BR>[Calls]<UL><LI><a href="#[65]">&gt;&gt;</a>&nbsp;&nbsp;&nbsp;delay20ms
<LI><a href="#[6d]">&gt;&gt;</a>&nbsp;&nbsp;&nbsp;WriteRecordFileN
<LI><a href="#[5e]">&gt;&gt;</a>&nbsp;&nbsp;&nbsp;WriteRecordFile
<LI><a href="#[5a]">&gt;&gt;</a>&nbsp;&nbsp;&nbsp;WriteKeySelfFile
<LI><a href="#[5c]">&gt;&gt;</a>&nbsp;&nbsp;&nbsp;WriteBinFile
<LI><a href="#[6e]">&gt;&gt;</a>&nbsp;&nbsp;&nbsp;Update_Program_Handle
<LI><a href="#[6c]">&gt;&gt;</a>&nbsp;&nbsp;&nbsp;ReadRecordFileN
<LI><a href="#[5f]">&gt;&gt;</a>&nbsp;&nbsp;&nbsp;ReadRecordFile
<LI><a href="#[5b]">&gt;&gt;</a>&nbsp;&nbsp;&nbsp;ReadKeySelfFile
<LI><a href="#[69]">&gt;&gt;</a>&nbsp;&nbsp;&nbsp;ReadFileInfo
<LI><a href="#[5d]">&gt;&gt;</a>&nbsp;&nbsp;&nbsp;ReadBinFile
<LI><a href="#[4d]">&gt;&gt;</a>&nbsp;&nbsp;&nbsp;QuickCRC16
<LI><a href="#[64]">&gt;&gt;</a>&nbsp;&nbsp;&nbsp;PWR_GetFlagStatus
<LI><a href="#[67]">&gt;&gt;</a>&nbsp;&nbsp;&nbsp;IrdaSendKey
<LI><a href="#[54]">&gt;&gt;</a>&nbsp;&nbsp;&nbsp;IrdaAsk
<LI><a href="#[56]">&gt;&gt;</a>&nbsp;&nbsp;&nbsp;IWDG_ReloadCounter
<LI><a href="#[6a]">&gt;&gt;</a>&nbsp;&nbsp;&nbsp;Get_Key_Aes_Data
<LI><a href="#[6f]">&gt;&gt;</a>&nbsp;&nbsp;&nbsp;FormatSystem
<LI><a href="#[60]">&gt;&gt;</a>&nbsp;&nbsp;&nbsp;FindRecord
<LI><a href="#[62]">&gt;&gt;</a>&nbsp;&nbsp;&nbsp;DeleteSelfFile
<LI><a href="#[63]">&gt;&gt;</a>&nbsp;&nbsp;&nbsp;DeleteFile
<LI><a href="#[61]">&gt;&gt;</a>&nbsp;&nbsp;&nbsp;DeleRecord
<LI><a href="#[6b]">&gt;&gt;</a>&nbsp;&nbsp;&nbsp;Data_AES
<LI><a href="#[59]">&gt;&gt;</a>&nbsp;&nbsp;&nbsp;CreatRecordFile
<LI><a href="#[57]">&gt;&gt;</a>&nbsp;&nbsp;&nbsp;CreatBinFileEeprom
<LI><a href="#[58]">&gt;&gt;</a>&nbsp;&nbsp;&nbsp;CreatBinFile
<LI><a href="#[68]">&gt;&gt;</a>&nbsp;&nbsp;&nbsp;ClearRecord
<LI><a href="#[55]">&gt;&gt;</a>&nbsp;&nbsp;&nbsp;GetTick
<LI><a href="#[4a]">&gt;&gt;</a>&nbsp;&nbsp;&nbsp;SetCurrSecond
<LI><a href="#[48]">&gt;&gt;</a>&nbsp;&nbsp;&nbsp;GetCurrSecond
<LI><a href="#[66]">&gt;&gt;</a>&nbsp;&nbsp;&nbsp;rand
</UL>
<BR>[Called By]<UL><LI><a href="#[43]">&gt;&gt;</a>&nbsp;&nbsp;&nbsp;main
</UL>

<P><STRONG><a name="[70]"></a>IWDGInit</STRONG> (Thumb, 36 bytes, Stack size 8 bytes, main.o(.text))
<BR><BR>[Stack]<UL><LI>Max Depth = 8<LI>Call Chain = IWDGInit
</UL>
<BR>[Calls]<UL><LI><a href="#[71]">&gt;&gt;</a>&nbsp;&nbsp;&nbsp;IWDG_WriteAccessCmd
<LI><a href="#[73]">&gt;&gt;</a>&nbsp;&nbsp;&nbsp;IWDG_SetReload
<LI><a href="#[72]">&gt;&gt;</a>&nbsp;&nbsp;&nbsp;IWDG_SetPrescaler
<LI><a href="#[56]">&gt;&gt;</a>&nbsp;&nbsp;&nbsp;IWDG_ReloadCounter
<LI><a href="#[74]">&gt;&gt;</a>&nbsp;&nbsp;&nbsp;IWDG_Enable
</UL>
<BR>[Called By]<UL><LI><a href="#[43]">&gt;&gt;</a>&nbsp;&nbsp;&nbsp;main
</UL>

<P><STRONG><a name="[43]"></a>main</STRONG> (Thumb, 378 bytes, Stack size 8 bytes, main.o(.text))
<BR><BR>[Stack]<UL><LI>Max Depth = 4272<LI>Call Chain = main &rArr; IrdaProtocolHandle &rArr; DeleRecord &rArr; SPI_FLASH_BufferWrite &rArr; SPI_FLASH_BlockWrite &rArr; SPI_Flash_Wait_Busy &rArr; SPI_Flash_Status &rArr; SPI_FLASH_SendByte
</UL>
<BR>[Calls]<UL><LI><a href="#[77]">&gt;&gt;</a>&nbsp;&nbsp;&nbsp;myRTC_Init
<LI><a href="#[65]">&gt;&gt;</a>&nbsp;&nbsp;&nbsp;delay20ms
<LI><a href="#[83]">&gt;&gt;</a>&nbsp;&nbsp;&nbsp;TIM2_Configuration
<LI><a href="#[87]">&gt;&gt;</a>&nbsp;&nbsp;&nbsp;System_Reset
<LI><a href="#[85]">&gt;&gt;</a>&nbsp;&nbsp;&nbsp;ScanKey1
<LI><a href="#[7d]">&gt;&gt;</a>&nbsp;&nbsp;&nbsp;SPI_FLASH_Wakeup
<LI><a href="#[80]">&gt;&gt;</a>&nbsp;&nbsp;&nbsp;SPI_FLASH_DeepSleep
<LI><a href="#[5b]">&gt;&gt;</a>&nbsp;&nbsp;&nbsp;ReadKeySelfFile
<LI><a href="#[7f]">&gt;&gt;</a>&nbsp;&nbsp;&nbsp;RTC_WriteBackupRegister
<LI><a href="#[7e]">&gt;&gt;</a>&nbsp;&nbsp;&nbsp;RTC_ReadBackupRegister
<LI><a href="#[76]">&gt;&gt;</a>&nbsp;&nbsp;&nbsp;RCC_LSICmd
<LI><a href="#[75]">&gt;&gt;</a>&nbsp;&nbsp;&nbsp;RCC_DeInit
<LI><a href="#[4f]">&gt;&gt;</a>&nbsp;&nbsp;&nbsp;RCC_APB1PeriphClockCmd
<LI><a href="#[81]">&gt;&gt;</a>&nbsp;&nbsp;&nbsp;PWR_WakeUpPinCmd
<LI><a href="#[82]">&gt;&gt;</a>&nbsp;&nbsp;&nbsp;PWR_EnterSTANDBYMode
<LI><a href="#[67]">&gt;&gt;</a>&nbsp;&nbsp;&nbsp;IrdaSendKey
<LI><a href="#[86]">&gt;&gt;</a>&nbsp;&nbsp;&nbsp;IrdaGetData
<LI><a href="#[78]">&gt;&gt;</a>&nbsp;&nbsp;&nbsp;InterruptConfig
<LI><a href="#[56]">&gt;&gt;</a>&nbsp;&nbsp;&nbsp;IWDG_ReloadCounter
<LI><a href="#[7a]">&gt;&gt;</a>&nbsp;&nbsp;&nbsp;IAP_Init
<LI><a href="#[79]">&gt;&gt;</a>&nbsp;&nbsp;&nbsp;GPIOInit
<LI><a href="#[7b]">&gt;&gt;</a>&nbsp;&nbsp;&nbsp;Flash_GPIO_Configuration
<LI><a href="#[7c]">&gt;&gt;</a>&nbsp;&nbsp;&nbsp;Check_Flash_Module_Is_Normal
<LI><a href="#[70]">&gt;&gt;</a>&nbsp;&nbsp;&nbsp;IWDGInit
<LI><a href="#[53]">&gt;&gt;</a>&nbsp;&nbsp;&nbsp;IrdaProtocolHandle
<LI><a href="#[55]">&gt;&gt;</a>&nbsp;&nbsp;&nbsp;GetTick
<LI><a href="#[4e]">&gt;&gt;</a>&nbsp;&nbsp;&nbsp;StandBySet
<LI><a href="#[4c]">&gt;&gt;</a>&nbsp;&nbsp;&nbsp;Get_Unique_Device_ID
<LI><a href="#[84]">&gt;&gt;</a>&nbsp;&nbsp;&nbsp;__aeabi_memclr
<LI><a href="#[66]">&gt;&gt;</a>&nbsp;&nbsp;&nbsp;rand
</UL>
<BR>[Address Reference Count : 1]<UL><LI> entry8.o(.ARM.Collect$$$$00000009)
</UL>
<P><STRONG><a name="[1]"></a>NMI_Handler</STRONG> (Thumb, 2 bytes, Stack size 0 bytes, stm32l1xx_it.o(.text))
<BR>[Address Reference Count : 1]<UL><LI> startup_stm32l1xx_hd.o(RESET)
</UL>
<P><STRONG><a name="[2]"></a>HardFault_Handler</STRONG> (Thumb, 2 bytes, Stack size 0 bytes, stm32l1xx_it.o(.text))
<BR><BR>[Calls]<UL><LI><a href="#[2]">&gt;&gt;</a>&nbsp;&nbsp;&nbsp;HardFault_Handler
</UL>
<BR>[Called By]<UL><LI><a href="#[2]">&gt;&gt;</a>&nbsp;&nbsp;&nbsp;HardFault_Handler
</UL>
<BR>[Address Reference Count : 1]<UL><LI> startup_stm32l1xx_hd.o(RESET)
</UL>
<P><STRONG><a name="[3]"></a>MemManage_Handler</STRONG> (Thumb, 2 bytes, Stack size 0 bytes, stm32l1xx_it.o(.text))
<BR><BR>[Calls]<UL><LI><a href="#[3]">&gt;&gt;</a>&nbsp;&nbsp;&nbsp;MemManage_Handler
</UL>
<BR>[Called By]<UL><LI><a href="#[3]">&gt;&gt;</a>&nbsp;&nbsp;&nbsp;MemManage_Handler
</UL>
<BR>[Address Reference Count : 1]<UL><LI> startup_stm32l1xx_hd.o(RESET)
</UL>
<P><STRONG><a name="[4]"></a>BusFault_Handler</STRONG> (Thumb, 2 bytes, Stack size 0 bytes, stm32l1xx_it.o(.text))
<BR><BR>[Calls]<UL><LI><a href="#[4]">&gt;&gt;</a>&nbsp;&nbsp;&nbsp;BusFault_Handler
</UL>
<BR>[Called By]<UL><LI><a href="#[4]">&gt;&gt;</a>&nbsp;&nbsp;&nbsp;BusFault_Handler
</UL>
<BR>[Address Reference Count : 1]<UL><LI> startup_stm32l1xx_hd.o(RESET)
</UL>
<P><STRONG><a name="[5]"></a>UsageFault_Handler</STRONG> (Thumb, 2 bytes, Stack size 0 bytes, stm32l1xx_it.o(.text))
<BR><BR>[Calls]<UL><LI><a href="#[5]">&gt;&gt;</a>&nbsp;&nbsp;&nbsp;UsageFault_Handler
</UL>
<BR>[Called By]<UL><LI><a href="#[5]">&gt;&gt;</a>&nbsp;&nbsp;&nbsp;UsageFault_Handler
</UL>
<BR>[Address Reference Count : 1]<UL><LI> startup_stm32l1xx_hd.o(RESET)
</UL>
<P><STRONG><a name="[6]"></a>SVC_Handler</STRONG> (Thumb, 2 bytes, Stack size 0 bytes, stm32l1xx_it.o(.text))
<BR>[Address Reference Count : 1]<UL><LI> startup_stm32l1xx_hd.o(RESET)
</UL>
<P><STRONG><a name="[7]"></a>DebugMon_Handler</STRONG> (Thumb, 2 bytes, Stack size 0 bytes, stm32l1xx_it.o(.text))
<BR>[Address Reference Count : 1]<UL><LI> startup_stm32l1xx_hd.o(RESET)
</UL>
<P><STRONG><a name="[8]"></a>PendSV_Handler</STRONG> (Thumb, 2 bytes, Stack size 0 bytes, stm32l1xx_it.o(.text))
<BR>[Address Reference Count : 1]<UL><LI> startup_stm32l1xx_hd.o(RESET)
</UL>
<P><STRONG><a name="[9]"></a>SysTick_Handler</STRONG> (Thumb, 2 bytes, Stack size 0 bytes, stm32l1xx_it.o(.text))
<BR>[Address Reference Count : 1]<UL><LI> startup_stm32l1xx_hd.o(RESET)
</UL>
<P><STRONG><a name="[26]"></a>TIM2_IRQHandler</STRONG> (Thumb, 32 bytes, Stack size 8 bytes, stm32l1xx_it.o(.text))
<BR><BR>[Stack]<UL><LI>Max Depth = 8<LI>Call Chain = TIM2_IRQHandler
</UL>
<BR>[Calls]<UL><LI><a href="#[88]">&gt;&gt;</a>&nbsp;&nbsp;&nbsp;TIM_GetITStatus
<LI><a href="#[89]">&gt;&gt;</a>&nbsp;&nbsp;&nbsp;TIM_ClearITPendingBit
</UL>
<BR>[Address Reference Count : 1]<UL><LI> startup_stm32l1xx_hd.o(RESET)
</UL>
<P><STRONG><a name="[2f]"></a>USART1_IRQHandler</STRONG> (Thumb, 74 bytes, Stack size 8 bytes, stm32l1xx_it.o(.text))
<BR><BR>[Stack]<UL><LI>Max Depth = 12<LI>Call Chain = USART1_IRQHandler &rArr; USART_GetITStatus
</UL>
<BR>[Calls]<UL><LI><a href="#[8b]">&gt;&gt;</a>&nbsp;&nbsp;&nbsp;USART_ReceiveData
<LI><a href="#[8a]">&gt;&gt;</a>&nbsp;&nbsp;&nbsp;USART_GetITStatus
<LI><a href="#[8c]">&gt;&gt;</a>&nbsp;&nbsp;&nbsp;USART_ClearITPendingBit
</UL>
<BR>[Address Reference Count : 1]<UL><LI> startup_stm32l1xx_hd.o(RESET)
</UL>
<P><STRONG><a name="[b]"></a>PVD_IRQHandler</STRONG> (Thumb, 34 bytes, Stack size 8 bytes, stm32l1xx_it.o(.text))
<BR><BR>[Stack]<UL><LI>Max Depth = 8<LI>Call Chain = PVD_IRQHandler
</UL>
<BR>[Calls]<UL><LI><a href="#[8d]">&gt;&gt;</a>&nbsp;&nbsp;&nbsp;EXTI_GetITStatus
<LI><a href="#[8e]">&gt;&gt;</a>&nbsp;&nbsp;&nbsp;EXTI_ClearITPendingBit
<LI><a href="#[64]">&gt;&gt;</a>&nbsp;&nbsp;&nbsp;PWR_GetFlagStatus
</UL>
<BR>[Address Reference Count : 1]<UL><LI> startup_stm32l1xx_hd.o(RESET)
</UL>
<P><STRONG><a name="[d]"></a>RTC_WKUP_IRQHandler</STRONG> (Thumb, 2 bytes, Stack size 0 bytes, stm32l1xx_it.o(.text))
<BR>[Address Reference Count : 1]<UL><LI> startup_stm32l1xx_hd.o(RESET)
</UL>
<P><STRONG><a name="[8f]"></a>SerialPutChar</STRONG> (Thumb, 26 bytes, Stack size 8 bytes, common.o(.text))
<BR><BR>[Stack]<UL><LI>Max Depth = 8<LI>Call Chain = SerialPutChar
</UL>
<BR>[Calls]<UL><LI><a href="#[90]">&gt;&gt;</a>&nbsp;&nbsp;&nbsp;USART_SendData
<LI><a href="#[91]">&gt;&gt;</a>&nbsp;&nbsp;&nbsp;USART_GetFlagStatus
</UL>
<BR>[Called By]<UL><LI><a href="#[93]">&gt;&gt;</a>&nbsp;&nbsp;&nbsp;MyPrintf1
<LI><a href="#[92]">&gt;&gt;</a>&nbsp;&nbsp;&nbsp;Serial_PutString
</UL>

<P><STRONG><a name="[92]"></a>Serial_PutString</STRONG> (Thumb, 26 bytes, Stack size 8 bytes, common.o(.text), UNUSED)
<BR><BR>[Calls]<UL><LI><a href="#[8f]">&gt;&gt;</a>&nbsp;&nbsp;&nbsp;SerialPutChar
</UL>

<P><STRONG><a name="[93]"></a>MyPrintf1</STRONG> (Thumb, 32 bytes, Stack size 16 bytes, common.o(.text))
<BR><BR>[Stack]<UL><LI>Max Depth = 24<LI>Call Chain = MyPrintf1 &rArr; SerialPutChar
</UL>
<BR>[Calls]<UL><LI><a href="#[8f]">&gt;&gt;</a>&nbsp;&nbsp;&nbsp;SerialPutChar
</UL>
<BR>[Called By]<UL><LI><a href="#[67]">&gt;&gt;</a>&nbsp;&nbsp;&nbsp;IrdaSendKey
<LI><a href="#[54]">&gt;&gt;</a>&nbsp;&nbsp;&nbsp;IrdaAsk
</UL>

<P><STRONG><a name="[94]"></a>my_getchar</STRONG> (Thumb, 82 bytes, Stack size 16 bytes, common.o(.text))
<BR><BR>[Stack]<UL><LI>Max Depth = 16<LI>Call Chain = my_getchar
</UL>
<BR>[Calls]<UL><LI><a href="#[65]">&gt;&gt;</a>&nbsp;&nbsp;&nbsp;delay20ms
</UL>
<BR>[Called By]<UL><LI><a href="#[86]">&gt;&gt;</a>&nbsp;&nbsp;&nbsp;IrdaGetData
</UL>

<P><STRONG><a name="[86]"></a>IrdaGetData</STRONG> (Thumb, 38 bytes, Stack size 16 bytes, common.o(.text))
<BR><BR>[Stack]<UL><LI>Max Depth = 32<LI>Call Chain = IrdaGetData &rArr; my_getchar
</UL>
<BR>[Calls]<UL><LI><a href="#[94]">&gt;&gt;</a>&nbsp;&nbsp;&nbsp;my_getchar
</UL>
<BR>[Called By]<UL><LI><a href="#[43]">&gt;&gt;</a>&nbsp;&nbsp;&nbsp;main
</UL>

<P><STRONG><a name="[9f]"></a>Delay</STRONG> (Thumb, 14 bytes, Stack size 0 bytes, spiflash.o(.text))
<BR><BR>[Called By]<UL><LI><a href="#[a9]">&gt;&gt;</a>&nbsp;&nbsp;&nbsp;SPI_Flash_Erase_Sector
<LI><a href="#[a8]">&gt;&gt;</a>&nbsp;&nbsp;&nbsp;SPI_Flash_Erase_Chip
<LI><a href="#[9e]">&gt;&gt;</a>&nbsp;&nbsp;&nbsp;SPI_Flash_Wait_Busy
</UL>

<P><STRONG><a name="[7b]"></a>Flash_GPIO_Configuration</STRONG> (Thumb, 144 bytes, Stack size 24 bytes, spiflash.o(.text))
<BR><BR>[Stack]<UL><LI>Max Depth = 44<LI>Call Chain = Flash_GPIO_Configuration &rArr; GPIO_Init
</UL>
<BR>[Calls]<UL><LI><a href="#[95]">&gt;&gt;</a>&nbsp;&nbsp;&nbsp;GPIO_SetBits
<LI><a href="#[50]">&gt;&gt;</a>&nbsp;&nbsp;&nbsp;RCC_APB2PeriphClockCmd
<LI><a href="#[51]">&gt;&gt;</a>&nbsp;&nbsp;&nbsp;RCC_AHBPeriphClockCmd
<LI><a href="#[52]">&gt;&gt;</a>&nbsp;&nbsp;&nbsp;GPIO_Init
</UL>
<BR>[Called By]<UL><LI><a href="#[43]">&gt;&gt;</a>&nbsp;&nbsp;&nbsp;main
</UL>

<P><STRONG><a name="[96]"></a>Flash_Start</STRONG> (Thumb, 8 bytes, Stack size 0 bytes, spiflash.o(.text))
<BR><BR>[Calls]<UL><LI><a href="#[4f]">&gt;&gt;</a>&nbsp;&nbsp;&nbsp;RCC_APB1PeriphClockCmd
</UL>
<BR>[Called By]<UL><LI><a href="#[a9]">&gt;&gt;</a>&nbsp;&nbsp;&nbsp;SPI_Flash_Erase_Sector
<LI><a href="#[a6]">&gt;&gt;</a>&nbsp;&nbsp;&nbsp;SPI_FLASH_BufferWrite
<LI><a href="#[a4]">&gt;&gt;</a>&nbsp;&nbsp;&nbsp;SPI_Flash_BufferRead
<LI><a href="#[a3]">&gt;&gt;</a>&nbsp;&nbsp;&nbsp;SPI_Flash_Read_Block
</UL>

<P><STRONG><a name="[97]"></a>Flash_End</STRONG> (Thumb, 8 bytes, Stack size 0 bytes, spiflash.o(.text))
<BR><BR>[Calls]<UL><LI><a href="#[4f]">&gt;&gt;</a>&nbsp;&nbsp;&nbsp;RCC_APB1PeriphClockCmd
</UL>
<BR>[Called By]<UL><LI><a href="#[a9]">&gt;&gt;</a>&nbsp;&nbsp;&nbsp;SPI_Flash_Erase_Sector
<LI><a href="#[a6]">&gt;&gt;</a>&nbsp;&nbsp;&nbsp;SPI_FLASH_BufferWrite
<LI><a href="#[a4]">&gt;&gt;</a>&nbsp;&nbsp;&nbsp;SPI_Flash_BufferRead
<LI><a href="#[a3]">&gt;&gt;</a>&nbsp;&nbsp;&nbsp;SPI_Flash_Read_Block
</UL>

<P><STRONG><a name="[98]"></a>FLASH_CS</STRONG> (Thumb, 48 bytes, Stack size 8 bytes, spiflash.o(.text))
<BR><BR>[Stack]<UL><LI>Max Depth = 8<LI>Call Chain = FLASH_CS
</UL>
<BR>[Calls]<UL><LI><a href="#[95]">&gt;&gt;</a>&nbsp;&nbsp;&nbsp;GPIO_SetBits
<LI><a href="#[99]">&gt;&gt;</a>&nbsp;&nbsp;&nbsp;GPIO_ResetBits
</UL>
<BR>[Called By]<UL><LI><a href="#[a9]">&gt;&gt;</a>&nbsp;&nbsp;&nbsp;SPI_Flash_Erase_Sector
<LI><a href="#[a8]">&gt;&gt;</a>&nbsp;&nbsp;&nbsp;SPI_Flash_Erase_Chip
<LI><a href="#[a7]">&gt;&gt;</a>&nbsp;&nbsp;&nbsp;SPI_Flash_Unlock
<LI><a href="#[a5]">&gt;&gt;</a>&nbsp;&nbsp;&nbsp;SPI_FLASH_BlockWrite
<LI><a href="#[a4]">&gt;&gt;</a>&nbsp;&nbsp;&nbsp;SPI_Flash_BufferRead
<LI><a href="#[a3]">&gt;&gt;</a>&nbsp;&nbsp;&nbsp;SPI_Flash_Read_Block
<LI><a href="#[a2]">&gt;&gt;</a>&nbsp;&nbsp;&nbsp;SPI_FLASH_Read_JID
<LI><a href="#[a0]">&gt;&gt;</a>&nbsp;&nbsp;&nbsp;SPI_FLASH_ReadID
<LI><a href="#[9d]">&gt;&gt;</a>&nbsp;&nbsp;&nbsp;SPI_Flash_Status
<LI><a href="#[7d]">&gt;&gt;</a>&nbsp;&nbsp;&nbsp;SPI_FLASH_Wakeup
<LI><a href="#[80]">&gt;&gt;</a>&nbsp;&nbsp;&nbsp;SPI_FLASH_DeepSleep
</UL>

<P><STRONG><a name="[9a]"></a>SPI_Flash_ReadByte</STRONG> (Thumb, 56 bytes, Stack size 16 bytes, spiflash.o(.text))
<BR><BR>[Stack]<UL><LI>Max Depth = 16<LI>Call Chain = SPI_Flash_ReadByte
</UL>
<BR>[Calls]<UL><LI><a href="#[95]">&gt;&gt;</a>&nbsp;&nbsp;&nbsp;GPIO_SetBits
<LI><a href="#[99]">&gt;&gt;</a>&nbsp;&nbsp;&nbsp;GPIO_ResetBits
<LI><a href="#[9b]">&gt;&gt;</a>&nbsp;&nbsp;&nbsp;GPIO_ReadInputDataBit
</UL>
<BR>[Called By]<UL><LI><a href="#[a4]">&gt;&gt;</a>&nbsp;&nbsp;&nbsp;SPI_Flash_BufferRead
<LI><a href="#[a3]">&gt;&gt;</a>&nbsp;&nbsp;&nbsp;SPI_Flash_Read_Block
<LI><a href="#[a2]">&gt;&gt;</a>&nbsp;&nbsp;&nbsp;SPI_FLASH_Read_JID
<LI><a href="#[a0]">&gt;&gt;</a>&nbsp;&nbsp;&nbsp;SPI_FLASH_ReadID
<LI><a href="#[9d]">&gt;&gt;</a>&nbsp;&nbsp;&nbsp;SPI_Flash_Status
</UL>

<P><STRONG><a name="[9c]"></a>SPI_FLASH_SendByte</STRONG> (Thumb, 62 bytes, Stack size 16 bytes, spiflash.o(.text))
<BR><BR>[Stack]<UL><LI>Max Depth = 16<LI>Call Chain = SPI_FLASH_SendByte
</UL>
<BR>[Calls]<UL><LI><a href="#[95]">&gt;&gt;</a>&nbsp;&nbsp;&nbsp;GPIO_SetBits
<LI><a href="#[99]">&gt;&gt;</a>&nbsp;&nbsp;&nbsp;GPIO_ResetBits
</UL>
<BR>[Called By]<UL><LI><a href="#[a9]">&gt;&gt;</a>&nbsp;&nbsp;&nbsp;SPI_Flash_Erase_Sector
<LI><a href="#[a8]">&gt;&gt;</a>&nbsp;&nbsp;&nbsp;SPI_Flash_Erase_Chip
<LI><a href="#[a7]">&gt;&gt;</a>&nbsp;&nbsp;&nbsp;SPI_Flash_Unlock
<LI><a href="#[a5]">&gt;&gt;</a>&nbsp;&nbsp;&nbsp;SPI_FLASH_BlockWrite
<LI><a href="#[a4]">&gt;&gt;</a>&nbsp;&nbsp;&nbsp;SPI_Flash_BufferRead
<LI><a href="#[a3]">&gt;&gt;</a>&nbsp;&nbsp;&nbsp;SPI_Flash_Read_Block
<LI><a href="#[a2]">&gt;&gt;</a>&nbsp;&nbsp;&nbsp;SPI_FLASH_Read_JID
<LI><a href="#[a0]">&gt;&gt;</a>&nbsp;&nbsp;&nbsp;SPI_FLASH_ReadID
<LI><a href="#[9d]">&gt;&gt;</a>&nbsp;&nbsp;&nbsp;SPI_Flash_Status
<LI><a href="#[7d]">&gt;&gt;</a>&nbsp;&nbsp;&nbsp;SPI_FLASH_Wakeup
<LI><a href="#[80]">&gt;&gt;</a>&nbsp;&nbsp;&nbsp;SPI_FLASH_DeepSleep
</UL>

<P><STRONG><a name="[9d]"></a>SPI_Flash_Status</STRONG> (Thumb, 30 bytes, Stack size 8 bytes, spiflash.o(.text))
<BR><BR>[Stack]<UL><LI>Max Depth = 24<LI>Call Chain = SPI_Flash_Status &rArr; SPI_FLASH_SendByte
</UL>
<BR>[Calls]<UL><LI><a href="#[9c]">&gt;&gt;</a>&nbsp;&nbsp;&nbsp;SPI_FLASH_SendByte
<LI><a href="#[9a]">&gt;&gt;</a>&nbsp;&nbsp;&nbsp;SPI_Flash_ReadByte
<LI><a href="#[98]">&gt;&gt;</a>&nbsp;&nbsp;&nbsp;FLASH_CS
</UL>
<BR>[Called By]<UL><LI><a href="#[a9]">&gt;&gt;</a>&nbsp;&nbsp;&nbsp;SPI_Flash_Erase_Sector
<LI><a href="#[a8]">&gt;&gt;</a>&nbsp;&nbsp;&nbsp;SPI_Flash_Erase_Chip
<LI><a href="#[a7]">&gt;&gt;</a>&nbsp;&nbsp;&nbsp;SPI_Flash_Unlock
<LI><a href="#[9e]">&gt;&gt;</a>&nbsp;&nbsp;&nbsp;SPI_Flash_Wait_Busy
</UL>

<P><STRONG><a name="[9e]"></a>SPI_Flash_Wait_Busy</STRONG> (Thumb, 38 bytes, Stack size 8 bytes, spiflash.o(.text))
<BR><BR>[Stack]<UL><LI>Max Depth = 32<LI>Call Chain = SPI_Flash_Wait_Busy &rArr; SPI_Flash_Status &rArr; SPI_FLASH_SendByte
</UL>
<BR>[Calls]<UL><LI><a href="#[9d]">&gt;&gt;</a>&nbsp;&nbsp;&nbsp;SPI_Flash_Status
<LI><a href="#[9f]">&gt;&gt;</a>&nbsp;&nbsp;&nbsp;Delay
<LI><a href="#[56]">&gt;&gt;</a>&nbsp;&nbsp;&nbsp;IWDG_ReloadCounter
</UL>
<BR>[Called By]<UL><LI><a href="#[a9]">&gt;&gt;</a>&nbsp;&nbsp;&nbsp;SPI_Flash_Erase_Sector
<LI><a href="#[a8]">&gt;&gt;</a>&nbsp;&nbsp;&nbsp;SPI_Flash_Erase_Chip
<LI><a href="#[a7]">&gt;&gt;</a>&nbsp;&nbsp;&nbsp;SPI_Flash_Unlock
<LI><a href="#[a5]">&gt;&gt;</a>&nbsp;&nbsp;&nbsp;SPI_FLASH_BlockWrite
</UL>

<P><STRONG><a name="[a0]"></a>SPI_FLASH_ReadID</STRONG> (Thumb, 56 bytes, Stack size 8 bytes, spiflash.o(.text))
<BR><BR>[Stack]<UL><LI>Max Depth = 24<LI>Call Chain = SPI_FLASH_ReadID &rArr; SPI_FLASH_SendByte
</UL>
<BR>[Calls]<UL><LI><a href="#[9c]">&gt;&gt;</a>&nbsp;&nbsp;&nbsp;SPI_FLASH_SendByte
<LI><a href="#[9a]">&gt;&gt;</a>&nbsp;&nbsp;&nbsp;SPI_Flash_ReadByte
<LI><a href="#[98]">&gt;&gt;</a>&nbsp;&nbsp;&nbsp;FLASH_CS
</UL>
<BR>[Called By]<UL><LI><a href="#[7c]">&gt;&gt;</a>&nbsp;&nbsp;&nbsp;Check_Flash_Module_Is_Normal
</UL>

<P><STRONG><a name="[80]"></a>SPI_FLASH_DeepSleep</STRONG> (Thumb, 30 bytes, Stack size 8 bytes, spiflash.o(.text))
<BR><BR>[Stack]<UL><LI>Max Depth = 24<LI>Call Chain = SPI_FLASH_DeepSleep &rArr; SPI_FLASH_SendByte
</UL>
<BR>[Calls]<UL><LI><a href="#[a1]">&gt;&gt;</a>&nbsp;&nbsp;&nbsp;delayms
<LI><a href="#[9c]">&gt;&gt;</a>&nbsp;&nbsp;&nbsp;SPI_FLASH_SendByte
<LI><a href="#[98]">&gt;&gt;</a>&nbsp;&nbsp;&nbsp;FLASH_CS
</UL>
<BR>[Called By]<UL><LI><a href="#[43]">&gt;&gt;</a>&nbsp;&nbsp;&nbsp;main
</UL>

<P><STRONG><a name="[7d]"></a>SPI_FLASH_Wakeup</STRONG> (Thumb, 30 bytes, Stack size 8 bytes, spiflash.o(.text))
<BR><BR>[Stack]<UL><LI>Max Depth = 24<LI>Call Chain = SPI_FLASH_Wakeup &rArr; SPI_FLASH_SendByte
</UL>
<BR>[Calls]<UL><LI><a href="#[a1]">&gt;&gt;</a>&nbsp;&nbsp;&nbsp;delayms
<LI><a href="#[9c]">&gt;&gt;</a>&nbsp;&nbsp;&nbsp;SPI_FLASH_SendByte
<LI><a href="#[98]">&gt;&gt;</a>&nbsp;&nbsp;&nbsp;FLASH_CS
</UL>
<BR>[Called By]<UL><LI><a href="#[43]">&gt;&gt;</a>&nbsp;&nbsp;&nbsp;main
</UL>

<P><STRONG><a name="[a2]"></a>SPI_FLASH_Read_JID</STRONG> (Thumb, 46 bytes, Stack size 8 bytes, spiflash.o(.text), UNUSED)
<BR><BR>[Calls]<UL><LI><a href="#[9c]">&gt;&gt;</a>&nbsp;&nbsp;&nbsp;SPI_FLASH_SendByte
<LI><a href="#[9a]">&gt;&gt;</a>&nbsp;&nbsp;&nbsp;SPI_Flash_ReadByte
<LI><a href="#[98]">&gt;&gt;</a>&nbsp;&nbsp;&nbsp;FLASH_CS
</UL>

<P><STRONG><a name="[a3]"></a>SPI_Flash_Read_Block</STRONG> (Thumb, 90 bytes, Stack size 24 bytes, spiflash.o(.text))
<BR><BR>[Stack]<UL><LI>Max Depth = 40<LI>Call Chain = SPI_Flash_Read_Block &rArr; SPI_FLASH_SendByte
</UL>
<BR>[Calls]<UL><LI><a href="#[9c]">&gt;&gt;</a>&nbsp;&nbsp;&nbsp;SPI_FLASH_SendByte
<LI><a href="#[9a]">&gt;&gt;</a>&nbsp;&nbsp;&nbsp;SPI_Flash_ReadByte
<LI><a href="#[98]">&gt;&gt;</a>&nbsp;&nbsp;&nbsp;FLASH_CS
<LI><a href="#[97]">&gt;&gt;</a>&nbsp;&nbsp;&nbsp;Flash_End
<LI><a href="#[96]">&gt;&gt;</a>&nbsp;&nbsp;&nbsp;Flash_Start
</UL>
<BR>[Called By]<UL><LI><a href="#[5c]">&gt;&gt;</a>&nbsp;&nbsp;&nbsp;WriteBinFile
<LI><a href="#[6c]">&gt;&gt;</a>&nbsp;&nbsp;&nbsp;ReadRecordFileN
<LI><a href="#[5f]">&gt;&gt;</a>&nbsp;&nbsp;&nbsp;ReadRecordFile
<LI><a href="#[5d]">&gt;&gt;</a>&nbsp;&nbsp;&nbsp;ReadBinFile
<LI><a href="#[60]">&gt;&gt;</a>&nbsp;&nbsp;&nbsp;FindRecord
<LI><a href="#[61]">&gt;&gt;</a>&nbsp;&nbsp;&nbsp;DeleRecord
</UL>

<P><STRONG><a name="[a4]"></a>SPI_Flash_BufferRead</STRONG> (Thumb, 110 bytes, Stack size 32 bytes, spiflash.o(.text), UNUSED)
<BR><BR>[Calls]<UL><LI><a href="#[9c]">&gt;&gt;</a>&nbsp;&nbsp;&nbsp;SPI_FLASH_SendByte
<LI><a href="#[9a]">&gt;&gt;</a>&nbsp;&nbsp;&nbsp;SPI_Flash_ReadByte
<LI><a href="#[98]">&gt;&gt;</a>&nbsp;&nbsp;&nbsp;FLASH_CS
<LI><a href="#[97]">&gt;&gt;</a>&nbsp;&nbsp;&nbsp;Flash_End
<LI><a href="#[96]">&gt;&gt;</a>&nbsp;&nbsp;&nbsp;Flash_Start
</UL>

<P><STRONG><a name="[a5]"></a>SPI_FLASH_BlockWrite</STRONG> (Thumb, 142 bytes, Stack size 32 bytes, spiflash.o(.text))
<BR><BR>[Stack]<UL><LI>Max Depth = 64<LI>Call Chain = SPI_FLASH_BlockWrite &rArr; SPI_Flash_Wait_Busy &rArr; SPI_Flash_Status &rArr; SPI_FLASH_SendByte
</UL>
<BR>[Calls]<UL><LI><a href="#[9e]">&gt;&gt;</a>&nbsp;&nbsp;&nbsp;SPI_Flash_Wait_Busy
<LI><a href="#[9c]">&gt;&gt;</a>&nbsp;&nbsp;&nbsp;SPI_FLASH_SendByte
<LI><a href="#[98]">&gt;&gt;</a>&nbsp;&nbsp;&nbsp;FLASH_CS
</UL>
<BR>[Called By]<UL><LI><a href="#[a6]">&gt;&gt;</a>&nbsp;&nbsp;&nbsp;SPI_FLASH_BufferWrite
</UL>

<P><STRONG><a name="[a6]"></a>SPI_FLASH_BufferWrite</STRONG> (Thumb, 74 bytes, Stack size 24 bytes, spiflash.o(.text))
<BR><BR>[Stack]<UL><LI>Max Depth = 88<LI>Call Chain = SPI_FLASH_BufferWrite &rArr; SPI_FLASH_BlockWrite &rArr; SPI_Flash_Wait_Busy &rArr; SPI_Flash_Status &rArr; SPI_FLASH_SendByte
</UL>
<BR>[Calls]<UL><LI><a href="#[a5]">&gt;&gt;</a>&nbsp;&nbsp;&nbsp;SPI_FLASH_BlockWrite
<LI><a href="#[97]">&gt;&gt;</a>&nbsp;&nbsp;&nbsp;Flash_End
<LI><a href="#[96]">&gt;&gt;</a>&nbsp;&nbsp;&nbsp;Flash_Start
</UL>
<BR>[Called By]<UL><LI><a href="#[6d]">&gt;&gt;</a>&nbsp;&nbsp;&nbsp;WriteRecordFileN
<LI><a href="#[5e]">&gt;&gt;</a>&nbsp;&nbsp;&nbsp;WriteRecordFile
<LI><a href="#[5c]">&gt;&gt;</a>&nbsp;&nbsp;&nbsp;WriteBinFile
<LI><a href="#[61]">&gt;&gt;</a>&nbsp;&nbsp;&nbsp;DeleRecord
</UL>

<P><STRONG><a name="[a7]"></a>SPI_Flash_Unlock</STRONG> (Thumb, 90 bytes, Stack size 8 bytes, spiflash.o(.text))
<BR><BR>[Stack]<UL><LI>Max Depth = 40<LI>Call Chain = SPI_Flash_Unlock &rArr; SPI_Flash_Wait_Busy &rArr; SPI_Flash_Status &rArr; SPI_FLASH_SendByte
</UL>
<BR>[Calls]<UL><LI><a href="#[9e]">&gt;&gt;</a>&nbsp;&nbsp;&nbsp;SPI_Flash_Wait_Busy
<LI><a href="#[9d]">&gt;&gt;</a>&nbsp;&nbsp;&nbsp;SPI_Flash_Status
<LI><a href="#[9c]">&gt;&gt;</a>&nbsp;&nbsp;&nbsp;SPI_FLASH_SendByte
<LI><a href="#[98]">&gt;&gt;</a>&nbsp;&nbsp;&nbsp;FLASH_CS
</UL>
<BR>[Called By]<UL><LI><a href="#[7c]">&gt;&gt;</a>&nbsp;&nbsp;&nbsp;Check_Flash_Module_Is_Normal
</UL>

<P><STRONG><a name="[a8]"></a>SPI_Flash_Erase_Chip</STRONG> (Thumb, 98 bytes, Stack size 8 bytes, spiflash.o(.text))
<BR><BR>[Stack]<UL><LI>Max Depth = 40<LI>Call Chain = SPI_Flash_Erase_Chip &rArr; SPI_Flash_Wait_Busy &rArr; SPI_Flash_Status &rArr; SPI_FLASH_SendByte
</UL>
<BR>[Calls]<UL><LI><a href="#[9e]">&gt;&gt;</a>&nbsp;&nbsp;&nbsp;SPI_Flash_Wait_Busy
<LI><a href="#[9d]">&gt;&gt;</a>&nbsp;&nbsp;&nbsp;SPI_Flash_Status
<LI><a href="#[9c]">&gt;&gt;</a>&nbsp;&nbsp;&nbsp;SPI_FLASH_SendByte
<LI><a href="#[98]">&gt;&gt;</a>&nbsp;&nbsp;&nbsp;FLASH_CS
<LI><a href="#[9f]">&gt;&gt;</a>&nbsp;&nbsp;&nbsp;Delay
<LI><a href="#[56]">&gt;&gt;</a>&nbsp;&nbsp;&nbsp;IWDG_ReloadCounter
</UL>
<BR>[Called By]<UL><LI><a href="#[6f]">&gt;&gt;</a>&nbsp;&nbsp;&nbsp;FormatSystem
</UL>

<P><STRONG><a name="[a9]"></a>SPI_Flash_Erase_Sector</STRONG> (Thumb, 152 bytes, Stack size 24 bytes, spiflash.o(.text))
<BR><BR>[Stack]<UL><LI>Max Depth = 56<LI>Call Chain = SPI_Flash_Erase_Sector &rArr; SPI_Flash_Wait_Busy &rArr; SPI_Flash_Status &rArr; SPI_FLASH_SendByte
</UL>
<BR>[Calls]<UL><LI><a href="#[9e]">&gt;&gt;</a>&nbsp;&nbsp;&nbsp;SPI_Flash_Wait_Busy
<LI><a href="#[9d]">&gt;&gt;</a>&nbsp;&nbsp;&nbsp;SPI_Flash_Status
<LI><a href="#[9c]">&gt;&gt;</a>&nbsp;&nbsp;&nbsp;SPI_FLASH_SendByte
<LI><a href="#[98]">&gt;&gt;</a>&nbsp;&nbsp;&nbsp;FLASH_CS
<LI><a href="#[97]">&gt;&gt;</a>&nbsp;&nbsp;&nbsp;Flash_End
<LI><a href="#[96]">&gt;&gt;</a>&nbsp;&nbsp;&nbsp;Flash_Start
<LI><a href="#[9f]">&gt;&gt;</a>&nbsp;&nbsp;&nbsp;Delay
<LI><a href="#[56]">&gt;&gt;</a>&nbsp;&nbsp;&nbsp;IWDG_ReloadCounter
</UL>
<BR>[Called By]<UL><LI><a href="#[5c]">&gt;&gt;</a>&nbsp;&nbsp;&nbsp;WriteBinFile
<LI><a href="#[61]">&gt;&gt;</a>&nbsp;&nbsp;&nbsp;DeleRecord
<LI><a href="#[59]">&gt;&gt;</a>&nbsp;&nbsp;&nbsp;CreatRecordFile
<LI><a href="#[58]">&gt;&gt;</a>&nbsp;&nbsp;&nbsp;CreatBinFile
<LI><a href="#[68]">&gt;&gt;</a>&nbsp;&nbsp;&nbsp;ClearRecord
</UL>

<P><STRONG><a name="[7c]"></a>Check_Flash_Module_Is_Normal</STRONG> (Thumb, 28 bytes, Stack size 8 bytes, spiflash.o(.text))
<BR><BR>[Stack]<UL><LI>Max Depth = 48<LI>Call Chain = Check_Flash_Module_Is_Normal &rArr; SPI_Flash_Unlock &rArr; SPI_Flash_Wait_Busy &rArr; SPI_Flash_Status &rArr; SPI_FLASH_SendByte
</UL>
<BR>[Calls]<UL><LI><a href="#[a7]">&gt;&gt;</a>&nbsp;&nbsp;&nbsp;SPI_Flash_Unlock
<LI><a href="#[a0]">&gt;&gt;</a>&nbsp;&nbsp;&nbsp;SPI_FLASH_ReadID
</UL>
<BR>[Called By]<UL><LI><a href="#[43]">&gt;&gt;</a>&nbsp;&nbsp;&nbsp;main
</UL>

<P><STRONG><a name="[a1]"></a>delayms</STRONG> (Thumb, 22 bytes, Stack size 0 bytes, myapp.o(.text))
<BR><BR>[Called By]<UL><LI><a href="#[6e]">&gt;&gt;</a>&nbsp;&nbsp;&nbsp;Update_Program_Handle
<LI><a href="#[7d]">&gt;&gt;</a>&nbsp;&nbsp;&nbsp;SPI_FLASH_Wakeup
<LI><a href="#[80]">&gt;&gt;</a>&nbsp;&nbsp;&nbsp;SPI_FLASH_DeepSleep
</UL>

<P><STRONG><a name="[65]"></a>delay20ms</STRONG> (Thumb, 22 bytes, Stack size 0 bytes, myapp.o(.text))
<BR><BR>[Called By]<UL><LI><a href="#[94]">&gt;&gt;</a>&nbsp;&nbsp;&nbsp;my_getchar
<LI><a href="#[43]">&gt;&gt;</a>&nbsp;&nbsp;&nbsp;main
<LI><a href="#[53]">&gt;&gt;</a>&nbsp;&nbsp;&nbsp;IrdaProtocolHandle
</UL>

<P><STRONG><a name="[85]"></a>ScanKey1</STRONG> (Thumb, 102 bytes, Stack size 16 bytes, myapp.o(.text))
<BR><BR>[Stack]<UL><LI>Max Depth = 16<LI>Call Chain = ScanKey1
</UL>
<BR>[Calls]<UL><LI><a href="#[9b]">&gt;&gt;</a>&nbsp;&nbsp;&nbsp;GPIO_ReadInputDataBit
</UL>
<BR>[Called By]<UL><LI><a href="#[43]">&gt;&gt;</a>&nbsp;&nbsp;&nbsp;main
</UL>

<P><STRONG><a name="[67]"></a>IrdaSendKey</STRONG> (Thumb, 120 bytes, Stack size 32 bytes, myapp.o(.text))
<BR><BR>[Stack]<UL><LI>Max Depth = 160<LI>Call Chain = IrdaSendKey &rArr; Data_AES &rArr; aesEncrypt &rArr; Cipher &rArr; MixColumns &rArr; MixColumn &rArr; DotProduct
</UL>
<BR>[Calls]<UL><LI><a href="#[93]">&gt;&gt;</a>&nbsp;&nbsp;&nbsp;MyPrintf1
<LI><a href="#[6a]">&gt;&gt;</a>&nbsp;&nbsp;&nbsp;Get_Key_Aes_Data
<LI><a href="#[6b]">&gt;&gt;</a>&nbsp;&nbsp;&nbsp;Data_AES
</UL>
<BR>[Called By]<UL><LI><a href="#[43]">&gt;&gt;</a>&nbsp;&nbsp;&nbsp;main
<LI><a href="#[53]">&gt;&gt;</a>&nbsp;&nbsp;&nbsp;IrdaProtocolHandle
</UL>

<P><STRONG><a name="[54]"></a>IrdaAsk</STRONG> (Thumb, 66 bytes, Stack size 160 bytes, myapp.o(.text))
<BR><BR>[Stack]<UL><LI>Max Depth = 184<LI>Call Chain = IrdaAsk &rArr; MyPrintf1 &rArr; SerialPutChar
</UL>
<BR>[Calls]<UL><LI><a href="#[93]">&gt;&gt;</a>&nbsp;&nbsp;&nbsp;MyPrintf1
<LI><a href="#[aa]">&gt;&gt;</a>&nbsp;&nbsp;&nbsp;__aeabi_memcpy
</UL>
<BR>[Called By]<UL><LI><a href="#[c3]">&gt;&gt;</a>&nbsp;&nbsp;&nbsp;USB_CMD_Respond
<LI><a href="#[53]">&gt;&gt;</a>&nbsp;&nbsp;&nbsp;IrdaProtocolHandle
</UL>

<P><STRONG><a name="[49]"></a>RTC_TimeShow</STRONG> (Thumb, 22 bytes, Stack size 8 bytes, myapp.o(.text))
<BR><BR>[Stack]<UL><LI>Max Depth = 16<LI>Call Chain = RTC_TimeShow &rArr; RTC_GetTime
</UL>
<BR>[Calls]<UL><LI><a href="#[ab]">&gt;&gt;</a>&nbsp;&nbsp;&nbsp;RTC_GetTime
<LI><a href="#[ac]">&gt;&gt;</a>&nbsp;&nbsp;&nbsp;RTC_GetDate
</UL>
<BR>[Called By]<UL><LI><a href="#[4b]">&gt;&gt;</a>&nbsp;&nbsp;&nbsp;RTC_TimeRegulate
<LI><a href="#[48]">&gt;&gt;</a>&nbsp;&nbsp;&nbsp;GetCurrSecond
</UL>

<P><STRONG><a name="[14b]"></a>RTC_AlarmShow</STRONG> (Thumb, 2 bytes, Stack size 0 bytes, myapp.o(.text), UNUSED)

<P><STRONG><a name="[ad]"></a>RTC_Config</STRONG> (Thumb, 64 bytes, Stack size 8 bytes, myapp.o(.text))
<BR><BR>[Stack]<UL><LI>Max Depth = 8<LI>Call Chain = RTC_Config
</UL>
<BR>[Calls]<UL><LI><a href="#[b2]">&gt;&gt;</a>&nbsp;&nbsp;&nbsp;RTC_WaitForSynchro
<LI><a href="#[b0]">&gt;&gt;</a>&nbsp;&nbsp;&nbsp;RCC_RTCCLKConfig
<LI><a href="#[b1]">&gt;&gt;</a>&nbsp;&nbsp;&nbsp;RCC_RTCCLKCmd
<LI><a href="#[af]">&gt;&gt;</a>&nbsp;&nbsp;&nbsp;RCC_GetFlagStatus
<LI><a href="#[ae]">&gt;&gt;</a>&nbsp;&nbsp;&nbsp;PWR_RTCAccessCmd
<LI><a href="#[76]">&gt;&gt;</a>&nbsp;&nbsp;&nbsp;RCC_LSICmd
<LI><a href="#[4f]">&gt;&gt;</a>&nbsp;&nbsp;&nbsp;RCC_APB1PeriphClockCmd
</UL>
<BR>[Called By]<UL><LI><a href="#[77]">&gt;&gt;</a>&nbsp;&nbsp;&nbsp;myRTC_Init
</UL>

<P><STRONG><a name="[4b]"></a>RTC_TimeRegulate</STRONG> (Thumb, 84 bytes, Stack size 8 bytes, myapp.o(.text))
<BR><BR>[Stack]<UL><LI>Max Depth = 32<LI>Call Chain = RTC_TimeRegulate &rArr; RTC_SetTime
</UL>
<BR>[Calls]<UL><LI><a href="#[b4]">&gt;&gt;</a>&nbsp;&nbsp;&nbsp;RTC_SetTime
<LI><a href="#[b3]">&gt;&gt;</a>&nbsp;&nbsp;&nbsp;RTC_SetDate
<LI><a href="#[7f]">&gt;&gt;</a>&nbsp;&nbsp;&nbsp;RTC_WriteBackupRegister
<LI><a href="#[49]">&gt;&gt;</a>&nbsp;&nbsp;&nbsp;RTC_TimeShow
</UL>
<BR>[Called By]<UL><LI><a href="#[77]">&gt;&gt;</a>&nbsp;&nbsp;&nbsp;myRTC_Init
<LI><a href="#[4a]">&gt;&gt;</a>&nbsp;&nbsp;&nbsp;SetCurrSecond
</UL>

<P><STRONG><a name="[79]"></a>GPIOInit</STRONG> (Thumb, 120 bytes, Stack size 32 bytes, myapp.o(.text))
<BR><BR>[Stack]<UL><LI>Max Depth = 52<LI>Call Chain = GPIOInit &rArr; GPIO_Init
</UL>
<BR>[Calls]<UL><LI><a href="#[99]">&gt;&gt;</a>&nbsp;&nbsp;&nbsp;GPIO_ResetBits
<LI><a href="#[50]">&gt;&gt;</a>&nbsp;&nbsp;&nbsp;RCC_APB2PeriphClockCmd
<LI><a href="#[51]">&gt;&gt;</a>&nbsp;&nbsp;&nbsp;RCC_AHBPeriphClockCmd
<LI><a href="#[52]">&gt;&gt;</a>&nbsp;&nbsp;&nbsp;GPIO_Init
</UL>
<BR>[Called By]<UL><LI><a href="#[43]">&gt;&gt;</a>&nbsp;&nbsp;&nbsp;main
</UL>

<P><STRONG><a name="[78]"></a>InterruptConfig</STRONG> (Thumb, 86 bytes, Stack size 16 bytes, myapp.o(.text))
<BR><BR>[Stack]<UL><LI>Max Depth = 24<LI>Call Chain = InterruptConfig &rArr; NVIC_Init
</UL>
<BR>[Calls]<UL><LI><a href="#[b8]">&gt;&gt;</a>&nbsp;&nbsp;&nbsp;PWR_PVDLevelConfig
<LI><a href="#[b9]">&gt;&gt;</a>&nbsp;&nbsp;&nbsp;PWR_PVDCmd
<LI><a href="#[b5]">&gt;&gt;</a>&nbsp;&nbsp;&nbsp;NVIC_SetVectorTable
<LI><a href="#[b6]">&gt;&gt;</a>&nbsp;&nbsp;&nbsp;NVIC_PriorityGroupConfig
<LI><a href="#[b7]">&gt;&gt;</a>&nbsp;&nbsp;&nbsp;NVIC_Init
<LI><a href="#[4f]">&gt;&gt;</a>&nbsp;&nbsp;&nbsp;RCC_APB1PeriphClockCmd
</UL>
<BR>[Called By]<UL><LI><a href="#[43]">&gt;&gt;</a>&nbsp;&nbsp;&nbsp;main
</UL>

<P><STRONG><a name="[7a]"></a>IAP_Init</STRONG> (Thumb, 46 bytes, Stack size 24 bytes, myapp.o(.text))
<BR><BR>[Stack]<UL><LI>Max Depth = 88<LI>Call Chain = IAP_Init &rArr; STM_EVAL_COMInit &rArr; USART_Init
</UL>
<BR>[Calls]<UL><LI><a href="#[ba]">&gt;&gt;</a>&nbsp;&nbsp;&nbsp;STM_EVAL_COMInit
</UL>
<BR>[Called By]<UL><LI><a href="#[43]">&gt;&gt;</a>&nbsp;&nbsp;&nbsp;main
</UL>

<P><STRONG><a name="[77]"></a>myRTC_Init</STRONG> (Thumb, 142 bytes, Stack size 24 bytes, myapp.o(.text))
<BR><BR>[Stack]<UL><LI>Max Depth = 56<LI>Call Chain = myRTC_Init &rArr; RTC_TimeRegulate &rArr; RTC_SetTime
</UL>
<BR>[Calls]<UL><LI><a href="#[b2]">&gt;&gt;</a>&nbsp;&nbsp;&nbsp;RTC_WaitForSynchro
<LI><a href="#[bc]">&gt;&gt;</a>&nbsp;&nbsp;&nbsp;RTC_Init
<LI><a href="#[bb]">&gt;&gt;</a>&nbsp;&nbsp;&nbsp;RTC_DeInit
<LI><a href="#[af]">&gt;&gt;</a>&nbsp;&nbsp;&nbsp;RCC_GetFlagStatus
<LI><a href="#[ae]">&gt;&gt;</a>&nbsp;&nbsp;&nbsp;PWR_RTCAccessCmd
<LI><a href="#[bd]">&gt;&gt;</a>&nbsp;&nbsp;&nbsp;PWR_ClearFlag
<LI><a href="#[ad]">&gt;&gt;</a>&nbsp;&nbsp;&nbsp;RTC_Config
<LI><a href="#[4b]">&gt;&gt;</a>&nbsp;&nbsp;&nbsp;RTC_TimeRegulate
<LI><a href="#[7e]">&gt;&gt;</a>&nbsp;&nbsp;&nbsp;RTC_ReadBackupRegister
<LI><a href="#[4f]">&gt;&gt;</a>&nbsp;&nbsp;&nbsp;RCC_APB1PeriphClockCmd
<LI><a href="#[64]">&gt;&gt;</a>&nbsp;&nbsp;&nbsp;PWR_GetFlagStatus
</UL>
<BR>[Called By]<UL><LI><a href="#[43]">&gt;&gt;</a>&nbsp;&nbsp;&nbsp;main
</UL>

<P><STRONG><a name="[83]"></a>TIM2_Configuration</STRONG> (Thumb, 84 bytes, Stack size 16 bytes, myapp.o(.text))
<BR><BR>[Stack]<UL><LI>Max Depth = 16<LI>Call Chain = TIM2_Configuration
</UL>
<BR>[Calls]<UL><LI><a href="#[be]">&gt;&gt;</a>&nbsp;&nbsp;&nbsp;TIM_TimeBaseInit
<LI><a href="#[c1]">&gt;&gt;</a>&nbsp;&nbsp;&nbsp;TIM_ITConfig
<LI><a href="#[c2]">&gt;&gt;</a>&nbsp;&nbsp;&nbsp;TIM_Cmd
<LI><a href="#[bf]">&gt;&gt;</a>&nbsp;&nbsp;&nbsp;TIM_ClearFlag
<LI><a href="#[c0]">&gt;&gt;</a>&nbsp;&nbsp;&nbsp;TIM_ARRPreloadConfig
<LI><a href="#[4f]">&gt;&gt;</a>&nbsp;&nbsp;&nbsp;RCC_APB1PeriphClockCmd
</UL>
<BR>[Called By]<UL><LI><a href="#[43]">&gt;&gt;</a>&nbsp;&nbsp;&nbsp;main
</UL>

<P><STRONG><a name="[c3]"></a>USB_CMD_Respond</STRONG> (Thumb, 8 bytes, Stack size 0 bytes, myapp.o(.text))
<BR><BR>[Stack]<UL><LI>Max Depth = 184<LI>Call Chain = USB_CMD_Respond &rArr; IrdaAsk &rArr; MyPrintf1 &rArr; SerialPutChar
</UL>
<BR>[Calls]<UL><LI><a href="#[54]">&gt;&gt;</a>&nbsp;&nbsp;&nbsp;IrdaAsk
</UL>
<BR>[Called By]<UL><LI><a href="#[6e]">&gt;&gt;</a>&nbsp;&nbsp;&nbsp;Update_Program_Handle
</UL>

<P><STRONG><a name="[87]"></a>System_Reset</STRONG> (Thumb, 16 bytes, Stack size 0 bytes, myapp.o(.text))
<BR><BR>[Calls]<UL><LI><a href="#[c4]">&gt;&gt;</a>&nbsp;&nbsp;&nbsp;WWDG_Enable
<LI><a href="#[4f]">&gt;&gt;</a>&nbsp;&nbsp;&nbsp;RCC_APB1PeriphClockCmd
</UL>
<BR>[Called By]<UL><LI><a href="#[6e]">&gt;&gt;</a>&nbsp;&nbsp;&nbsp;Update_Program_Handle
<LI><a href="#[43]">&gt;&gt;</a>&nbsp;&nbsp;&nbsp;main
</UL>

<P><STRONG><a name="[c5]"></a>User_Erase_Update_Data</STRONG> (Thumb, 110 bytes, Stack size 8 bytes, myapp.o(.text))
<BR><BR>[Stack]<UL><LI>Max Depth = 40<LI>Call Chain = User_Erase_Update_Data &rArr; FLASH_If_DisableWriteProtection &rArr; FLASH_If_WriteProtectionConfig &rArr; FLASH_OB_WRPConfig &rArr; FLASH_WaitForLastOperation
</UL>
<BR>[Calls]<UL><LI><a href="#[c8]">&gt;&gt;</a>&nbsp;&nbsp;&nbsp;FLASH_PagesMask
<LI><a href="#[c6]">&gt;&gt;</a>&nbsp;&nbsp;&nbsp;FLASH_If_Init
<LI><a href="#[c9]">&gt;&gt;</a>&nbsp;&nbsp;&nbsp;FLASH_If_Erase
<LI><a href="#[c7]">&gt;&gt;</a>&nbsp;&nbsp;&nbsp;FLASH_If_DisableWriteProtection
</UL>
<BR>[Called By]<UL><LI><a href="#[6e]">&gt;&gt;</a>&nbsp;&nbsp;&nbsp;Update_Program_Handle
</UL>

<P><STRONG><a name="[ca]"></a>User_Write_Update_Data</STRONG> (Thumb, 114 bytes, Stack size 24 bytes, myapp.o(.text))
<BR><BR>[Stack]<UL><LI>Max Depth = 56<LI>Call Chain = User_Write_Update_Data &rArr; FLASH_If_DisableWriteProtection &rArr; FLASH_If_WriteProtectionConfig &rArr; FLASH_OB_WRPConfig &rArr; FLASH_WaitForLastOperation
</UL>
<BR>[Calls]<UL><LI><a href="#[c6]">&gt;&gt;</a>&nbsp;&nbsp;&nbsp;FLASH_If_Init
<LI><a href="#[c7]">&gt;&gt;</a>&nbsp;&nbsp;&nbsp;FLASH_If_DisableWriteProtection
<LI><a href="#[cb]">&gt;&gt;</a>&nbsp;&nbsp;&nbsp;FLASH_FastProgramWord
</UL>
<BR>[Called By]<UL><LI><a href="#[6e]">&gt;&gt;</a>&nbsp;&nbsp;&nbsp;Update_Program_Handle
</UL>

<P><STRONG><a name="[cc]"></a>Write_Update_Finish_Flag</STRONG> (Thumb, 128 bytes, Stack size 48 bytes, myapp.o(.text))
<BR><BR>[Stack]<UL><LI>Max Depth = 80<LI>Call Chain = Write_Update_Finish_Flag &rArr; FLASH_If_DisableWriteProtection &rArr; FLASH_If_WriteProtectionConfig &rArr; FLASH_OB_WRPConfig &rArr; FLASH_WaitForLastOperation
</UL>
<BR>[Calls]<UL><LI><a href="#[c6]">&gt;&gt;</a>&nbsp;&nbsp;&nbsp;FLASH_If_Init
<LI><a href="#[c9]">&gt;&gt;</a>&nbsp;&nbsp;&nbsp;FLASH_If_Erase
<LI><a href="#[c7]">&gt;&gt;</a>&nbsp;&nbsp;&nbsp;FLASH_If_DisableWriteProtection
<LI><a href="#[cb]">&gt;&gt;</a>&nbsp;&nbsp;&nbsp;FLASH_FastProgramWord
</UL>
<BR>[Called By]<UL><LI><a href="#[6e]">&gt;&gt;</a>&nbsp;&nbsp;&nbsp;Update_Program_Handle
</UL>

<P><STRONG><a name="[6e]"></a>Update_Program_Handle</STRONG> (Thumb, 592 bytes, Stack size 1256 bytes, myapp.o(.text))
<BR><BR>[Stack]<UL><LI>Max Depth = 1440<LI>Call Chain = Update_Program_Handle &rArr; USB_CMD_Respond &rArr; IrdaAsk &rArr; MyPrintf1 &rArr; SerialPutChar
</UL>
<BR>[Calls]<UL><LI><a href="#[cc]">&gt;&gt;</a>&nbsp;&nbsp;&nbsp;Write_Update_Finish_Flag
<LI><a href="#[ca]">&gt;&gt;</a>&nbsp;&nbsp;&nbsp;User_Write_Update_Data
<LI><a href="#[c5]">&gt;&gt;</a>&nbsp;&nbsp;&nbsp;User_Erase_Update_Data
<LI><a href="#[c3]">&gt;&gt;</a>&nbsp;&nbsp;&nbsp;USB_CMD_Respond
<LI><a href="#[a1]">&gt;&gt;</a>&nbsp;&nbsp;&nbsp;delayms
<LI><a href="#[87]">&gt;&gt;</a>&nbsp;&nbsp;&nbsp;System_Reset
</UL>
<BR>[Called By]<UL><LI><a href="#[53]">&gt;&gt;</a>&nbsp;&nbsp;&nbsp;IrdaProtocolHandle
</UL>

<P><STRONG><a name="[d4]"></a>EEPROM_ReadBytes</STRONG> (Thumb, 32 bytes, Stack size 0 bytes, myfile.o(.text))
<BR><BR>[Called By]<UL><LI><a href="#[6d]">&gt;&gt;</a>&nbsp;&nbsp;&nbsp;WriteRecordFileN
<LI><a href="#[5e]">&gt;&gt;</a>&nbsp;&nbsp;&nbsp;WriteRecordFile
<LI><a href="#[5c]">&gt;&gt;</a>&nbsp;&nbsp;&nbsp;WriteBinFile
<LI><a href="#[6c]">&gt;&gt;</a>&nbsp;&nbsp;&nbsp;ReadRecordFileN
<LI><a href="#[5f]">&gt;&gt;</a>&nbsp;&nbsp;&nbsp;ReadRecordFile
<LI><a href="#[5b]">&gt;&gt;</a>&nbsp;&nbsp;&nbsp;ReadKeySelfFile
<LI><a href="#[69]">&gt;&gt;</a>&nbsp;&nbsp;&nbsp;ReadFileInfo
<LI><a href="#[5d]">&gt;&gt;</a>&nbsp;&nbsp;&nbsp;ReadBinFile
<LI><a href="#[60]">&gt;&gt;</a>&nbsp;&nbsp;&nbsp;FindRecord
<LI><a href="#[61]">&gt;&gt;</a>&nbsp;&nbsp;&nbsp;DeleRecord
<LI><a href="#[59]">&gt;&gt;</a>&nbsp;&nbsp;&nbsp;CreatRecordFile
<LI><a href="#[57]">&gt;&gt;</a>&nbsp;&nbsp;&nbsp;CreatBinFileEeprom
<LI><a href="#[58]">&gt;&gt;</a>&nbsp;&nbsp;&nbsp;CreatBinFile
<LI><a href="#[68]">&gt;&gt;</a>&nbsp;&nbsp;&nbsp;ClearRecord
<LI><a href="#[de]">&gt;&gt;</a>&nbsp;&nbsp;&nbsp;DeleteRecordFile
<LI><a href="#[dd]">&gt;&gt;</a>&nbsp;&nbsp;&nbsp;DeleteBinFile
<LI><a href="#[dc]">&gt;&gt;</a>&nbsp;&nbsp;&nbsp;FindDelRecordFile
<LI><a href="#[db]">&gt;&gt;</a>&nbsp;&nbsp;&nbsp;FindRecordFile
<LI><a href="#[da]">&gt;&gt;</a>&nbsp;&nbsp;&nbsp;FindBinFile
<LI><a href="#[d3]">&gt;&gt;</a>&nbsp;&nbsp;&nbsp;ReadMFFlag
</UL>

<P><STRONG><a name="[cd]"></a>EEPROM_WriteBytes</STRONG> (Thumb, 78 bytes, Stack size 24 bytes, myfile.o(.text))
<BR><BR>[Stack]<UL><LI>Max Depth = 52<LI>Call Chain = EEPROM_WriteBytes &rArr; DATA_EEPROM_ProgramByte &rArr; DATA_EEPROM_FastProgramWord &rArr; FLASH_WaitForLastOperation
</UL>
<BR>[Calls]<UL><LI><a href="#[ce]">&gt;&gt;</a>&nbsp;&nbsp;&nbsp;DATA_EEPROM_Unlock
<LI><a href="#[cf]">&gt;&gt;</a>&nbsp;&nbsp;&nbsp;DATA_EEPROM_ProgramByte
<LI><a href="#[d0]">&gt;&gt;</a>&nbsp;&nbsp;&nbsp;DATA_EEPROM_Lock
</UL>
<BR>[Called By]<UL><LI><a href="#[6d]">&gt;&gt;</a>&nbsp;&nbsp;&nbsp;WriteRecordFileN
<LI><a href="#[5e]">&gt;&gt;</a>&nbsp;&nbsp;&nbsp;WriteRecordFile
<LI><a href="#[5a]">&gt;&gt;</a>&nbsp;&nbsp;&nbsp;WriteKeySelfFile
<LI><a href="#[5c]">&gt;&gt;</a>&nbsp;&nbsp;&nbsp;WriteBinFile
<LI><a href="#[62]">&gt;&gt;</a>&nbsp;&nbsp;&nbsp;DeleteSelfFile
<LI><a href="#[61]">&gt;&gt;</a>&nbsp;&nbsp;&nbsp;DeleRecord
<LI><a href="#[59]">&gt;&gt;</a>&nbsp;&nbsp;&nbsp;CreatRecordFile
<LI><a href="#[57]">&gt;&gt;</a>&nbsp;&nbsp;&nbsp;CreatBinFileEeprom
<LI><a href="#[58]">&gt;&gt;</a>&nbsp;&nbsp;&nbsp;CreatBinFile
<LI><a href="#[68]">&gt;&gt;</a>&nbsp;&nbsp;&nbsp;ClearRecord
<LI><a href="#[de]">&gt;&gt;</a>&nbsp;&nbsp;&nbsp;DeleteRecordFile
<LI><a href="#[dd]">&gt;&gt;</a>&nbsp;&nbsp;&nbsp;DeleteBinFile
<LI><a href="#[d5]">&gt;&gt;</a>&nbsp;&nbsp;&nbsp;WriteMFFlag
</UL>

<P><STRONG><a name="[d1]"></a>EraseAllEeprom</STRONG> (Thumb, 122 bytes, Stack size 24 bytes, myfile.o(.text))
<BR><BR>[Stack]<UL><LI>Max Depth = 36<LI>Call Chain = EraseAllEeprom &rArr; DATA_EEPROM_EraseWord &rArr; FLASH_WaitForLastOperation
</UL>
<BR>[Calls]<UL><LI><a href="#[56]">&gt;&gt;</a>&nbsp;&nbsp;&nbsp;IWDG_ReloadCounter
<LI><a href="#[ce]">&gt;&gt;</a>&nbsp;&nbsp;&nbsp;DATA_EEPROM_Unlock
<LI><a href="#[d0]">&gt;&gt;</a>&nbsp;&nbsp;&nbsp;DATA_EEPROM_Lock
<LI><a href="#[d2]">&gt;&gt;</a>&nbsp;&nbsp;&nbsp;DATA_EEPROM_EraseWord
</UL>
<BR>[Called By]<UL><LI><a href="#[6f]">&gt;&gt;</a>&nbsp;&nbsp;&nbsp;FormatSystem
</UL>

<P><STRONG><a name="[d3]"></a>ReadMFFlag</STRONG> (Thumb, 16 bytes, Stack size 4 bytes, myfile.o(.text))
<BR><BR>[Stack]<UL><LI>Max Depth = 4<LI>Call Chain = ReadMFFlag
</UL>
<BR>[Calls]<UL><LI><a href="#[d4]">&gt;&gt;</a>&nbsp;&nbsp;&nbsp;EEPROM_ReadBytes
</UL>
<BR>[Called By]<UL><LI><a href="#[d6]">&gt;&gt;</a>&nbsp;&nbsp;&nbsp;RemainSector
</UL>

<P><STRONG><a name="[d5]"></a>WriteMFFlag</STRONG> (Thumb, 16 bytes, Stack size 8 bytes, myfile.o(.text))
<BR><BR>[Stack]<UL><LI>Max Depth = 60<LI>Call Chain = WriteMFFlag &rArr; EEPROM_WriteBytes &rArr; DATA_EEPROM_ProgramByte &rArr; DATA_EEPROM_FastProgramWord &rArr; FLASH_WaitForLastOperation
</UL>
<BR>[Calls]<UL><LI><a href="#[cd]">&gt;&gt;</a>&nbsp;&nbsp;&nbsp;EEPROM_WriteBytes
</UL>
<BR>[Called By]<UL><LI><a href="#[d9]">&gt;&gt;</a>&nbsp;&nbsp;&nbsp;ClearMFSectorFlag
<LI><a href="#[d7]">&gt;&gt;</a>&nbsp;&nbsp;&nbsp;SetMFSectorFlag
</UL>

<P><STRONG><a name="[d6]"></a>RemainSector</STRONG> (Thumb, 50 bytes, Stack size 12 bytes, myfile.o(.text))
<BR><BR>[Stack]<UL><LI>Max Depth = 16<LI>Call Chain = RemainSector &rArr; ReadMFFlag
</UL>
<BR>[Calls]<UL><LI><a href="#[d3]">&gt;&gt;</a>&nbsp;&nbsp;&nbsp;ReadMFFlag
</UL>
<BR>[Called By]<UL><LI><a href="#[59]">&gt;&gt;</a>&nbsp;&nbsp;&nbsp;CreatRecordFile
<LI><a href="#[58]">&gt;&gt;</a>&nbsp;&nbsp;&nbsp;CreatBinFile
</UL>

<P><STRONG><a name="[d7]"></a>SetMFSectorFlag</STRONG> (Thumb, 148 bytes, Stack size 24 bytes, myfile.o(.text))
<BR><BR>[Stack]<UL><LI>Max Depth = 84<LI>Call Chain = SetMFSectorFlag &rArr; WriteMFFlag &rArr; EEPROM_WriteBytes &rArr; DATA_EEPROM_ProgramByte &rArr; DATA_EEPROM_FastProgramWord &rArr; FLASH_WaitForLastOperation
</UL>
<BR>[Calls]<UL><LI><a href="#[d5]">&gt;&gt;</a>&nbsp;&nbsp;&nbsp;WriteMFFlag
<LI><a href="#[d8]">&gt;&gt;</a>&nbsp;&nbsp;&nbsp;__aeabi_memset
</UL>
<BR>[Called By]<UL><LI><a href="#[59]">&gt;&gt;</a>&nbsp;&nbsp;&nbsp;CreatRecordFile
<LI><a href="#[58]">&gt;&gt;</a>&nbsp;&nbsp;&nbsp;CreatBinFile
</UL>

<P><STRONG><a name="[d9]"></a>ClearMFSectorFlag</STRONG> (Thumb, 148 bytes, Stack size 24 bytes, myfile.o(.text))
<BR><BR>[Stack]<UL><LI>Max Depth = 84<LI>Call Chain = ClearMFSectorFlag &rArr; WriteMFFlag &rArr; EEPROM_WriteBytes &rArr; DATA_EEPROM_ProgramByte &rArr; DATA_EEPROM_FastProgramWord &rArr; FLASH_WaitForLastOperation
</UL>
<BR>[Calls]<UL><LI><a href="#[d5]">&gt;&gt;</a>&nbsp;&nbsp;&nbsp;WriteMFFlag
<LI><a href="#[d8]">&gt;&gt;</a>&nbsp;&nbsp;&nbsp;__aeabi_memset
</UL>
<BR>[Called By]<UL><LI><a href="#[de]">&gt;&gt;</a>&nbsp;&nbsp;&nbsp;DeleteRecordFile
</UL>

<P><STRONG><a name="[df]"></a>FindSector</STRONG> (Thumb, 86 bytes, Stack size 16 bytes, myfile.o(.text))
<BR><BR>[Stack]<UL><LI>Max Depth = 16<LI>Call Chain = FindSector
</UL>
<BR>[Called By]<UL><LI><a href="#[59]">&gt;&gt;</a>&nbsp;&nbsp;&nbsp;CreatRecordFile
<LI><a href="#[58]">&gt;&gt;</a>&nbsp;&nbsp;&nbsp;CreatBinFile
</UL>

<P><STRONG><a name="[da]"></a>FindBinFile</STRONG> (Thumb, 94 bytes, Stack size 28 bytes, myfile.o(.text))
<BR><BR>[Stack]<UL><LI>Max Depth = 28<LI>Call Chain = FindBinFile
</UL>
<BR>[Calls]<UL><LI><a href="#[d4]">&gt;&gt;</a>&nbsp;&nbsp;&nbsp;EEPROM_ReadBytes
</UL>
<BR>[Called By]<UL><LI><a href="#[5a]">&gt;&gt;</a>&nbsp;&nbsp;&nbsp;WriteKeySelfFile
<LI><a href="#[5c]">&gt;&gt;</a>&nbsp;&nbsp;&nbsp;WriteBinFile
<LI><a href="#[5b]">&gt;&gt;</a>&nbsp;&nbsp;&nbsp;ReadKeySelfFile
<LI><a href="#[69]">&gt;&gt;</a>&nbsp;&nbsp;&nbsp;ReadFileInfo
<LI><a href="#[5d]">&gt;&gt;</a>&nbsp;&nbsp;&nbsp;ReadBinFile
<LI><a href="#[59]">&gt;&gt;</a>&nbsp;&nbsp;&nbsp;CreatRecordFile
<LI><a href="#[57]">&gt;&gt;</a>&nbsp;&nbsp;&nbsp;CreatBinFileEeprom
<LI><a href="#[58]">&gt;&gt;</a>&nbsp;&nbsp;&nbsp;CreatBinFile
<LI><a href="#[dd]">&gt;&gt;</a>&nbsp;&nbsp;&nbsp;DeleteBinFile
</UL>

<P><STRONG><a name="[db]"></a>FindRecordFile</STRONG> (Thumb, 108 bytes, Stack size 32 bytes, myfile.o(.text))
<BR><BR>[Stack]<UL><LI>Max Depth = 32<LI>Call Chain = FindRecordFile
</UL>
<BR>[Calls]<UL><LI><a href="#[d4]">&gt;&gt;</a>&nbsp;&nbsp;&nbsp;EEPROM_ReadBytes
</UL>
<BR>[Called By]<UL><LI><a href="#[6d]">&gt;&gt;</a>&nbsp;&nbsp;&nbsp;WriteRecordFileN
<LI><a href="#[5e]">&gt;&gt;</a>&nbsp;&nbsp;&nbsp;WriteRecordFile
<LI><a href="#[6c]">&gt;&gt;</a>&nbsp;&nbsp;&nbsp;ReadRecordFileN
<LI><a href="#[5f]">&gt;&gt;</a>&nbsp;&nbsp;&nbsp;ReadRecordFile
<LI><a href="#[69]">&gt;&gt;</a>&nbsp;&nbsp;&nbsp;ReadFileInfo
<LI><a href="#[60]">&gt;&gt;</a>&nbsp;&nbsp;&nbsp;FindRecord
<LI><a href="#[61]">&gt;&gt;</a>&nbsp;&nbsp;&nbsp;DeleRecord
<LI><a href="#[59]">&gt;&gt;</a>&nbsp;&nbsp;&nbsp;CreatRecordFile
<LI><a href="#[57]">&gt;&gt;</a>&nbsp;&nbsp;&nbsp;CreatBinFileEeprom
<LI><a href="#[58]">&gt;&gt;</a>&nbsp;&nbsp;&nbsp;CreatBinFile
<LI><a href="#[68]">&gt;&gt;</a>&nbsp;&nbsp;&nbsp;ClearRecord
<LI><a href="#[de]">&gt;&gt;</a>&nbsp;&nbsp;&nbsp;DeleteRecordFile
</UL>

<P><STRONG><a name="[dc]"></a>FindDelRecordFile</STRONG> (Thumb, 138 bytes, Stack size 32 bytes, myfile.o(.text))
<BR><BR>[Stack]<UL><LI>Max Depth = 32<LI>Call Chain = FindDelRecordFile
</UL>
<BR>[Calls]<UL><LI><a href="#[d4]">&gt;&gt;</a>&nbsp;&nbsp;&nbsp;EEPROM_ReadBytes
</UL>
<BR>[Called By]<UL><LI><a href="#[59]">&gt;&gt;</a>&nbsp;&nbsp;&nbsp;CreatRecordFile
</UL>

<P><STRONG><a name="[dd]"></a>DeleteBinFile</STRONG> (Thumb, 104 bytes, Stack size 16 bytes, myfile.o(.text))
<BR><BR>[Stack]<UL><LI>Max Depth = 68<LI>Call Chain = DeleteBinFile &rArr; EEPROM_WriteBytes &rArr; DATA_EEPROM_ProgramByte &rArr; DATA_EEPROM_FastProgramWord &rArr; FLASH_WaitForLastOperation
</UL>
<BR>[Calls]<UL><LI><a href="#[da]">&gt;&gt;</a>&nbsp;&nbsp;&nbsp;FindBinFile
<LI><a href="#[cd]">&gt;&gt;</a>&nbsp;&nbsp;&nbsp;EEPROM_WriteBytes
<LI><a href="#[d4]">&gt;&gt;</a>&nbsp;&nbsp;&nbsp;EEPROM_ReadBytes
</UL>
<BR>[Called By]<UL><LI><a href="#[62]">&gt;&gt;</a>&nbsp;&nbsp;&nbsp;DeleteSelfFile
<LI><a href="#[63]">&gt;&gt;</a>&nbsp;&nbsp;&nbsp;DeleteFile
</UL>

<P><STRONG><a name="[de]"></a>DeleteRecordFile</STRONG> (Thumb, 124 bytes, Stack size 16 bytes, myfile.o(.text))
<BR><BR>[Stack]<UL><LI>Max Depth = 100<LI>Call Chain = DeleteRecordFile &rArr; ClearMFSectorFlag &rArr; WriteMFFlag &rArr; EEPROM_WriteBytes &rArr; DATA_EEPROM_ProgramByte &rArr; DATA_EEPROM_FastProgramWord &rArr; FLASH_WaitForLastOperation
</UL>
<BR>[Calls]<UL><LI><a href="#[db]">&gt;&gt;</a>&nbsp;&nbsp;&nbsp;FindRecordFile
<LI><a href="#[d9]">&gt;&gt;</a>&nbsp;&nbsp;&nbsp;ClearMFSectorFlag
<LI><a href="#[cd]">&gt;&gt;</a>&nbsp;&nbsp;&nbsp;EEPROM_WriteBytes
<LI><a href="#[d4]">&gt;&gt;</a>&nbsp;&nbsp;&nbsp;EEPROM_ReadBytes
</UL>
<BR>[Called By]<UL><LI><a href="#[63]">&gt;&gt;</a>&nbsp;&nbsp;&nbsp;DeleteFile
</UL>

<P><STRONG><a name="[68]"></a>ClearRecord</STRONG> (Thumb, 124 bytes, Stack size 16 bytes, myfile.o(.text))
<BR><BR>[Stack]<UL><LI>Max Depth = 72<LI>Call Chain = ClearRecord &rArr; SPI_Flash_Erase_Sector &rArr; SPI_Flash_Wait_Busy &rArr; SPI_Flash_Status &rArr; SPI_FLASH_SendByte
</UL>
<BR>[Calls]<UL><LI><a href="#[a9]">&gt;&gt;</a>&nbsp;&nbsp;&nbsp;SPI_Flash_Erase_Sector
<LI><a href="#[db]">&gt;&gt;</a>&nbsp;&nbsp;&nbsp;FindRecordFile
<LI><a href="#[cd]">&gt;&gt;</a>&nbsp;&nbsp;&nbsp;EEPROM_WriteBytes
<LI><a href="#[d4]">&gt;&gt;</a>&nbsp;&nbsp;&nbsp;EEPROM_ReadBytes
</UL>
<BR>[Called By]<UL><LI><a href="#[53]">&gt;&gt;</a>&nbsp;&nbsp;&nbsp;IrdaProtocolHandle
</UL>

<P><STRONG><a name="[63]"></a>DeleteFile</STRONG> (Thumb, 46 bytes, Stack size 16 bytes, myfile.o(.text))
<BR><BR>[Stack]<UL><LI>Max Depth = 116<LI>Call Chain = DeleteFile &rArr; DeleteRecordFile &rArr; ClearMFSectorFlag &rArr; WriteMFFlag &rArr; EEPROM_WriteBytes &rArr; DATA_EEPROM_ProgramByte &rArr; DATA_EEPROM_FastProgramWord &rArr; FLASH_WaitForLastOperation
</UL>
<BR>[Calls]<UL><LI><a href="#[de]">&gt;&gt;</a>&nbsp;&nbsp;&nbsp;DeleteRecordFile
<LI><a href="#[dd]">&gt;&gt;</a>&nbsp;&nbsp;&nbsp;DeleteBinFile
</UL>
<BR>[Called By]<UL><LI><a href="#[53]">&gt;&gt;</a>&nbsp;&nbsp;&nbsp;IrdaProtocolHandle
</UL>

<P><STRONG><a name="[58]"></a>CreatBinFile</STRONG> (Thumb, 280 bytes, Stack size 40 bytes, myfile.o(.text))
<BR><BR>[Stack]<UL><LI>Max Depth = 124<LI>Call Chain = CreatBinFile &rArr; SetMFSectorFlag &rArr; WriteMFFlag &rArr; EEPROM_WriteBytes &rArr; DATA_EEPROM_ProgramByte &rArr; DATA_EEPROM_FastProgramWord &rArr; FLASH_WaitForLastOperation
</UL>
<BR>[Calls]<UL><LI><a href="#[a9]">&gt;&gt;</a>&nbsp;&nbsp;&nbsp;SPI_Flash_Erase_Sector
<LI><a href="#[db]">&gt;&gt;</a>&nbsp;&nbsp;&nbsp;FindRecordFile
<LI><a href="#[da]">&gt;&gt;</a>&nbsp;&nbsp;&nbsp;FindBinFile
<LI><a href="#[df]">&gt;&gt;</a>&nbsp;&nbsp;&nbsp;FindSector
<LI><a href="#[d7]">&gt;&gt;</a>&nbsp;&nbsp;&nbsp;SetMFSectorFlag
<LI><a href="#[d6]">&gt;&gt;</a>&nbsp;&nbsp;&nbsp;RemainSector
<LI><a href="#[cd]">&gt;&gt;</a>&nbsp;&nbsp;&nbsp;EEPROM_WriteBytes
<LI><a href="#[d4]">&gt;&gt;</a>&nbsp;&nbsp;&nbsp;EEPROM_ReadBytes
</UL>
<BR>[Called By]<UL><LI><a href="#[53]">&gt;&gt;</a>&nbsp;&nbsp;&nbsp;IrdaProtocolHandle
</UL>

<P><STRONG><a name="[57]"></a>CreatBinFileEeprom</STRONG> (Thumb, 218 bytes, Stack size 24 bytes, myfile.o(.text))
<BR><BR>[Stack]<UL><LI>Max Depth = 76<LI>Call Chain = CreatBinFileEeprom &rArr; EEPROM_WriteBytes &rArr; DATA_EEPROM_ProgramByte &rArr; DATA_EEPROM_FastProgramWord &rArr; FLASH_WaitForLastOperation
</UL>
<BR>[Calls]<UL><LI><a href="#[db]">&gt;&gt;</a>&nbsp;&nbsp;&nbsp;FindRecordFile
<LI><a href="#[da]">&gt;&gt;</a>&nbsp;&nbsp;&nbsp;FindBinFile
<LI><a href="#[cd]">&gt;&gt;</a>&nbsp;&nbsp;&nbsp;EEPROM_WriteBytes
<LI><a href="#[d4]">&gt;&gt;</a>&nbsp;&nbsp;&nbsp;EEPROM_ReadBytes
</UL>
<BR>[Called By]<UL><LI><a href="#[53]">&gt;&gt;</a>&nbsp;&nbsp;&nbsp;IrdaProtocolHandle
</UL>

<P><STRONG><a name="[59]"></a>CreatRecordFile</STRONG> (Thumb, 396 bytes, Stack size 64 bytes, myfile.o(.text))
<BR><BR>[Stack]<UL><LI>Max Depth = 148<LI>Call Chain = CreatRecordFile &rArr; SetMFSectorFlag &rArr; WriteMFFlag &rArr; EEPROM_WriteBytes &rArr; DATA_EEPROM_ProgramByte &rArr; DATA_EEPROM_FastProgramWord &rArr; FLASH_WaitForLastOperation
</UL>
<BR>[Calls]<UL><LI><a href="#[a9]">&gt;&gt;</a>&nbsp;&nbsp;&nbsp;SPI_Flash_Erase_Sector
<LI><a href="#[dc]">&gt;&gt;</a>&nbsp;&nbsp;&nbsp;FindDelRecordFile
<LI><a href="#[db]">&gt;&gt;</a>&nbsp;&nbsp;&nbsp;FindRecordFile
<LI><a href="#[da]">&gt;&gt;</a>&nbsp;&nbsp;&nbsp;FindBinFile
<LI><a href="#[df]">&gt;&gt;</a>&nbsp;&nbsp;&nbsp;FindSector
<LI><a href="#[d7]">&gt;&gt;</a>&nbsp;&nbsp;&nbsp;SetMFSectorFlag
<LI><a href="#[d6]">&gt;&gt;</a>&nbsp;&nbsp;&nbsp;RemainSector
<LI><a href="#[cd]">&gt;&gt;</a>&nbsp;&nbsp;&nbsp;EEPROM_WriteBytes
<LI><a href="#[d4]">&gt;&gt;</a>&nbsp;&nbsp;&nbsp;EEPROM_ReadBytes
</UL>
<BR>[Called By]<UL><LI><a href="#[53]">&gt;&gt;</a>&nbsp;&nbsp;&nbsp;IrdaProtocolHandle
</UL>

<P><STRONG><a name="[5c]"></a>WriteBinFile</STRONG> (Thumb, 158 bytes, Stack size 24 bytes, myfile.o(.text))
<BR><BR>[Stack]<UL><LI>Max Depth = 112<LI>Call Chain = WriteBinFile &rArr; SPI_FLASH_BufferWrite &rArr; SPI_FLASH_BlockWrite &rArr; SPI_Flash_Wait_Busy &rArr; SPI_Flash_Status &rArr; SPI_FLASH_SendByte
</UL>
<BR>[Calls]<UL><LI><a href="#[a9]">&gt;&gt;</a>&nbsp;&nbsp;&nbsp;SPI_Flash_Erase_Sector
<LI><a href="#[a6]">&gt;&gt;</a>&nbsp;&nbsp;&nbsp;SPI_FLASH_BufferWrite
<LI><a href="#[a3]">&gt;&gt;</a>&nbsp;&nbsp;&nbsp;SPI_Flash_Read_Block
<LI><a href="#[da]">&gt;&gt;</a>&nbsp;&nbsp;&nbsp;FindBinFile
<LI><a href="#[cd]">&gt;&gt;</a>&nbsp;&nbsp;&nbsp;EEPROM_WriteBytes
<LI><a href="#[d4]">&gt;&gt;</a>&nbsp;&nbsp;&nbsp;EEPROM_ReadBytes
<LI><a href="#[84]">&gt;&gt;</a>&nbsp;&nbsp;&nbsp;__aeabi_memclr
<LI><a href="#[aa]">&gt;&gt;</a>&nbsp;&nbsp;&nbsp;__aeabi_memcpy
</UL>
<BR>[Called By]<UL><LI><a href="#[53]">&gt;&gt;</a>&nbsp;&nbsp;&nbsp;IrdaProtocolHandle
</UL>

<P><STRONG><a name="[5d]"></a>ReadBinFile</STRONG> (Thumb, 64 bytes, Stack size 16 bytes, myfile.o(.text))
<BR><BR>[Stack]<UL><LI>Max Depth = 56<LI>Call Chain = ReadBinFile &rArr; SPI_Flash_Read_Block &rArr; SPI_FLASH_SendByte
</UL>
<BR>[Calls]<UL><LI><a href="#[a3]">&gt;&gt;</a>&nbsp;&nbsp;&nbsp;SPI_Flash_Read_Block
<LI><a href="#[da]">&gt;&gt;</a>&nbsp;&nbsp;&nbsp;FindBinFile
<LI><a href="#[d4]">&gt;&gt;</a>&nbsp;&nbsp;&nbsp;EEPROM_ReadBytes
</UL>
<BR>[Called By]<UL><LI><a href="#[53]">&gt;&gt;</a>&nbsp;&nbsp;&nbsp;IrdaProtocolHandle
</UL>

<P><STRONG><a name="[5e]"></a>WriteRecordFile</STRONG> (Thumb, 184 bytes, Stack size 24 bytes, myfile.o(.text))
<BR><BR>[Stack]<UL><LI>Max Depth = 112<LI>Call Chain = WriteRecordFile &rArr; SPI_FLASH_BufferWrite &rArr; SPI_FLASH_BlockWrite &rArr; SPI_Flash_Wait_Busy &rArr; SPI_Flash_Status &rArr; SPI_FLASH_SendByte
</UL>
<BR>[Calls]<UL><LI><a href="#[a6]">&gt;&gt;</a>&nbsp;&nbsp;&nbsp;SPI_FLASH_BufferWrite
<LI><a href="#[db]">&gt;&gt;</a>&nbsp;&nbsp;&nbsp;FindRecordFile
<LI><a href="#[cd]">&gt;&gt;</a>&nbsp;&nbsp;&nbsp;EEPROM_WriteBytes
<LI><a href="#[d4]">&gt;&gt;</a>&nbsp;&nbsp;&nbsp;EEPROM_ReadBytes
</UL>
<BR>[Called By]<UL><LI><a href="#[53]">&gt;&gt;</a>&nbsp;&nbsp;&nbsp;IrdaProtocolHandle
</UL>

<P><STRONG><a name="[6d]"></a>WriteRecordFileN</STRONG> (Thumb, 150 bytes, Stack size 24 bytes, myfile.o(.text))
<BR><BR>[Stack]<UL><LI>Max Depth = 112<LI>Call Chain = WriteRecordFileN &rArr; SPI_FLASH_BufferWrite &rArr; SPI_FLASH_BlockWrite &rArr; SPI_Flash_Wait_Busy &rArr; SPI_Flash_Status &rArr; SPI_FLASH_SendByte
</UL>
<BR>[Calls]<UL><LI><a href="#[a6]">&gt;&gt;</a>&nbsp;&nbsp;&nbsp;SPI_FLASH_BufferWrite
<LI><a href="#[db]">&gt;&gt;</a>&nbsp;&nbsp;&nbsp;FindRecordFile
<LI><a href="#[cd]">&gt;&gt;</a>&nbsp;&nbsp;&nbsp;EEPROM_WriteBytes
<LI><a href="#[d4]">&gt;&gt;</a>&nbsp;&nbsp;&nbsp;EEPROM_ReadBytes
</UL>
<BR>[Called By]<UL><LI><a href="#[53]">&gt;&gt;</a>&nbsp;&nbsp;&nbsp;IrdaProtocolHandle
</UL>

<P><STRONG><a name="[5f]"></a>ReadRecordFile</STRONG> (Thumb, 106 bytes, Stack size 16 bytes, myfile.o(.text))
<BR><BR>[Stack]<UL><LI>Max Depth = 56<LI>Call Chain = ReadRecordFile &rArr; SPI_Flash_Read_Block &rArr; SPI_FLASH_SendByte
</UL>
<BR>[Calls]<UL><LI><a href="#[a3]">&gt;&gt;</a>&nbsp;&nbsp;&nbsp;SPI_Flash_Read_Block
<LI><a href="#[db]">&gt;&gt;</a>&nbsp;&nbsp;&nbsp;FindRecordFile
<LI><a href="#[d4]">&gt;&gt;</a>&nbsp;&nbsp;&nbsp;EEPROM_ReadBytes
</UL>
<BR>[Called By]<UL><LI><a href="#[53]">&gt;&gt;</a>&nbsp;&nbsp;&nbsp;IrdaProtocolHandle
</UL>

<P><STRONG><a name="[6c]"></a>ReadRecordFileN</STRONG> (Thumb, 162 bytes, Stack size 24 bytes, myfile.o(.text))
<BR><BR>[Stack]<UL><LI>Max Depth = 64<LI>Call Chain = ReadRecordFileN &rArr; SPI_Flash_Read_Block &rArr; SPI_FLASH_SendByte
</UL>
<BR>[Calls]<UL><LI><a href="#[a3]">&gt;&gt;</a>&nbsp;&nbsp;&nbsp;SPI_Flash_Read_Block
<LI><a href="#[db]">&gt;&gt;</a>&nbsp;&nbsp;&nbsp;FindRecordFile
<LI><a href="#[d4]">&gt;&gt;</a>&nbsp;&nbsp;&nbsp;EEPROM_ReadBytes
</UL>
<BR>[Called By]<UL><LI><a href="#[53]">&gt;&gt;</a>&nbsp;&nbsp;&nbsp;IrdaProtocolHandle
</UL>

<P><STRONG><a name="[60]"></a>FindRecord</STRONG> (Thumb, 142 bytes, Stack size 40 bytes, myfile.o(.text))
<BR><BR>[Stack]<UL><LI>Max Depth = 80<LI>Call Chain = FindRecord &rArr; SPI_Flash_Read_Block &rArr; SPI_FLASH_SendByte
</UL>
<BR>[Calls]<UL><LI><a href="#[a3]">&gt;&gt;</a>&nbsp;&nbsp;&nbsp;SPI_Flash_Read_Block
<LI><a href="#[db]">&gt;&gt;</a>&nbsp;&nbsp;&nbsp;FindRecordFile
<LI><a href="#[d4]">&gt;&gt;</a>&nbsp;&nbsp;&nbsp;EEPROM_ReadBytes
<LI><a href="#[e0]">&gt;&gt;</a>&nbsp;&nbsp;&nbsp;memcmp
<LI><a href="#[aa]">&gt;&gt;</a>&nbsp;&nbsp;&nbsp;__aeabi_memcpy
</UL>
<BR>[Called By]<UL><LI><a href="#[53]">&gt;&gt;</a>&nbsp;&nbsp;&nbsp;IrdaProtocolHandle
</UL>

<P><STRONG><a name="[69]"></a>ReadFileInfo</STRONG> (Thumb, 154 bytes, Stack size 28 bytes, myfile.o(.text))
<BR><BR>[Stack]<UL><LI>Max Depth = 60<LI>Call Chain = ReadFileInfo &rArr; FindRecordFile
</UL>
<BR>[Calls]<UL><LI><a href="#[db]">&gt;&gt;</a>&nbsp;&nbsp;&nbsp;FindRecordFile
<LI><a href="#[da]">&gt;&gt;</a>&nbsp;&nbsp;&nbsp;FindBinFile
<LI><a href="#[d4]">&gt;&gt;</a>&nbsp;&nbsp;&nbsp;EEPROM_ReadBytes
</UL>
<BR>[Called By]<UL><LI><a href="#[53]">&gt;&gt;</a>&nbsp;&nbsp;&nbsp;IrdaProtocolHandle
</UL>

<P><STRONG><a name="[61]"></a>DeleRecord</STRONG> (Thumb, 372 bytes, Stack size 4128 bytes, myfile.o(.text))
<BR><BR>[Stack]<UL><LI>Max Depth = 4216<LI>Call Chain = DeleRecord &rArr; SPI_FLASH_BufferWrite &rArr; SPI_FLASH_BlockWrite &rArr; SPI_Flash_Wait_Busy &rArr; SPI_Flash_Status &rArr; SPI_FLASH_SendByte
</UL>
<BR>[Calls]<UL><LI><a href="#[a9]">&gt;&gt;</a>&nbsp;&nbsp;&nbsp;SPI_Flash_Erase_Sector
<LI><a href="#[a6]">&gt;&gt;</a>&nbsp;&nbsp;&nbsp;SPI_FLASH_BufferWrite
<LI><a href="#[a3]">&gt;&gt;</a>&nbsp;&nbsp;&nbsp;SPI_Flash_Read_Block
<LI><a href="#[db]">&gt;&gt;</a>&nbsp;&nbsp;&nbsp;FindRecordFile
<LI><a href="#[cd]">&gt;&gt;</a>&nbsp;&nbsp;&nbsp;EEPROM_WriteBytes
<LI><a href="#[d4]">&gt;&gt;</a>&nbsp;&nbsp;&nbsp;EEPROM_ReadBytes
<LI><a href="#[e1]">&gt;&gt;</a>&nbsp;&nbsp;&nbsp;__aeabi_memclr4
</UL>
<BR>[Called By]<UL><LI><a href="#[53]">&gt;&gt;</a>&nbsp;&nbsp;&nbsp;IrdaProtocolHandle
</UL>

<P><STRONG><a name="[6f]"></a>FormatSystem</STRONG> (Thumb, 18 bytes, Stack size 8 bytes, myfile.o(.text))
<BR><BR>[Stack]<UL><LI>Max Depth = 48<LI>Call Chain = FormatSystem &rArr; SPI_Flash_Erase_Chip &rArr; SPI_Flash_Wait_Busy &rArr; SPI_Flash_Status &rArr; SPI_FLASH_SendByte
</UL>
<BR>[Calls]<UL><LI><a href="#[a8]">&gt;&gt;</a>&nbsp;&nbsp;&nbsp;SPI_Flash_Erase_Chip
<LI><a href="#[56]">&gt;&gt;</a>&nbsp;&nbsp;&nbsp;IWDG_ReloadCounter
<LI><a href="#[d1]">&gt;&gt;</a>&nbsp;&nbsp;&nbsp;EraseAllEeprom
</UL>
<BR>[Called By]<UL><LI><a href="#[53]">&gt;&gt;</a>&nbsp;&nbsp;&nbsp;IrdaProtocolHandle
</UL>

<P><STRONG><a name="[5a]"></a>WriteKeySelfFile</STRONG> (Thumb, 142 bytes, Stack size 24 bytes, myfile.o(.text))
<BR><BR>[Stack]<UL><LI>Max Depth = 76<LI>Call Chain = WriteKeySelfFile &rArr; EEPROM_WriteBytes &rArr; DATA_EEPROM_ProgramByte &rArr; DATA_EEPROM_FastProgramWord &rArr; FLASH_WaitForLastOperation
</UL>
<BR>[Calls]<UL><LI><a href="#[da]">&gt;&gt;</a>&nbsp;&nbsp;&nbsp;FindBinFile
<LI><a href="#[cd]">&gt;&gt;</a>&nbsp;&nbsp;&nbsp;EEPROM_WriteBytes
</UL>
<BR>[Called By]<UL><LI><a href="#[53]">&gt;&gt;</a>&nbsp;&nbsp;&nbsp;IrdaProtocolHandle
</UL>

<P><STRONG><a name="[6a]"></a>Get_Key_Aes_Data</STRONG> (Thumb, 126 bytes, Stack size 8 bytes, myfile.o(.text))
<BR><BR>[Stack]<UL><LI>Max Depth = 16<LI>Call Chain = Get_Key_Aes_Data &rArr; QuickCRC16
</UL>
<BR>[Calls]<UL><LI><a href="#[4d]">&gt;&gt;</a>&nbsp;&nbsp;&nbsp;QuickCRC16
</UL>
<BR>[Called By]<UL><LI><a href="#[5b]">&gt;&gt;</a>&nbsp;&nbsp;&nbsp;ReadKeySelfFile
<LI><a href="#[67]">&gt;&gt;</a>&nbsp;&nbsp;&nbsp;IrdaSendKey
<LI><a href="#[53]">&gt;&gt;</a>&nbsp;&nbsp;&nbsp;IrdaProtocolHandle
</UL>

<P><STRONG><a name="[5b]"></a>ReadKeySelfFile</STRONG> (Thumb, 310 bytes, Stack size 24 bytes, myfile.o(.text))
<BR><BR>[Stack]<UL><LI>Max Depth = 152<LI>Call Chain = ReadKeySelfFile &rArr; Data_AES &rArr; aesEncrypt &rArr; Cipher &rArr; MixColumns &rArr; MixColumn &rArr; DotProduct
</UL>
<BR>[Calls]<UL><LI><a href="#[4d]">&gt;&gt;</a>&nbsp;&nbsp;&nbsp;QuickCRC16
<LI><a href="#[6a]">&gt;&gt;</a>&nbsp;&nbsp;&nbsp;Get_Key_Aes_Data
<LI><a href="#[6b]">&gt;&gt;</a>&nbsp;&nbsp;&nbsp;Data_AES
<LI><a href="#[da]">&gt;&gt;</a>&nbsp;&nbsp;&nbsp;FindBinFile
<LI><a href="#[d4]">&gt;&gt;</a>&nbsp;&nbsp;&nbsp;EEPROM_ReadBytes
<LI><a href="#[aa]">&gt;&gt;</a>&nbsp;&nbsp;&nbsp;__aeabi_memcpy
</UL>
<BR>[Called By]<UL><LI><a href="#[43]">&gt;&gt;</a>&nbsp;&nbsp;&nbsp;main
<LI><a href="#[53]">&gt;&gt;</a>&nbsp;&nbsp;&nbsp;IrdaProtocolHandle
</UL>

<P><STRONG><a name="[62]"></a>DeleteSelfFile</STRONG> (Thumb, 148 bytes, Stack size 80 bytes, myfile.o(.text))
<BR><BR>[Stack]<UL><LI>Max Depth = 148<LI>Call Chain = DeleteSelfFile &rArr; DeleteBinFile &rArr; EEPROM_WriteBytes &rArr; DATA_EEPROM_ProgramByte &rArr; DATA_EEPROM_FastProgramWord &rArr; FLASH_WaitForLastOperation
</UL>
<BR>[Calls]<UL><LI><a href="#[dd]">&gt;&gt;</a>&nbsp;&nbsp;&nbsp;DeleteBinFile
<LI><a href="#[cd]">&gt;&gt;</a>&nbsp;&nbsp;&nbsp;EEPROM_WriteBytes
<LI><a href="#[84]">&gt;&gt;</a>&nbsp;&nbsp;&nbsp;__aeabi_memclr
</UL>
<BR>[Called By]<UL><LI><a href="#[53]">&gt;&gt;</a>&nbsp;&nbsp;&nbsp;IrdaProtocolHandle
</UL>

<P><STRONG><a name="[4d]"></a>QuickCRC16</STRONG> (Thumb, 64 bytes, Stack size 8 bytes, crc.o(.text))
<BR><BR>[Stack]<UL><LI>Max Depth = 8<LI>Call Chain = QuickCRC16
</UL>
<BR>[Called By]<UL><LI><a href="#[5b]">&gt;&gt;</a>&nbsp;&nbsp;&nbsp;ReadKeySelfFile
<LI><a href="#[6a]">&gt;&gt;</a>&nbsp;&nbsp;&nbsp;Get_Key_Aes_Data
<LI><a href="#[53]">&gt;&gt;</a>&nbsp;&nbsp;&nbsp;IrdaProtocolHandle
<LI><a href="#[4c]">&gt;&gt;</a>&nbsp;&nbsp;&nbsp;Get_Unique_Device_ID
</UL>

<P><STRONG><a name="[f3]"></a>CalcPowLog</STRONG> (Thumb, 50 bytes, Stack size 0 bytes, aes.o(.text))
<BR><BR>[Called By]<UL><LI><a href="#[f2]">&gt;&gt;</a>&nbsp;&nbsp;&nbsp;aesInit
</UL>

<P><STRONG><a name="[f4]"></a>CalcSBox</STRONG> (Thumb, 74 bytes, Stack size 8 bytes, aes.o(.text))
<BR><BR>[Stack]<UL><LI>Max Depth = 8<LI>Call Chain = CalcSBox
</UL>
<BR>[Called By]<UL><LI><a href="#[f2]">&gt;&gt;</a>&nbsp;&nbsp;&nbsp;aesInit
</UL>

<P><STRONG><a name="[f5]"></a>CalcSBoxInv</STRONG> (Thumb, 34 bytes, Stack size 0 bytes, aes.o(.text))
<BR><BR>[Called By]<UL><LI><a href="#[f2]">&gt;&gt;</a>&nbsp;&nbsp;&nbsp;aesInit
</UL>

<P><STRONG><a name="[eb]"></a>CycleLeft</STRONG> (Thumb, 18 bytes, Stack size 0 bytes, aes.o(.text))
<BR><BR>[Called By]<UL><LI><a href="#[ea]">&gt;&gt;</a>&nbsp;&nbsp;&nbsp;KeyExpansion
</UL>

<P><STRONG><a name="[e6]"></a>InvMixColumn</STRONG> (Thumb, 374 bytes, Stack size 24 bytes, aes.o(.text))
<BR><BR>[Stack]<UL><LI>Max Depth = 24<LI>Call Chain = InvMixColumn
</UL>
<BR>[Called By]<UL><LI><a href="#[e5]">&gt;&gt;</a>&nbsp;&nbsp;&nbsp;InvMixColumns
</UL>

<P><STRONG><a name="[e3]"></a>Multiply</STRONG> (Thumb, 44 bytes, Stack size 0 bytes, aes.o(.text))
<BR><BR>[Called By]<UL><LI><a href="#[e2]">&gt;&gt;</a>&nbsp;&nbsp;&nbsp;DotProduct
</UL>

<P><STRONG><a name="[e2]"></a>DotProduct</STRONG> (Thumb, 52 bytes, Stack size 16 bytes, aes.o(.text))
<BR><BR>[Stack]<UL><LI>Max Depth = 16<LI>Call Chain = DotProduct
</UL>
<BR>[Calls]<UL><LI><a href="#[e3]">&gt;&gt;</a>&nbsp;&nbsp;&nbsp;Multiply
</UL>
<BR>[Called By]<UL><LI><a href="#[e4]">&gt;&gt;</a>&nbsp;&nbsp;&nbsp;MixColumn
</UL>

<P><STRONG><a name="[e4]"></a>MixColumn</STRONG> (Thumb, 76 bytes, Stack size 32 bytes, aes.o(.text))
<BR><BR>[Stack]<UL><LI>Max Depth = 48<LI>Call Chain = MixColumn &rArr; DotProduct
</UL>
<BR>[Calls]<UL><LI><a href="#[e2]">&gt;&gt;</a>&nbsp;&nbsp;&nbsp;DotProduct
</UL>
<BR>[Called By]<UL><LI><a href="#[e7]">&gt;&gt;</a>&nbsp;&nbsp;&nbsp;MixColumns
</UL>

<P><STRONG><a name="[ec]"></a>SubBytes</STRONG> (Thumb, 26 bytes, Stack size 0 bytes, aes.o(.text))
<BR><BR>[Called By]<UL><LI><a href="#[f0]">&gt;&gt;</a>&nbsp;&nbsp;&nbsp;Cipher
<LI><a href="#[ea]">&gt;&gt;</a>&nbsp;&nbsp;&nbsp;KeyExpansion
</UL>

<P><STRONG><a name="[ef]"></a>InvSubBytesAndXOR</STRONG> (Thumb, 38 bytes, Stack size 4 bytes, aes.o(.text))
<BR><BR>[Stack]<UL><LI>Max Depth = 4<LI>Call Chain = InvSubBytesAndXOR
</UL>
<BR>[Called By]<UL><LI><a href="#[ed]">&gt;&gt;</a>&nbsp;&nbsp;&nbsp;InvCipher
</UL>

<P><STRONG><a name="[ee]"></a>InvShiftRows</STRONG> (Thumb, 50 bytes, Stack size 0 bytes, aes.o(.text))
<BR><BR>[Called By]<UL><LI><a href="#[ed]">&gt;&gt;</a>&nbsp;&nbsp;&nbsp;InvCipher
</UL>

<P><STRONG><a name="[f1]"></a>ShiftRows</STRONG> (Thumb, 50 bytes, Stack size 0 bytes, aes.o(.text))
<BR><BR>[Called By]<UL><LI><a href="#[f0]">&gt;&gt;</a>&nbsp;&nbsp;&nbsp;Cipher
</UL>

<P><STRONG><a name="[e5]"></a>InvMixColumns</STRONG> (Thumb, 34 bytes, Stack size 8 bytes, aes.o(.text))
<BR><BR>[Stack]<UL><LI>Max Depth = 32<LI>Call Chain = InvMixColumns &rArr; InvMixColumn
</UL>
<BR>[Calls]<UL><LI><a href="#[e6]">&gt;&gt;</a>&nbsp;&nbsp;&nbsp;InvMixColumn
</UL>
<BR>[Called By]<UL><LI><a href="#[ed]">&gt;&gt;</a>&nbsp;&nbsp;&nbsp;InvCipher
</UL>

<P><STRONG><a name="[e7]"></a>MixColumns</STRONG> (Thumb, 34 bytes, Stack size 8 bytes, aes.o(.text))
<BR><BR>[Stack]<UL><LI>Max Depth = 56<LI>Call Chain = MixColumns &rArr; MixColumn &rArr; DotProduct
</UL>
<BR>[Calls]<UL><LI><a href="#[e4]">&gt;&gt;</a>&nbsp;&nbsp;&nbsp;MixColumn
</UL>
<BR>[Called By]<UL><LI><a href="#[f0]">&gt;&gt;</a>&nbsp;&nbsp;&nbsp;Cipher
</UL>

<P><STRONG><a name="[e8]"></a>XORBytes</STRONG> (Thumb, 26 bytes, Stack size 0 bytes, aes.o(.text))
<BR><BR>[Calls]<UL><LI><a href="#[e8]">&gt;&gt;</a>&nbsp;&nbsp;&nbsp;XORBytes
</UL>
<BR>[Called By]<UL><LI><a href="#[f0]">&gt;&gt;</a>&nbsp;&nbsp;&nbsp;Cipher
<LI><a href="#[ed]">&gt;&gt;</a>&nbsp;&nbsp;&nbsp;InvCipher
<LI><a href="#[ea]">&gt;&gt;</a>&nbsp;&nbsp;&nbsp;KeyExpansion
<LI><a href="#[e8]">&gt;&gt;</a>&nbsp;&nbsp;&nbsp;XORBytes
</UL>

<P><STRONG><a name="[e9]"></a>CopyBytes</STRONG> (Thumb, 18 bytes, Stack size 0 bytes, aes.o(.text))
<BR><BR>[Calls]<UL><LI><a href="#[e9]">&gt;&gt;</a>&nbsp;&nbsp;&nbsp;CopyBytes
</UL>
<BR>[Called By]<UL><LI><a href="#[f7]">&gt;&gt;</a>&nbsp;&nbsp;&nbsp;aesEncrypt
<LI><a href="#[f6]">&gt;&gt;</a>&nbsp;&nbsp;&nbsp;aesDecrypt
<LI><a href="#[e9]">&gt;&gt;</a>&nbsp;&nbsp;&nbsp;CopyBytes
</UL>

<P><STRONG><a name="[ea]"></a>KeyExpansion</STRONG> (Thumb, 200 bytes, Stack size 20 bytes, aes.o(.text))
<BR><BR>[Stack]<UL><LI>Max Depth = 20<LI>Call Chain = KeyExpansion
</UL>
<BR>[Calls]<UL><LI><a href="#[e8]">&gt;&gt;</a>&nbsp;&nbsp;&nbsp;XORBytes
<LI><a href="#[ec]">&gt;&gt;</a>&nbsp;&nbsp;&nbsp;SubBytes
<LI><a href="#[eb]">&gt;&gt;</a>&nbsp;&nbsp;&nbsp;CycleLeft
</UL>
<BR>[Called By]<UL><LI><a href="#[f2]">&gt;&gt;</a>&nbsp;&nbsp;&nbsp;aesInit
</UL>

<P><STRONG><a name="[ed]"></a>InvCipher</STRONG> (Thumb, 72 bytes, Stack size 16 bytes, aes.o(.text))
<BR><BR>[Stack]<UL><LI>Max Depth = 48<LI>Call Chain = InvCipher &rArr; InvMixColumns &rArr; InvMixColumn
</UL>
<BR>[Calls]<UL><LI><a href="#[e8]">&gt;&gt;</a>&nbsp;&nbsp;&nbsp;XORBytes
<LI><a href="#[e5]">&gt;&gt;</a>&nbsp;&nbsp;&nbsp;InvMixColumns
<LI><a href="#[ee]">&gt;&gt;</a>&nbsp;&nbsp;&nbsp;InvShiftRows
<LI><a href="#[ef]">&gt;&gt;</a>&nbsp;&nbsp;&nbsp;InvSubBytesAndXOR
</UL>
<BR>[Called By]<UL><LI><a href="#[f6]">&gt;&gt;</a>&nbsp;&nbsp;&nbsp;aesDecrypt
</UL>

[...]
<LI><a href="#[d1]">&gt;&gt;</a>&nbsp;&nbsp;&nbsp;EraseAllEeprom
</UL>

<P><STRONG><a name="[74]"></a>IWDG_Enable</STRONG> (Thumb, 10 bytes, Stack size 0 bytes, stm32l1xx_iwdg.o(.text))
<BR><BR>[Called By]<UL><LI><a href="#[70]">&gt;&gt;</a>&nbsp;&nbsp;&nbsp;IWDGInit
</UL>

<P><STRONG><a name="[1fc]"></a>IWDG_GetFlagStatus</STRONG> (Thumb, 16 bytes, Stack size 0 bytes, stm32l1xx_iwdg.o(.text), UNUSED)

<P><STRONG><a name="[44]"></a>SystemInit</STRONG> (Thumb, 66 bytes, Stack size 8 bytes, system_stm32l1xx.o(.text))
<BR><BR>[Stack]<UL><LI>Max Depth = 8<LI>Call Chain = SystemInit
</UL>
<BR>[Calls]<UL><LI><a href="#[13e]">&gt;&gt;</a>&nbsp;&nbsp;&nbsp;SetSysClock
</UL>
<BR>[Address Reference Count : 1]<UL><LI> startup_stm32l1xx_hd.o(.text)
</UL>
<P><STRONG><a name="[1fd]"></a>SystemCoreClockUpdate</STRONG> (Thumb, 166 bytes, Stack size 0 bytes, system_stm32l1xx.o(.text), UNUSED)

<P><STRONG><a name="[ba]"></a>STM_EVAL_COMInit</STRONG> (Thumb, 202 bytes, Stack size 32 bytes, stm32l152d_eval.o(.text))
<BR><BR>[Stack]<UL><LI>Max Depth = 64<LI>Call Chain = STM_EVAL_COMInit &rArr; USART_Init
</UL>
<BR>[Calls]<UL><LI><a href="#[50]">&gt;&gt;</a>&nbsp;&nbsp;&nbsp;RCC_APB2PeriphClockCmd
<LI><a href="#[51]">&gt;&gt;</a>&nbsp;&nbsp;&nbsp;RCC_AHBPeriphClockCmd
<LI><a href="#[52]">&gt;&gt;</a>&nbsp;&nbsp;&nbsp;GPIO_Init
<LI><a href="#[140]">&gt;&gt;</a>&nbsp;&nbsp;&nbsp;USART_ITConfig
<LI><a href="#[144]">&gt;&gt;</a>&nbsp;&nbsp;&nbsp;USART_IrDACmd
<LI><a href="#[143]">&gt;&gt;</a>&nbsp;&nbsp;&nbsp;USART_IrDAConfig
<LI><a href="#[142]">&gt;&gt;</a>&nbsp;&nbsp;&nbsp;USART_SetPrescaler
<LI><a href="#[141]">&gt;&gt;</a>&nbsp;&nbsp;&nbsp;USART_Cmd
<LI><a href="#[117]">&gt;&gt;</a>&nbsp;&nbsp;&nbsp;USART_Init
<LI><a href="#[13f]">&gt;&gt;</a>&nbsp;&nbsp;&nbsp;GPIO_PinAFConfig
</UL>
<BR>[Called By]<UL><LI><a href="#[7a]">&gt;&gt;</a>&nbsp;&nbsp;&nbsp;IAP_Init
</UL>

<P><STRONG><a name="[0]"></a>Reset_Handler</STRONG> (Thumb, 8 bytes, Stack size 0 bytes, startup_stm32l1xx_hd.o(.text))
<BR>[Address Reference Count : 1]<UL><LI> startup_stm32l1xx_hd.o(RESET)
</UL>
<P><STRONG><a name="[1c]"></a>ADC1_IRQHandler</STRONG> (Thumb, 0 bytes, Stack size 0 bytes, startup_stm32l1xx_hd.o(.text))
<BR><BR>[Calls]<UL><LI><a href="#[1c]">&gt;&gt;</a>&nbsp;&nbsp;&nbsp;ADC1_IRQHandler
</UL>
<BR>[Called By]<UL><LI><a href="#[1c]">&gt;&gt;</a>&nbsp;&nbsp;&nbsp;ADC1_IRQHandler
</UL>
<BR>[Address Reference Count : 1]<UL><LI> startup_stm32l1xx_hd.o(RESET)
</UL>
<P><STRONG><a name="[41]"></a>AES_IRQHandler</STRONG> (Thumb, 0 bytes, Stack size 0 bytes, startup_stm32l1xx_hd.o(.text))
<BR>[Address Reference Count : 1]<UL><LI> startup_stm32l1xx_hd.o(RESET)
</UL>
<P><STRONG><a name="[42]"></a>COMP_ACQ_IRQHandler</STRONG> (Thumb, 0 bytes, Stack size 0 bytes, startup_stm32l1xx_hd.o(.text))
<BR>[Address Reference Count : 1]<UL><LI> startup_stm32l1xx_hd.o(RESET)
</UL>
<P><STRONG><a name="[20]"></a>COMP_IRQHandler</STRONG> (Thumb, 0 bytes, Stack size 0 bytes, startup_stm32l1xx_hd.o(.text))
<BR>[Address Reference Count : 1]<UL><LI> startup_stm32l1xx_hd.o(RESET)
</UL>
<P><STRONG><a name="[1f]"></a>DAC_IRQHandler</STRONG> (Thumb, 0 bytes, Stack size 0 bytes, startup_stm32l1xx_hd.o(.text))
<BR>[Address Reference Count : 1]<UL><LI> startup_stm32l1xx_hd.o(RESET)
</UL>
<P><STRONG><a name="[15]"></a>DMA1_Channel1_IRQHandler</STRONG> (Thumb, 0 bytes, Stack size 0 bytes, startup_stm32l1xx_hd.o(.text))
<BR>[Address Reference Count : 1]<UL><LI> startup_stm32l1xx_hd.o(RESET)
</UL>
<P><STRONG><a name="[16]"></a>DMA1_Channel2_IRQHandler</STRONG> (Thumb, 0 bytes, Stack size 0 bytes, startup_stm32l1xx_hd.o(.text))
<BR>[Address Reference Count : 1]<UL><LI> startup_stm32l1xx_hd.o(RESET)
</UL>
<P><STRONG><a name="[17]"></a>DMA1_Channel3_IRQHandler</STRONG> (Thumb, 0 bytes, Stack size 0 bytes, startup_stm32l1xx_hd.o(.text))
<BR>[Address Reference Count : 1]<UL><LI> startup_stm32l1xx_hd.o(RESET)
</UL>
<P><STRONG><a name="[18]"></a>DMA1_Channel4_IRQHandler</STRONG> (Thumb, 0 bytes, Stack size 0 bytes, startup_stm32l1xx_hd.o(.text))
<BR>[Address Reference Count : 1]<UL><LI> startup_stm32l1xx_hd.o(RESET)
</UL>
<P><STRONG><a name="[19]"></a>DMA1_Channel5_IRQHandler</STRONG> (Thumb, 0 bytes, Stack size 0 bytes, startup_stm32l1xx_hd.o(.text))
<BR>[Address Reference Count : 1]<UL><LI> startup_stm32l1xx_hd.o(RESET)
</UL>
<P><STRONG><a name="[1a]"></a>DMA1_Channel6_IRQHandler</STRONG> (Thumb, 0 bytes, Stack size 0 bytes, startup_stm32l1xx_hd.o(.text))
<BR>[Address Reference Count : 1]<UL><LI> startup_stm32l1xx_hd.o(RESET)
</UL>
<P><STRONG><a name="[1b]"></a>DMA1_Channel7_IRQHandler</STRONG> (Thumb, 0 bytes, Stack size 0 bytes, startup_stm32l1xx_hd.o(.text))
<BR>[Address Reference Count : 1]<UL><LI> startup_stm32l1xx_hd.o(RESET)
</UL>
<P><STRONG><a name="[3c]"></a>DMA2_Channel1_IRQHandler</STRONG> (Thumb, 0 bytes, Stack size 0 bytes, startup_stm32l1xx_hd.o(.text))
<BR>[Address Reference Count : 1]<UL><LI> startup_stm32l1xx_hd.o(RESET)
</UL>
<P><STRONG><a name="[3d]"></a>DMA2_Channel2_IRQHandler</STRONG> (Thumb, 0 bytes, Stack size 0 bytes, startup_stm32l1xx_hd.o(.text))
<BR>[Address Reference Count : 1]<UL><LI> startup_stm32l1xx_hd.o(RESET)
</UL>
<P><STRONG><a name="[3e]"></a>DMA2_Channel3_IRQHandler</STRONG> (Thumb, 0 bytes, Stack size 0 bytes, startup_stm32l1xx_hd.o(.text))
<BR>[Address Reference Count : 1]<UL><LI> startup_stm32l1xx_hd.o(RESET)
</UL>
<P><STRONG><a name="[3f]"></a>DMA2_Channel4_IRQHandler</STRONG> (Thumb, 0 bytes, Stack size 0 bytes, startup_stm32l1xx_hd.o(.text))
<BR>[Address Reference Count : 1]<UL><LI> startup_stm32l1xx_hd.o(RESET)
</UL>
<P><STRONG><a name="[40]"></a>DMA2_Channel5_IRQHandler</STRONG> (Thumb, 0 bytes, Stack size 0 bytes, startup_stm32l1xx_hd.o(.text))
<BR>[Address Reference Count : 1]<UL><LI> startup_stm32l1xx_hd.o(RESET)
</UL>
<P><STRONG><a name="[10]"></a>EXTI0_IRQHandler</STRONG> (Thumb, 0 bytes, Stack size 0 bytes, startup_stm32l1xx_hd.o(.text))
<BR>[Address Reference Count : 1]<UL><LI> startup_stm32l1xx_hd.o(RESET)
</UL>
<P><STRONG><a name="[32]"></a>EXTI15_10_IRQHandler</STRONG> (Thumb, 0 bytes, Stack size 0 bytes, startup_stm32l1xx_hd.o(.text))
<BR>[Address Reference Count : 1]<UL><LI> startup_stm32l1xx_hd.o(RESET)
</UL>
<P><STRONG><a name="[11]"></a>EXTI1_IRQHandler</STRONG> (Thumb, 0 bytes, Stack size 0 bytes, startup_stm32l1xx_hd.o(.text))
<BR>[Address Reference Count : 1]<UL><LI> startup_stm32l1xx_hd.o(RESET)
</UL>
<P><STRONG><a name="[12]"></a>EXTI2_IRQHandler</STRONG> (Thumb, 0 bytes, Stack size 0 bytes, startup_stm32l1xx_hd.o(.text))
<BR>[Address Reference Count : 1]<UL><LI> startup_stm32l1xx_hd.o(RESET)
</UL>
<P><STRONG><a name="[13]"></a>EXTI3_IRQHandler</STRONG> (Thumb, 0 bytes, Stack size 0 bytes, startup_stm32l1xx_hd.o(.text))
<BR>[Address Reference Count : 1]<UL><LI> startup_stm32l1xx_hd.o(RESET)
</UL>
<P><STRONG><a name="[14]"></a>EXTI4_IRQHandler</STRONG> (Thumb, 0 bytes, Stack size 0 bytes, startup_stm32l1xx_hd.o(.text))
<BR>[Address Reference Count : 1]<UL><LI> startup_stm32l1xx_hd.o(RESET)
</UL>
<P><STRONG><a name="[21]"></a>EXTI9_5_IRQHandler</STRONG> (Thumb, 0 bytes, Stack size 0 bytes, startup_stm32l1xx_hd.o(.text))
<BR>[Address Reference Count : 1]<UL><LI> startup_stm32l1xx_hd.o(RESET)
</UL>
<P><STRONG><a name="[e]"></a>FLASH_IRQHandler</STRONG> (Thumb, 0 bytes, Stack size 0 bytes, startup_stm32l1xx_hd.o(.text))
<BR>[Address Reference Count : 1]<UL><LI> startup_stm32l1xx_hd.o(RESET)
</UL>
<P><STRONG><a name="[2a]"></a>I2C1_ER_IRQHandler</STRONG> (Thumb, 0 bytes, Stack size 0 bytes, startup_stm32l1xx_hd.o(.text))
<BR>[Address Reference Count : 1]<UL><LI> startup_stm32l1xx_hd.o(RESET)
</UL>
<P><STRONG><a name="[29]"></a>I2C1_EV_IRQHandler</STRONG> (Thumb, 0 bytes, Stack size 0 bytes, startup_stm32l1xx_hd.o(.text))
<BR>[Address Reference Count : 1]<UL><LI> startup_stm32l1xx_hd.o(RESET)
</UL>
<P><STRONG><a name="[2c]"></a>I2C2_ER_IRQHandler</STRONG> (Thumb, 0 bytes, Stack size 0 bytes, startup_stm32l1xx_hd.o(.text))
<BR>[Address Reference Count : 1]<UL><LI> startup_stm32l1xx_hd.o(RESET)
</UL>
<P><STRONG><a name="[2b]"></a>I2C2_EV_IRQHandler</STRONG> (Thumb, 0 bytes, Stack size 0 bytes, startup_stm32l1xx_hd.o(.text))
<BR>[Address Reference Count : 1]<UL><LI> startup_stm32l1xx_hd.o(RESET)
</UL>
<P><STRONG><a name="[22]"></a>LCD_IRQHandler</STRONG> (Thumb, 0 bytes, Stack size 0 bytes, startup_stm32l1xx_hd.o(.text))
<BR>[Address Reference Count : 1]<UL><LI> startup_stm32l1xx_hd.o(RESET)
</UL>
<P><STRONG><a name="[f]"></a>RCC_IRQHandler</STRONG> (Thumb, 0 bytes, Stack size 0 bytes, startup_stm32l1xx_hd.o(.text))
<BR>[Address Reference Count : 1]<UL><LI> startup_stm32l1xx_hd.o(RESET)
</UL>
<P><STRONG><a name="[33]"></a>RTC_Alarm_IRQHandler</STRONG> (Thumb, 0 bytes, Stack size 0 bytes, startup_stm32l1xx_hd.o(.text))
<BR>[Address Reference Count : 1]<UL><LI> startup_stm32l1xx_hd.o(RESET)
</UL>
<P><STRONG><a name="[37]"></a>SDIO_IRQHandler</STRONG> (Thumb, 0 bytes, Stack size 0 bytes, startup_stm32l1xx_hd.o(.text))
<BR>[Address Reference Count : 1]<UL><LI> startup_stm32l1xx_hd.o(RESET)
</UL>
<P><STRONG><a name="[2d]"></a>SPI1_IRQHandler</STRONG> (Thumb, 0 bytes, Stack size 0 bytes, startup_stm32l1xx_hd.o(.text))
<BR>[Address Reference Count : 1]<UL><LI> startup_stm32l1xx_hd.o(RESET)
</UL>
<P><STRONG><a name="[2e]"></a>SPI2_IRQHandler</STRONG> (Thumb, 0 bytes, Stack size 0 bytes, startup_stm32l1xx_hd.o(.text))
<BR>[Address Reference Count : 1]<UL><LI> startup_stm32l1xx_hd.o(RESET)
</UL>
<P><STRONG><a name="[39]"></a>SPI3_IRQHandler</STRONG> (Thumb, 0 bytes, Stack size 0 bytes, startup_stm32l1xx_hd.o(.text))
<BR>[Address Reference Count : 1]<UL><LI> startup_stm32l1xx_hd.o(RESET)
</UL>
<P><STRONG><a name="[c]"></a>TAMPER_STAMP_IRQHandler</STRONG> (Thumb, 0 bytes, Stack size 0 bytes, startup_stm32l1xx_hd.o(.text))
<BR>[Address Reference Count : 1]<UL><LI> startup_stm32l1xx_hd.o(RESET)
</UL>
<P><STRONG><a name="[24]"></a>TIM10_IRQHandler</STRONG> (Thumb, 0 bytes, Stack size 0 bytes, startup_stm32l1xx_hd.o(.text))
<BR>[Address Reference Count : 1]<UL><LI> startup_stm32l1xx_hd.o(RESET)
</UL>
<P><STRONG><a name="[25]"></a>TIM11_IRQHandler</STRONG> (Thumb, 0 bytes, Stack size 0 bytes, startup_stm32l1xx_hd.o(.text))
<BR>[Address Reference Count : 1]<UL><LI> startup_stm32l1xx_hd.o(RESET)
</UL>
<P><STRONG><a name="[27]"></a>TIM3_IRQHandler</STRONG> (Thumb, 0 bytes, Stack size 0 bytes, startup_stm32l1xx_hd.o(.text))
<BR>[Address Reference Count : 1]<UL><LI> startup_stm32l1xx_hd.o(RESET)
</UL>
<P><STRONG><a name="[28]"></a>TIM4_IRQHandler</STRONG> (Thumb, 0 bytes, Stack size 0 bytes, startup_stm32l1xx_hd.o(.text))
<BR>[Address Reference Count : 1]<UL><LI> startup_stm32l1xx_hd.o(RESET)
</UL>
<P><STRONG><a name="[38]"></a>TIM5_IRQHandler</STRONG> (Thumb, 0 bytes, Stack size 0 bytes, startup_stm32l1xx_hd.o(.text))
<BR>[Address Reference Count : 1]<UL><LI> startup_stm32l1xx_hd.o(RESET)
</UL>
<P><STRONG><a name="[35]"></a>TIM6_IRQHandler</STRONG> (Thumb, 0 bytes, Stack size 0 bytes, startup_stm32l1xx_hd.o(.text))
<BR>[Address Reference Count : 1]<UL><LI> startup_stm32l1xx_hd.o(RESET)
</UL>
<P><STRONG><a name="[36]"></a>TIM7_IRQHandler</STRONG> (Thumb, 0 bytes, Stack size 0 bytes, startup_stm32l1xx_hd.o(.text))
<BR>[Address Reference Count : 1]<UL><LI> startup_stm32l1xx_hd.o(RESET)
</UL>
<P><STRONG><a name="[23]"></a>TIM9_IRQHandler</STRONG> (Thumb, 0 bytes, Stack size 0 bytes, startup_stm32l1xx_hd.o(.text))
<BR>[Address Reference Count : 1]<UL><LI> startup_stm32l1xx_hd.o(RESET)
</UL>
<P><STRONG><a name="[3a]"></a>UART4_IRQHandler</STRONG> (Thumb, 0 bytes, Stack size 0 bytes, startup_stm32l1xx_hd.o(.text))
<BR>[Address Reference Count : 1]<UL><LI> startup_stm32l1xx_hd.o(RESET)
</UL>
<P><STRONG><a name="[3b]"></a>UART5_IRQHandler</STRONG> (Thumb, 0 bytes, Stack size 0 bytes, startup_stm32l1xx_hd.o(.text))
<BR>[Address Reference Count : 1]<UL><LI> startup_stm32l1xx_hd.o(RESET)
</UL>
<P><STRONG><a name="[30]"></a>USART2_IRQHandler</STRONG> (Thumb, 0 bytes, Stack size 0 bytes, startup_stm32l1xx_hd.o(.text))
<BR>[Address Reference Count : 1]<UL><LI> startup_stm32l1xx_hd.o(RESET)
</UL>
<P><STRONG><a name="[31]"></a>USART3_IRQHandler</STRONG> (Thumb, 0 bytes, Stack size 0 bytes, startup_stm32l1xx_hd.o(.text))
<BR>[Address Reference Count : 1]<UL><LI> startup_stm32l1xx_hd.o(RESET)
</UL>
<P><STRONG><a name="[34]"></a>USB_FS_WKUP_IRQHandler</STRONG> (Thumb, 0 bytes, Stack size 0 bytes, startup_stm32l1xx_hd.o(.text))
<BR>[Address Reference Count : 1]<UL><LI> startup_stm32l1xx_hd.o(RESET)
</UL>
<P><STRONG><a name="[1d]"></a>USB_HP_IRQHandler</STRONG> (Thumb, 0 bytes, Stack size 0 bytes, startup_stm32l1xx_hd.o(.text))
<BR>[Address Reference Count : 1]<UL><LI> startup_stm32l1xx_hd.o(RESET)
</UL>
<P><STRONG><a name="[1e]"></a>USB_LP_IRQHandler</STRONG> (Thumb, 0 bytes, Stack size 0 bytes, startup_stm32l1xx_hd.o(.text))
<BR>[Address Reference Count : 1]<UL><LI> startup_stm32l1xx_hd.o(RESET)
</UL>
<P><STRONG><a name="[a]"></a>WWDG_IRQHandler</STRONG> (Thumb, 0 bytes, Stack size 0 bytes, startup_stm32l1xx_hd.o(.text))
<BR>[Address Reference Count : 1]<UL><LI> startup_stm32l1xx_hd.o(RESET)
</UL>
<P><STRONG><a name="[66]"></a>rand</STRONG> (Thumb, 20 bytes, Stack size 0 bytes, rand.o(.text))
<BR><BR>[Called By]<UL><LI><a href="#[43]">&gt;&gt;</a>&nbsp;&nbsp;&nbsp;main
<LI><a href="#[53]">&gt;&gt;</a>&nbsp;&nbsp;&nbsp;IrdaProtocolHandle
</UL>

<P><STRONG><a name="[1fe]"></a>srand</STRONG> (Thumb, 6 bytes, Stack size 0 bytes, rand.o(.text), UNUSED)

<P><STRONG><a name="[aa]"></a>__aeabi_memcpy</STRONG> (Thumb, 36 bytes, Stack size 0 bytes, memcpya.o(.text))
<BR><BR>[Called By]<UL><LI><a href="#[5c]">&gt;&gt;</a>&nbsp;&nbsp;&nbsp;WriteBinFile
<LI><a href="#[5b]">&gt;&gt;</a>&nbsp;&nbsp;&nbsp;ReadKeySelfFile
<LI><a href="#[54]">&gt;&gt;</a>&nbsp;&nbsp;&nbsp;IrdaAsk
<LI><a href="#[60]">&gt;&gt;</a>&nbsp;&nbsp;&nbsp;FindRecord
</UL>

<P><STRONG><a name="[1ff]"></a>__aeabi_memcpy4</STRONG> (Thumb, 0 bytes, Stack size 0 bytes, memcpya.o(.text), UNUSED)

<P><STRONG><a name="[200]"></a>__aeabi_memcpy8</STRONG> (Thumb, 0 bytes, Stack size 0 bytes, memcpya.o(.text), UNUSED)

<P><STRONG><a name="[d8]"></a>__aeabi_memset</STRONG> (Thumb, 14 bytes, Stack size 0 bytes, memseta.o(.text))
<BR><BR>[Called By]<UL><LI><a href="#[d9]">&gt;&gt;</a>&nbsp;&nbsp;&nbsp;ClearMFSectorFlag
<LI><a href="#[d7]">&gt;&gt;</a>&nbsp;&nbsp;&nbsp;SetMFSectorFlag
<LI><a href="#[145]">&gt;&gt;</a>&nbsp;&nbsp;&nbsp;_memset$wrapper
<LI><a href="#[84]">&gt;&gt;</a>&nbsp;&nbsp;&nbsp;__aeabi_memclr
</UL>

<P><STRONG><a name="[201]"></a>__aeabi_memset4</STRONG> (Thumb, 0 bytes, Stack size 0 bytes, memseta.o(.text), UNUSED)

<P><STRONG><a name="[202]"></a>__aeabi_memset8</STRONG> (Thumb, 0 bytes, Stack size 0 bytes, memseta.o(.text), UNUSED)

<P><STRONG><a name="[84]"></a>__aeabi_memclr</STRONG> (Thumb, 4 bytes, Stack size 0 bytes, memseta.o(.text))
<BR><BR>[Calls]<UL><LI><a href="#[d8]">&gt;&gt;</a>&nbsp;&nbsp;&nbsp;__aeabi_memset
</UL>
<BR>[Called By]<UL><LI><a href="#[5c]">&gt;&gt;</a>&nbsp;&nbsp;&nbsp;WriteBinFile
<LI><a href="#[62]">&gt;&gt;</a>&nbsp;&nbsp;&nbsp;DeleteSelfFile
<LI><a href="#[43]">&gt;&gt;</a>&nbsp;&nbsp;&nbsp;main
</UL>

<P><STRONG><a name="[e1]"></a>__aeabi_memclr4</STRONG> (Thumb, 0 bytes, Stack size 0 bytes, memseta.o(.text))
<BR><BR>[Called By]<UL><LI><a href="#[61]">&gt;&gt;</a>&nbsp;&nbsp;&nbsp;DeleRecord
</UL>

<P><STRONG><a name="[203]"></a>__aeabi_memclr8</STRONG> (Thumb, 0 bytes, Stack size 0 bytes, memseta.o(.text), UNUSED)

<P><STRONG><a name="[145]"></a>_memset$wrapper</STRONG> (Thumb, 18 bytes, Stack size 8 bytes, memseta.o(.text), UNUSED)
<BR><BR>[Calls]<UL><LI><a href="#[d8]">&gt;&gt;</a>&nbsp;&nbsp;&nbsp;__aeabi_memset
</UL>

<P><STRONG><a name="[e0]"></a>memcmp</STRONG> (Thumb, 26 bytes, Stack size 12 bytes, memcmp.o(.text))
<BR><BR>[Stack]<UL><LI>Max Depth = 12<LI>Call Chain = memcmp
</UL>
<BR>[Called By]<UL><LI><a href="#[60]">&gt;&gt;</a>&nbsp;&nbsp;&nbsp;FindRecord
</UL>

<P><STRONG><a name="[47]"></a>__scatterload</STRONG> (Thumb, 28 bytes, Stack size 0 bytes, init.o(.text))
<BR><BR>[Calls]<UL><LI><a href="#[146]">&gt;&gt;</a>&nbsp;&nbsp;&nbsp;__main_after_scatterload
</UL>
<BR>[Called By]<UL><LI><a href="#[46]">&gt;&gt;</a>&nbsp;&nbsp;&nbsp;_main_scatterload
</UL>

<P><STRONG><a name="[204]"></a>__scatterload_rt2</STRONG> (Thumb, 0 bytes, Stack size 0 bytes, init.o(.text), UNUSED)

<P><STRONG><a name="[205]"></a>__scatterload_copy</STRONG> (Thumb, 14 bytes, Stack size unknown bytes, handlers.o(i.__scatterload_copy), UNUSED)

<P><STRONG><a name="[206]"></a>__scatterload_null</STRONG> (Thumb, 2 bytes, Stack size unknown bytes, handlers.o(i.__scatterload_null), UNUSED)

<P><STRONG><a name="[207]"></a>__scatterload_zeroinit</STRONG> (Thumb, 14 bytes, Stack size unknown bytes, handlers.o(i.__scatterload_zeroinit), UNUSED)
<P>
<H3>
Local Symbols
</H3>
<P><STRONG><a name="[11d]"></a>RTC_ByteToBcd2</STRONG> (Thumb, 26 bytes, Stack size 0 bytes, stm32l1xx_rtc.o(.text))
<BR><BR>[Called By]<UL><LI><a href="#[b4]">&gt;&gt;</a>&nbsp;&nbsp;&nbsp;RTC_SetTime
<LI><a href="#[b3]">&gt;&gt;</a>&nbsp;&nbsp;&nbsp;RTC_SetDate
<LI><a href="#[11f]">&gt;&gt;</a>&nbsp;&nbsp;&nbsp;RTC_SetAlarm
</UL>

<P><STRONG><a name="[11c]"></a>RTC_Bcd2ToByte</STRONG> (Thumb, 18 bytes, Stack size 0 bytes, stm32l1xx_rtc.o(.text))
<BR><BR>[Called By]<UL><LI><a href="#[b4]">&gt;&gt;</a>&nbsp;&nbsp;&nbsp;RTC_SetTime
<LI><a href="#[b3]">&gt;&gt;</a>&nbsp;&nbsp;&nbsp;RTC_SetDate
<LI><a href="#[ab]">&gt;&gt;</a>&nbsp;&nbsp;&nbsp;RTC_GetTime
<LI><a href="#[ac]">&gt;&gt;</a>&nbsp;&nbsp;&nbsp;RTC_GetDate
<LI><a href="#[123]">&gt;&gt;</a>&nbsp;&nbsp;&nbsp;RTC_GetTimeStamp
<LI><a href="#[120]">&gt;&gt;</a>&nbsp;&nbsp;&nbsp;RTC_GetAlarm
<LI><a href="#[11f]">&gt;&gt;</a>&nbsp;&nbsp;&nbsp;RTC_SetAlarm
</UL>

<P><STRONG><a name="[128]"></a>GetStatus</STRONG> (Thumb, 40 bytes, Stack size 0 bytes, stm32l1xx_flash_ramfunc.o(.text), UNUSED)
<BR><BR>[Called By]<UL><LI><a href="#[127]">&gt;&gt;</a>&nbsp;&nbsp;&nbsp;WaitForLastOperation
</UL>

<P><STRONG><a name="[127]"></a>WaitForLastOperation</STRONG> (Thumb, 32 bytes, Stack size 8 bytes, stm32l1xx_flash_ramfunc.o(.text), UNUSED)
<BR><BR>[Calls]<UL><LI><a href="#[128]">&gt;&gt;</a>&nbsp;&nbsp;&nbsp;GetStatus
</UL>
<BR>[Called By]<UL><LI><a href="#[12c]">&gt;&gt;</a>&nbsp;&nbsp;&nbsp;DATA_EEPROM_ProgramDoubleWord
<LI><a href="#[12b]">&gt;&gt;</a>&nbsp;&nbsp;&nbsp;DATA_EEPROM_EraseDoubleWord
<LI><a href="#[12a]">&gt;&gt;</a>&nbsp;&nbsp;&nbsp;FLASH_ProgramParallelHalfPage
<LI><a href="#[129]">&gt;&gt;</a>&nbsp;&nbsp;&nbsp;FLASH_EraseParallelPage
<LI><a href="#[fc]">&gt;&gt;</a>&nbsp;&nbsp;&nbsp;FLASH_ProgramHalfPage
</UL>

<P><STRONG><a name="[12f]"></a>TI4_Config</STRONG> (Thumb, 62 bytes, Stack size 8 bytes, stm32l1xx_tim.o(.text), UNUSED)
<BR><BR>[Called By]<UL><LI><a href="#[12e]">&gt;&gt;</a>&nbsp;&nbsp;&nbsp;TIM_ICInit
</UL>

<P><STRONG><a name="[135]"></a>TI3_Config</STRONG> (Thumb, 58 bytes, Stack size 8 bytes, stm32l1xx_tim.o(.text), UNUSED)
<BR><BR>[Called By]<UL><LI><a href="#[12e]">&gt;&gt;</a>&nbsp;&nbsp;&nbsp;TIM_ICInit
</UL>

<P><STRONG><a name="[133]"></a>TI2_Config</STRONG> (Thumb, 62 bytes, Stack size 8 bytes, stm32l1xx_tim.o(.text), UNUSED)
<BR><BR>[Called By]<UL><LI><a href="#[13a]">&gt;&gt;</a>&nbsp;&nbsp;&nbsp;TIM_TIxExternalClockConfig
<LI><a href="#[137]">&gt;&gt;</a>&nbsp;&nbsp;&nbsp;TIM_PWMIConfig
<LI><a href="#[12e]">&gt;&gt;</a>&nbsp;&nbsp;&nbsp;TIM_ICInit
</UL>

<P><STRONG><a name="[131]"></a>TI1_Config</STRONG> (Thumb, 54 bytes, Stack size 8 bytes, stm32l1xx_tim.o(.text), UNUSED)
<BR><BR>[Called By]<UL><LI><a href="#[13a]">&gt;&gt;</a>&nbsp;&nbsp;&nbsp;TIM_TIxExternalClockConfig
<LI><a href="#[137]">&gt;&gt;</a>&nbsp;&nbsp;&nbsp;TIM_PWMIConfig
<LI><a href="#[12e]">&gt;&gt;</a>&nbsp;&nbsp;&nbsp;TIM_ICInit
</UL>

<P><STRONG><a name="[13e]"></a>SetSysClock</STRONG> (Thumb, 170 bytes, Stack size 0 bytes, system_stm32l1xx.o(.text))
<BR><BR>[Called By]<UL><LI><a href="#[44]">&gt;&gt;</a>&nbsp;&nbsp;&nbsp;SystemInit
</UL>
<P>
<H3>
Undefined Global Symbols
</H3><HR></body></html>
